

================================================================
== Vitis HLS Report for 'Block_newFuncRoot_proc_proc116'
================================================================
* Date:           Tue Jun  2 18:37:10 2026

* Version:        2023.2 (Build 4023990 on Oct 11 2023)
* Project:        hls_project
* Solution:       gemm2 (Vitis Kernel Flow Target)
* Product family: versalaicore
* Target device:  xcvc1902-vsva2197-2MP-e-S


================================================================
== Performance Estimates
================================================================
+ Timing: 
    * Summary: 
    +--------+---------+----------+------------+
    |  Clock |  Target | Estimated| Uncertainty|
    +--------+---------+----------+------------+
    |ap_clk  |  3.33 ns|  1.674 ns|     0.90 ns|
    +--------+---------+----------+------------+

+ Latency: 
    * Summary: 
    +---------+---------+----------+----------+-----+-----+---------+
    |  Latency (cycles) |  Latency (absolute) |  Interval | Pipeline|
    |   min   |   max   |    min   |    max   | min | max |   Type  |
    +---------+---------+----------+----------+-----+-----+---------+
    |        0|        0|      0 ns|      0 ns|    0|    0|       no|
    +---------+---------+----------+----------+-----+-----+---------+

    + Detail: 
        * Instance: 
        N/A

        * Loop: 
        N/A



================================================================
== Utilization Estimates
================================================================
* Summary: 
+-----------------+---------+------+---------+--------+-----+
|       Name      | BRAM_18K|  DSP |    FF   |   LUT  | URAM|
+-----------------+---------+------+---------+--------+-----+
|DSP              |        -|     -|        -|       -|    -|
|Expression       |        -|     -|        0|       2|    -|
|FIFO             |        -|     -|        -|       -|    -|
|Instance         |        -|     -|        -|       -|    -|
|Memory           |        -|     -|        -|       -|    -|
|Multiplexer      |        -|     -|        -|      34|    -|
|Register         |        -|     -|       34|       -|    -|
+-----------------+---------+------+---------+--------+-----+
|Total            |        0|     0|       34|      36|    0|
+-----------------+---------+------+---------+--------+-----+
|Available        |     1934|  1968|  1799680|  899840|  463|
+-----------------+---------+------+---------+--------+-----+
|Utilization (%)  |        0|     0|       ~0|      ~0|    0|
+-----------------+---------+------+---------+--------+-----+

+ Detail: 
    * Instance: 
    N/A

    * DSP: 
    N/A

    * Memory: 
    N/A

    * FIFO: 
    N/A

    * Expression: 
    +-----------------+----------+----+---+----+------------+------------+
    |  Variable Name  | Operation| DSP| FF| LUT| Bitwidth P0| Bitwidth P1|
    +-----------------+----------+----+---+----+------------+------------+
    |ap_block_state1  |        or|   0|  0|   2|           1|           1|
    +-----------------+----------+----+---+----+------------+------------+
    |Total            |          |   0|  0|   2|           1|           1|
    +-----------------+----------+----+---+----+------------+------------+

    * Multiplexer: 
    +---------+----+-----------+-----+-----------+
    |   Name  | LUT| Input Size| Bits| Total Bits|
    +---------+----+-----------+-----+-----------+
    |ap_done  |   2|          2|    1|          2|
    |empty    |  32|          2|   32|         64|
    +---------+----+-----------+-----+-----------+
    |Total    |  34|          4|   33|         66|
    +---------+----+-----------+-----+-----------+

    * Register: 
    +-------------+----+----+-----+-----------+
    |     Name    | FF | LUT| Bits| Const Bits|
    +-------------+----+----+-----+-----------+
    |ap_CS_fsm    |   1|   0|    1|          0|
    |ap_done_reg  |   1|   0|    1|          0|
    |empty_preg   |  32|   0|   32|          0|
    +-------------+----+----+-----+-----------+
    |Total        |  34|   0|   34|          0|
    +-------------+----+----+-----+-----------+



================================================================
== Interface
================================================================
* Summary: 
+-------------+-----+-----+------------+--------------------------------+--------------+
|  RTL Ports  | Dir | Bits|  Protocol  |          Source Object         |    C Type    |
+-------------+-----+-----+------------+--------------------------------+--------------+
|ap_clk       |   in|    1|  ap_ctrl_hs|  Block_newFuncRoot_proc_proc116|  return value|
|ap_rst       |   in|    1|  ap_ctrl_hs|  Block_newFuncRoot_proc_proc116|  return value|
|ap_start     |   in|    1|  ap_ctrl_hs|  Block_newFuncRoot_proc_proc116|  return value|
|ap_done      |  out|    1|  ap_ctrl_hs|  Block_newFuncRoot_proc_proc116|  return value|
|ap_continue  |   in|    1|  ap_ctrl_hs|  Block_newFuncRoot_proc_proc116|  return value|
|ap_idle      |  out|    1|  ap_ctrl_hs|  Block_newFuncRoot_proc_proc116|  return value|
|ap_ready     |  out|    1|  ap_ctrl_hs|  Block_newFuncRoot_proc_proc116|  return value|
|p_read       |   in|   32|     ap_none|                          p_read|        scalar|
|empty        |  out|   32|     ap_none|                           empty|       pointer|
+-------------+-----+-----+------------+--------------------------------+--------------+

