

================================================================
== Synthesis Summary Report of 'gemm2'
================================================================
+ General Information: 
    * Date:           Sun May 31 15:46:45 2026
    * Version:        2023.2 (Build 4023990 on Oct 11 2023)
    * Project:        hls_project
    * Solution:       gemm2 (Vitis Kernel Flow Target)
    * Product family: versalaicore
    * Target device:  xcvc1902-vsva2197-2MP-e-S
    

+ Performance & Resource Estimates: 
    
    PS: '+' for module; 'o' for loop; '*' for dataflow
    +--------------------------------------------------------------------+--------+-------+---------+-----------+----------+---------+------+----------+----------+---------+------------+------------+-----+
    |                               Modules                              |  Issue |       | Latency |  Latency  | Iteration|         | Trip |          |          |         |            |            |     |
    |                               & Loops                              |  Type  | Slack | (cycles)|    (ns)   |  Latency | Interval| Count| Pipelined|   BRAM   |   DSP   |     FF     |     LUT    | URAM|
    +--------------------------------------------------------------------+--------+-------+---------+-----------+----------+---------+------+----------+----------+---------+------------+------------+-----+
    |+ gemm2                                                             |  Timing|  -0.48|    29318|  9.772e+04|         -|    29319|     -|        no|  107 (5%)|  8 (~0%)|  19098 (1%)|  20481 (2%)|    -|
    | + loadInputsFromDRAM                                               |  Timing|  -0.00|     2862|  9.539e+03|         -|     2862|     -|        no|         -|        -|  1722 (~0%)|   654 (~0%)|    -|
    |  o load_A                                                          |       -|   2.43|      576|  1.920e+03|        18|        -|    32|        no|         -|        -|           -|           -|    -|
    |   o VITIS_LOOP_7_1                                                 |       -|   2.43|       16|     53.328|         1|        -|    16|        no|         -|        -|           -|           -|    -|
    |  o load_B                                                          |       -|   2.43|     2144|  7.146e+03|       134|        -|    16|        no|         -|        -|           -|           -|    -|
    |   o VITIS_LOOP_13_2                                                |       -|   2.43|      132|    439.956|        66|        -|     2|        no|         -|        -|           -|           -|    -|
    |    o VITIS_LOOP_14_3                                               |       -|   2.43|       64|    213.312|         2|        -|    32|        no|         -|        -|           -|           -|    -|
    | + dataflow_parent_loop_proc                                        |  Timing|  -0.48|    20043|  6.680e+04|         -|    20043|     -|        no|  10 (~0%)|  8 (~0%)|  5743 (~0%)|  10539 (1%)|    -|
    |  o loop_for_tile_a                                                 |       -|   2.43|    20042|  6.680e+04|     10553|        -|     2|        no|         -|        -|           -|           -|    -|
    |   + dataflow_in_loop_loop_for_tile_a*                              |  Timing|  -0.48|    10550|  3.516e+04|         -|     9490|     -|  dataflow|  10 (~0%)|  8 (~0%)|  5682 (~0%)|  10511 (1%)|    -|
    |    + loadTileAFromDRAM26                                           |  Timing|  -0.21|      132|    439.956|         -|      132|     -|        no|         -|        -|    52 (~0%)|   105 (~0%)|    -|
    |     + loadTileAFromDRAM26_Pipeline_load_tile_A_VITIS_LOOP_7_1      |  Timing|  -0.21|      131|    436.623|         -|      131|     -|        no|         -|        -|    47 (~0%)|    97 (~0%)|    -|
    |      o load_tile_A_VITIS_LOOP_7_1                                  |       -|   2.43|      129|    429.957|         3|        1|   128|       yes|         -|        -|           -|           -|    -|
    |    + loadTilesBFromDRAM48*                                         |       -|   1.02|     1057|  3.523e+03|         -|     1058|     -|  dataflow|         -|        -|    82 (~0%)|   126 (~0%)|    -|
    |     + loadTileBFromDRAM917                                         |       -|   1.02|     1057|  3.523e+03|         -|     1057|     -|        no|         -|        -|    40 (~0%)|    53 (~0%)|    -|
    |      o load_tile_B                                                 |       -|   2.43|     1056|  3.520e+03|        66|        -|    16|        no|         -|        -|           -|           -|    -|
    |       o VITIS_LOOP_19_1                                            |       -|   2.43|       64|    213.312|         2|        -|    32|        no|         -|        -|           -|           -|    -|
    |     + loadTileBFromDRAM_51016                                      |       -|   1.02|     1057|  3.523e+03|         -|     1057|     -|        no|         -|        -|    40 (~0%)|    53 (~0%)|    -|
    |      o load_tile_B                                                 |       -|   2.43|     1056|  3.520e+03|        66|        -|    16|        no|         -|        -|           -|           -|    -|
    |       o VITIS_LOOP_19_1                                            |       -|   2.43|       64|    213.312|         2|        -|    32|        no|         -|        -|           -|           -|    -|
    |    + loader_A_tiles3                                               |  Timing|  -0.07|      258|    859.914|         -|      258|     -|        no|         -|        -|    24 (~0%)|   125 (~0%)|    -|
    |     o VITIS_LOOP_9_1_VITIS_LOOP_10_2                               |       -|   2.43|      256|    853.248|         2|        1|   256|       yes|         -|        -|           -|           -|    -|
    |    + loader_B_tiles5*                                              |  Timing|  -0.48|     8196|  2.732e+04|         -|     8197|     -|  dataflow|         -|        -|   112 (~0%)|   400 (~0%)|    -|
    |     + loader_B_tile11                                              |  Timing|  -0.48|     8196|  2.732e+04|         -|     8196|     -|        no|         -|        -|    55 (~0%)|   190 (~0%)|    -|
    |      o VITIS_LOOP_24_1_VITIS_LOOP_25_2_VITIS_LOOP_26_3             |       -|   2.43|     8194|  2.731e+04|         4|        1|  8192|       yes|         -|        -|           -|           -|    -|
    |     + loader_B_tile_412                                            |  Timing|  -0.48|     8196|  2.732e+04|         -|     8196|     -|        no|         -|        -|    55 (~0%)|   190 (~0%)|    -|
    |      o VITIS_LOOP_24_1_VITIS_LOOP_25_2_VITIS_LOOP_26_3             |       -|   2.43|     8194|  2.731e+04|         4|        1|  8192|       yes|         -|        -|           -|           -|    -|
    |    + matMulTiles6*                                                 |       -|   0.01|     9489|  3.163e+04|         -|     9490|     -|  dataflow|         -|  8 (~0%)|  4545 (~0%)|  8750 (~0%)|    -|
    |     + matMulTile_113                                               |       -|   0.01|     9489|  3.163e+04|         -|     9489|     -|        no|         -|  4 (~0%)|  2271 (~0%)|  4364 (~0%)|    -|
    |      o mat_mul_i                                                   |       -|   2.43|     9488|  3.162e+04|       593|        -|    16|        no|         -|        -|           -|           -|    -|
    |       o mat_mul_k                                                  |       -|   2.43|      560|  1.866e+03|        35|        -|    16|        no|         -|        -|           -|           -|    -|
    |     + matMulTile14                                                 |       -|   0.01|     9489|  3.163e+04|         -|     9489|     -|        no|         -|  4 (~0%)|  2271 (~0%)|  4364 (~0%)|    -|
    |      o mat_mul_i                                                   |       -|   2.43|     9488|  3.162e+04|       593|        -|    16|        no|         -|        -|           -|           -|    -|
    |       o mat_mul_k                                                  |       -|   2.43|      560|  1.866e+03|        35|        -|    16|        no|         -|        -|           -|           -|    -|
    |    + loader_C_tiles7*                                              |  Timing|  -0.37|      514|  1.713e+03|         -|      515|     -|  dataflow|         -|        -|    48 (~0%)|   230 (~0%)|    -|
    |     + loader_C_tile15                                              |  Timing|  -0.37|      514|  1.713e+03|         -|      514|     -|        no|         -|        -|    23 (~0%)|   105 (~0%)|    -|
    |      o VITIS_LOOP_37_1_VITIS_LOOP_38_2                             |       -|   2.43|      512|  1.706e+03|         1|        1|   512|       yes|         -|        -|           -|           -|    -|
    |     + loader_C_tile_316                                            |  Timing|  -0.37|      514|  1.713e+03|         -|      514|     -|        no|         -|        -|    23 (~0%)|   105 (~0%)|    -|
    |      o VITIS_LOOP_37_1_VITIS_LOOP_38_2                             |       -|   2.43|      512|  1.706e+03|         1|        1|   512|       yes|         -|        -|           -|           -|    -|
    |    + dataflow_in_loop_loop_for_tile_a_Block_newFuncRoot112_proc89  |       -|   1.02|     1058|  3.526e+03|         -|     1058|     -|        no|         -|        -|   174 (~0%)|   292 (~0%)|    -|
    |     + storeTilesToDRAM13*                                          |       -|   1.02|     1057|  3.523e+03|         -|     1058|     -|  dataflow|         -|        -|    82 (~0%)|   126 (~0%)|    -|
    |      + storeTileToDRAM15                                           |       -|   1.02|     1057|  3.523e+03|         -|     1057|     -|        no|         -|        -|    40 (~0%)|    53 (~0%)|    -|
    |       o store_C_tile                                               |       -|   2.43|     1056|  3.520e+03|        66|        -|    16|        no|         -|        -|           -|           -|    -|
    |        o VITIS_LOOP_38_1                                           |       -|   2.43|       64|    213.312|         2|        -|    32|        no|         -|        -|           -|           -|    -|
    |      + storeTileToDRAM_214                                         |       -|   1.02|     1057|  3.523e+03|         -|     1057|     -|        no|         -|        -|    40 (~0%)|    53 (~0%)|    -|
    |       o store_C_tile                                               |       -|   2.43|     1056|  3.520e+03|        66|        -|    16|        no|         -|        -|           -|           -|    -|
    |        o VITIS_LOOP_38_1                                           |       -|   2.43|       64|    213.312|         2|        -|    32|        no|         -|        -|           -|           -|    -|
    |     + storeTilesToDRAM13*                                          |       -|   1.02|     1057|  3.523e+03|         -|     1058|     -|  dataflow|         -|        -|    82 (~0%)|   126 (~0%)|    -|
    |      + storeTileToDRAM15                                           |       -|   1.02|     1057|  3.523e+03|         -|     1057|     -|        no|         -|        -|    40 (~0%)|    53 (~0%)|    -|
    |       o store_C_tile                                               |       -|   2.43|     1056|  3.520e+03|        66|        -|    16|        no|         -|        -|           -|           -|    -|
    |        o VITIS_LOOP_38_1                                           |       -|   2.43|       64|    213.312|         2|        -|    32|        no|         -|        -|           -|           -|    -|
    |      + storeTileToDRAM_214                                         |       -|   1.02|     1057|  3.523e+03|         -|     1057|     -|        no|         -|        -|    40 (~0%)|    53 (~0%)|    -|
    |       o store_C_tile                                               |       -|   2.43|     1056|  3.520e+03|        66|        -|    16|        no|         -|        -|           -|           -|    -|
    |        o VITIS_LOOP_38_1                                           |       -|   2.43|       64|    213.312|         2|        -|    32|        no|         -|        -|           -|           -|    -|
    | + storeOutputToDRAM                                                |  Timing|  -0.00|     6408|  2.136e+04|         -|     6408|     -|        no|         -|        -|   623 (~0%)|   610 (~0%)|    -|
    |  o store_C                                                         |       -|   2.43|     6340|  2.113e+04|      3170|        -|     2|        no|         -|        -|           -|           -|    -|
    |   o VITIS_LOOP_24_1                                                |       -|   2.43|     3168|  1.056e+04|       198|        -|    16|        no|         -|        -|           -|           -|    -|
    |    o VITIS_LOOP_25_2                                               |       -|   2.43|      196|    653.268|        98|        -|     2|        no|         -|        -|           -|           -|    -|
    |     o VITIS_LOOP_26_3                                              |       -|   2.43|       96|    319.968|         3|        -|    32|        no|         -|        -|           -|           -|    -|
    +--------------------------------------------------------------------+--------+-------+---------+-----------+----------+---------+------+----------+----------+---------+------------+------------+-----+


================================================================
== HW Interfaces
================================================================
* M_AXI
+-------------+------------+---------------+---------+--------+----------+-----------+--------------+--------------+-------------+-------------+-------------------+
| Interface   | Data Width | Address Width | Latency | Offset | Register | Max Widen | Max Read     | Max Write    | Num Read    | Num Write   | Resource Estimate |
|             | (SW->HW)   |               |         |        |          | Bitwidth  | Burst Length | Burst Length | Outstanding | Outstanding |                   |
+-------------+------------+---------------+---------+--------+----------+-----------+--------------+--------------+-------------+-------------+-------------------+
| m_axi_gmem  | 32 -> 512  | 64            | 64      | slave  | 0        | 512       | 16           | 16           | 16          | 16          | BRAM=30           |
| m_axi_gmem0 | 32 -> 512  | 64            | 64      | slave  | 0        | 512       | 16           | 16           | 16          | 16          | BRAM=30           |
| m_axi_gmem1 | 32 -> 512  | 64            | 64      | slave  | 0        | 512       | 16           | 16           | 16          | 16          | BRAM=30           |
+-------------+------------+---------------+---------+--------+----------+-----------+--------------+--------------+-------------+-------------+-------------------+

* S_AXILITE Interfaces
+---------------+------------+---------------+--------+----------+
| Interface     | Data Width | Address Width | Offset | Register |
+---------------+------------+---------------+--------+----------+
| s_axi_control | 32         | 6             | 16     | 0        |
+---------------+------------+---------------+--------+----------+

* S_AXILITE Registers
+---------------+----------+--------+-------+--------+----------------------------------+------------------------------------------------------------------------------------+
| Interface     | Register | Offset | Width | Access | Description                      | Bit Fields                                                                         |
+---------------+----------+--------+-------+--------+----------------------------------+------------------------------------------------------------------------------------+
| s_axi_control | CTRL     | 0x00   | 32    | RW     | Control signals                  | 0=AP_START 1=AP_DONE 2=AP_IDLE 3=AP_READY 4=AP_CONTINUE 7=AUTO_RESTART 9=INTERRUPT |
| s_axi_control | GIER     | 0x04   | 32    | RW     | Global Interrupt Enable Register | 0=Enable                                                                           |
| s_axi_control | IP_IER   | 0x08   | 32    | RW     | IP Interrupt Enable Register     | 0=CHAN0_INT_EN 1=CHAN1_INT_EN                                                      |
| s_axi_control | IP_ISR   | 0x0c   | 32    | RW     | IP Interrupt Status Register     | 0=CHAN0_INT_ST 1=CHAN1_INT_ST                                                      |
| s_axi_control | A_DRAM_1 | 0x10   | 32    | W      | Data signal of A_DRAM            |                                                                                    |
| s_axi_control | A_DRAM_2 | 0x14   | 32    | W      | Data signal of A_DRAM            |                                                                                    |
| s_axi_control | B_DRAM_1 | 0x1c   | 32    | W      | Data signal of B_DRAM            |                                                                                    |
| s_axi_control | B_DRAM_2 | 0x20   | 32    | W      | Data signal of B_DRAM            |                                                                                    |
| s_axi_control | C_DRAM_1 | 0x28   | 32    | W      | Data signal of C_DRAM            |                                                                                    |
| s_axi_control | C_DRAM_2 | 0x2c   | 32    | W      | Data signal of C_DRAM            |                                                                                    |
+---------------+----------+--------+-------+--------+----------------------------------+------------------------------------------------------------------------------------+

* TOP LEVEL CONTROL
+-----------+---------------+-----------+
| Interface | Type          | Ports     |
+-----------+---------------+-----------+
| ap_clk    | clock         | ap_clk    |
| ap_rst_n  | reset         | ap_rst_n  |
| interrupt | interrupt     | interrupt |
| ap_ctrl   | ap_ctrl_chain |           |
+-----------+---------------+-----------+


================================================================
== SW I/O Information
================================================================
* Top Function Arguments
+----------+-----------+---------------------------------------------+
| Argument | Direction | Datatype                                    |
+----------+-----------+---------------------------------------------+
| A_DRAM   | in        | ap_fixed<32, 8, AP_TRN, AP_WRAP, 0> const * |
| B_DRAM   | in        | ap_fixed<32, 8, AP_TRN, AP_WRAP, 0> const * |
| C_DRAM   | out       | ap_fixed<32, 8, AP_TRN, AP_WRAP, 0>*        |
+----------+-----------+---------------------------------------------+

* SW-to-HW Mapping
+----------+---------------+-----------+----------+------------------------------------+
| Argument | HW Interface  | HW Type   | HW Usage | HW Info                            |
+----------+---------------+-----------+----------+------------------------------------+
| A_DRAM   | m_axi_gmem0   | interface |          |                                    |
| A_DRAM   | s_axi_control | register  | offset   | name=A_DRAM_1 offset=0x10 range=32 |
| A_DRAM   | s_axi_control | register  | offset   | name=A_DRAM_2 offset=0x14 range=32 |
| B_DRAM   | m_axi_gmem1   | interface |          |                                    |
| B_DRAM   | s_axi_control | register  | offset   | name=B_DRAM_1 offset=0x1c range=32 |
| B_DRAM   | s_axi_control | register  | offset   | name=B_DRAM_2 offset=0x20 range=32 |
| C_DRAM   | m_axi_gmem    | interface |          |                                    |
| C_DRAM   | s_axi_control | register  | offset   | name=C_DRAM_1 offset=0x28 range=32 |
| C_DRAM   | s_axi_control | register  | offset   | name=C_DRAM_2 offset=0x2c range=32 |
+----------+---------------+-----------+----------+------------------------------------+


================================================================
== M_AXI Burst Information
================================================================
 Note: All burst requests might be further partitioned into multiple requests during RTL generation based on max_read_burst_length or max_write_burst_length settings.

* Inferred Burst Summary
+--------------+-----------+--------+-------+--------+---------------------+
| HW Interface | Direction | Length | Width | Loop   | Loop Location       |
+--------------+-----------+--------+-------+--------+---------------------+
| m_axi_gmem   | write     | 128    | 512   |        |                     |
| m_axi_gmem0  | read      | 32     | 512   | load_A | source/dram.hpp:6:2 |
| m_axi_gmem1  | read      | 64     | 512   |        |                     |
+--------------+-----------+--------+-------+--------+---------------------+

* All M_AXI Variable Accesses
+--------------+----------+-----------------------+-----------+--------------+--------+-----------------+-----------------------+------------+----------------------------------------------------------------------------------------------------------+
| HW Interface | Variable | Access Location       | Direction | Burst Status | Length | Loop            | Loop Location         | Resolution | Problem                                                                                                  |
+--------------+----------+-----------------------+-----------+--------------+--------+-----------------+-----------------------+------------+----------------------------------------------------------------------------------------------------------+
| m_axi_gmem   | C_DRAM   | source/dram.hpp:27:45 | write     | Widened      | 128    | VITIS_LOOP_26_3 | source/dram.hpp:26:22 |            |                                                                                                          |
| m_axi_gmem   | C_DRAM   | source/dram.hpp:27:45 | write     | Inferred     | 2048   | store_C         | source/dram.hpp:23:2  |            |                                                                                                          |
| m_axi_gmem0  | A_DRAM   | source/dram.hpp:6:2   | read      | Widen Fail   |        | load_A          | source/dram.hpp:6:2   | 214-353    | Could not widen since type i512 size is greater than or equal to the max_widen_bitwidth threshold of 512 |
| m_axi_gmem0  | A_DRAM   | source/dram.hpp:8:16  | read      | Widened      | 32     | VITIS_LOOP_7_1  | source/dram.hpp:7:19  |            |                                                                                                          |
| m_axi_gmem0  | A_DRAM   | source/dram.hpp:8:16  | read      | Inferred     | 512    | load_A          | source/dram.hpp:6:2   |            |                                                                                                          |
| m_axi_gmem1  | B_DRAM   | source/dram.hpp:15:20 | read      | Widened      | 64     | VITIS_LOOP_14_3 | source/dram.hpp:14:21 |            |                                                                                                          |
| m_axi_gmem1  | B_DRAM   | source/dram.hpp:15:20 | read      | Inferred     | 1024   | load_B          | source/dram.hpp:12:2  |            |                                                                                                          |
+--------------+----------+-----------------------+-----------+--------------+--------+-----------------+-----------------------+------------+----------------------------------------------------------------------------------------------------------+

    * Resolution URL: docs.xilinx.com/access/sources/dita/topic?Doc_Version=2023.2%20English&url=ug1448-hls-guidance&resourceid=XXX-YYY.html (replace XXX-YYY with column value)

================================================================
== Bind Op Report
================================================================
+-------------------------------------------------------------------+-----+--------+-------------+-----+--------+---------+
| Name                                                              | DSP | Pragma | Variable    | Op  | Impl   | Latency |
+-------------------------------------------------------------------+-----+--------+-------------+-----+--------+---------+
| + gemm2                                                           | 8   |        |             |     |        |         |
|  + loadInputsFromDRAM                                             | 0   |        |             |     |        |         |
|    add_ln6_fu_300_p2                                              |     |        | add_ln6     | add | fabric | 0       |
|    add_ln7_fu_356_p2                                              |     |        | add_ln7     | add | fabric | 0       |
|    add_ln8_fu_372_p2                                              |     |        | add_ln8     | add | fabric | 0       |
|    add_ln12_fu_419_p2                                             |     |        | add_ln12    | add | fabric | 0       |
|    add_ln13_fu_443_p2                                             |     |        | add_ln13    | add | fabric | 0       |
|    add_ln14_fu_466_p2                                             |     |        | add_ln14    | add | fabric | 0       |
|    add_ln15_fu_486_p2                                             |     |        | add_ln15    | add | fabric | 0       |
|  + dataflow_parent_loop_proc                                      | 8   |        |             |     |        |         |
|   + dataflow_in_loop_loop_for_tile_a                              | 8   |        |             |     |        |         |
|    + loadTileAFromDRAM26                                          | 0   |        |             |     |        |         |
|     + loadTileAFromDRAM26_Pipeline_load_tile_A_VITIS_LOOP_7_1     | 0   |        |             |     |        |         |
|       add_ln6_fu_179_p2                                           |     |        | add_ln6     | add | fabric | 0       |
|       add_ln6_1_fu_203_p2                                         |     |        | add_ln6_1   | add | fabric | 0       |
|       empty_49_fu_237_p2                                          |     |        | empty_49    | add | fabric | 0       |
|       add_ln10_fu_332_p2                                          |     |        | add_ln10    | add | fabric | 0       |
|       add_ln7_fu_280_p2                                           |     |        | add_ln7     | add | fabric | 0       |
|    + loadTilesBFromDRAM48                                         | 0   |        |             |     |        |         |
|     + loadTileBFromDRAM917                                        | 0   |        |             |     |        |         |
|       add_ln18_fu_102_p2                                          |     |        | add_ln18    | add | fabric | 0       |
|       add_ln19_fu_126_p2                                          |     |        | add_ln19    | add | fabric | 0       |
|       add_ln20_fu_142_p2                                          |     |        | add_ln20    | add | fabric | 0       |
|     + loadTileBFromDRAM_51016                                     | 0   |        |             |     |        |         |
|       add_ln18_fu_102_p2                                          |     |        | add_ln18    | add | fabric | 0       |
|       add_ln19_fu_126_p2                                          |     |        | add_ln19    | add | fabric | 0       |
|       add_ln20_fu_142_p2                                          |     |        | add_ln20    | add | fabric | 0       |
|    + loader_A_tiles3                                              | 0   |        |             |     |        |         |
|      add_ln9_1_fu_154_p2                                          |     |        | add_ln9_1   | add | fabric | 0       |
|      add_ln9_fu_178_p2                                            |     |        | add_ln9     | add | fabric | 0       |
|      add_ln10_fu_246_p2                                           |     |        | add_ln10    | add | fabric | 0       |
|    + loader_B_tiles5                                              | 0   |        |             |     |        |         |
|     + loader_B_tile11                                             | 0   |        |             |     |        |         |
|       add_ln24_fu_155_p2                                          |     |        | add_ln24    | add | fabric | 0       |
|       add_ln25_fu_253_p2                                          |     |        | add_ln25    | add | fabric | 0       |
|       add_ln29_fu_296_p2                                          |     |        | add_ln29    | add | fabric | 0       |
|       add_ln26_fu_302_p2                                          |     |        | add_ln26    | add | fabric | 0       |
|       add_ln25_1_fu_179_p2                                        |     |        | add_ln25_1  | add | fabric | 0       |
|     + loader_B_tile_412                                           | 0   |        |             |     |        |         |
|       add_ln24_fu_155_p2                                          |     |        | add_ln24    | add | fabric | 0       |
|       add_ln25_fu_253_p2                                          |     |        | add_ln25    | add | fabric | 0       |
|       add_ln29_fu_296_p2                                          |     |        | add_ln29    | add | fabric | 0       |
|       add_ln26_fu_302_p2                                          |     |        | add_ln26    | add | fabric | 0       |
|       add_ln25_2_fu_179_p2                                        |     |        | add_ln25_2  | add | fabric | 0       |
|    + matMulTiles6                                                 | 8   |        |             |     |        |         |
|     + matMulTile_113                                              | 4   |        |             |     |        |         |
|       i_6_fu_529_p2                                               |     |        | i_6         | add | fabric | 0       |
|       k_2_fu_541_p2                                               |     |        | k_2         | add | fabric | 0       |
|       mul_32s_32s_56_3_1_U37                                      | 4   |        | mul_ln22    | mul | dsp    | 2       |
|       add_ln22_fu_600_p2                                          |     |        | add_ln22    | add | fabric | 0       |
|       mul_32s_32s_56_3_1_U37                                      | 4   |        | mul_ln22_1  | mul | dsp    | 2       |
|       add_ln22_1_fu_633_p2                                        |     |        | add_ln22_1  | add | fabric | 0       |
|       mul_32s_32s_56_3_1_U37                                      | 4   |        | mul_ln22_2  | mul | dsp    | 2       |
|       add_ln22_2_fu_666_p2                                        |     |        | add_ln22_2  | add | fabric | 0       |
|       mul_32s_32s_56_3_1_U37                                      | 4   |        | mul_ln22_3  | mul | dsp    | 2       |
|       add_ln22_3_fu_699_p2                                        |     |        | add_ln22_3  | add | fabric | 0       |
|       mul_32s_32s_56_3_1_U37                                      | 4   |        | mul_ln22_4  | mul | dsp    | 2       |
|       add_ln22_4_fu_732_p2                                        |     |        | add_ln22_4  | add | fabric | 0       |
|       mul_32s_32s_56_3_1_U37                                      | 4   |        | mul_ln22_5  | mul | dsp    | 2       |
|       add_ln22_5_fu_765_p2                                        |     |        | add_ln22_5  | add | fabric | 0       |
|       mul_32s_32s_56_3_1_U37                                      | 4   |        | mul_ln22_6  | mul | dsp    | 2       |
|       add_ln22_6_fu_798_p2                                        |     |        | add_ln22_6  | add | fabric | 0       |
|       mul_32s_32s_56_3_1_U37                                      | 4   |        | mul_ln22_7  | mul | dsp    | 2       |
|       add_ln22_7_fu_831_p2                                        |     |        | add_ln22_7  | add | fabric | 0       |
|       mul_32s_32s_56_3_1_U37                                      | 4   |        | mul_ln22_8  | mul | dsp    | 2       |
|       add_ln22_8_fu_864_p2                                        |     |        | add_ln22_8  | add | fabric | 0       |
|       mul_32s_32s_56_3_1_U37                                      | 4   |        | mul_ln22_9  | mul | dsp    | 2       |
|       add_ln22_9_fu_897_p2                                        |     |        | add_ln22_9  | add | fabric | 0       |
|       mul_32s_32s_56_3_1_U37                                      | 4   |        | mul_ln22_10 | mul | dsp    | 2       |
|       add_ln22_10_fu_930_p2                                       |     |        | add_ln22_10 | add | fabric | 0       |
|       mul_32s_32s_56_3_1_U37                                      | 4   |        | mul_ln22_11 | mul | dsp    | 2       |
|       add_ln22_11_fu_963_p2                                       |     |        | add_ln22_11 | add | fabric | 0       |
|       mul_32s_32s_56_3_1_U37                                      | 4   |        | mul_ln22_12 | mul | dsp    | 2       |
|       add_ln22_12_fu_996_p2                                       |     |        | add_ln22_12 | add | fabric | 0       |
|       mul_32s_32s_56_3_1_U37                                      | 4   |        | mul_ln22_13 | mul | dsp    | 2       |
|       add_ln22_13_fu_1029_p2                                      |     |        | add_ln22_13 | add | fabric | 0       |
|       mul_32s_32s_56_3_1_U37                                      | 4   |        | mul_ln22_14 | mul | dsp    | 2       |
|       add_ln22_14_fu_1062_p2                                      |     |        | add_ln22_14 | add | fabric | 0       |
|       mul_32s_32s_56_3_1_U37                                      | 4   |        | mul_ln22_15 | mul | dsp    | 2       |
|       add_ln22_15_fu_1095_p2                                      |     |        | add_ln22_15 | add | fabric | 0       |
|       mul_32s_32s_56_3_1_U37                                      | 4   |        | mul_ln22_16 | mul | dsp    | 2       |
|       add_ln22_16_fu_1128_p2                                      |     |        | add_ln22_16 | add | fabric | 0       |
|       mul_32s_32s_56_3_1_U37                                      | 4   |        | mul_ln22_17 | mul | dsp    | 2       |
|       add_ln22_17_fu_1161_p2                                      |     |        | add_ln22_17 | add | fabric | 0       |
|       mul_32s_32s_56_3_1_U37                                      | 4   |        | mul_ln22_18 | mul | dsp    | 2       |
|       add_ln22_18_fu_1194_p2                                      |     |        | add_ln22_18 | add | fabric | 0       |
|       mul_32s_32s_56_3_1_U37                                      | 4   |        | mul_ln22_19 | mul | dsp    | 2       |
|       add_ln22_19_fu_1227_p2                                      |     |        | add_ln22_19 | add | fabric | 0       |
|       mul_32s_32s_56_3_1_U37                                      | 4   |        | mul_ln22_20 | mul | dsp    | 2       |
|       add_ln22_20_fu_1260_p2                                      |     |        | add_ln22_20 | add | fabric | 0       |
|       mul_32s_32s_56_3_1_U37                                      | 4   |        | mul_ln22_21 | mul | dsp    | 2       |
|       add_ln22_21_fu_1293_p2                                      |     |        | add_ln22_21 | add | fabric | 0       |
|       mul_32s_32s_56_3_1_U37                                      | 4   |        | mul_ln22_22 | mul | dsp    | 2       |
|       add_ln22_22_fu_1326_p2                                      |     |        | add_ln22_22 | add | fabric | 0       |
|       mul_32s_32s_56_3_1_U37                                      | 4   |        | mul_ln22_23 | mul | dsp    | 2       |
|       add_ln22_23_fu_1359_p2                                      |     |        | add_ln22_23 | add | fabric | 0       |
|       mul_32s_32s_56_3_1_U37                                      | 4   |        | mul_ln22_24 | mul | dsp    | 2       |
|       add_ln22_24_fu_1392_p2                                      |     |        | add_ln22_24 | add | fabric | 0       |
|       mul_32s_32s_56_3_1_U37                                      | 4   |        | mul_ln22_25 | mul | dsp    | 2       |
|       add_ln22_25_fu_1425_p2                                      |     |        | add_ln22_25 | add | fabric | 0       |
|       mul_32s_32s_56_3_1_U37                                      | 4   |        | mul_ln22_26 | mul | dsp    | 2       |
|       add_ln22_26_fu_1458_p2                                      |     |        | add_ln22_26 | add | fabric | 0       |
|       mul_32s_32s_56_3_1_U37                                      | 4   |        | mul_ln22_27 | mul | dsp    | 2       |
|       add_ln22_27_fu_1491_p2                                      |     |        | add_ln22_27 | add | fabric | 0       |
|       mul_32s_32s_56_3_1_U37                                      | 4   |        | mul_ln22_28 | mul | dsp    | 2       |
|       add_ln22_28_fu_1524_p2                                      |     |        | add_ln22_28 | add | fabric | 0       |
|       mul_32s_32s_56_3_1_U37                                      | 4   |        | mul_ln22_29 | mul | dsp    | 2       |
|       add_ln22_29_fu_1557_p2                                      |     |        | add_ln22_29 | add | fabric | 0       |
|       mul_32s_32s_56_3_1_U37                                      | 4   |        | mul_ln22_30 | mul | dsp    | 2       |
|       add_ln22_30_fu_1590_p2                                      |     |        | add_ln22_30 | add | fabric | 0       |
|       mul_32s_32s_56_3_1_U37                                      | 4   |        | mul_ln22_31 | mul | dsp    | 2       |
|       add_ln22_31_fu_1614_p2                                      |     |        | add_ln22_31 | add | fabric | 0       |
|     + matMulTile14                                                | 4   |        |             |     |        |         |
|       i_4_fu_529_p2                                               |     |        | i_4         | add | fabric | 0       |
|       k_1_fu_541_p2                                               |     |        | k_1         | add | fabric | 0       |
|       mul_32s_32s_56_3_1_U42                                      | 4   |        | mul_ln22    | mul | dsp    | 2       |
|       add_ln22_fu_600_p2                                          |     |        | add_ln22    | add | fabric | 0       |
|       mul_32s_32s_56_3_1_U42                                      | 4   |        | mul_ln22_1  | mul | dsp    | 2       |
|       add_ln22_1_fu_633_p2                                        |     |        | add_ln22_1  | add | fabric | 0       |
|       mul_32s_32s_56_3_1_U42                                      | 4   |        | mul_ln22_2  | mul | dsp    | 2       |
|       add_ln22_2_fu_666_p2                                        |     |        | add_ln22_2  | add | fabric | 0       |
|       mul_32s_32s_56_3_1_U42                                      | 4   |        | mul_ln22_3  | mul | dsp    | 2       |
|       add_ln22_3_fu_699_p2                                        |     |        | add_ln22_3  | add | fabric | 0       |
|       mul_32s_32s_56_3_1_U42                                      | 4   |        | mul_ln22_4  | mul | dsp    | 2       |
|       add_ln22_4_fu_732_p2                                        |     |        | add_ln22_4  | add | fabric | 0       |
|       mul_32s_32s_56_3_1_U42                                      | 4   |        | mul_ln22_5  | mul | dsp    | 2       |
|       add_ln22_5_fu_765_p2                                        |     |        | add_ln22_5  | add | fabric | 0       |
|       mul_32s_32s_56_3_1_U42                                      | 4   |        | mul_ln22_6  | mul | dsp    | 2       |
|       add_ln22_6_fu_798_p2                                        |     |        | add_ln22_6  | add | fabric | 0       |
|       mul_32s_32s_56_3_1_U42                                      | 4   |        | mul_ln22_7  | mul | dsp    | 2       |
|       add_ln22_7_fu_831_p2                                        |     |        | add_ln22_7  | add | fabric | 0       |
|       mul_32s_32s_56_3_1_U42                                      | 4   |        | mul_ln22_8  | mul | dsp    | 2       |
|       add_ln22_8_fu_864_p2                                        |     |        | add_ln22_8  | add | fabric | 0       |
|       mul_32s_32s_56_3_1_U42                                      | 4   |        | mul_ln22_9  | mul | dsp    | 2       |
|       add_ln22_9_fu_897_p2                                        |     |        | add_ln22_9  | add | fabric | 0       |
|       mul_32s_32s_56_3_1_U42                                      | 4   |        | mul_ln22_10 | mul | dsp    | 2       |
|       add_ln22_10_fu_930_p2                                       |     |        | add_ln22_10 | add | fabric | 0       |
|       mul_32s_32s_56_3_1_U42                                      | 4   |        | mul_ln22_11 | mul | dsp    | 2       |
|       add_ln22_11_fu_963_p2                                       |     |        | add_ln22_11 | add | fabric | 0       |
|       mul_32s_32s_56_3_1_U42                                      | 4   |        | mul_ln22_12 | mul | dsp    | 2       |
|       add_ln22_12_fu_996_p2                                       |     |        | add_ln22_12 | add | fabric | 0       |
|       mul_32s_32s_56_3_1_U42                                      | 4   |        | mul_ln22_13 | mul | dsp    | 2       |
|       add_ln22_13_fu_1029_p2                                      |     |        | add_ln22_13 | add | fabric | 0       |
|       mul_32s_32s_56_3_1_U42                                      | 4   |        | mul_ln22_14 | mul | dsp    | 2       |
|       add_ln22_14_fu_1062_p2                                      |     |        | add_ln22_14 | add | fabric | 0       |
|       mul_32s_32s_56_3_1_U42                                      | 4   |        | mul_ln22_15 | mul | dsp    | 2       |
|       add_ln22_15_fu_1095_p2                                      |     |        | add_ln22_15 | add | fabric | 0       |
|       mul_32s_32s_56_3_1_U42                                      | 4   |        | mul_ln22_16 | mul | dsp    | 2       |
|       add_ln22_16_fu_1128_p2                                      |     |        | add_ln22_16 | add | fabric | 0       |
|       mul_32s_32s_56_3_1_U42                                      | 4   |        | mul_ln22_17 | mul | dsp    | 2       |
|       add_ln22_17_fu_1161_p2                                      |     |        | add_ln22_17 | add | fabric | 0       |
|       mul_32s_32s_56_3_1_U42                                      | 4   |        | mul_ln22_18 | mul | dsp    | 2       |
|       add_ln22_18_fu_1194_p2                                      |     |        | add_ln22_18 | add | fabric | 0       |
|       mul_32s_32s_56_3_1_U42                                      | 4   |        | mul_ln22_19 | mul | dsp    | 2       |
|       add_ln22_19_fu_1227_p2                                      |     |        | add_ln22_19 | add | fabric | 0       |
|       mul_32s_32s_56_3_1_U42                                      | 4   |        | mul_ln22_20 | mul | dsp    | 2       |
|       add_ln22_20_fu_1260_p2                                      |     |        | add_ln22_20 | add | fabric | 0       |
|       mul_32s_32s_56_3_1_U42                                      | 4   |        | mul_ln22_21 | mul | dsp    | 2       |
|       add_ln22_21_fu_1293_p2                                      |     |        | add_ln22_21 | add | fabric | 0       |
|       mul_32s_32s_56_3_1_U42                                      | 4   |        | mul_ln22_22 | mul | dsp    | 2       |
|       add_ln22_22_fu_1326_p2                                      |     |        | add_ln22_22 | add | fabric | 0       |
|       mul_32s_32s_56_3_1_U42                                      | 4   |        | mul_ln22_23 | mul | dsp    | 2       |
|       add_ln22_23_fu_1359_p2                                      |     |        | add_ln22_23 | add | fabric | 0       |
|       mul_32s_32s_56_3_1_U42                                      | 4   |        | mul_ln22_24 | mul | dsp    | 2       |
|       add_ln22_24_fu_1392_p2                                      |     |        | add_ln22_24 | add | fabric | 0       |
|       mul_32s_32s_56_3_1_U42                                      | 4   |        | mul_ln22_25 | mul | dsp    | 2       |
|       add_ln22_25_fu_1425_p2                                      |     |        | add_ln22_25 | add | fabric | 0       |
|       mul_32s_32s_56_3_1_U42                                      | 4   |        | mul_ln22_26 | mul | dsp    | 2       |
|       add_ln22_26_fu_1458_p2                                      |     |        | add_ln22_26 | add | fabric | 0       |
|       mul_32s_32s_56_3_1_U42                                      | 4   |        | mul_ln22_27 | mul | dsp    | 2       |
|       add_ln22_27_fu_1491_p2                                      |     |        | add_ln22_27 | add | fabric | 0       |
|       mul_32s_32s_56_3_1_U42                                      | 4   |        | mul_ln22_28 | mul | dsp    | 2       |
|       add_ln22_28_fu_1524_p2                                      |     |        | add_ln22_28 | add | fabric | 0       |
|       mul_32s_32s_56_3_1_U42                                      | 4   |        | mul_ln22_29 | mul | dsp    | 2       |
|       add_ln22_29_fu_1557_p2                                      |     |        | add_ln22_29 | add | fabric | 0       |
|       mul_32s_32s_56_3_1_U42                                      | 4   |        | mul_ln22_30 | mul | dsp    | 2       |
|       add_ln22_30_fu_1590_p2                                      |     |        | add_ln22_30 | add | fabric | 0       |
|       mul_32s_32s_56_3_1_U42                                      | 4   |        | mul_ln22_31 | mul | dsp    | 2       |
|       add_ln22_31_fu_1614_p2                                      |     |        | add_ln22_31 | add | fabric | 0       |
|    + loader_C_tiles7                                              | 0   |        |             |     |        |         |
|     + loader_C_tile15                                             | 0   |        |             |     |        |         |
|       add_ln37_1_fu_130_p2                                        |     |        | add_ln37_1  | add | fabric | 0       |
|       add_ln37_fu_154_p2                                          |     |        | add_ln37    | add | fabric | 0       |
|       add_ln41_fu_198_p2                                          |     |        | add_ln41    | add | fabric | 0       |
|       add_ln38_fu_219_p2                                          |     |        | add_ln38    | add | fabric | 0       |
|     + loader_C_tile_316                                           | 0   |        |             |     |        |         |
|       add_ln37_2_fu_130_p2                                        |     |        | add_ln37_2  | add | fabric | 0       |
|       add_ln37_fu_154_p2                                          |     |        | add_ln37    | add | fabric | 0       |
|       add_ln41_fu_198_p2                                          |     |        | add_ln41    | add | fabric | 0       |
|       add_ln38_fu_219_p2                                          |     |        | add_ln38    | add | fabric | 0       |
|    + dataflow_in_loop_loop_for_tile_a_Block_newFuncRoot112_proc89 | 0   |        |             |     |        |         |
|     + storeTilesToDRAM13 (grp_storeTilesToDRAM13_fu_63)           | 0   |        |             |     |        |         |
|      + storeTileToDRAM15 (storeTileToDRAM15_U0)                   | 0   |        |             |     |        |         |
|        add_ln37_fu_102_p2                                         |     |        | add_ln37    | add | fabric | 0       |
|        add_ln38_fu_126_p2                                         |     |        | add_ln38    | add | fabric | 0       |
|        add_ln39_fu_142_p2                                         |     |        | add_ln39    | add | fabric | 0       |
|      + storeTileToDRAM_214 (storeTileToDRAM_214_U0)               | 0   |        |             |     |        |         |
|        add_ln37_fu_102_p2                                         |     |        | add_ln37    | add | fabric | 0       |
|        add_ln38_fu_126_p2                                         |     |        | add_ln38    | add | fabric | 0       |
|        add_ln39_fu_142_p2                                         |     |        | add_ln39    | add | fabric | 0       |
|     + storeTilesToDRAM13 (grp_storeTilesToDRAM13_fu_75)           | 0   |        |             |     |        |         |
|      + storeTileToDRAM15 (storeTileToDRAM15_U0)                   | 0   |        |             |     |        |         |
|        add_ln37_fu_102_p2                                         |     |        | add_ln37    | add | fabric | 0       |
|        add_ln38_fu_126_p2                                         |     |        | add_ln38    | add | fabric | 0       |
|        add_ln39_fu_142_p2                                         |     |        | add_ln39    | add | fabric | 0       |
|      + storeTileToDRAM_214 (storeTileToDRAM_214_U0)               | 0   |        |             |     |        |         |
|        add_ln37_fu_102_p2                                         |     |        | add_ln37    | add | fabric | 0       |
|        add_ln38_fu_126_p2                                         |     |        | add_ln38    | add | fabric | 0       |
|        add_ln39_fu_142_p2                                         |     |        | add_ln39    | add | fabric | 0       |
|  + storeOutputToDRAM                                              | 0   |        |             |     |        |         |
|    add_ln23_fu_274_p2                                             |     |        | add_ln23    | add | fabric | 0       |
|    add_ln24_fu_290_p2                                             |     |        | add_ln24    | add | fabric | 0       |
|    add_ln25_fu_321_p2                                             |     |        | add_ln25    | add | fabric | 0       |
|    add_ln26_fu_337_p2                                             |     |        | add_ln26    | add | fabric | 0       |
|    add_ln27_fu_353_p2                                             |     |        | add_ln27    | add | fabric | 0       |
+-------------------------------------------------------------------+-----+--------+-------------+-----+--------+---------+


================================================================
== Storage Report
================================================================
+--------------------------------------+------------------+-------------+------+------+--------+-------------+--------+---------+------------------+
| Name                                 | Usage            | Type        | BRAM | URAM | Pragma | Variable    | Impl   | Latency | Bitwidth, Depth, |
|                                      |                  |             |      |      |        |             |        |         | Banks            |
+--------------------------------------+------------------+-------------+------+------+--------+-------------+--------+---------+------------------+
| + gemm2                              |                  |             | 107  | 0    |        |             |        |         |                  |
|   control_s_axi_U                    | interface        | s_axilite   |      |      |        |             |        |         |                  |
|   gmem_m_axi_U                       | interface        | m_axi       | 30   |      |        |             |        |         |                  |
|   gmem0_m_axi_U                      | interface        | m_axi       | 30   |      |        |             |        |         |                  |
|   gmem1_m_axi_U                      | interface        | m_axi       | 30   |      |        |             |        |         |                  |
|   A_BUF_U                            | ram_1wnr array   |             | 1    |      | yes    | A_BUF       | bram   | 1       | 32, 512, 1       |
|   B_BUF_U                            | ram_1wnr array   |             | 1    |      | yes    | B_BUF       | bram   | 1       | 32, 512, 1       |
|   B_BUF_1_U                          | ram_1wnr array   |             | 1    |      | yes    | B_BUF_1     | bram   | 1       | 32, 512, 1       |
|   C_BUF_U                            | ram_1wnr array   |             | 1    |      | yes    | C_BUF       | bram   | 1       | 32, 512, 1       |
|   C_BUF_1_U                          | ram_1wnr array   |             | 1    |      | yes    | C_BUF_1     | bram   | 1       | 32, 512, 1       |
|   C_BUF_2_U                          | ram_1wnr array   |             | 1    |      | yes    | C_BUF_2     | bram   | 1       | 32, 512, 1       |
|   C_BUF_3_U                          | ram_1wnr array   |             | 1    |      | yes    | C_BUF_3     | bram   | 1       | 32, 512, 1       |
|  + dataflow_parent_loop_proc         |                  |             | 10   | 0    |        |             |        |         |                  |
|   + dataflow_in_loop_loop_for_tile_a |                  |             | 10   | 0    |        |             |        |         |                  |
|     A_TILE_1_U                       | ram_1wnr channel | pipo        | 1    |      |        | A_TILE_1    | bram   | 1       | 32, 128, 2       |
|     A_TILE_U                         | ram_1wnr channel | pipo        | 1    |      |        | A_TILE      | bram   | 1       | 32, 128, 2       |
|     tileA_c_U                        | fifo channel     | scalar prop |      |      |        | tileA_c     | memory | 0       | 1, 5, 1          |
|     A_streams_1_U                    | fifo channel     | stream      |      |      |        | A_streams_1 | memory | 0       | 32, 2, 1         |
|     A_streams_U                      | fifo channel     | stream      |      |      |        | A_streams   | memory | 0       | 32, 2, 1         |
|     B_TILES_1_U                      | ram_1wnr channel | pipo        | 2    |      |        | B_TILES_1   | bram   | 1       | 32, 512, 2       |
|     B_TILES_U                        | ram_1wnr channel | pipo        | 2    |      |        | B_TILES     | bram   | 1       | 32, 512, 2       |
|     B_streams_1_U                    | fifo channel     | stream      |      |      |        | B_streams_1 | memory | 0       | 32, 2, 1         |
|     B_streams_U                      | fifo channel     | stream      |      |      |        | B_streams   | memory | 0       | 32, 2, 1         |
|     C_streams_1_U                    | fifo channel     | stream      |      |      |        | C_streams_1 | memory | 0       | 32, 2, 1         |
|     C_streams_U                      | fifo channel     | stream      |      |      |        | C_streams   | memory | 0       | 32, 2, 1         |
|     C_TILES_1_U                      | ram_1wnr channel | pipo        | 2    |      |        | C_TILES_1   | bram   | 1       | 32, 512, 2       |
|     C_TILES_U                        | ram_1wnr channel | pipo        | 2    |      |        | C_TILES     | bram   | 1       | 32, 512, 2       |
+--------------------------------------+------------------+-------------+------+------+--------+-------------+--------+---------+------------------+


================================================================
== Pragma Report
================================================================
* Pragmas with Warnings
+----------+---------+------------------------------------------------+------------------------------------------------------------------------------------------------------------------------------------------------------------------------------------+
| Type     | Options | Location                                       | Messages                                                                                                                                                                           |
+----------+---------+------------------------------------------------+------------------------------------------------------------------------------------------------------------------------------------------------------------------------------------+
| dataflow |         | source/load_tiles.hpp:27 in loadtilesbfromdram | Since the only kind of statements allowed in a canonical dataflow region are variable declarations and function calls, the compiler may not be able to correctly handle the region |
| dataflow |         | source/load_tiles.hpp:46 in storetilestodram   | Since the only kind of statements allowed in a canonical dataflow region are variable declarations and function calls, the compiler may not be able to correctly handle the region |
| dataflow |         | source/loader.hpp:48 in loader_b_tiles         | Since the only kind of statements allowed in a canonical dataflow region are variable declarations and function calls, the compiler may not be able to correctly handle the region |
| dataflow |         | source/loader.hpp:57 in loader_c_tiles         | Since the only kind of statements allowed in a canonical dataflow region are variable declarations and function calls, the compiler may not be able to correctly handle the region |
| dataflow |         | source/usefulFunctions.hpp:44 in matmultiles   | Since the only kind of statements allowed in a canonical dataflow region are variable declarations and function calls, the compiler may not be able to correctly handle the region |
+----------+---------+------------------------------------------------+------------------------------------------------------------------------------------------------------------------------------------------------------------------------------------+

* Valid Pragma Syntax
+-----------------+--------------------------------------------+---------------------------------------------------+
| Type            | Options                                    | Location                                          |
+-----------------+--------------------------------------------+---------------------------------------------------+
| inline          | off                                        | source/dram.hpp:4 in loadinputsfromdram           |
| inline          | off                                        | source/dram.hpp:21 in storeoutputtodram           |
| interface       | m_axi port=A_DRAM bundle=gmem0             | source/gemm.cpp:11 in gemm2, A_DRAM               |
| interface       | m_axi port=B_DRAM bundle=gmem1             | source/gemm.cpp:12 in gemm2, B_DRAM               |
| bind_storage    | variable=A_BUF type=RAM_1WNR impl=BRAM     | source/gemm.cpp:15 in gemm2, A_BUF                |
| array_partition | variable=B_BUF dim=1 type=complete         | source/gemm.cpp:17 in gemm2, B_BUF                |
| bind_storage    | variable=B_BUF type=RAM_1WNR impl=BRAM     | source/gemm.cpp:18 in gemm2, B_BUF                |
| array_partition | variable=C_BUF dim=1 type=complete         | source/gemm.cpp:20 in gemm2, C_BUF                |
| array_partition | variable=C_BUF dim=2 type=complete         | source/gemm.cpp:21 in gemm2, C_BUF                |
| bind_storage    | variable=C_BUF type=RAM_1WNR impl=BRAM     | source/gemm.cpp:22 in gemm2, C_BUF                |
| bind_storage    | variable=A_TILE type=RAM_1WNR impl=BRAM    | source/gemm.cpp:24 in gemm2, A_TILE               |
| array_partition | variable=A_TILE dim=2 type=cyclic factor=2 | source/gemm.cpp:25 in gemm2, A_TILE               |
| stream          | variable=A_TILE type=pipo depth=2          | source/gemm.cpp:26 in gemm2, A_TILE               |
| array_partition | variable=B_TILES dim=1 type=complete       | source/gemm.cpp:28 in gemm2, B_TILES              |
| bind_storage    | variable=B_TILES type=RAM_1WNR impl=BRAM   | source/gemm.cpp:29 in gemm2, B_TILES              |
| stream          | variable=B_TILES type=pipo depth=2         | source/gemm.cpp:30 in gemm2, B_TILES              |
| dataflow        |                                            | source/gemm.cpp:36 in gemm2                       |
| array_partition | variable=C_TILES dim=1 type=complete       | source/gemm.cpp:41 in gemm2, C_TILES              |
| bind_storage    | variable=C_TILES type=RAM_1WNR impl=BRAM   | source/gemm.cpp:42 in gemm2, C_TILES              |
| stream          | variable=C_TILES type=pipo depth=2         | source/gemm.cpp:43 in gemm2, C_TILES              |
| inline          | off                                        | source/load_tiles.hpp:4 in loadtileafromdram      |
| unroll          | factor=2                                   | source/load_tiles.hpp:8 in loadtileafromdram      |
| pipeline        | II=1                                       | source/load_tiles.hpp:9 in loadtileafromdram      |
| inline          | off                                        | source/load_tiles.hpp:16 in loadtilebfromdram     |
| inline          | off                                        | source/load_tiles.hpp:26 in loadtilesbfromdram    |
| unroll          |                                            | source/load_tiles.hpp:29 in loadtilesbfromdram    |
| inline          | off                                        | source/load_tiles.hpp:35 in storetiletodram       |
| inline          | off                                        | source/load_tiles.hpp:45 in storetilestodram      |
| unroll          |                                            | source/load_tiles.hpp:48 in storetilestodram      |
| inline          | off                                        | source/loader.hpp:8 in loader_a_tiles             |
| pipeline        | II=1                                       | source/loader.hpp:11 in loader_a_tiles            |
| loop_flatten    |                                            | source/loader.hpp:12 in loader_a_tiles            |
| unroll          |                                            | source/loader.hpp:15 in loader_a_tiles            |
| inline          | off                                        | source/loader.hpp:23 in loader_b_tile             |
| pipeline        | II=1                                       | source/loader.hpp:27 in loader_b_tile             |
| loop_flatten    |                                            | source/loader.hpp:28 in loader_b_tile             |
| inline          | off                                        | source/loader.hpp:36 in loader_c_tile             |
| pipeline        | II=1                                       | source/loader.hpp:39 in loader_c_tile             |
| loop_flatten    |                                            | source/loader.hpp:40 in loader_c_tile             |
| inline          | off                                        | source/loader.hpp:47 in loader_b_tiles            |
| unroll          |                                            | source/loader.hpp:50 in loader_b_tiles            |
| inline          | off                                        | source/loader.hpp:56 in loader_c_tiles            |
| unroll          |                                            | source/loader.hpp:59 in loader_c_tiles            |
| inline          | off                                        | source/usefulFunctions.hpp:8 in matmultile        |
| array_partition | variable=psum type=complete dim=1          | source/usefulFunctions.hpp:13 in matmultile, psum |
| unroll          |                                            | source/usefulFunctions.hpp:20 in matmultile       |
| unroll          |                                            | source/usefulFunctions.hpp:27 in matmultile       |
| inline          | off                                        | source/usefulFunctions.hpp:43 in matmultiles      |
| unroll          |                                            | source/usefulFunctions.hpp:46 in matmultiles      |
+-----------------+--------------------------------------------+---------------------------------------------------+


