================================================================
== Design Size Report
================================================================

* Total Instructions per Compilation Phase
+---------------+-----------------------------+--------------+----------------------------------------------------------------------------------------+
| Phase         | Step                        | Instructions | Description                                                                            |
+---------------+-----------------------------+--------------+----------------------------------------------------------------------------------------+
| Compile/Link  |                             |    712       | After all functions are compiled and linked into a single design                       |
|               |                             |              |                                                                                        |
| Unroll/Inline |                             |              | After user unroll and inline pragmas are applied                                       |
|               | (1) unroll                  |  2,258       | user unroll pragmas are applied                                                        |
|               | (2) simplification          |  2,115       | simplification of applied user unroll pragmas                                          |
|               | (3) inline                  |  1,901       | user inline pragmas are applied                                                        |
|               | (4) simplification          |  1,661       | simplification of applied user inline pragmas                                          |
|               |                             |              |                                                                                        |
| Array/Struct  |                             |              | After user array partition and struct aggregate/disaggregate pragmas are applied       |
|               | (1) array partition         | 17,851       | user array partition pragmas are applied                                               |
|               | (2) simplification          |  9,940       | simplification of applied user array partition & struct aggregate/disaggregate pragmas |
|               | (3) aggregate/disaggregate  |  9,940       | user struct aggregate/disaggregate pragmas are applied                                 |
|               | (4) array reshape           |  9,936       | apply array reshape pragmas                                                            |
|               | (5) access patterns         | 10,192       | array access pattern optmizations                                                      |
|               |                             |              |                                                                                        |
| Performance   |                             |              | After transformations are applied to meet performance pragma targets                   |
|               | (1) loop simplification     |  9,938       | loop and instruction simplification                                                    |
|               | (2) parallelization         |  9,872       | loops are unrolled or pipelined to meet performance targets                            |
|               | (3) simplification          |  9,872       | simplification of design after performance transformations                             |
|               |                             |              |                                                                                        |
| HW Transforms |                             |              | After hardware transfomations                                                          |
|               | (1) lowering                | 10,508       | initial conversion to HW specific instructions                                         |
|               | (2) optimizations           | 10,741       | high level synthesis optimizations                                                     |
+---------------+-----------------------------+--------------+----------------------------------------------------------------------------------------+

* Instructions per Function for each Compilation Phase
+----------------------+------------------------+--------------+----------------+-----------------+-----------------+---------------+
| Function             | Location               | Compile/Link | Unroll/Inline  | Array/Struct    | Performance     | HW Transforms |
+----------------------+------------------------+--------------+----------------+-----------------+-----------------+---------------+
| + gemm2              | gemm.cpp:10            | 712          | 1,661          | 10,192          | 9,872           | 10,741        |
|    loadBFromDRAM     | dram.hpp:49            |  77          |   66           | 3,174           | 3,174           | 3,201         |
|    loadAFromDRAM     | dram.hpp:31            |  66          |   61           |   128           |  128            |   150         |
|    loader_A_tiles    | loader.hpp:4           |  48          |   19           |    87           |   87            |               |
|  + loader_B_tiles    | loader.hpp:45          |  58          |  285           | 1,179           | 1,179           |               |
|     loader_B_tile    | loader.hpp:19          |  39          |  276 (2 calls) | 1,176 (2 calls) | 1,176 (2 calls) |               |
|  + matMulTiles       | usefulFunctions.hpp:41 | 123          |  784           | 1,141           |  817            |               |
|   + matMulTile       | usefulFunctions.hpp:29 | 102          |  774 (2 calls) | 1,138 (2 calls) |  814 (2 calls)  |               |
|      calculatepsum   | usefulFunctions.hpp:7  |  55          |  464 (2 calls) |   336 (2 calls) |  336 (2 calls)  |               |
|      psumToStream    | usefulFunctions.hpp:21 |  19          |  254 (2 calls) |   130 (2 calls) |  130 (2 calls)  |               |
|  + loader_C_tiles    | loader.hpp:54          |  58          |  275           |   542 (2 calls) |  542 (2 calls)  |               |
|     loader_C_tile    | loader.hpp:33          |  39          |  266 (2 calls) |   536 (4 calls) |  536 (4 calls)  |               |
|    storeOutputToDRAM | dram.hpp:4             | 114          |   93           |   411           |  411            |   474         |
+----------------------+------------------------+--------------+----------------+-----------------+-----------------+---------------+

* Design Size Message Settings
+---------------------------------------------+--------+------------------------------------------------------------------+
| Message Setting                             | Value  | Description                                                      |
+---------------------------------------------+--------+------------------------------------------------------------------+
| config_compile -design_size_maximum_warning | 100000 | Show a warning when total design instructions exceeds this value |
+---------------------------------------------+--------+------------------------------------------------------------------+


