

================================================================
== Vitis HLS Report for 'dataflow_in_loop_VITIS_LOOP_34_1_Loop_store_C_tile_even_proc89'
================================================================
* Date:           Fri May 29 17:54:56 2026

* Version:        2023.2 (Build 4023990 on Oct 11 2023)
* Project:        hls_project
* Solution:       gemm2 (Vitis Kernel Flow Target)
* Product family: zynquplus
* Target device:  xczu7ev-ffvc1156-2-e


================================================================
== Performance Estimates
================================================================
+ Timing: 
    * Summary: 
    +--------+---------+----------+------------+
    |  Clock |  Target | Estimated| Uncertainty|
    +--------+---------+----------+------------+
    |ap_clk  |  3.33 ns|  2.013 ns|     0.90 ns|
    +--------+---------+----------+------------+

+ Latency: 
    * Summary: 
    +---------+---------+-----------+-----------+------+------+---------+
    |  Latency (cycles) |   Latency (absolute)  |   Interval  | Pipeline|
    |   min   |   max   |    min    |    max    |  min |  max |   Type  |
    +---------+---------+-----------+-----------+------+------+---------+
    |     3138|     3138|  10.459 us|  10.459 us|  3138|  3138|       no|
    +---------+---------+-----------+-----------+------+------+---------+

    + Detail: 
        * Instance: 
        N/A

        * Loop: 
        +---------------------+---------+---------+----------+-----------+-----------+------+----------+
        |                     |  Latency (cycles) | Iteration|  Initiation Interval  | Trip |          |
        |      Loop Name      |   min   |   max   |  Latency |  achieved |   target  | Count| Pipelined|
        +---------------------+---------+---------+----------+-----------+-----------+------+----------+
        |- store_C_tile_even  |     1568|     1568|        98|          -|          -|    16|        no|
        | + VITIS_LOOP_49_2   |       96|       96|         3|          -|          -|    32|        no|
        |- store_C_tile_odd   |     1568|     1568|        98|          -|          -|    16|        no|
        | + VITIS_LOOP_55_3   |       96|       96|         3|          -|          -|    32|        no|
        +---------------------+---------+---------+----------+-----------+-----------+------+----------+



================================================================
== Utilization Estimates
================================================================
* Summary: 
+-----------------+---------+------+--------+--------+-----+
|       Name      | BRAM_18K|  DSP |   FF   |   LUT  | URAM|
+-----------------+---------+------+--------+--------+-----+
|DSP              |        -|     -|       -|       -|    -|
|Expression       |        -|     -|       0|     138|    -|
|FIFO             |        -|     -|       -|       -|    -|
|Instance         |        -|     -|       -|       -|    -|
|Memory           |        -|     -|       -|       -|    -|
|Multiplexer      |        -|     -|       -|     108|    -|
|Register         |        -|     -|     154|       -|    -|
+-----------------+---------+------+--------+--------+-----+
|Total            |        0|     0|     154|     246|    0|
+-----------------+---------+------+--------+--------+-----+
|Available        |      624|  1728|  460800|  230400|   96|
+-----------------+---------+------+--------+--------+-----+
|Utilization (%)  |        0|     0|      ~0|      ~0|    0|
+-----------------+---------+------+--------+--------+-----+

+ Detail: 
    * Instance: 
    N/A

    * DSP: 
    N/A

    * Memory: 
    N/A

    * FIFO: 
    N/A

    * Expression: 
    +---------------------+----------+----+---+----+------------+------------+
    |    Variable Name    | Operation| DSP| FF| LUT| Bitwidth P0| Bitwidth P1|
    +---------------------+----------+----+---+----+------------+------------+
    |add_ln48_fu_196_p2   |         +|   0|  0|  12|           5|           1|
    |add_ln49_fu_221_p2   |         +|   0|  0|  13|           6|           1|
    |add_ln50_fu_231_p2   |         +|   0|  0|  16|           9|           9|
    |add_ln54_fu_260_p2   |         +|   0|  0|  12|           5|           1|
    |add_ln55_fu_280_p2   |         +|   0|  0|  13|           6|           1|
    |add_ln56_fu_294_p2   |         +|   0|  0|  16|           9|           9|
    |icmp_ln48_fu_190_p2  |      icmp|   0|  0|  13|           5|           6|
    |icmp_ln49_fu_215_p2  |      icmp|   0|  0|  14|           6|           7|
    |icmp_ln54_fu_254_p2  |      icmp|   0|  0|  13|           5|           6|
    |icmp_ln55_fu_274_p2  |      icmp|   0|  0|  14|           6|           7|
    |ap_block_state1      |        or|   0|  0|   2|           1|           1|
    +---------------------+----------+----+---+----+------------+------------+
    |Total                |          |   0|  0| 138|          63|          49|
    +---------------------+----------+----+---+----+------------+------------+

    * Multiplexer: 
    +-------------+----+-----------+-----+-----------+
    |     Name    | LUT| Input Size| Bits| Total Bits|
    +-------------+----+-----------+-----+-----------+
    |ap_NS_fsm    |  54|         10|    1|         10|
    |ap_done      |   9|          2|    1|          2|
    |i_1_fu_70    |   9|          2|    5|         10|
    |i_fu_66      |   9|          2|    5|         10|
    |j_1_reg_167  |   9|          2|    6|         12|
    |j_reg_156    |   9|          2|    6|         12|
    |tileA_blk_n  |   9|          2|    1|          2|
    +-------------+----+-----------+-----+-----------+
    |Total        | 108|         22|   25|         58|
    +-------------+----+-----------+-----+-----------+

    * Register: 
    +------------------------+----+----+-----+-----------+
    |          Name          | FF | LUT| Bits| Const Bits|
    +------------------------+----+----+-----+-----------+
    |C_BUF_2_addr_reg_359    |   9|   0|    9|          0|
    |C_BUF_addr_reg_364      |   9|   0|    9|          0|
    |C_TILE2_i_load_reg_416  |  32|   0|   32|          0|
    |C_TILE_i_load_reg_374   |  32|   0|   32|          0|
    |add_ln48_reg_334        |   5|   0|    5|          0|
    |add_ln49_reg_354        |   6|   0|    6|          0|
    |add_ln54_reg_388        |   5|   0|    5|          0|
    |add_ln55_reg_401        |   6|   0|    6|          0|
    |ap_CS_fsm               |   9|   0|    9|          0|
    |ap_done_reg             |   1|   0|    1|          0|
    |i_1_fu_70               |   5|   0|    5|          0|
    |i_fu_66                 |   5|   0|    5|          0|
    |j_1_reg_167             |   6|   0|    6|          0|
    |j_reg_156               |   6|   0|    6|          0|
    |tileA_read_reg_327      |   1|   0|    1|          0|
    |tmp_reg_339             |   4|   0|    9|          5|
    |tmp_s_reg_393           |   4|   0|    9|          5|
    |trunc_ln54_reg_380      |   4|   0|    4|          0|
    |trunc_ln55_reg_406      |   5|   0|    5|          0|
    +------------------------+----+----+-----+-----------+
    |Total                   | 154|   0|  164|         10|
    +------------------------+----+----+-----+-----------+



================================================================
== Interface
================================================================
* Summary: 
+----------------------+-----+-----+------------+----------------------------------------------------------------+--------------+
|       RTL Ports      | Dir | Bits|  Protocol  |                          Source Object                         |    C Type    |
+----------------------+-----+-----+------------+----------------------------------------------------------------+--------------+
|ap_clk                |   in|    1|  ap_ctrl_hs|  dataflow_in_loop_VITIS_LOOP_34_1_Loop_store_C_tile_even_proc89|  return value|
|ap_rst                |   in|    1|  ap_ctrl_hs|  dataflow_in_loop_VITIS_LOOP_34_1_Loop_store_C_tile_even_proc89|  return value|
|ap_start              |   in|    1|  ap_ctrl_hs|  dataflow_in_loop_VITIS_LOOP_34_1_Loop_store_C_tile_even_proc89|  return value|
|ap_done               |  out|    1|  ap_ctrl_hs|  dataflow_in_loop_VITIS_LOOP_34_1_Loop_store_C_tile_even_proc89|  return value|
|ap_continue           |   in|    1|  ap_ctrl_hs|  dataflow_in_loop_VITIS_LOOP_34_1_Loop_store_C_tile_even_proc89|  return value|
|ap_idle               |  out|    1|  ap_ctrl_hs|  dataflow_in_loop_VITIS_LOOP_34_1_Loop_store_C_tile_even_proc89|  return value|
|ap_ready              |  out|    1|  ap_ctrl_hs|  dataflow_in_loop_VITIS_LOOP_34_1_Loop_store_C_tile_even_proc89|  return value|
|C_BUF_3_address0      |  out|    9|   ap_memory|                                                         C_BUF_3|         array|
|C_BUF_3_ce0           |  out|    1|   ap_memory|                                                         C_BUF_3|         array|
|C_BUF_3_we0           |  out|    1|   ap_memory|                                                         C_BUF_3|         array|
|C_BUF_3_d0            |  out|   32|   ap_memory|                                                         C_BUF_3|         array|
|C_BUF_2_address0      |  out|    9|   ap_memory|                                                         C_BUF_2|         array|
|C_BUF_2_ce0           |  out|    1|   ap_memory|                                                         C_BUF_2|         array|
|C_BUF_2_we0           |  out|    1|   ap_memory|                                                         C_BUF_2|         array|
|C_BUF_2_d0            |  out|   32|   ap_memory|                                                         C_BUF_2|         array|
|C_BUF_1_address0      |  out|    9|   ap_memory|                                                         C_BUF_1|         array|
|C_BUF_1_ce0           |  out|    1|   ap_memory|                                                         C_BUF_1|         array|
|C_BUF_1_we0           |  out|    1|   ap_memory|                                                         C_BUF_1|         array|
|C_BUF_1_d0            |  out|   32|   ap_memory|                                                         C_BUF_1|         array|
|C_BUF_address0        |  out|    9|   ap_memory|                                                           C_BUF|         array|
|C_BUF_ce0             |  out|    1|   ap_memory|                                                           C_BUF|         array|
|C_BUF_we0             |  out|    1|   ap_memory|                                                           C_BUF|         array|
|C_BUF_d0              |  out|   32|   ap_memory|                                                           C_BUF|         array|
|tileA_dout            |   in|    1|     ap_fifo|                                                           tileA|       pointer|
|tileA_num_data_valid  |   in|    3|     ap_fifo|                                                           tileA|       pointer|
|tileA_fifo_cap        |   in|    3|     ap_fifo|                                                           tileA|       pointer|
|tileA_empty_n         |   in|    1|     ap_fifo|                                                           tileA|       pointer|
|tileA_read            |  out|    1|     ap_fifo|                                                           tileA|       pointer|
|C_TILE_i_address0     |  out|    9|   ap_memory|                                                        C_TILE_i|         array|
|C_TILE_i_ce0          |  out|    1|   ap_memory|                                                        C_TILE_i|         array|
|C_TILE_i_q0           |   in|   32|   ap_memory|                                                        C_TILE_i|         array|
|C_TILE2_i_address0    |  out|    9|   ap_memory|                                                       C_TILE2_i|         array|
|C_TILE2_i_ce0         |  out|    1|   ap_memory|                                                       C_TILE2_i|         array|
|C_TILE2_i_q0          |   in|   32|   ap_memory|                                                       C_TILE2_i|         array|
+----------------------+-----+-----+------------+----------------------------------------------------------------+--------------+

