

================================================================
== Vitis HLS Report for 'dataflow_in_loop_mat_mul_i_79_1205'
================================================================
* Date:           Fri Jul 10 15:30:58 2026

* Version:        2023.2 (Build 4023990 on Oct 11 2023)
* Project:        hls_project
* Solution:       gemm2 (Vitis Kernel Flow Target)
* Product family: versalaicore
* Target device:  xcvc1902-vsva2197-2MP-e-S


================================================================
== Performance Estimates
================================================================
+ Timing: 
    * Summary: 
    +--------+---------+----------+------------+
    |  Clock |  Target | Estimated| Uncertainty|
    +--------+---------+----------+------------+
    |ap_clk  |  3.33 ns|  1.799 ns|     0.90 ns|
    +--------+---------+----------+------------+

+ Latency: 
    * Summary: 
    +---------+---------+-----------+-----------+-----+-----+----------+
    |  Latency (cycles) |   Latency (absolute)  |  Interval | Pipeline |
    |   min   |   max   |    min    |    max    | min | max |   Type   |
    +---------+---------+-----------+-----------+-----+-----+----------+
    |       19|       19|  63.327 ns|  63.327 ns|   16|   16|  dataflow|
    +---------+---------+-----------+-----------+-----+-----+----------+

    + Detail: 
        * Instance: 
        +-----------------------+--------------------+---------+---------+-----------+-----------+-----+-----+----------+
        |                       |                    |  Latency (cycles) |   Latency (absolute)  |  Interval | Pipeline |
        |        Instance       |       Module       |   min   |   max   |    min    |    max    | min | max |   Type   |
        +-----------------------+--------------------+---------+---------+-----------+-----------+-----+-----+----------+
        |calculatepsum_4208_U0  |calculatepsum_4208  |       18|       19|  59.994 ns|  63.327 ns|   16|   16|  dataflow|
        |psumToStream_5209_U0   |psumToStream_5209   |        0|        0|       0 ns|       0 ns|    0|    0|        no|
        +-----------------------+--------------------+---------+---------+-----------+-----------+-----+-----+----------+

        * Loop: 
        N/A



================================================================
== Utilization Estimates
================================================================
* Summary: 
+-----------------+---------+------+---------+--------+-----+
|       Name      | BRAM_18K|  DSP |    FF   |   LUT  | URAM|
+-----------------+---------+------+---------+--------+-----+
|DSP              |        -|     -|        -|       -|    -|
|Expression       |        -|     -|        0|     134|    -|
|FIFO             |        0|     -|     3296|    2112|    -|
|Instance         |        -|    32|     2261|    1260|    -|
|Memory           |        -|     -|        -|       -|    -|
|Multiplexer      |        -|     -|        -|      64|    -|
|Register         |        -|     -|       32|       -|    -|
+-----------------+---------+------+---------+--------+-----+
|Total            |        0|    32|     5589|    3570|    0|
+-----------------+---------+------+---------+--------+-----+
|Available        |     1934|  1968|  1799680|  899840|  463|
+-----------------+---------+------+---------+--------+-----+
|Utilization (%)  |        0|     1|       ~0|      ~0|    0|
+-----------------+---------+------+---------+--------+-----+

+ Detail: 
    * Instance: 
    +-----------------------+--------------------+---------+----+------+------+-----+
    |        Instance       |       Module       | BRAM_18K| DSP|  FF  |  LUT | URAM|
    +-----------------------+--------------------+---------+----+------+------+-----+
    |calculatepsum_4208_U0  |calculatepsum_4208  |        0|  32|  2259|  1192|    0|
    |psumToStream_5209_U0   |psumToStream_5209   |        0|   0|     2|    68|    0|
    +-----------------------+--------------------+---------+----+------+------+-----+
    |Total                  |                    |        0|  32|  2261|  1260|    0|
    +-----------------------+--------------------+---------+----+------+------+-----+

    * DSP: 
    N/A

    * Memory: 
    N/A

    * FIFO: 
    +-----------+---------+-----+----+-----+------+-----+---------+
    |    Name   | BRAM_18K|  FF | LUT| URAM| Depth| Bits| Size:D*B|
    +-----------+---------+-----+----+-----+------+-----+---------+
    |psum_10_U  |        0|  103|   0|    -|     2|   32|       64|
    |psum_11_U  |        0|  103|   0|    -|     2|   32|       64|
    |psum_12_U  |        0|  103|   0|    -|     2|   32|       64|
    |psum_13_U  |        0|  103|   0|    -|     2|   32|       64|
    |psum_14_U  |        0|  103|   0|    -|     2|   32|       64|
    |psum_15_U  |        0|  103|   0|    -|     2|   32|       64|
    |psum_16_U  |        0|  103|   0|    -|     2|   32|       64|
    |psum_17_U  |        0|  103|   0|    -|     2|   32|       64|
    |psum_18_U  |        0|  103|   0|    -|     2|   32|       64|
    |psum_19_U  |        0|  103|   0|    -|     2|   32|       64|
    |psum_1_U   |        0|  103|   0|    -|     2|   32|       64|
    |psum_20_U  |        0|  103|   0|    -|     2|   32|       64|
    |psum_21_U  |        0|  103|   0|    -|     2|   32|       64|
    |psum_22_U  |        0|  103|   0|    -|     2|   32|       64|
    |psum_23_U  |        0|  103|   0|    -|     2|   32|       64|
    |psum_24_U  |        0|  103|   0|    -|     2|   32|       64|
    |psum_25_U  |        0|  103|   0|    -|     2|   32|       64|
    |psum_26_U  |        0|  103|   0|    -|     2|   32|       64|
    |psum_27_U  |        0|  103|   0|    -|     2|   32|       64|
    |psum_28_U  |        0|  103|   0|    -|     2|   32|       64|
    |psum_29_U  |        0|  103|   0|    -|     2|   32|       64|
    |psum_2_U   |        0|  103|   0|    -|     2|   32|       64|
    |psum_30_U  |        0|  103|   0|    -|     2|   32|       64|
    |psum_31_U  |        0|  103|   0|    -|     2|   32|       64|
    |psum_3_U   |        0|  103|   0|    -|     2|   32|       64|
    |psum_4_U   |        0|  103|   0|    -|     2|   32|       64|
    |psum_5_U   |        0|  103|   0|    -|     2|   32|       64|
    |psum_6_U   |        0|  103|   0|    -|     2|   32|       64|
    |psum_7_U   |        0|  103|   0|    -|     2|   32|       64|
    |psum_8_U   |        0|  103|   0|    -|     2|   32|       64|
    |psum_9_U   |        0|  103|   0|    -|     2|   32|       64|
    |psum_U     |        0|  103|   0|    -|     2|   32|       64|
    +-----------+---------+-----+----+-----+------+-----+---------+
    |Total      |        0| 3296|   0|    0|    64| 1024|     2048|
    +-----------+---------+-----+----+-----+------+-----+---------+

    * Expression: 
    +-----------------------------------+----------+----+---+----+------------+------------+
    |           Variable Name           | Operation| DSP| FF| LUT| Bitwidth P0| Bitwidth P1|
    +-----------------------------------+----------+----+---+----+------------+------------+
    |ap_channel_done_psum               |       and|   0|  0|   2|           1|           1|
    |ap_channel_done_psum_1             |       and|   0|  0|   2|           1|           1|
    |ap_channel_done_psum_10            |       and|   0|  0|   2|           1|           1|
    |ap_channel_done_psum_11            |       and|   0|  0|   2|           1|           1|
    |ap_channel_done_psum_12            |       and|   0|  0|   2|           1|           1|
    |ap_channel_done_psum_13            |       and|   0|  0|   2|           1|           1|
    |ap_channel_done_psum_14            |       and|   0|  0|   2|           1|           1|
    |ap_channel_done_psum_15            |       and|   0|  0|   2|           1|           1|
    |ap_channel_done_psum_16            |       and|   0|  0|   2|           1|           1|
    |ap_channel_done_psum_17            |       and|   0|  0|   2|           1|           1|
    |ap_channel_done_psum_18            |       and|   0|  0|   2|           1|           1|
    |ap_channel_done_psum_19            |       and|   0|  0|   2|           1|           1|
    |ap_channel_done_psum_2             |       and|   0|  0|   2|           1|           1|
    |ap_channel_done_psum_20            |       and|   0|  0|   2|           1|           1|
    |ap_channel_done_psum_21            |       and|   0|  0|   2|           1|           1|
    |ap_channel_done_psum_22            |       and|   0|  0|   2|           1|           1|
    |ap_channel_done_psum_23            |       and|   0|  0|   2|           1|           1|
    |ap_channel_done_psum_24            |       and|   0|  0|   2|           1|           1|
    |ap_channel_done_psum_25            |       and|   0|  0|   2|           1|           1|
    |ap_channel_done_psum_26            |       and|   0|  0|   2|           1|           1|
    |ap_channel_done_psum_27            |       and|   0|  0|   2|           1|           1|
    |ap_channel_done_psum_28            |       and|   0|  0|   2|           1|           1|
    |ap_channel_done_psum_29            |       and|   0|  0|   2|           1|           1|
    |ap_channel_done_psum_3             |       and|   0|  0|   2|           1|           1|
    |ap_channel_done_psum_30            |       and|   0|  0|   2|           1|           1|
    |ap_channel_done_psum_31            |       and|   0|  0|   2|           1|           1|
    |ap_channel_done_psum_4             |       and|   0|  0|   2|           1|           1|
    |ap_channel_done_psum_5             |       and|   0|  0|   2|           1|           1|
    |ap_channel_done_psum_6             |       and|   0|  0|   2|           1|           1|
    |ap_channel_done_psum_7             |       and|   0|  0|   2|           1|           1|
    |ap_channel_done_psum_8             |       and|   0|  0|   2|           1|           1|
    |ap_channel_done_psum_9             |       and|   0|  0|   2|           1|           1|
    |ap_idle                            |       and|   0|  0|   2|           1|           1|
    |calculatepsum_4208_U0_ap_continue  |       and|   0|  0|   2|           1|           1|
    |psumToStream_5209_U0_ap_start      |       and|   0|  0|   2|           1|           1|
    |ap_sync_channel_write_psum         |        or|   0|  0|   2|           1|           1|
    |ap_sync_channel_write_psum_1       |        or|   0|  0|   2|           1|           1|
    |ap_sync_channel_write_psum_10      |        or|   0|  0|   2|           1|           1|
    |ap_sync_channel_write_psum_11      |        or|   0|  0|   2|           1|           1|
    |ap_sync_channel_write_psum_12      |        or|   0|  0|   2|           1|           1|
    |ap_sync_channel_write_psum_13      |        or|   0|  0|   2|           1|           1|
    |ap_sync_channel_write_psum_14      |        or|   0|  0|   2|           1|           1|
    |ap_sync_channel_write_psum_15      |        or|   0|  0|   2|           1|           1|
    |ap_sync_channel_write_psum_16      |        or|   0|  0|   2|           1|           1|
    |ap_sync_channel_write_psum_17      |        or|   0|  0|   2|           1|           1|
    |ap_sync_channel_write_psum_18      |        or|   0|  0|   2|           1|           1|
    |ap_sync_channel_write_psum_19      |        or|   0|  0|   2|           1|           1|
    |ap_sync_channel_write_psum_2       |        or|   0|  0|   2|           1|           1|
    |ap_sync_channel_write_psum_20      |        or|   0|  0|   2|           1|           1|
    |ap_sync_channel_write_psum_21      |        or|   0|  0|   2|           1|           1|
    |ap_sync_channel_write_psum_22      |        or|   0|  0|   2|           1|           1|
    |ap_sync_channel_write_psum_23      |        or|   0|  0|   2|           1|           1|
    |ap_sync_channel_write_psum_24      |        or|   0|  0|   2|           1|           1|
    |ap_sync_channel_write_psum_25      |        or|   0|  0|   2|           1|           1|
    |ap_sync_channel_write_psum_26      |        or|   0|  0|   2|           1|           1|
    |ap_sync_channel_write_psum_27      |        or|   0|  0|   2|           1|           1|
    |ap_sync_channel_write_psum_28      |        or|   0|  0|   2|           1|           1|
    |ap_sync_channel_write_psum_29      |        or|   0|  0|   2|           1|           1|
    |ap_sync_channel_write_psum_3       |        or|   0|  0|   2|           1|           1|
    |ap_sync_channel_write_psum_30      |        or|   0|  0|   2|           1|           1|
    |ap_sync_channel_write_psum_31      |        or|   0|  0|   2|           1|           1|
    |ap_sync_channel_write_psum_4       |        or|   0|  0|   2|           1|           1|
    |ap_sync_channel_write_psum_5       |        or|   0|  0|   2|           1|           1|
    |ap_sync_channel_write_psum_6       |        or|   0|  0|   2|           1|           1|
    |ap_sync_channel_write_psum_7       |        or|   0|  0|   2|           1|           1|
    |ap_sync_channel_write_psum_8       |        or|   0|  0|   2|           1|           1|
    |ap_sync_channel_write_psum_9       |        or|   0|  0|   2|           1|           1|
    +-----------------------------------+----------+----+---+----+------------+------------+
    |Total                              |          |   0|  0| 134|          67|          67|
    +-----------------------------------+----------+----+---+----+------------+------------+

    * Multiplexer: 
    +-----------------------------------+----+-----------+-----+-----------+
    |                Name               | LUT| Input Size| Bits| Total Bits|
    +-----------------------------------+----+-----------+-----+-----------+
    |ap_sync_reg_channel_write_psum     |   2|          2|    1|          2|
    |ap_sync_reg_channel_write_psum_1   |   2|          2|    1|          2|
    |ap_sync_reg_channel_write_psum_10  |   2|          2|    1|          2|
    |ap_sync_reg_channel_write_psum_11  |   2|          2|    1|          2|
    |ap_sync_reg_channel_write_psum_12  |   2|          2|    1|          2|
    |ap_sync_reg_channel_write_psum_13  |   2|          2|    1|          2|
    |ap_sync_reg_channel_write_psum_14  |   2|          2|    1|          2|
    |ap_sync_reg_channel_write_psum_15  |   2|          2|    1|          2|
    |ap_sync_reg_channel_write_psum_16  |   2|          2|    1|          2|
    |ap_sync_reg_channel_write_psum_17  |   2|          2|    1|          2|
    |ap_sync_reg_channel_write_psum_18  |   2|          2|    1|          2|
    |ap_sync_reg_channel_write_psum_19  |   2|          2|    1|          2|
    |ap_sync_reg_channel_write_psum_2   |   2|          2|    1|          2|
    |ap_sync_reg_channel_write_psum_20  |   2|          2|    1|          2|
    |ap_sync_reg_channel_write_psum_21  |   2|          2|    1|          2|
    |ap_sync_reg_channel_write_psum_22  |   2|          2|    1|          2|
    |ap_sync_reg_channel_write_psum_23  |   2|          2|    1|          2|
    |ap_sync_reg_channel_write_psum_24  |   2|          2|    1|          2|
    |ap_sync_reg_channel_write_psum_25  |   2|          2|    1|          2|
    |ap_sync_reg_channel_write_psum_26  |   2|          2|    1|          2|
    |ap_sync_reg_channel_write_psum_27  |   2|          2|    1|          2|
    |ap_sync_reg_channel_write_psum_28  |   2|          2|    1|          2|
    |ap_sync_reg_channel_write_psum_29  |   2|          2|    1|          2|
    |ap_sync_reg_channel_write_psum_3   |   2|          2|    1|          2|
    |ap_sync_reg_channel_write_psum_30  |   2|          2|    1|          2|
    |ap_sync_reg_channel_write_psum_31  |   2|          2|    1|          2|
    |ap_sync_reg_channel_write_psum_4   |   2|          2|    1|          2|
    |ap_sync_reg_channel_write_psum_5   |   2|          2|    1|          2|
    |ap_sync_reg_channel_write_psum_6   |   2|          2|    1|          2|
    |ap_sync_reg_channel_write_psum_7   |   2|          2|    1|          2|
    |ap_sync_reg_channel_write_psum_8   |   2|          2|    1|          2|
    |ap_sync_reg_channel_write_psum_9   |   2|          2|    1|          2|
    +-----------------------------------+----+-----------+-----+-----------+
    |Total                              |  64|         64|   32|         64|
    +-----------------------------------+----+-----------+-----+-----------+

    * Register: 
    +-----------------------------------+---+----+-----+-----------+
    |                Name               | FF| LUT| Bits| Const Bits|
    +-----------------------------------+---+----+-----+-----------+
    |ap_sync_reg_channel_write_psum     |  1|   0|    1|          0|
    |ap_sync_reg_channel_write_psum_1   |  1|   0|    1|          0|
    |ap_sync_reg_channel_write_psum_10  |  1|   0|    1|          0|
    |ap_sync_reg_channel_write_psum_11  |  1|   0|    1|          0|
    |ap_sync_reg_channel_write_psum_12  |  1|   0|    1|          0|
    |ap_sync_reg_channel_write_psum_13  |  1|   0|    1|          0|
    |ap_sync_reg_channel_write_psum_14  |  1|   0|    1|          0|
    |ap_sync_reg_channel_write_psum_15  |  1|   0|    1|          0|
    |ap_sync_reg_channel_write_psum_16  |  1|   0|    1|          0|
    |ap_sync_reg_channel_write_psum_17  |  1|   0|    1|          0|
    |ap_sync_reg_channel_write_psum_18  |  1|   0|    1|          0|
    |ap_sync_reg_channel_write_psum_19  |  1|   0|    1|          0|
    |ap_sync_reg_channel_write_psum_2   |  1|   0|    1|          0|
    |ap_sync_reg_channel_write_psum_20  |  1|   0|    1|          0|
    |ap_sync_reg_channel_write_psum_21  |  1|   0|    1|          0|
    |ap_sync_reg_channel_write_psum_22  |  1|   0|    1|          0|
    |ap_sync_reg_channel_write_psum_23  |  1|   0|    1|          0|
    |ap_sync_reg_channel_write_psum_24  |  1|   0|    1|          0|
    |ap_sync_reg_channel_write_psum_25  |  1|   0|    1|          0|
    |ap_sync_reg_channel_write_psum_26  |  1|   0|    1|          0|
    |ap_sync_reg_channel_write_psum_27  |  1|   0|    1|          0|
    |ap_sync_reg_channel_write_psum_28  |  1|   0|    1|          0|
    |ap_sync_reg_channel_write_psum_29  |  1|   0|    1|          0|
    |ap_sync_reg_channel_write_psum_3   |  1|   0|    1|          0|
    |ap_sync_reg_channel_write_psum_30  |  1|   0|    1|          0|
    |ap_sync_reg_channel_write_psum_31  |  1|   0|    1|          0|
    |ap_sync_reg_channel_write_psum_4   |  1|   0|    1|          0|
    |ap_sync_reg_channel_write_psum_5   |  1|   0|    1|          0|
    |ap_sync_reg_channel_write_psum_6   |  1|   0|    1|          0|
    |ap_sync_reg_channel_write_psum_7   |  1|   0|    1|          0|
    |ap_sync_reg_channel_write_psum_8   |  1|   0|    1|          0|
    |ap_sync_reg_channel_write_psum_9   |  1|   0|    1|          0|
    +-----------------------------------+---+----+-----+-----------+
    |Total                              | 32|   0|   32|          0|
    +-----------------------------------+---+----+-----+-----------+



================================================================
== Interface
================================================================
* Summary: 
+------------------------+-----+-----+------------+------------------------------------+--------------+
|        RTL Ports       | Dir | Bits|  Protocol  |            Source Object           |    C Type    |
+------------------------+-----+-----+------------+------------------------------------+--------------+
|A_streams_1_dout        |   in|   32|     ap_fifo|                         A_streams_1|       pointer|
|A_streams_1_empty_n     |   in|    1|     ap_fifo|                         A_streams_1|       pointer|
|A_streams_1_read        |  out|    1|     ap_fifo|                         A_streams_1|       pointer|
|B_streams_1_0_dout      |   in|   32|     ap_fifo|                       B_streams_1_0|       pointer|
|B_streams_1_0_empty_n   |   in|    1|     ap_fifo|                       B_streams_1_0|       pointer|
|B_streams_1_0_read      |  out|    1|     ap_fifo|                       B_streams_1_0|       pointer|
|B_streams_1_1_dout      |   in|   32|     ap_fifo|                       B_streams_1_1|       pointer|
|B_streams_1_1_empty_n   |   in|    1|     ap_fifo|                       B_streams_1_1|       pointer|
|B_streams_1_1_read      |  out|    1|     ap_fifo|                       B_streams_1_1|       pointer|
|B_streams_1_2_dout      |   in|   32|     ap_fifo|                       B_streams_1_2|       pointer|
|B_streams_1_2_empty_n   |   in|    1|     ap_fifo|                       B_streams_1_2|       pointer|
|B_streams_1_2_read      |  out|    1|     ap_fifo|                       B_streams_1_2|       pointer|
|B_streams_1_3_dout      |   in|   32|     ap_fifo|                       B_streams_1_3|       pointer|
|B_streams_1_3_empty_n   |   in|    1|     ap_fifo|                       B_streams_1_3|       pointer|
|B_streams_1_3_read      |  out|    1|     ap_fifo|                       B_streams_1_3|       pointer|
|B_streams_1_4_dout      |   in|   32|     ap_fifo|                       B_streams_1_4|       pointer|
|B_streams_1_4_empty_n   |   in|    1|     ap_fifo|                       B_streams_1_4|       pointer|
|B_streams_1_4_read      |  out|    1|     ap_fifo|                       B_streams_1_4|       pointer|
|B_streams_1_5_dout      |   in|   32|     ap_fifo|                       B_streams_1_5|       pointer|
|B_streams_1_5_empty_n   |   in|    1|     ap_fifo|                       B_streams_1_5|       pointer|
|B_streams_1_5_read      |  out|    1|     ap_fifo|                       B_streams_1_5|       pointer|
|B_streams_1_6_dout      |   in|   32|     ap_fifo|                       B_streams_1_6|       pointer|
|B_streams_1_6_empty_n   |   in|    1|     ap_fifo|                       B_streams_1_6|       pointer|
|B_streams_1_6_read      |  out|    1|     ap_fifo|                       B_streams_1_6|       pointer|
|B_streams_1_7_dout      |   in|   32|     ap_fifo|                       B_streams_1_7|       pointer|
|B_streams_1_7_empty_n   |   in|    1|     ap_fifo|                       B_streams_1_7|       pointer|
|B_streams_1_7_read      |  out|    1|     ap_fifo|                       B_streams_1_7|       pointer|
|B_streams_1_8_dout      |   in|   32|     ap_fifo|                       B_streams_1_8|       pointer|
|B_streams_1_8_empty_n   |   in|    1|     ap_fifo|                       B_streams_1_8|       pointer|
|B_streams_1_8_read      |  out|    1|     ap_fifo|                       B_streams_1_8|       pointer|
|B_streams_1_9_dout      |   in|   32|     ap_fifo|                       B_streams_1_9|       pointer|
|B_streams_1_9_empty_n   |   in|    1|     ap_fifo|                       B_streams_1_9|       pointer|
|B_streams_1_9_read      |  out|    1|     ap_fifo|                       B_streams_1_9|       pointer|
|B_streams_1_10_dout     |   in|   32|     ap_fifo|                      B_streams_1_10|       pointer|
|B_streams_1_10_empty_n  |   in|    1|     ap_fifo|                      B_streams_1_10|       pointer|
|B_streams_1_10_read     |  out|    1|     ap_fifo|                      B_streams_1_10|       pointer|
|B_streams_1_11_dout     |   in|   32|     ap_fifo|                      B_streams_1_11|       pointer|
|B_streams_1_11_empty_n  |   in|    1|     ap_fifo|                      B_streams_1_11|       pointer|
|B_streams_1_11_read     |  out|    1|     ap_fifo|                      B_streams_1_11|       pointer|
|B_streams_1_12_dout     |   in|   32|     ap_fifo|                      B_streams_1_12|       pointer|
|B_streams_1_12_empty_n  |   in|    1|     ap_fifo|                      B_streams_1_12|       pointer|
|B_streams_1_12_read     |  out|    1|     ap_fifo|                      B_streams_1_12|       pointer|
|B_streams_1_13_dout     |   in|   32|     ap_fifo|                      B_streams_1_13|       pointer|
|B_streams_1_13_empty_n  |   in|    1|     ap_fifo|                      B_streams_1_13|       pointer|
|B_streams_1_13_read     |  out|    1|     ap_fifo|                      B_streams_1_13|       pointer|
|B_streams_1_14_dout     |   in|   32|     ap_fifo|                      B_streams_1_14|       pointer|
|B_streams_1_14_empty_n  |   in|    1|     ap_fifo|                      B_streams_1_14|       pointer|
|B_streams_1_14_read     |  out|    1|     ap_fifo|                      B_streams_1_14|       pointer|
|B_streams_1_15_dout     |   in|   32|     ap_fifo|                      B_streams_1_15|       pointer|
|B_streams_1_15_empty_n  |   in|    1|     ap_fifo|                      B_streams_1_15|       pointer|
|B_streams_1_15_read     |  out|    1|     ap_fifo|                      B_streams_1_15|       pointer|
|B_streams_1_16_dout     |   in|   32|     ap_fifo|                      B_streams_1_16|       pointer|
|B_streams_1_16_empty_n  |   in|    1|     ap_fifo|                      B_streams_1_16|       pointer|
|B_streams_1_16_read     |  out|    1|     ap_fifo|                      B_streams_1_16|       pointer|
|B_streams_1_17_dout     |   in|   32|     ap_fifo|                      B_streams_1_17|       pointer|
|B_streams_1_17_empty_n  |   in|    1|     ap_fifo|                      B_streams_1_17|       pointer|
|B_streams_1_17_read     |  out|    1|     ap_fifo|                      B_streams_1_17|       pointer|
|B_streams_1_18_dout     |   in|   32|     ap_fifo|                      B_streams_1_18|       pointer|
|B_streams_1_18_empty_n  |   in|    1|     ap_fifo|                      B_streams_1_18|       pointer|
|B_streams_1_18_read     |  out|    1|     ap_fifo|                      B_streams_1_18|       pointer|
|B_streams_1_19_dout     |   in|   32|     ap_fifo|                      B_streams_1_19|       pointer|
|B_streams_1_19_empty_n  |   in|    1|     ap_fifo|                      B_streams_1_19|       pointer|
|B_streams_1_19_read     |  out|    1|     ap_fifo|                      B_streams_1_19|       pointer|
|B_streams_1_20_dout     |   in|   32|     ap_fifo|                      B_streams_1_20|       pointer|
|B_streams_1_20_empty_n  |   in|    1|     ap_fifo|                      B_streams_1_20|       pointer|
|B_streams_1_20_read     |  out|    1|     ap_fifo|                      B_streams_1_20|       pointer|
|B_streams_1_21_dout     |   in|   32|     ap_fifo|                      B_streams_1_21|       pointer|
|B_streams_1_21_empty_n  |   in|    1|     ap_fifo|                      B_streams_1_21|       pointer|
|B_streams_1_21_read     |  out|    1|     ap_fifo|                      B_streams_1_21|       pointer|
|B_streams_1_22_dout     |   in|   32|     ap_fifo|                      B_streams_1_22|       pointer|
|B_streams_1_22_empty_n  |   in|    1|     ap_fifo|                      B_streams_1_22|       pointer|
|B_streams_1_22_read     |  out|    1|     ap_fifo|                      B_streams_1_22|       pointer|
|B_streams_1_23_dout     |   in|   32|     ap_fifo|                      B_streams_1_23|       pointer|
|B_streams_1_23_empty_n  |   in|    1|     ap_fifo|                      B_streams_1_23|       pointer|
|B_streams_1_23_read     |  out|    1|     ap_fifo|                      B_streams_1_23|       pointer|
|B_streams_1_24_dout     |   in|   32|     ap_fifo|                      B_streams_1_24|       pointer|
|B_streams_1_24_empty_n  |   in|    1|     ap_fifo|                      B_streams_1_24|       pointer|
|B_streams_1_24_read     |  out|    1|     ap_fifo|                      B_streams_1_24|       pointer|
|B_streams_1_25_dout     |   in|   32|     ap_fifo|                      B_streams_1_25|       pointer|
|B_streams_1_25_empty_n  |   in|    1|     ap_fifo|                      B_streams_1_25|       pointer|
|B_streams_1_25_read     |  out|    1|     ap_fifo|                      B_streams_1_25|       pointer|
|B_streams_1_26_dout     |   in|   32|     ap_fifo|                      B_streams_1_26|       pointer|
|B_streams_1_26_empty_n  |   in|    1|     ap_fifo|                      B_streams_1_26|       pointer|
|B_streams_1_26_read     |  out|    1|     ap_fifo|                      B_streams_1_26|       pointer|
|B_streams_1_27_dout     |   in|   32|     ap_fifo|                      B_streams_1_27|       pointer|
|B_streams_1_27_empty_n  |   in|    1|     ap_fifo|                      B_streams_1_27|       pointer|
|B_streams_1_27_read     |  out|    1|     ap_fifo|                      B_streams_1_27|       pointer|
|B_streams_1_28_dout     |   in|   32|     ap_fifo|                      B_streams_1_28|       pointer|
|B_streams_1_28_empty_n  |   in|    1|     ap_fifo|                      B_streams_1_28|       pointer|
|B_streams_1_28_read     |  out|    1|     ap_fifo|                      B_streams_1_28|       pointer|
|B_streams_1_29_dout     |   in|   32|     ap_fifo|                      B_streams_1_29|       pointer|
|B_streams_1_29_empty_n  |   in|    1|     ap_fifo|                      B_streams_1_29|       pointer|
|B_streams_1_29_read     |  out|    1|     ap_fifo|                      B_streams_1_29|       pointer|
|B_streams_1_30_dout     |   in|   32|     ap_fifo|                      B_streams_1_30|       pointer|
|B_streams_1_30_empty_n  |   in|    1|     ap_fifo|                      B_streams_1_30|       pointer|
|B_streams_1_30_read     |  out|    1|     ap_fifo|                      B_streams_1_30|       pointer|
|B_streams_1_31_dout     |   in|   32|     ap_fifo|                      B_streams_1_31|       pointer|
|B_streams_1_31_empty_n  |   in|    1|     ap_fifo|                      B_streams_1_31|       pointer|
|B_streams_1_31_read     |  out|    1|     ap_fifo|                      B_streams_1_31|       pointer|
|C_streams_1_0_din       |  out|   32|     ap_fifo|                       C_streams_1_0|       pointer|
|C_streams_1_0_full_n    |   in|    1|     ap_fifo|                       C_streams_1_0|       pointer|
|C_streams_1_0_write     |  out|    1|     ap_fifo|                       C_streams_1_0|       pointer|
|C_streams_1_1_din       |  out|   32|     ap_fifo|                       C_streams_1_1|       pointer|
|C_streams_1_1_full_n    |   in|    1|     ap_fifo|                       C_streams_1_1|       pointer|
|C_streams_1_1_write     |  out|    1|     ap_fifo|                       C_streams_1_1|       pointer|
|C_streams_1_2_din       |  out|   32|     ap_fifo|                       C_streams_1_2|       pointer|
|C_streams_1_2_full_n    |   in|    1|     ap_fifo|                       C_streams_1_2|       pointer|
|C_streams_1_2_write     |  out|    1|     ap_fifo|                       C_streams_1_2|       pointer|
|C_streams_1_3_din       |  out|   32|     ap_fifo|                       C_streams_1_3|       pointer|
|C_streams_1_3_full_n    |   in|    1|     ap_fifo|                       C_streams_1_3|       pointer|
|C_streams_1_3_write     |  out|    1|     ap_fifo|                       C_streams_1_3|       pointer|
|C_streams_1_4_din       |  out|   32|     ap_fifo|                       C_streams_1_4|       pointer|
|C_streams_1_4_full_n    |   in|    1|     ap_fifo|                       C_streams_1_4|       pointer|
|C_streams_1_4_write     |  out|    1|     ap_fifo|                       C_streams_1_4|       pointer|
|C_streams_1_5_din       |  out|   32|     ap_fifo|                       C_streams_1_5|       pointer|
|C_streams_1_5_full_n    |   in|    1|     ap_fifo|                       C_streams_1_5|       pointer|
|C_streams_1_5_write     |  out|    1|     ap_fifo|                       C_streams_1_5|       pointer|
|C_streams_1_6_din       |  out|   32|     ap_fifo|                       C_streams_1_6|       pointer|
|C_streams_1_6_full_n    |   in|    1|     ap_fifo|                       C_streams_1_6|       pointer|
|C_streams_1_6_write     |  out|    1|     ap_fifo|                       C_streams_1_6|       pointer|
|C_streams_1_7_din       |  out|   32|     ap_fifo|                       C_streams_1_7|       pointer|
|C_streams_1_7_full_n    |   in|    1|     ap_fifo|                       C_streams_1_7|       pointer|
|C_streams_1_7_write     |  out|    1|     ap_fifo|                       C_streams_1_7|       pointer|
|C_streams_1_8_din       |  out|   32|     ap_fifo|                       C_streams_1_8|       pointer|
|C_streams_1_8_full_n    |   in|    1|     ap_fifo|                       C_streams_1_8|       pointer|
|C_streams_1_8_write     |  out|    1|     ap_fifo|                       C_streams_1_8|       pointer|
|C_streams_1_9_din       |  out|   32|     ap_fifo|                       C_streams_1_9|       pointer|
|C_streams_1_9_full_n    |   in|    1|     ap_fifo|                       C_streams_1_9|       pointer|
|C_streams_1_9_write     |  out|    1|     ap_fifo|                       C_streams_1_9|       pointer|
|C_streams_1_10_din      |  out|   32|     ap_fifo|                      C_streams_1_10|       pointer|
|C_streams_1_10_full_n   |   in|    1|     ap_fifo|                      C_streams_1_10|       pointer|
|C_streams_1_10_write    |  out|    1|     ap_fifo|                      C_streams_1_10|       pointer|
|C_streams_1_11_din      |  out|   32|     ap_fifo|                      C_streams_1_11|       pointer|
|C_streams_1_11_full_n   |   in|    1|     ap_fifo|                      C_streams_1_11|       pointer|
|C_streams_1_11_write    |  out|    1|     ap_fifo|                      C_streams_1_11|       pointer|
|C_streams_1_12_din      |  out|   32|     ap_fifo|                      C_streams_1_12|       pointer|
|C_streams_1_12_full_n   |   in|    1|     ap_fifo|                      C_streams_1_12|       pointer|
|C_streams_1_12_write    |  out|    1|     ap_fifo|                      C_streams_1_12|       pointer|
|C_streams_1_13_din      |  out|   32|     ap_fifo|                      C_streams_1_13|       pointer|
|C_streams_1_13_full_n   |   in|    1|     ap_fifo|                      C_streams_1_13|       pointer|
|C_streams_1_13_write    |  out|    1|     ap_fifo|                      C_streams_1_13|       pointer|
|C_streams_1_14_din      |  out|   32|     ap_fifo|                      C_streams_1_14|       pointer|
|C_streams_1_14_full_n   |   in|    1|     ap_fifo|                      C_streams_1_14|       pointer|
|C_streams_1_14_write    |  out|    1|     ap_fifo|                      C_streams_1_14|       pointer|
|C_streams_1_15_din      |  out|   32|     ap_fifo|                      C_streams_1_15|       pointer|
|C_streams_1_15_full_n   |   in|    1|     ap_fifo|                      C_streams_1_15|       pointer|
|C_streams_1_15_write    |  out|    1|     ap_fifo|                      C_streams_1_15|       pointer|
|C_streams_1_16_din      |  out|   32|     ap_fifo|                      C_streams_1_16|       pointer|
|C_streams_1_16_full_n   |   in|    1|     ap_fifo|                      C_streams_1_16|       pointer|
|C_streams_1_16_write    |  out|    1|     ap_fifo|                      C_streams_1_16|       pointer|
|C_streams_1_17_din      |  out|   32|     ap_fifo|                      C_streams_1_17|       pointer|
|C_streams_1_17_full_n   |   in|    1|     ap_fifo|                      C_streams_1_17|       pointer|
|C_streams_1_17_write    |  out|    1|     ap_fifo|                      C_streams_1_17|       pointer|
|C_streams_1_18_din      |  out|   32|     ap_fifo|                      C_streams_1_18|       pointer|
|C_streams_1_18_full_n   |   in|    1|     ap_fifo|                      C_streams_1_18|       pointer|
|C_streams_1_18_write    |  out|    1|     ap_fifo|                      C_streams_1_18|       pointer|
|C_streams_1_19_din      |  out|   32|     ap_fifo|                      C_streams_1_19|       pointer|
|C_streams_1_19_full_n   |   in|    1|     ap_fifo|                      C_streams_1_19|       pointer|
|C_streams_1_19_write    |  out|    1|     ap_fifo|                      C_streams_1_19|       pointer|
|C_streams_1_20_din      |  out|   32|     ap_fifo|                      C_streams_1_20|       pointer|
|C_streams_1_20_full_n   |   in|    1|     ap_fifo|                      C_streams_1_20|       pointer|
|C_streams_1_20_write    |  out|    1|     ap_fifo|                      C_streams_1_20|       pointer|
|C_streams_1_21_din      |  out|   32|     ap_fifo|                      C_streams_1_21|       pointer|
|C_streams_1_21_full_n   |   in|    1|     ap_fifo|                      C_streams_1_21|       pointer|
|C_streams_1_21_write    |  out|    1|     ap_fifo|                      C_streams_1_21|       pointer|
|C_streams_1_22_din      |  out|   32|     ap_fifo|                      C_streams_1_22|       pointer|
|C_streams_1_22_full_n   |   in|    1|     ap_fifo|                      C_streams_1_22|       pointer|
|C_streams_1_22_write    |  out|    1|     ap_fifo|                      C_streams_1_22|       pointer|
|C_streams_1_23_din      |  out|   32|     ap_fifo|                      C_streams_1_23|       pointer|
|C_streams_1_23_full_n   |   in|    1|     ap_fifo|                      C_streams_1_23|       pointer|
|C_streams_1_23_write    |  out|    1|     ap_fifo|                      C_streams_1_23|       pointer|
|C_streams_1_24_din      |  out|   32|     ap_fifo|                      C_streams_1_24|       pointer|
|C_streams_1_24_full_n   |   in|    1|     ap_fifo|                      C_streams_1_24|       pointer|
|C_streams_1_24_write    |  out|    1|     ap_fifo|                      C_streams_1_24|       pointer|
|C_streams_1_25_din      |  out|   32|     ap_fifo|                      C_streams_1_25|       pointer|
|C_streams_1_25_full_n   |   in|    1|     ap_fifo|                      C_streams_1_25|       pointer|
|C_streams_1_25_write    |  out|    1|     ap_fifo|                      C_streams_1_25|       pointer|
|C_streams_1_26_din      |  out|   32|     ap_fifo|                      C_streams_1_26|       pointer|
|C_streams_1_26_full_n   |   in|    1|     ap_fifo|                      C_streams_1_26|       pointer|
|C_streams_1_26_write    |  out|    1|     ap_fifo|                      C_streams_1_26|       pointer|
|C_streams_1_27_din      |  out|   32|     ap_fifo|                      C_streams_1_27|       pointer|
|C_streams_1_27_full_n   |   in|    1|     ap_fifo|                      C_streams_1_27|       pointer|
|C_streams_1_27_write    |  out|    1|     ap_fifo|                      C_streams_1_27|       pointer|
|C_streams_1_28_din      |  out|   32|     ap_fifo|                      C_streams_1_28|       pointer|
|C_streams_1_28_full_n   |   in|    1|     ap_fifo|                      C_streams_1_28|       pointer|
|C_streams_1_28_write    |  out|    1|     ap_fifo|                      C_streams_1_28|       pointer|
|C_streams_1_29_din      |  out|   32|     ap_fifo|                      C_streams_1_29|       pointer|
|C_streams_1_29_full_n   |   in|    1|     ap_fifo|                      C_streams_1_29|       pointer|
|C_streams_1_29_write    |  out|    1|     ap_fifo|                      C_streams_1_29|       pointer|
|C_streams_1_30_din      |  out|   32|     ap_fifo|                      C_streams_1_30|       pointer|
|C_streams_1_30_full_n   |   in|    1|     ap_fifo|                      C_streams_1_30|       pointer|
|C_streams_1_30_write    |  out|    1|     ap_fifo|                      C_streams_1_30|       pointer|
|C_streams_1_31_din      |  out|   32|     ap_fifo|                      C_streams_1_31|       pointer|
|C_streams_1_31_full_n   |   in|    1|     ap_fifo|                      C_streams_1_31|       pointer|
|C_streams_1_31_write    |  out|    1|     ap_fifo|                      C_streams_1_31|       pointer|
|ap_clk                  |   in|    1|  ap_ctrl_hs|  dataflow_in_loop_mat_mul_i.79.1205|  return value|
|ap_rst                  |   in|    1|  ap_ctrl_hs|  dataflow_in_loop_mat_mul_i.79.1205|  return value|
|ap_start                |   in|    1|  ap_ctrl_hs|  dataflow_in_loop_mat_mul_i.79.1205|  return value|
|ap_done                 |  out|    1|  ap_ctrl_hs|  dataflow_in_loop_mat_mul_i.79.1205|  return value|
|ap_ready                |  out|    1|  ap_ctrl_hs|  dataflow_in_loop_mat_mul_i.79.1205|  return value|
|ap_idle                 |  out|    1|  ap_ctrl_hs|  dataflow_in_loop_mat_mul_i.79.1205|  return value|
|ap_continue             |   in|    1|  ap_ctrl_hs|  dataflow_in_loop_mat_mul_i.79.1205|  return value|
+------------------------+-----+-----+------------+------------------------------------+--------------+

