

================================================================
== Vitis HLS Report for 'dataflow_in_loop_loop_for_tile_a_Block_newFuncRoot19_proc58'
================================================================
* Date:           Fri May 29 19:57:51 2026

* Version:        2023.2 (Build 4023990 on Oct 11 2023)
* Project:        hls_project
* Solution:       gemm2 (Vitis Kernel Flow Target)
* Product family: zynquplus
* Target device:  xczu7ev-ffvc1156-2-e


================================================================
== Performance Estimates
================================================================
+ Timing: 
    * Summary: 
    +--------+---------+----------+------------+
    |  Clock |  Target | Estimated| Uncertainty|
    +--------+---------+----------+------------+
    |ap_clk  |  3.33 ns|  2.013 ns|     0.90 ns|
    +--------+---------+----------+------------+

+ Latency: 
    * Summary: 
    +---------+---------+----------+----------+------+------+---------+
    |  Latency (cycles) |  Latency (absolute) |   Interval  | Pipeline|
    |   min   |   max   |    min   |    max   |  min |  max |   Type  |
    +---------+---------+----------+----------+------+------+---------+
    |     1571|     1571|  5.236 us|  5.236 us|  1571|  1571|       no|
    +---------+---------+----------+----------+------+------+---------+

    + Detail: 
        * Instance: 
        +-----------------------------+-------------------+---------+---------+----------+----------+------+------+---------+
        |                             |                   |  Latency (cycles) |  Latency (absolute) |   Interval  | Pipeline|
        |           Instance          |       Module      |   min   |   max   |    min   |    max   |  min |  max |   Type  |
        +-----------------------------+-------------------+---------+---------+----------+----------+------+------+---------+
        |grp_storeTilesToDRAM9_fu_47  |storeTilesToDRAM9  |     1570|     1570|  5.233 us|  5.233 us|  1570|  1570|       no|
        |grp_storeTilesToDRAM9_fu_59  |storeTilesToDRAM9  |     1570|     1570|  5.233 us|  5.233 us|  1570|  1570|       no|
        +-----------------------------+-------------------+---------+---------+----------+----------+------+------+---------+

        * Loop: 
        N/A



================================================================
== Utilization Estimates
================================================================
* Summary: 
+-----------------+---------+------+--------+--------+-----+
|       Name      | BRAM_18K|  DSP |   FF   |   LUT  | URAM|
+-----------------+---------+------+--------+--------+-----+
|DSP              |        -|     -|       -|       -|    -|
|Expression       |        -|     -|       0|       4|    -|
|FIFO             |        -|     -|       -|       -|    -|
|Instance         |        -|     -|     296|     500|    -|
|Memory           |        -|     -|       -|       -|    -|
|Multiplexer      |        -|     -|       -|      79|    -|
|Register         |        -|     -|       5|       -|    -|
+-----------------+---------+------+--------+--------+-----+
|Total            |        0|     0|     301|     583|    0|
+-----------------+---------+------+--------+--------+-----+
|Available        |      624|  1728|  460800|  230400|   96|
+-----------------+---------+------+--------+--------+-----+
|Utilization (%)  |        0|     0|      ~0|      ~0|    0|
+-----------------+---------+------+--------+--------+-----+

+ Detail: 
    * Instance: 
    +-----------------------------+-------------------+---------+----+-----+-----+-----+
    |           Instance          |       Module      | BRAM_18K| DSP|  FF | LUT | URAM|
    +-----------------------------+-------------------+---------+----+-----+-----+-----+
    |grp_storeTilesToDRAM9_fu_47  |storeTilesToDRAM9  |        0|   0|  148|  250|    0|
    |grp_storeTilesToDRAM9_fu_59  |storeTilesToDRAM9  |        0|   0|  148|  250|    0|
    +-----------------------------+-------------------+---------+----+-----+-----+-----+
    |Total                        |                   |        0|   0|  296|  500|    0|
    +-----------------------------+-------------------+---------+----+-----+-----+-----+

    * DSP: 
    N/A

    * Memory: 
    N/A

    * FIFO: 
    N/A

    * Expression: 
    +---------------------------------+----------+----+---+----+------------+------------+
    |          Variable Name          | Operation| DSP| FF| LUT| Bitwidth P0| Bitwidth P1|
    +---------------------------------+----------+----+---+----+------------+------------+
    |ap_block_state1                  |        or|   0|  0|   2|           1|           1|
    |ap_block_state2_on_subcall_done  |        or|   0|  0|   2|           1|           1|
    +---------------------------------+----------+----+---+----+------------+------------+
    |Total                            |          |   0|  0|   4|           2|           2|
    +---------------------------------+----------+----+---+----+------------+------------+

    * Multiplexer: 
    +----------------------+----+-----------+-----+-----------+
    |         Name         | LUT| Input Size| Bits| Total Bits|
    +----------------------+----+-----------+-----+-----------+
    |C_TILES_1_i_address0  |  14|          3|    9|         27|
    |C_TILES_1_i_ce0       |  14|          3|    1|          3|
    |C_TILES_i_address0    |  14|          3|    9|         27|
    |C_TILES_i_ce0         |  14|          3|    1|          3|
    |ap_NS_fsm             |  14|          3|    1|          3|
    |ap_done               |   9|          2|    1|          2|
    +----------------------+----+-----------+-----+-----------+
    |Total                 |  79|         17|   22|         65|
    +----------------------+----+-----------+-----+-----------+

    * Register: 
    +------------------------------------------+---+----+-----+-----------+
    |                   Name                   | FF| LUT| Bits| Const Bits|
    +------------------------------------------+---+----+-----+-----------+
    |ap_CS_fsm                                 |  2|   0|    2|          0|
    |ap_done_reg                               |  1|   0|    1|          0|
    |grp_storeTilesToDRAM9_fu_47_ap_start_reg  |  1|   0|    1|          0|
    |grp_storeTilesToDRAM9_fu_59_ap_start_reg  |  1|   0|    1|          0|
    +------------------------------------------+---+----+-----+-----------+
    |Total                                     |  5|   0|    5|          0|
    +------------------------------------------+---+----+-----+-----------+



================================================================
== Interface
================================================================
* Summary: 
+----------------------+-----+-----+------------+-------------------------------------------------------------+--------------+
|       RTL Ports      | Dir | Bits|  Protocol  |                        Source Object                        |    C Type    |
+----------------------+-----+-----+------------+-------------------------------------------------------------+--------------+
|ap_clk                |   in|    1|  ap_ctrl_hs|  dataflow_in_loop_loop_for_tile_a_Block_newFuncRoot19_proc58|  return value|
|ap_rst                |   in|    1|  ap_ctrl_hs|  dataflow_in_loop_loop_for_tile_a_Block_newFuncRoot19_proc58|  return value|
|ap_start              |   in|    1|  ap_ctrl_hs|  dataflow_in_loop_loop_for_tile_a_Block_newFuncRoot19_proc58|  return value|
|ap_done               |  out|    1|  ap_ctrl_hs|  dataflow_in_loop_loop_for_tile_a_Block_newFuncRoot19_proc58|  return value|
|ap_continue           |   in|    1|  ap_ctrl_hs|  dataflow_in_loop_loop_for_tile_a_Block_newFuncRoot19_proc58|  return value|
|ap_idle               |  out|    1|  ap_ctrl_hs|  dataflow_in_loop_loop_for_tile_a_Block_newFuncRoot19_proc58|  return value|
|ap_ready              |  out|    1|  ap_ctrl_hs|  dataflow_in_loop_loop_for_tile_a_Block_newFuncRoot19_proc58|  return value|
|p_read                |   in|    1|     ap_none|                                                       p_read|        scalar|
|C_TILES_1_i_address0  |  out|    9|   ap_memory|                                                  C_TILES_1_i|         array|
|C_TILES_1_i_ce0       |  out|    1|   ap_memory|                                                  C_TILES_1_i|         array|
|C_TILES_1_i_q0        |   in|   32|   ap_memory|                                                  C_TILES_1_i|         array|
|C_TILES_i_address0    |  out|    9|   ap_memory|                                                    C_TILES_i|         array|
|C_TILES_i_ce0         |  out|    1|   ap_memory|                                                    C_TILES_i|         array|
|C_TILES_i_q0          |   in|   32|   ap_memory|                                                    C_TILES_i|         array|
|C_BUF_2_address0      |  out|    9|   ap_memory|                                                      C_BUF_2|         array|
|C_BUF_2_ce0           |  out|    1|   ap_memory|                                                      C_BUF_2|         array|
|C_BUF_2_we0           |  out|    1|   ap_memory|                                                      C_BUF_2|         array|
|C_BUF_2_d0            |  out|   32|   ap_memory|                                                      C_BUF_2|         array|
|C_BUF_3_address0      |  out|    9|   ap_memory|                                                      C_BUF_3|         array|
|C_BUF_3_ce0           |  out|    1|   ap_memory|                                                      C_BUF_3|         array|
|C_BUF_3_we0           |  out|    1|   ap_memory|                                                      C_BUF_3|         array|
|C_BUF_3_d0            |  out|   32|   ap_memory|                                                      C_BUF_3|         array|
|C_BUF_address0        |  out|    9|   ap_memory|                                                        C_BUF|         array|
|C_BUF_ce0             |  out|    1|   ap_memory|                                                        C_BUF|         array|
|C_BUF_we0             |  out|    1|   ap_memory|                                                        C_BUF|         array|
|C_BUF_d0              |  out|   32|   ap_memory|                                                        C_BUF|         array|
|C_BUF_1_address0      |  out|    9|   ap_memory|                                                      C_BUF_1|         array|
|C_BUF_1_ce0           |  out|    1|   ap_memory|                                                      C_BUF_1|         array|
|C_BUF_1_we0           |  out|    1|   ap_memory|                                                      C_BUF_1|         array|
|C_BUF_1_d0            |  out|   32|   ap_memory|                                                      C_BUF_1|         array|
+----------------------+-----+-----+------------+-------------------------------------------------------------+--------------+

