

================================================================
== Vitis HLS Report for 'dataflow_in_loop_VITIS_LOOP_29_1_Block_newFuncRoot19_proc58'
================================================================
* Date:           Fri May 29 18:38:35 2026

* Version:        2023.2 (Build 4023990 on Oct 11 2023)
* Project:        hls_project
* Solution:       gemm2 (Vitis Kernel Flow Target)
* Product family: zynquplus
* Target device:  xczu7ev-ffvc1156-2-e


================================================================
== Performance Estimates
================================================================
+ Timing: 
    * Summary: 
    +--------+---------+----------+------------+
    |  Clock |  Target | Estimated| Uncertainty|
    +--------+---------+----------+------------+
    |ap_clk  |  3.33 ns|  2.013 ns|     0.90 ns|
    +--------+---------+----------+------------+

+ Latency: 
    * Summary: 
    +---------+---------+----------+----------+------+------+---------+
    |  Latency (cycles) |  Latency (absolute) |   Interval  | Pipeline|
    |   min   |   max   |    min   |    max   |  min |  max |   Type  |
    +---------+---------+----------+----------+------+------+---------+
    |     1570|     1570|  5.233 us|  5.233 us|  1570|  1570|       no|
    +---------+---------+----------+----------+------+------+---------+

    + Detail: 
        * Instance: 
        +------------------------------+--------------------+---------+---------+----------+----------+------+------+---------+
        |                              |                    |  Latency (cycles) |  Latency (absolute) |   Interval  | Pipeline|
        |           Instance           |       Module       |   min   |   max   |    min   |    max   |  min |  max |   Type  |
        +------------------------------+--------------------+---------+---------+----------+----------+------+------+---------+
        |grp_storeTileToDRAM10_fu_42   |storeTileToDRAM10   |     1569|     1569|  5.229 us|  5.229 us|  1569|  1569|       no|
        |grp_storeTileToDRAM_29_fu_51  |storeTileToDRAM_29  |     1569|     1569|  5.229 us|  5.229 us|  1569|  1569|       no|
        +------------------------------+--------------------+---------+---------+----------+----------+------+------+---------+

        * Loop: 
        N/A



================================================================
== Utilization Estimates
================================================================
* Summary: 
+-----------------+---------+------+--------+--------+-----+
|       Name      | BRAM_18K|  DSP |   FF   |   LUT  | URAM|
+-----------------+---------+------+--------+--------+-----+
|DSP              |        -|     -|       -|       -|    -|
|Expression       |        -|     -|       0|       4|    -|
|FIFO             |        -|     -|       -|       -|    -|
|Instance         |        -|     -|     144|     234|    -|
|Memory           |        -|     -|       -|       -|    -|
|Multiplexer      |        -|     -|       -|     122|    -|
|Register         |        -|     -|       6|       -|    -|
+-----------------+---------+------+--------+--------+-----+
|Total            |        0|     0|     150|     360|    0|
+-----------------+---------+------+--------+--------+-----+
|Available        |      624|  1728|  460800|  230400|   96|
+-----------------+---------+------+--------+--------+-----+
|Utilization (%)  |        0|     0|      ~0|      ~0|    0|
+-----------------+---------+------+--------+--------+-----+

+ Detail: 
    * Instance: 
    +------------------------------+--------------------+---------+----+----+-----+-----+
    |           Instance           |       Module       | BRAM_18K| DSP| FF | LUT | URAM|
    +------------------------------+--------------------+---------+----+----+-----+-----+
    |grp_storeTileToDRAM10_fu_42   |storeTileToDRAM10   |        0|   0|  72|  117|    0|
    |grp_storeTileToDRAM_29_fu_51  |storeTileToDRAM_29  |        0|   0|  72|  117|    0|
    +------------------------------+--------------------+---------+----+----+-----+-----+
    |Total                         |                    |        0|   0| 144|  234|    0|
    +------------------------------+--------------------+---------+----+----+-----+-----+

    * DSP: 
    N/A

    * Memory: 
    N/A

    * FIFO: 
    N/A

    * Expression: 
    +---------------------------------+----------+----+---+----+------------+------------+
    |          Variable Name          | Operation| DSP| FF| LUT| Bitwidth P0| Bitwidth P1|
    +---------------------------------+----------+----+---+----+------------+------------+
    |ap_block_state1                  |        or|   0|  0|   2|           1|           1|
    |ap_block_state2_on_subcall_done  |        or|   0|  0|   2|           1|           1|
    +---------------------------------+----------+----+---+----+------------+------------+
    |Total                            |          |   0|  0|   4|           2|           2|
    +---------------------------------+----------+----+---+----+------------+------------+

    * Multiplexer: 
    +-----------------+----+-----------+-----+-----------+
    |       Name      | LUT| Input Size| Bits| Total Bits|
    +-----------------+----+-----------+-----+-----------+
    |C_BUF_1_ce0      |   9|          2|    1|          2|
    |C_BUF_1_we0      |   9|          2|    1|          2|
    |C_BUF_2_ce0      |   9|          2|    1|          2|
    |C_BUF_2_we0      |   9|          2|    1|          2|
    |C_BUF_3_ce0      |   9|          2|    1|          2|
    |C_BUF_3_we0      |   9|          2|    1|          2|
    |C_BUF_ce0        |   9|          2|    1|          2|
    |C_BUF_we0        |   9|          2|    1|          2|
    |C_TILES_1_i_ce0  |   9|          2|    1|          2|
    |C_TILES_i_ce0    |   9|          2|    1|          2|
    |ap_NS_fsm        |  14|          3|    1|          3|
    |ap_done          |   9|          2|    1|          2|
    |tileA_blk_n      |   9|          2|    1|          2|
    +-----------------+----+-----------+-----+-----------+
    |Total            | 122|         27|   13|         27|
    +-----------------+----+-----------+-----+-----------+

    * Register: 
    +-------------------------------------------+---+----+-----+-----------+
    |                    Name                   | FF| LUT| Bits| Const Bits|
    +-------------------------------------------+---+----+-----+-----------+
    |ap_CS_fsm                                  |  2|   0|    2|          0|
    |ap_done_reg                                |  1|   0|    1|          0|
    |grp_storeTileToDRAM10_fu_42_ap_start_reg   |  1|   0|    1|          0|
    |grp_storeTileToDRAM_29_fu_51_ap_start_reg  |  1|   0|    1|          0|
    |tileA_read_reg_60                          |  1|   0|    1|          0|
    +-------------------------------------------+---+----+-----+-----------+
    |Total                                      |  6|   0|    6|          0|
    +-------------------------------------------+---+----+-----+-----------+



================================================================
== Interface
================================================================
* Summary: 
+----------------------+-----+-----+------------+-------------------------------------------------------------+--------------+
|       RTL Ports      | Dir | Bits|  Protocol  |                        Source Object                        |    C Type    |
+----------------------+-----+-----+------------+-------------------------------------------------------------+--------------+
|ap_clk                |   in|    1|  ap_ctrl_hs|  dataflow_in_loop_VITIS_LOOP_29_1_Block_newFuncRoot19_proc58|  return value|
|ap_rst                |   in|    1|  ap_ctrl_hs|  dataflow_in_loop_VITIS_LOOP_29_1_Block_newFuncRoot19_proc58|  return value|
|ap_start              |   in|    1|  ap_ctrl_hs|  dataflow_in_loop_VITIS_LOOP_29_1_Block_newFuncRoot19_proc58|  return value|
|ap_done               |  out|    1|  ap_ctrl_hs|  dataflow_in_loop_VITIS_LOOP_29_1_Block_newFuncRoot19_proc58|  return value|
|ap_continue           |   in|    1|  ap_ctrl_hs|  dataflow_in_loop_VITIS_LOOP_29_1_Block_newFuncRoot19_proc58|  return value|
|ap_idle               |  out|    1|  ap_ctrl_hs|  dataflow_in_loop_VITIS_LOOP_29_1_Block_newFuncRoot19_proc58|  return value|
|ap_ready              |  out|    1|  ap_ctrl_hs|  dataflow_in_loop_VITIS_LOOP_29_1_Block_newFuncRoot19_proc58|  return value|
|tileA_dout            |   in|    1|     ap_fifo|                                                        tileA|       pointer|
|tileA_num_data_valid  |   in|    3|     ap_fifo|                                                        tileA|       pointer|
|tileA_fifo_cap        |   in|    3|     ap_fifo|                                                        tileA|       pointer|
|tileA_empty_n         |   in|    1|     ap_fifo|                                                        tileA|       pointer|
|tileA_read            |  out|    1|     ap_fifo|                                                        tileA|       pointer|
|C_TILES_1_i_address0  |  out|    9|   ap_memory|                                                  C_TILES_1_i|         array|
|C_TILES_1_i_ce0       |  out|    1|   ap_memory|                                                  C_TILES_1_i|         array|
|C_TILES_1_i_q0        |   in|   32|   ap_memory|                                                  C_TILES_1_i|         array|
|C_BUF_address0        |  out|    9|   ap_memory|                                                        C_BUF|         array|
|C_BUF_ce0             |  out|    1|   ap_memory|                                                        C_BUF|         array|
|C_BUF_we0             |  out|    1|   ap_memory|                                                        C_BUF|         array|
|C_BUF_d0              |  out|   32|   ap_memory|                                                        C_BUF|         array|
|C_BUF_2_address0      |  out|    9|   ap_memory|                                                      C_BUF_2|         array|
|C_BUF_2_ce0           |  out|    1|   ap_memory|                                                      C_BUF_2|         array|
|C_BUF_2_we0           |  out|    1|   ap_memory|                                                      C_BUF_2|         array|
|C_BUF_2_d0            |  out|   32|   ap_memory|                                                      C_BUF_2|         array|
|C_TILES_i_address0    |  out|    9|   ap_memory|                                                    C_TILES_i|         array|
|C_TILES_i_ce0         |  out|    1|   ap_memory|                                                    C_TILES_i|         array|
|C_TILES_i_q0          |   in|   32|   ap_memory|                                                    C_TILES_i|         array|
|C_BUF_1_address0      |  out|    9|   ap_memory|                                                      C_BUF_1|         array|
|C_BUF_1_ce0           |  out|    1|   ap_memory|                                                      C_BUF_1|         array|
|C_BUF_1_we0           |  out|    1|   ap_memory|                                                      C_BUF_1|         array|
|C_BUF_1_d0            |  out|   32|   ap_memory|                                                      C_BUF_1|         array|
|C_BUF_3_address0      |  out|    9|   ap_memory|                                                      C_BUF_3|         array|
|C_BUF_3_ce0           |  out|    1|   ap_memory|                                                      C_BUF_3|         array|
|C_BUF_3_we0           |  out|    1|   ap_memory|                                                      C_BUF_3|         array|
|C_BUF_3_d0            |  out|   32|   ap_memory|                                                      C_BUF_3|         array|
+----------------------+-----+-----+------------+-------------------------------------------------------------+--------------+

