

================================================================
== Vitis HLS Report for 'dataflow_in_loop_mat_mul_i19'
================================================================
* Date:           Tue Jun  2 20:38:18 2026

* Version:        2023.2 (Build 4023990 on Oct 11 2023)
* Project:        hls_project
* Solution:       gemm2 (Vitis Kernel Flow Target)
* Product family: versalaicore
* Target device:  xcvc1902-vsva2197-2MP-e-S


================================================================
== Performance Estimates
================================================================
+ Timing: 
    * Summary: 
    +--------+---------+----------+------------+
    |  Clock |  Target | Estimated| Uncertainty|
    +--------+---------+----------+------------+
    |ap_clk  |  3.33 ns|  2.180 ns|     0.90 ns|
    +--------+---------+----------+------------+

+ Latency: 
    * Summary: 
    +---------+---------+-----------+-----------+-----+-----+----------+
    |  Latency (cycles) |   Latency (absolute)  |  Interval | Pipeline |
    |   min   |   max   |    min    |    max    | min | max |   Type   |
    +---------+---------+-----------+-----------+-----+-----+----------+
    |       23|       23|  76.659 ns|  76.659 ns|   23|   23|  dataflow|
    +---------+---------+-----------+-----------+-----+-----+----------+

    + Detail: 
        * Instance: 
        +------------------------------------------------------+---------------------------------------------------+---------+---------+-----------+-----------+-----+-----+---------+
        |                                                      |                                                   |  Latency (cycles) |   Latency (absolute)  |  Interval | Pipeline|
        |                       Instance                       |                       Module                      |   min   |   max   |    min    |    max    | min | max |   Type  |
        +------------------------------------------------------+---------------------------------------------------+---------+---------+-----------+-----------+-----+-----+---------+
        |dataflow_in_loop_mat_mul_i_Loop_mat_mul_k_proc121_U0  |dataflow_in_loop_mat_mul_i_Loop_mat_mul_k_proc121  |       22|       22|  73.326 ns|  73.326 ns|   22|   22|       no|
        |Block_newFuncRoot_proc_proc_U0                        |Block_newFuncRoot_proc_proc                        |        0|        0|       0 ns|       0 ns|    0|    0|       no|
        |Block_newFuncRoot_proc_proc24_U0                      |Block_newFuncRoot_proc_proc24                      |        0|        0|       0 ns|       0 ns|    0|    0|       no|
        |Block_newFuncRoot_proc_proc26_U0                      |Block_newFuncRoot_proc_proc26                      |        0|        0|       0 ns|       0 ns|    0|    0|       no|
        |Block_newFuncRoot_proc_proc28_U0                      |Block_newFuncRoot_proc_proc28                      |        0|        0|       0 ns|       0 ns|    0|    0|       no|
        |Block_newFuncRoot_proc_proc30_U0                      |Block_newFuncRoot_proc_proc30                      |        0|        0|       0 ns|       0 ns|    0|    0|       no|
        |Block_newFuncRoot_proc_proc32_U0                      |Block_newFuncRoot_proc_proc32                      |        0|        0|       0 ns|       0 ns|    0|    0|       no|
        |Block_newFuncRoot_proc_proc34_U0                      |Block_newFuncRoot_proc_proc34                      |        0|        0|       0 ns|       0 ns|    0|    0|       no|
        |Block_newFuncRoot_proc_proc36_U0                      |Block_newFuncRoot_proc_proc36                      |        0|        0|       0 ns|       0 ns|    0|    0|       no|
        |Block_newFuncRoot_proc_proc38_U0                      |Block_newFuncRoot_proc_proc38                      |        0|        0|       0 ns|       0 ns|    0|    0|       no|
        |Block_newFuncRoot_proc_proc40_U0                      |Block_newFuncRoot_proc_proc40                      |        0|        0|       0 ns|       0 ns|    0|    0|       no|
        |Block_newFuncRoot_proc_proc42_U0                      |Block_newFuncRoot_proc_proc42                      |        0|        0|       0 ns|       0 ns|    0|    0|       no|
        |Block_newFuncRoot_proc_proc44_U0                      |Block_newFuncRoot_proc_proc44                      |        0|        0|       0 ns|       0 ns|    0|    0|       no|
        |Block_newFuncRoot_proc_proc46_U0                      |Block_newFuncRoot_proc_proc46                      |        0|        0|       0 ns|       0 ns|    0|    0|       no|
        |Block_newFuncRoot_proc_proc48_U0                      |Block_newFuncRoot_proc_proc48                      |        0|        0|       0 ns|       0 ns|    0|    0|       no|
        |Block_newFuncRoot_proc_proc50_U0                      |Block_newFuncRoot_proc_proc50                      |        0|        0|       0 ns|       0 ns|    0|    0|       no|
        |Block_newFuncRoot_proc_proc52_U0                      |Block_newFuncRoot_proc_proc52                      |        0|        0|       0 ns|       0 ns|    0|    0|       no|
        |Block_newFuncRoot_proc_proc54_U0                      |Block_newFuncRoot_proc_proc54                      |        0|        0|       0 ns|       0 ns|    0|    0|       no|
        |Block_newFuncRoot_proc_proc56_U0                      |Block_newFuncRoot_proc_proc56                      |        0|        0|       0 ns|       0 ns|    0|    0|       no|
        |Block_newFuncRoot_proc_proc58_U0                      |Block_newFuncRoot_proc_proc58                      |        0|        0|       0 ns|       0 ns|    0|    0|       no|
        |Block_newFuncRoot_proc_proc60_U0                      |Block_newFuncRoot_proc_proc60                      |        0|        0|       0 ns|       0 ns|    0|    0|       no|
        |Block_newFuncRoot_proc_proc62_U0                      |Block_newFuncRoot_proc_proc62                      |        0|        0|       0 ns|       0 ns|    0|    0|       no|
        |Block_newFuncRoot_proc_proc64_U0                      |Block_newFuncRoot_proc_proc64                      |        0|        0|       0 ns|       0 ns|    0|    0|       no|
        |Block_newFuncRoot_proc_proc66_U0                      |Block_newFuncRoot_proc_proc66                      |        0|        0|       0 ns|       0 ns|    0|    0|       no|
        |Block_newFuncRoot_proc_proc68_U0                      |Block_newFuncRoot_proc_proc68                      |        0|        0|       0 ns|       0 ns|    0|    0|       no|
        |Block_newFuncRoot_proc_proc70_U0                      |Block_newFuncRoot_proc_proc70                      |        0|        0|       0 ns|       0 ns|    0|    0|       no|
        |Block_newFuncRoot_proc_proc72_U0                      |Block_newFuncRoot_proc_proc72                      |        0|        0|       0 ns|       0 ns|    0|    0|       no|
        |Block_newFuncRoot_proc_proc74_U0                      |Block_newFuncRoot_proc_proc74                      |        0|        0|       0 ns|       0 ns|    0|    0|       no|
        |Block_newFuncRoot_proc_proc76_U0                      |Block_newFuncRoot_proc_proc76                      |        0|        0|       0 ns|       0 ns|    0|    0|       no|
        |Block_newFuncRoot_proc_proc78_U0                      |Block_newFuncRoot_proc_proc78                      |        0|        0|       0 ns|       0 ns|    0|    0|       no|
        |Block_newFuncRoot_proc_proc80_U0                      |Block_newFuncRoot_proc_proc80                      |        0|        0|       0 ns|       0 ns|    0|    0|       no|
        |Block_newFuncRoot_proc_proc82_U0                      |Block_newFuncRoot_proc_proc82                      |        0|        0|       0 ns|       0 ns|    0|    0|       no|
        |Block_newFuncRoot_proc_proc84_U0                      |Block_newFuncRoot_proc_proc84                      |        0|        0|       0 ns|       0 ns|    0|    0|       no|
        |Block_newFuncRoot_proc_proc23_U0                      |Block_newFuncRoot_proc_proc23                      |        0|        0|       0 ns|       0 ns|    0|    0|       no|
        |Block_newFuncRoot_proc_proc25_U0                      |Block_newFuncRoot_proc_proc25                      |        0|        0|       0 ns|       0 ns|    0|    0|       no|
        |Block_newFuncRoot_proc_proc27_U0                      |Block_newFuncRoot_proc_proc27                      |        0|        0|       0 ns|       0 ns|    0|    0|       no|
        |Block_newFuncRoot_proc_proc29_U0                      |Block_newFuncRoot_proc_proc29                      |        0|        0|       0 ns|       0 ns|    0|    0|       no|
        |Block_newFuncRoot_proc_proc31_U0                      |Block_newFuncRoot_proc_proc31                      |        0|        0|       0 ns|       0 ns|    0|    0|       no|
        |Block_newFuncRoot_proc_proc33_U0                      |Block_newFuncRoot_proc_proc33                      |        0|        0|       0 ns|       0 ns|    0|    0|       no|
        |Block_newFuncRoot_proc_proc35_U0                      |Block_newFuncRoot_proc_proc35                      |        0|        0|       0 ns|       0 ns|    0|    0|       no|
        |Block_newFuncRoot_proc_proc37_U0                      |Block_newFuncRoot_proc_proc37                      |        0|        0|       0 ns|       0 ns|    0|    0|       no|
        |Block_newFuncRoot_proc_proc39_U0                      |Block_newFuncRoot_proc_proc39                      |        0|        0|       0 ns|       0 ns|    0|    0|       no|
        |Block_newFuncRoot_proc_proc41_U0                      |Block_newFuncRoot_proc_proc41                      |        0|        0|       0 ns|       0 ns|    0|    0|       no|
        |Block_newFuncRoot_proc_proc43_U0                      |Block_newFuncRoot_proc_proc43                      |        0|        0|       0 ns|       0 ns|    0|    0|       no|
        |Block_newFuncRoot_proc_proc45_U0                      |Block_newFuncRoot_proc_proc45                      |        0|        0|       0 ns|       0 ns|    0|    0|       no|
        |Block_newFuncRoot_proc_proc47_U0                      |Block_newFuncRoot_proc_proc47                      |        0|        0|       0 ns|       0 ns|    0|    0|       no|
        |Block_newFuncRoot_proc_proc49_U0                      |Block_newFuncRoot_proc_proc49                      |        0|        0|       0 ns|       0 ns|    0|    0|       no|
        |Block_newFuncRoot_proc_proc51_U0                      |Block_newFuncRoot_proc_proc51                      |        0|        0|       0 ns|       0 ns|    0|    0|       no|
        |Block_newFuncRoot_proc_proc53_U0                      |Block_newFuncRoot_proc_proc53                      |        0|        0|       0 ns|       0 ns|    0|    0|       no|
        |Block_newFuncRoot_proc_proc55_U0                      |Block_newFuncRoot_proc_proc55                      |        0|        0|       0 ns|       0 ns|    0|    0|       no|
        |Block_newFuncRoot_proc_proc57_U0                      |Block_newFuncRoot_proc_proc57                      |        0|        0|       0 ns|       0 ns|    0|    0|       no|
        |Block_newFuncRoot_proc_proc59_U0                      |Block_newFuncRoot_proc_proc59                      |        0|        0|       0 ns|       0 ns|    0|    0|       no|
        |Block_newFuncRoot_proc_proc61_U0                      |Block_newFuncRoot_proc_proc61                      |        0|        0|       0 ns|       0 ns|    0|    0|       no|
        |Block_newFuncRoot_proc_proc63_U0                      |Block_newFuncRoot_proc_proc63                      |        0|        0|       0 ns|       0 ns|    0|    0|       no|
        |Block_newFuncRoot_proc_proc65_U0                      |Block_newFuncRoot_proc_proc65                      |        0|        0|       0 ns|       0 ns|    0|    0|       no|
        |Block_newFuncRoot_proc_proc67_U0                      |Block_newFuncRoot_proc_proc67                      |        0|        0|       0 ns|       0 ns|    0|    0|       no|
        |Block_newFuncRoot_proc_proc69_U0                      |Block_newFuncRoot_proc_proc69                      |        0|        0|       0 ns|       0 ns|    0|    0|       no|
        |Block_newFuncRoot_proc_proc71_U0                      |Block_newFuncRoot_proc_proc71                      |        0|        0|       0 ns|       0 ns|    0|    0|       no|
        |Block_newFuncRoot_proc_proc73_U0                      |Block_newFuncRoot_proc_proc73                      |        0|        0|       0 ns|       0 ns|    0|    0|       no|
        |Block_newFuncRoot_proc_proc75_U0                      |Block_newFuncRoot_proc_proc75                      |        0|        0|       0 ns|       0 ns|    0|    0|       no|
        |Block_newFuncRoot_proc_proc77_U0                      |Block_newFuncRoot_proc_proc77                      |        0|        0|       0 ns|       0 ns|    0|    0|       no|
        |Block_newFuncRoot_proc_proc79_U0                      |Block_newFuncRoot_proc_proc79                      |        0|        0|       0 ns|       0 ns|    0|    0|       no|
        |Block_newFuncRoot_proc_proc81_U0                      |Block_newFuncRoot_proc_proc81                      |        0|        0|       0 ns|       0 ns|    0|    0|       no|
        |Block_newFuncRoot_proc_proc83_U0                      |Block_newFuncRoot_proc_proc83                      |        0|        0|       0 ns|       0 ns|    0|    0|       no|
        |Block_newFuncRoot_proc_proc85_U0                      |Block_newFuncRoot_proc_proc85                      |        0|        0|       0 ns|       0 ns|    0|    0|       no|
        +------------------------------------------------------+---------------------------------------------------+---------+---------+-----------+-----------+-----+-----+---------+

        * Loop: 
        N/A



================================================================
== Utilization Estimates
================================================================
* Summary: 
+-----------------+---------+------+---------+--------+-----+
|       Name      | BRAM_18K|  DSP |    FF   |   LUT  | URAM|
+-----------------+---------+------+---------+--------+-----+
|DSP              |        -|     -|        -|       -|    -|
|Expression       |        -|     -|        0|     136|    -|
|FIFO             |        0|     -|     6592|    4224|    -|
|Instance         |        -|   128|     9113|    8069|    -|
|Memory           |        -|     -|        -|       -|    -|
|Multiplexer      |        -|     -|        -|      64|    -|
|Register         |        -|     -|       32|       -|    -|
+-----------------+---------+------+---------+--------+-----+
|Total            |        0|   128|    15737|   12493|    0|
+-----------------+---------+------+---------+--------+-----+
|Available        |     1934|  1968|  1799680|  899840|  463|
+-----------------+---------+------+---------+--------+-----+
|Utilization (%)  |        0|     6|       ~0|       1|    0|
+-----------------+---------+------+---------+--------+-----+

+ Detail: 
    * Instance: 
    +------------------------------------------------------+---------------------------------------------------+---------+-----+------+------+-----+
    |                       Instance                       |                       Module                      | BRAM_18K| DSP |  FF  |  LUT | URAM|
    +------------------------------------------------------+---------------------------------------------------+---------+-----+------+------+-----+
    |Block_newFuncRoot_proc_proc_U0                        |Block_newFuncRoot_proc_proc                        |        0|    0|    34|    36|    0|
    |Block_newFuncRoot_proc_proc23_U0                      |Block_newFuncRoot_proc_proc23                      |        0|    0|     2|     6|    0|
    |Block_newFuncRoot_proc_proc24_U0                      |Block_newFuncRoot_proc_proc24                      |        0|    0|    34|    36|    0|
    |Block_newFuncRoot_proc_proc25_U0                      |Block_newFuncRoot_proc_proc25                      |        0|    0|     2|     6|    0|
    |Block_newFuncRoot_proc_proc26_U0                      |Block_newFuncRoot_proc_proc26                      |        0|    0|    34|    36|    0|
    |Block_newFuncRoot_proc_proc27_U0                      |Block_newFuncRoot_proc_proc27                      |        0|    0|     2|     6|    0|
    |Block_newFuncRoot_proc_proc28_U0                      |Block_newFuncRoot_proc_proc28                      |        0|    0|    34|    36|    0|
    |Block_newFuncRoot_proc_proc29_U0                      |Block_newFuncRoot_proc_proc29                      |        0|    0|     2|     6|    0|
    |Block_newFuncRoot_proc_proc30_U0                      |Block_newFuncRoot_proc_proc30                      |        0|    0|    34|    36|    0|
    |Block_newFuncRoot_proc_proc31_U0                      |Block_newFuncRoot_proc_proc31                      |        0|    0|     2|     6|    0|
    |Block_newFuncRoot_proc_proc32_U0                      |Block_newFuncRoot_proc_proc32                      |        0|    0|    34|    36|    0|
    |Block_newFuncRoot_proc_proc33_U0                      |Block_newFuncRoot_proc_proc33                      |        0|    0|     2|     6|    0|
    |Block_newFuncRoot_proc_proc34_U0                      |Block_newFuncRoot_proc_proc34                      |        0|    0|    34|    36|    0|
    |Block_newFuncRoot_proc_proc35_U0                      |Block_newFuncRoot_proc_proc35                      |        0|    0|     2|     6|    0|
    |Block_newFuncRoot_proc_proc36_U0                      |Block_newFuncRoot_proc_proc36                      |        0|    0|    34|    36|    0|
    |Block_newFuncRoot_proc_proc37_U0                      |Block_newFuncRoot_proc_proc37                      |        0|    0|     2|     6|    0|
    |Block_newFuncRoot_proc_proc38_U0                      |Block_newFuncRoot_proc_proc38                      |        0|    0|    34|    36|    0|
    |Block_newFuncRoot_proc_proc39_U0                      |Block_newFuncRoot_proc_proc39                      |        0|    0|     2|     6|    0|
    |Block_newFuncRoot_proc_proc40_U0                      |Block_newFuncRoot_proc_proc40                      |        0|    0|    34|    36|    0|
    |Block_newFuncRoot_proc_proc41_U0                      |Block_newFuncRoot_proc_proc41                      |        0|    0|     2|     6|    0|
    |Block_newFuncRoot_proc_proc42_U0                      |Block_newFuncRoot_proc_proc42                      |        0|    0|    34|    36|    0|
    |Block_newFuncRoot_proc_proc43_U0                      |Block_newFuncRoot_proc_proc43                      |        0|    0|     2|     6|    0|
    |Block_newFuncRoot_proc_proc44_U0                      |Block_newFuncRoot_proc_proc44                      |        0|    0|    34|    36|    0|
    |Block_newFuncRoot_proc_proc45_U0                      |Block_newFuncRoot_proc_proc45                      |        0|    0|     2|     6|    0|
    |Block_newFuncRoot_proc_proc46_U0                      |Block_newFuncRoot_proc_proc46                      |        0|    0|    34|    36|    0|
    |Block_newFuncRoot_proc_proc47_U0                      |Block_newFuncRoot_proc_proc47                      |        0|    0|     2|     6|    0|
    |Block_newFuncRoot_proc_proc48_U0                      |Block_newFuncRoot_proc_proc48                      |        0|    0|    34|    36|    0|
    |Block_newFuncRoot_proc_proc49_U0                      |Block_newFuncRoot_proc_proc49                      |        0|    0|     2|     6|    0|
    |Block_newFuncRoot_proc_proc50_U0                      |Block_newFuncRoot_proc_proc50                      |        0|    0|    34|    36|    0|
    |Block_newFuncRoot_proc_proc51_U0                      |Block_newFuncRoot_proc_proc51                      |        0|    0|     2|     6|    0|
    |Block_newFuncRoot_proc_proc52_U0                      |Block_newFuncRoot_proc_proc52                      |        0|    0|    34|    36|    0|
    |Block_newFuncRoot_proc_proc53_U0                      |Block_newFuncRoot_proc_proc53                      |        0|    0|     2|     6|    0|
    |Block_newFuncRoot_proc_proc54_U0                      |Block_newFuncRoot_proc_proc54                      |        0|    0|    34|    36|    0|
    |Block_newFuncRoot_proc_proc55_U0                      |Block_newFuncRoot_proc_proc55                      |        0|    0|     2|     6|    0|
    |Block_newFuncRoot_proc_proc56_U0                      |Block_newFuncRoot_proc_proc56                      |        0|    0|    34|    36|    0|
    |Block_newFuncRoot_proc_proc57_U0                      |Block_newFuncRoot_proc_proc57                      |        0|    0|     2|     6|    0|
    |Block_newFuncRoot_proc_proc58_U0                      |Block_newFuncRoot_proc_proc58                      |        0|    0|    34|    36|    0|
    |Block_newFuncRoot_proc_proc59_U0                      |Block_newFuncRoot_proc_proc59                      |        0|    0|     2|     6|    0|
    |Block_newFuncRoot_proc_proc60_U0                      |Block_newFuncRoot_proc_proc60                      |        0|    0|    34|    36|    0|
    |Block_newFuncRoot_proc_proc61_U0                      |Block_newFuncRoot_proc_proc61                      |        0|    0|     2|     6|    0|
    |Block_newFuncRoot_proc_proc62_U0                      |Block_newFuncRoot_proc_proc62                      |        0|    0|    34|    36|    0|
    |Block_newFuncRoot_proc_proc63_U0                      |Block_newFuncRoot_proc_proc63                      |        0|    0|     2|     6|    0|
    |Block_newFuncRoot_proc_proc64_U0                      |Block_newFuncRoot_proc_proc64                      |        0|    0|    34|    36|    0|
    |Block_newFuncRoot_proc_proc65_U0                      |Block_newFuncRoot_proc_proc65                      |        0|    0|     2|     6|    0|
    |Block_newFuncRoot_proc_proc66_U0                      |Block_newFuncRoot_proc_proc66                      |        0|    0|    34|    36|    0|
    |Block_newFuncRoot_proc_proc67_U0                      |Block_newFuncRoot_proc_proc67                      |        0|    0|     2|     6|    0|
    |Block_newFuncRoot_proc_proc68_U0                      |Block_newFuncRoot_proc_proc68                      |        0|    0|    34|    36|    0|
    |Block_newFuncRoot_proc_proc69_U0                      |Block_newFuncRoot_proc_proc69                      |        0|    0|     2|     6|    0|
    |Block_newFuncRoot_proc_proc70_U0                      |Block_newFuncRoot_proc_proc70                      |        0|    0|    34|    36|    0|
    |Block_newFuncRoot_proc_proc71_U0                      |Block_newFuncRoot_proc_proc71                      |        0|    0|     2|     6|    0|
    |Block_newFuncRoot_proc_proc72_U0                      |Block_newFuncRoot_proc_proc72                      |        0|    0|    34|    36|    0|
    |Block_newFuncRoot_proc_proc73_U0                      |Block_newFuncRoot_proc_proc73                      |        0|    0|     2|     6|    0|
    |Block_newFuncRoot_proc_proc74_U0                      |Block_newFuncRoot_proc_proc74                      |        0|    0|    34|    36|    0|
    |Block_newFuncRoot_proc_proc75_U0                      |Block_newFuncRoot_proc_proc75                      |        0|    0|     2|     6|    0|
    |Block_newFuncRoot_proc_proc76_U0                      |Block_newFuncRoot_proc_proc76                      |        0|    0|    34|    36|    0|
    |Block_newFuncRoot_proc_proc77_U0                      |Block_newFuncRoot_proc_proc77                      |        0|    0|     2|     6|    0|
    |Block_newFuncRoot_proc_proc78_U0                      |Block_newFuncRoot_proc_proc78                      |        0|    0|    34|    36|    0|
    |Block_newFuncRoot_proc_proc79_U0                      |Block_newFuncRoot_proc_proc79                      |        0|    0|     2|     6|    0|
    |Block_newFuncRoot_proc_proc80_U0                      |Block_newFuncRoot_proc_proc80                      |        0|    0|    34|    36|    0|
    |Block_newFuncRoot_proc_proc81_U0                      |Block_newFuncRoot_proc_proc81                      |        0|    0|     2|     6|    0|
    |Block_newFuncRoot_proc_proc82_U0                      |Block_newFuncRoot_proc_proc82                      |        0|    0|    34|    36|    0|
    |Block_newFuncRoot_proc_proc83_U0                      |Block_newFuncRoot_proc_proc83                      |        0|    0|     2|     6|    0|
    |Block_newFuncRoot_proc_proc84_U0                      |Block_newFuncRoot_proc_proc84                      |        0|    0|    34|    36|    0|
    |Block_newFuncRoot_proc_proc85_U0                      |Block_newFuncRoot_proc_proc85                      |        0|    0|     2|     6|    0|
    |dataflow_in_loop_mat_mul_i_Loop_mat_mul_k_proc121_U0  |dataflow_in_loop_mat_mul_i_Loop_mat_mul_k_proc121  |        0|  128|  7961|  6725|    0|
    +------------------------------------------------------+---------------------------------------------------+---------+-----+------+------+-----+
    |Total                                                 |                                                   |        0|  128|  9113|  8069|    0|
    +------------------------------------------------------+---------------------------------------------------+---------+-----+------+------+-----+

    * DSP: 
    N/A

    * Memory: 
    N/A

    * FIFO: 
    +-----------------------+---------+-----+----+-----+------+-----+---------+
    |          Name         | BRAM_18K|  FF | LUT| URAM| Depth| Bits| Size:D*B|
    +-----------------------+---------+-----+----+-----+------+-----+---------+
    |empty_52_U             |        0|  103|   0|    -|     2|   32|       64|
    |empty_53_U             |        0|  103|   0|    -|     2|   32|       64|
    |empty_54_U             |        0|  103|   0|    -|     2|   32|       64|
    |empty_55_U             |        0|  103|   0|    -|     2|   32|       64|
    |empty_56_U             |        0|  103|   0|    -|     2|   32|       64|
    |empty_57_U             |        0|  103|   0|    -|     2|   32|       64|
    |empty_58_U             |        0|  103|   0|    -|     2|   32|       64|
    |empty_59_U             |        0|  103|   0|    -|     2|   32|       64|
    |empty_60_U             |        0|  103|   0|    -|     2|   32|       64|
    |empty_61_U             |        0|  103|   0|    -|     2|   32|       64|
    |empty_62_U             |        0|  103|   0|    -|     2|   32|       64|
    |empty_63_U             |        0|  103|   0|    -|     2|   32|       64|
    |empty_64_U             |        0|  103|   0|    -|     2|   32|       64|
    |empty_65_U             |        0|  103|   0|    -|     2|   32|       64|
    |empty_66_U             |        0|  103|   0|    -|     2|   32|       64|
    |empty_67_U             |        0|  103|   0|    -|     2|   32|       64|
    |empty_68_U             |        0|  103|   0|    -|     2|   32|       64|
    |empty_69_U             |        0|  103|   0|    -|     2|   32|       64|
    |empty_70_U             |        0|  103|   0|    -|     2|   32|       64|
    |empty_71_U             |        0|  103|   0|    -|     2|   32|       64|
    |empty_72_U             |        0|  103|   0|    -|     2|   32|       64|
    |empty_73_U             |        0|  103|   0|    -|     2|   32|       64|
    |empty_74_U             |        0|  103|   0|    -|     2|   32|       64|
    |empty_75_U             |        0|  103|   0|    -|     2|   32|       64|
    |empty_76_U             |        0|  103|   0|    -|     2|   32|       64|
    |empty_77_U             |        0|  103|   0|    -|     2|   32|       64|
    |empty_78_U             |        0|  103|   0|    -|     2|   32|       64|
    |empty_79_U             |        0|  103|   0|    -|     2|   32|       64|
    |empty_80_U             |        0|  103|   0|    -|     2|   32|       64|
    |empty_81_U             |        0|  103|   0|    -|     2|   32|       64|
    |empty_82_U             |        0|  103|   0|    -|     2|   32|       64|
    |empty_U                |        0|  103|   0|    -|     2|   32|       64|
    |psum_64_loc_channel_U  |        0|  103|   0|    -|     2|   32|       64|
    |psum_65_loc_channel_U  |        0|  103|   0|    -|     2|   32|       64|
    |psum_66_loc_channel_U  |        0|  103|   0|    -|     2|   32|       64|
    |psum_67_loc_channel_U  |        0|  103|   0|    -|     2|   32|       64|
    |psum_68_loc_channel_U  |        0|  103|   0|    -|     2|   32|       64|
    |psum_69_loc_channel_U  |        0|  103|   0|    -|     2|   32|       64|
    |psum_70_loc_channel_U  |        0|  103|   0|    -|     2|   32|       64|
    |psum_71_loc_channel_U  |        0|  103|   0|    -|     2|   32|       64|
    |psum_72_loc_channel_U  |        0|  103|   0|    -|     2|   32|       64|
    |psum_73_loc_channel_U  |        0|  103|   0|    -|     2|   32|       64|
    |psum_74_loc_channel_U  |        0|  103|   0|    -|     2|   32|       64|
    |psum_75_loc_channel_U  |        0|  103|   0|    -|     2|   32|       64|
    |psum_76_loc_channel_U  |        0|  103|   0|    -|     2|   32|       64|
    |psum_77_loc_channel_U  |        0|  103|   0|    -|     2|   32|       64|
    |psum_78_loc_channel_U  |        0|  103|   0|    -|     2|   32|       64|
    |psum_79_loc_channel_U  |        0|  103|   0|    -|     2|   32|       64|
    |psum_80_loc_channel_U  |        0|  103|   0|    -|     2|   32|       64|
    |psum_81_loc_channel_U  |        0|  103|   0|    -|     2|   32|       64|
    |psum_82_loc_channel_U  |        0|  103|   0|    -|     2|   32|       64|
    |psum_83_loc_channel_U  |        0|  103|   0|    -|     2|   32|       64|
    |psum_84_loc_channel_U  |        0|  103|   0|    -|     2|   32|       64|
    |psum_85_loc_channel_U  |        0|  103|   0|    -|     2|   32|       64|
    |psum_86_loc_channel_U  |        0|  103|   0|    -|     2|   32|       64|
    |psum_87_loc_channel_U  |        0|  103|   0|    -|     2|   32|       64|
    |psum_88_loc_channel_U  |        0|  103|   0|    -|     2|   32|       64|
    |psum_89_loc_channel_U  |        0|  103|   0|    -|     2|   32|       64|
    |psum_90_loc_channel_U  |        0|  103|   0|    -|     2|   32|       64|
    |psum_91_loc_channel_U  |        0|  103|   0|    -|     2|   32|       64|
    |psum_92_loc_channel_U  |        0|  103|   0|    -|     2|   32|       64|
    |psum_93_loc_channel_U  |        0|  103|   0|    -|     2|   32|       64|
    |psum_94_loc_channel_U  |        0|  103|   0|    -|     2|   32|       64|
    |psum_loc_channel_U     |        0|  103|   0|    -|     2|   32|       64|
    +-----------------------+---------+-----+----+-----+------+-----+---------+
    |Total                  |        0| 6592|   0|    0|   128| 2048|     4096|
    +-----------------------+---------+-----+----+-----+------+-----+---------+

    * Expression: 
    +------------------------------------------------------------------+----------+----+---+----+------------+------------+
    |                           Variable Name                          | Operation| DSP| FF| LUT| Bitwidth P0| Bitwidth P1|
    +------------------------------------------------------------------+----------+----+---+----+------------+------------+
    |ap_channel_done_psum_64_loc_channel                               |       and|   0|  0|   2|           1|           1|
    |ap_channel_done_psum_65_loc_channel                               |       and|   0|  0|   2|           1|           1|
    |ap_channel_done_psum_66_loc_channel                               |       and|   0|  0|   2|           1|           1|
    |ap_channel_done_psum_67_loc_channel                               |       and|   0|  0|   2|           1|           1|
    |ap_channel_done_psum_68_loc_channel                               |       and|   0|  0|   2|           1|           1|
    |ap_channel_done_psum_69_loc_channel                               |       and|   0|  0|   2|           1|           1|
    |ap_channel_done_psum_70_loc_channel                               |       and|   0|  0|   2|           1|           1|
    |ap_channel_done_psum_71_loc_channel                               |       and|   0|  0|   2|           1|           1|
    |ap_channel_done_psum_72_loc_channel                               |       and|   0|  0|   2|           1|           1|
    |ap_channel_done_psum_73_loc_channel                               |       and|   0|  0|   2|           1|           1|
    |ap_channel_done_psum_74_loc_channel                               |       and|   0|  0|   2|           1|           1|
    |ap_channel_done_psum_75_loc_channel                               |       and|   0|  0|   2|           1|           1|
    |ap_channel_done_psum_76_loc_channel                               |       and|   0|  0|   2|           1|           1|
    |ap_channel_done_psum_77_loc_channel                               |       and|   0|  0|   2|           1|           1|
    |ap_channel_done_psum_78_loc_channel                               |       and|   0|  0|   2|           1|           1|
    |ap_channel_done_psum_79_loc_channel                               |       and|   0|  0|   2|           1|           1|
    |ap_channel_done_psum_80_loc_channel                               |       and|   0|  0|   2|           1|           1|
    |ap_channel_done_psum_81_loc_channel                               |       and|   0|  0|   2|           1|           1|
    |ap_channel_done_psum_82_loc_channel                               |       and|   0|  0|   2|           1|           1|
    |ap_channel_done_psum_83_loc_channel                               |       and|   0|  0|   2|           1|           1|
    |ap_channel_done_psum_84_loc_channel                               |       and|   0|  0|   2|           1|           1|
    |ap_channel_done_psum_85_loc_channel                               |       and|   0|  0|   2|           1|           1|
    |ap_channel_done_psum_86_loc_channel                               |       and|   0|  0|   2|           1|           1|
    |ap_channel_done_psum_87_loc_channel                               |       and|   0|  0|   2|           1|           1|
    |ap_channel_done_psum_88_loc_channel                               |       and|   0|  0|   2|           1|           1|
    |ap_channel_done_psum_89_loc_channel                               |       and|   0|  0|   2|           1|           1|
    |ap_channel_done_psum_90_loc_channel                               |       and|   0|  0|   2|           1|           1|
    |ap_channel_done_psum_91_loc_channel                               |       and|   0|  0|   2|           1|           1|
    |ap_channel_done_psum_92_loc_channel                               |       and|   0|  0|   2|           1|           1|
    |ap_channel_done_psum_93_loc_channel                               |       and|   0|  0|   2|           1|           1|
    |ap_channel_done_psum_94_loc_channel                               |       and|   0|  0|   2|           1|           1|
    |ap_channel_done_psum_loc_channel                                  |       and|   0|  0|   2|           1|           1|
    |ap_idle                                                           |       and|   0|  0|   2|           1|           1|
    |ap_sync_continue                                                  |       and|   0|  0|   2|           1|           1|
    |ap_sync_done                                                      |       and|   0|  0|   2|           1|           1|
    |dataflow_in_loop_mat_mul_i_Loop_mat_mul_k_proc121_U0_ap_continue  |       and|   0|  0|   2|           1|           1|
    |ap_sync_channel_write_psum_64_loc_channel                         |        or|   0|  0|   2|           1|           1|
    |ap_sync_channel_write_psum_65_loc_channel                         |        or|   0|  0|   2|           1|           1|
    |ap_sync_channel_write_psum_66_loc_channel                         |        or|   0|  0|   2|           1|           1|
    |ap_sync_channel_write_psum_67_loc_channel                         |        or|   0|  0|   2|           1|           1|
    |ap_sync_channel_write_psum_68_loc_channel                         |        or|   0|  0|   2|           1|           1|
    |ap_sync_channel_write_psum_69_loc_channel                         |        or|   0|  0|   2|           1|           1|
    |ap_sync_channel_write_psum_70_loc_channel                         |        or|   0|  0|   2|           1|           1|
    |ap_sync_channel_write_psum_71_loc_channel                         |        or|   0|  0|   2|           1|           1|
    |ap_sync_channel_write_psum_72_loc_channel                         |        or|   0|  0|   2|           1|           1|
    |ap_sync_channel_write_psum_73_loc_channel                         |        or|   0|  0|   2|           1|           1|
    |ap_sync_channel_write_psum_74_loc_channel                         |        or|   0|  0|   2|           1|           1|
    |ap_sync_channel_write_psum_75_loc_channel                         |        or|   0|  0|   2|           1|           1|
    |ap_sync_channel_write_psum_76_loc_channel                         |        or|   0|  0|   2|           1|           1|
    |ap_sync_channel_write_psum_77_loc_channel                         |        or|   0|  0|   2|           1|           1|
    |ap_sync_channel_write_psum_78_loc_channel                         |        or|   0|  0|   2|           1|           1|
    |ap_sync_channel_write_psum_79_loc_channel                         |        or|   0|  0|   2|           1|           1|
    |ap_sync_channel_write_psum_80_loc_channel                         |        or|   0|  0|   2|           1|           1|
    |ap_sync_channel_write_psum_81_loc_channel                         |        or|   0|  0|   2|           1|           1|
    |ap_sync_channel_write_psum_82_loc_channel                         |        or|   0|  0|   2|           1|           1|
    |ap_sync_channel_write_psum_83_loc_channel                         |        or|   0|  0|   2|           1|           1|
    |ap_sync_channel_write_psum_84_loc_channel                         |        or|   0|  0|   2|           1|           1|
    |ap_sync_channel_write_psum_85_loc_channel                         |        or|   0|  0|   2|           1|           1|
    |ap_sync_channel_write_psum_86_loc_channel                         |        or|   0|  0|   2|           1|           1|
    |ap_sync_channel_write_psum_87_loc_channel                         |        or|   0|  0|   2|           1|           1|
    |ap_sync_channel_write_psum_88_loc_channel                         |        or|   0|  0|   2|           1|           1|
    |ap_sync_channel_write_psum_89_loc_channel                         |        or|   0|  0|   2|           1|           1|
    |ap_sync_channel_write_psum_90_loc_channel                         |        or|   0|  0|   2|           1|           1|
    |ap_sync_channel_write_psum_91_loc_channel                         |        or|   0|  0|   2|           1|           1|
    |ap_sync_channel_write_psum_92_loc_channel                         |        or|   0|  0|   2|           1|           1|
    |ap_sync_channel_write_psum_93_loc_channel                         |        or|   0|  0|   2|           1|           1|
    |ap_sync_channel_write_psum_94_loc_channel                         |        or|   0|  0|   2|           1|           1|
    |ap_sync_channel_write_psum_loc_channel                            |        or|   0|  0|   2|           1|           1|
    +------------------------------------------------------------------+----------+----+---+----+------------+------------+
    |Total                                                             |          |   0|  0| 136|          68|          68|
    +------------------------------------------------------------------+----------+----+---+----+------------+------------+

    * Multiplexer: 
    +-----------------------------------------------+----+-----------+-----+-----------+
    |                      Name                     | LUT| Input Size| Bits| Total Bits|
    +-----------------------------------------------+----+-----------+-----+-----------+
    |ap_sync_reg_channel_write_psum_64_loc_channel  |   2|          2|    1|          2|
    |ap_sync_reg_channel_write_psum_65_loc_channel  |   2|          2|    1|          2|
    |ap_sync_reg_channel_write_psum_66_loc_channel  |   2|          2|    1|          2|
    |ap_sync_reg_channel_write_psum_67_loc_channel  |   2|          2|    1|          2|
    |ap_sync_reg_channel_write_psum_68_loc_channel  |   2|          2|    1|          2|
    |ap_sync_reg_channel_write_psum_69_loc_channel  |   2|          2|    1|          2|
    |ap_sync_reg_channel_write_psum_70_loc_channel  |   2|          2|    1|          2|
    |ap_sync_reg_channel_write_psum_71_loc_channel  |   2|          2|    1|          2|
    |ap_sync_reg_channel_write_psum_72_loc_channel  |   2|          2|    1|          2|
    |ap_sync_reg_channel_write_psum_73_loc_channel  |   2|          2|    1|          2|
    |ap_sync_reg_channel_write_psum_74_loc_channel  |   2|          2|    1|          2|
    |ap_sync_reg_channel_write_psum_75_loc_channel  |   2|          2|    1|          2|
    |ap_sync_reg_channel_write_psum_76_loc_channel  |   2|          2|    1|          2|
    |ap_sync_reg_channel_write_psum_77_loc_channel  |   2|          2|    1|          2|
    |ap_sync_reg_channel_write_psum_78_loc_channel  |   2|          2|    1|          2|
    |ap_sync_reg_channel_write_psum_79_loc_channel  |   2|          2|    1|          2|
    |ap_sync_reg_channel_write_psum_80_loc_channel  |   2|          2|    1|          2|
    |ap_sync_reg_channel_write_psum_81_loc_channel  |   2|          2|    1|          2|
    |ap_sync_reg_channel_write_psum_82_loc_channel  |   2|          2|    1|          2|
    |ap_sync_reg_channel_write_psum_83_loc_channel  |   2|          2|    1|          2|
    |ap_sync_reg_channel_write_psum_84_loc_channel  |   2|          2|    1|          2|
    |ap_sync_reg_channel_write_psum_85_loc_channel  |   2|          2|    1|          2|
    |ap_sync_reg_channel_write_psum_86_loc_channel  |   2|          2|    1|          2|
    |ap_sync_reg_channel_write_psum_87_loc_channel  |   2|          2|    1|          2|
    |ap_sync_reg_channel_write_psum_88_loc_channel  |   2|          2|    1|          2|
    |ap_sync_reg_channel_write_psum_89_loc_channel  |   2|          2|    1|          2|
    |ap_sync_reg_channel_write_psum_90_loc_channel  |   2|          2|    1|          2|
    |ap_sync_reg_channel_write_psum_91_loc_channel  |   2|          2|    1|          2|
    |ap_sync_reg_channel_write_psum_92_loc_channel  |   2|          2|    1|          2|
    |ap_sync_reg_channel_write_psum_93_loc_channel  |   2|          2|    1|          2|
    |ap_sync_reg_channel_write_psum_94_loc_channel  |   2|          2|    1|          2|
    |ap_sync_reg_channel_write_psum_loc_channel     |   2|          2|    1|          2|
    +-----------------------------------------------+----+-----------+-----+-----------+
    |Total                                          |  64|         64|   32|         64|
    +-----------------------------------------------+----+-----------+-----+-----------+

    * Register: 
    +-----------------------------------------------+---+----+-----+-----------+
    |                      Name                     | FF| LUT| Bits| Const Bits|
    +-----------------------------------------------+---+----+-----+-----------+
    |ap_sync_reg_channel_write_psum_64_loc_channel  |  1|   0|    1|          0|
    |ap_sync_reg_channel_write_psum_65_loc_channel  |  1|   0|    1|          0|
    |ap_sync_reg_channel_write_psum_66_loc_channel  |  1|   0|    1|          0|
    |ap_sync_reg_channel_write_psum_67_loc_channel  |  1|   0|    1|          0|
    |ap_sync_reg_channel_write_psum_68_loc_channel  |  1|   0|    1|          0|
    |ap_sync_reg_channel_write_psum_69_loc_channel  |  1|   0|    1|          0|
    |ap_sync_reg_channel_write_psum_70_loc_channel  |  1|   0|    1|          0|
    |ap_sync_reg_channel_write_psum_71_loc_channel  |  1|   0|    1|          0|
    |ap_sync_reg_channel_write_psum_72_loc_channel  |  1|   0|    1|          0|
    |ap_sync_reg_channel_write_psum_73_loc_channel  |  1|   0|    1|          0|
    |ap_sync_reg_channel_write_psum_74_loc_channel  |  1|   0|    1|          0|
    |ap_sync_reg_channel_write_psum_75_loc_channel  |  1|   0|    1|          0|
    |ap_sync_reg_channel_write_psum_76_loc_channel  |  1|   0|    1|          0|
    |ap_sync_reg_channel_write_psum_77_loc_channel  |  1|   0|    1|          0|
    |ap_sync_reg_channel_write_psum_78_loc_channel  |  1|   0|    1|          0|
    |ap_sync_reg_channel_write_psum_79_loc_channel  |  1|   0|    1|          0|
    |ap_sync_reg_channel_write_psum_80_loc_channel  |  1|   0|    1|          0|
    |ap_sync_reg_channel_write_psum_81_loc_channel  |  1|   0|    1|          0|
    |ap_sync_reg_channel_write_psum_82_loc_channel  |  1|   0|    1|          0|
    |ap_sync_reg_channel_write_psum_83_loc_channel  |  1|   0|    1|          0|
    |ap_sync_reg_channel_write_psum_84_loc_channel  |  1|   0|    1|          0|
    |ap_sync_reg_channel_write_psum_85_loc_channel  |  1|   0|    1|          0|
    |ap_sync_reg_channel_write_psum_86_loc_channel  |  1|   0|    1|          0|
    |ap_sync_reg_channel_write_psum_87_loc_channel  |  1|   0|    1|          0|
    |ap_sync_reg_channel_write_psum_88_loc_channel  |  1|   0|    1|          0|
    |ap_sync_reg_channel_write_psum_89_loc_channel  |  1|   0|    1|          0|
    |ap_sync_reg_channel_write_psum_90_loc_channel  |  1|   0|    1|          0|
    |ap_sync_reg_channel_write_psum_91_loc_channel  |  1|   0|    1|          0|
    |ap_sync_reg_channel_write_psum_92_loc_channel  |  1|   0|    1|          0|
    |ap_sync_reg_channel_write_psum_93_loc_channel  |  1|   0|    1|          0|
    |ap_sync_reg_channel_write_psum_94_loc_channel  |  1|   0|    1|          0|
    |ap_sync_reg_channel_write_psum_loc_channel     |  1|   0|    1|          0|
    +-----------------------------------------------+---+----+-----+-----------+
    |Total                                          | 32|   0|   32|          0|
    +-----------------------------------------------+---+----+-----+-----------+



================================================================
== Interface
================================================================
* Summary: 
+------------------------+-----+-----+------------+------------------------------+--------------+
|        RTL Ports       | Dir | Bits|  Protocol  |         Source Object        |    C Type    |
+------------------------+-----+-----+------------+------------------------------+--------------+
|A_streams_0_14_dout     |   in|   32|     ap_fifo|                A_streams_0_14|       pointer|
|A_streams_0_14_empty_n  |   in|    1|     ap_fifo|                A_streams_0_14|       pointer|
|A_streams_0_14_read     |  out|    1|     ap_fifo|                A_streams_0_14|       pointer|
|A_streams_0_13_dout     |   in|   32|     ap_fifo|                A_streams_0_13|       pointer|
|A_streams_0_13_empty_n  |   in|    1|     ap_fifo|                A_streams_0_13|       pointer|
|A_streams_0_13_read     |  out|    1|     ap_fifo|                A_streams_0_13|       pointer|
|A_streams_0_12_dout     |   in|   32|     ap_fifo|                A_streams_0_12|       pointer|
|A_streams_0_12_empty_n  |   in|    1|     ap_fifo|                A_streams_0_12|       pointer|
|A_streams_0_12_read     |  out|    1|     ap_fifo|                A_streams_0_12|       pointer|
|A_streams_0_11_dout     |   in|   32|     ap_fifo|                A_streams_0_11|       pointer|
|A_streams_0_11_empty_n  |   in|    1|     ap_fifo|                A_streams_0_11|       pointer|
|A_streams_0_11_read     |  out|    1|     ap_fifo|                A_streams_0_11|       pointer|
|A_streams_0_10_dout     |   in|   32|     ap_fifo|                A_streams_0_10|       pointer|
|A_streams_0_10_empty_n  |   in|    1|     ap_fifo|                A_streams_0_10|       pointer|
|A_streams_0_10_read     |  out|    1|     ap_fifo|                A_streams_0_10|       pointer|
|A_streams_0_9_dout      |   in|   32|     ap_fifo|                 A_streams_0_9|       pointer|
|A_streams_0_9_empty_n   |   in|    1|     ap_fifo|                 A_streams_0_9|       pointer|
|A_streams_0_9_read      |  out|    1|     ap_fifo|                 A_streams_0_9|       pointer|
|A_streams_0_8_dout      |   in|   32|     ap_fifo|                 A_streams_0_8|       pointer|
|A_streams_0_8_empty_n   |   in|    1|     ap_fifo|                 A_streams_0_8|       pointer|
|A_streams_0_8_read      |  out|    1|     ap_fifo|                 A_streams_0_8|       pointer|
|A_streams_0_7_dout      |   in|   32|     ap_fifo|                 A_streams_0_7|       pointer|
|A_streams_0_7_empty_n   |   in|    1|     ap_fifo|                 A_streams_0_7|       pointer|
|A_streams_0_7_read      |  out|    1|     ap_fifo|                 A_streams_0_7|       pointer|
|A_streams_0_6_dout      |   in|   32|     ap_fifo|                 A_streams_0_6|       pointer|
|A_streams_0_6_empty_n   |   in|    1|     ap_fifo|                 A_streams_0_6|       pointer|
|A_streams_0_6_read      |  out|    1|     ap_fifo|                 A_streams_0_6|       pointer|
|A_streams_0_5_dout      |   in|   32|     ap_fifo|                 A_streams_0_5|       pointer|
|A_streams_0_5_empty_n   |   in|    1|     ap_fifo|                 A_streams_0_5|       pointer|
|A_streams_0_5_read      |  out|    1|     ap_fifo|                 A_streams_0_5|       pointer|
|A_streams_0_4_dout      |   in|   32|     ap_fifo|                 A_streams_0_4|       pointer|
|A_streams_0_4_empty_n   |   in|    1|     ap_fifo|                 A_streams_0_4|       pointer|
|A_streams_0_4_read      |  out|    1|     ap_fifo|                 A_streams_0_4|       pointer|
|A_streams_0_3_dout      |   in|   32|     ap_fifo|                 A_streams_0_3|       pointer|
|A_streams_0_3_empty_n   |   in|    1|     ap_fifo|                 A_streams_0_3|       pointer|
|A_streams_0_3_read      |  out|    1|     ap_fifo|                 A_streams_0_3|       pointer|
|A_streams_0_2_dout      |   in|   32|     ap_fifo|                 A_streams_0_2|       pointer|
|A_streams_0_2_empty_n   |   in|    1|     ap_fifo|                 A_streams_0_2|       pointer|
|A_streams_0_2_read      |  out|    1|     ap_fifo|                 A_streams_0_2|       pointer|
|A_streams_0_1_dout      |   in|   32|     ap_fifo|                 A_streams_0_1|       pointer|
|A_streams_0_1_empty_n   |   in|    1|     ap_fifo|                 A_streams_0_1|       pointer|
|A_streams_0_1_read      |  out|    1|     ap_fifo|                 A_streams_0_1|       pointer|
|A_streams_0_0_dout      |   in|   32|     ap_fifo|                 A_streams_0_0|       pointer|
|A_streams_0_0_empty_n   |   in|    1|     ap_fifo|                 A_streams_0_0|       pointer|
|A_streams_0_0_read      |  out|    1|     ap_fifo|                 A_streams_0_0|       pointer|
|A_streams_0_15_dout     |   in|   32|     ap_fifo|                A_streams_0_15|       pointer|
|A_streams_0_15_empty_n  |   in|    1|     ap_fifo|                A_streams_0_15|       pointer|
|A_streams_0_15_read     |  out|    1|     ap_fifo|                A_streams_0_15|       pointer|
|B_streams_0_0_dout      |   in|   32|     ap_fifo|                 B_streams_0_0|       pointer|
|B_streams_0_0_empty_n   |   in|    1|     ap_fifo|                 B_streams_0_0|       pointer|
|B_streams_0_0_read      |  out|    1|     ap_fifo|                 B_streams_0_0|       pointer|
|B_streams_0_1_dout      |   in|   32|     ap_fifo|                 B_streams_0_1|       pointer|
|B_streams_0_1_empty_n   |   in|    1|     ap_fifo|                 B_streams_0_1|       pointer|
|B_streams_0_1_read      |  out|    1|     ap_fifo|                 B_streams_0_1|       pointer|
|B_streams_0_2_dout      |   in|   32|     ap_fifo|                 B_streams_0_2|       pointer|
|B_streams_0_2_empty_n   |   in|    1|     ap_fifo|                 B_streams_0_2|       pointer|
|B_streams_0_2_read      |  out|    1|     ap_fifo|                 B_streams_0_2|       pointer|
|B_streams_0_3_dout      |   in|   32|     ap_fifo|                 B_streams_0_3|       pointer|
|B_streams_0_3_empty_n   |   in|    1|     ap_fifo|                 B_streams_0_3|       pointer|
|B_streams_0_3_read      |  out|    1|     ap_fifo|                 B_streams_0_3|       pointer|
|B_streams_0_4_dout      |   in|   32|     ap_fifo|                 B_streams_0_4|       pointer|
|B_streams_0_4_empty_n   |   in|    1|     ap_fifo|                 B_streams_0_4|       pointer|
|B_streams_0_4_read      |  out|    1|     ap_fifo|                 B_streams_0_4|       pointer|
|B_streams_0_5_dout      |   in|   32|     ap_fifo|                 B_streams_0_5|       pointer|
|B_streams_0_5_empty_n   |   in|    1|     ap_fifo|                 B_streams_0_5|       pointer|
|B_streams_0_5_read      |  out|    1|     ap_fifo|                 B_streams_0_5|       pointer|
|B_streams_0_6_dout      |   in|   32|     ap_fifo|                 B_streams_0_6|       pointer|
|B_streams_0_6_empty_n   |   in|    1|     ap_fifo|                 B_streams_0_6|       pointer|
|B_streams_0_6_read      |  out|    1|     ap_fifo|                 B_streams_0_6|       pointer|
|B_streams_0_7_dout      |   in|   32|     ap_fifo|                 B_streams_0_7|       pointer|
|B_streams_0_7_empty_n   |   in|    1|     ap_fifo|                 B_streams_0_7|       pointer|
|B_streams_0_7_read      |  out|    1|     ap_fifo|                 B_streams_0_7|       pointer|
|B_streams_0_8_dout      |   in|   32|     ap_fifo|                 B_streams_0_8|       pointer|
|B_streams_0_8_empty_n   |   in|    1|     ap_fifo|                 B_streams_0_8|       pointer|
|B_streams_0_8_read      |  out|    1|     ap_fifo|                 B_streams_0_8|       pointer|
|B_streams_0_9_dout      |   in|   32|     ap_fifo|                 B_streams_0_9|       pointer|
|B_streams_0_9_empty_n   |   in|    1|     ap_fifo|                 B_streams_0_9|       pointer|
|B_streams_0_9_read      |  out|    1|     ap_fifo|                 B_streams_0_9|       pointer|
|B_streams_0_10_dout     |   in|   32|     ap_fifo|                B_streams_0_10|       pointer|
|B_streams_0_10_empty_n  |   in|    1|     ap_fifo|                B_streams_0_10|       pointer|
|B_streams_0_10_read     |  out|    1|     ap_fifo|                B_streams_0_10|       pointer|
|B_streams_0_11_dout     |   in|   32|     ap_fifo|                B_streams_0_11|       pointer|
|B_streams_0_11_empty_n  |   in|    1|     ap_fifo|                B_streams_0_11|       pointer|
|B_streams_0_11_read     |  out|    1|     ap_fifo|                B_streams_0_11|       pointer|
|B_streams_0_12_dout     |   in|   32|     ap_fifo|                B_streams_0_12|       pointer|
|B_streams_0_12_empty_n  |   in|    1|     ap_fifo|                B_streams_0_12|       pointer|
|B_streams_0_12_read     |  out|    1|     ap_fifo|                B_streams_0_12|       pointer|
|B_streams_0_13_dout     |   in|   32|     ap_fifo|                B_streams_0_13|       pointer|
|B_streams_0_13_empty_n  |   in|    1|     ap_fifo|                B_streams_0_13|       pointer|
|B_streams_0_13_read     |  out|    1|     ap_fifo|                B_streams_0_13|       pointer|
|B_streams_0_14_dout     |   in|   32|     ap_fifo|                B_streams_0_14|       pointer|
|B_streams_0_14_empty_n  |   in|    1|     ap_fifo|                B_streams_0_14|       pointer|
|B_streams_0_14_read     |  out|    1|     ap_fifo|                B_streams_0_14|       pointer|
|B_streams_0_15_dout     |   in|   32|     ap_fifo|                B_streams_0_15|       pointer|
|B_streams_0_15_empty_n  |   in|    1|     ap_fifo|                B_streams_0_15|       pointer|
|B_streams_0_15_read     |  out|    1|     ap_fifo|                B_streams_0_15|       pointer|
|B_streams_0_16_dout     |   in|   32|     ap_fifo|                B_streams_0_16|       pointer|
|B_streams_0_16_empty_n  |   in|    1|     ap_fifo|                B_streams_0_16|       pointer|
|B_streams_0_16_read     |  out|    1|     ap_fifo|                B_streams_0_16|       pointer|
|B_streams_0_17_dout     |   in|   32|     ap_fifo|                B_streams_0_17|       pointer|
|B_streams_0_17_empty_n  |   in|    1|     ap_fifo|                B_streams_0_17|       pointer|
|B_streams_0_17_read     |  out|    1|     ap_fifo|                B_streams_0_17|       pointer|
|B_streams_0_18_dout     |   in|   32|     ap_fifo|                B_streams_0_18|       pointer|
|B_streams_0_18_empty_n  |   in|    1|     ap_fifo|                B_streams_0_18|       pointer|
|B_streams_0_18_read     |  out|    1|     ap_fifo|                B_streams_0_18|       pointer|
|B_streams_0_19_dout     |   in|   32|     ap_fifo|                B_streams_0_19|       pointer|
|B_streams_0_19_empty_n  |   in|    1|     ap_fifo|                B_streams_0_19|       pointer|
|B_streams_0_19_read     |  out|    1|     ap_fifo|                B_streams_0_19|       pointer|
|B_streams_0_20_dout     |   in|   32|     ap_fifo|                B_streams_0_20|       pointer|
|B_streams_0_20_empty_n  |   in|    1|     ap_fifo|                B_streams_0_20|       pointer|
|B_streams_0_20_read     |  out|    1|     ap_fifo|                B_streams_0_20|       pointer|
|B_streams_0_21_dout     |   in|   32|     ap_fifo|                B_streams_0_21|       pointer|
|B_streams_0_21_empty_n  |   in|    1|     ap_fifo|                B_streams_0_21|       pointer|
|B_streams_0_21_read     |  out|    1|     ap_fifo|                B_streams_0_21|       pointer|
|B_streams_0_22_dout     |   in|   32|     ap_fifo|                B_streams_0_22|       pointer|
|B_streams_0_22_empty_n  |   in|    1|     ap_fifo|                B_streams_0_22|       pointer|
|B_streams_0_22_read     |  out|    1|     ap_fifo|                B_streams_0_22|       pointer|
|B_streams_0_23_dout     |   in|   32|     ap_fifo|                B_streams_0_23|       pointer|
|B_streams_0_23_empty_n  |   in|    1|     ap_fifo|                B_streams_0_23|       pointer|
|B_streams_0_23_read     |  out|    1|     ap_fifo|                B_streams_0_23|       pointer|
|B_streams_0_24_dout     |   in|   32|     ap_fifo|                B_streams_0_24|       pointer|
|B_streams_0_24_empty_n  |   in|    1|     ap_fifo|                B_streams_0_24|       pointer|
|B_streams_0_24_read     |  out|    1|     ap_fifo|                B_streams_0_24|       pointer|
|B_streams_0_25_dout     |   in|   32|     ap_fifo|                B_streams_0_25|       pointer|
|B_streams_0_25_empty_n  |   in|    1|     ap_fifo|                B_streams_0_25|       pointer|
|B_streams_0_25_read     |  out|    1|     ap_fifo|                B_streams_0_25|       pointer|
|B_streams_0_26_dout     |   in|   32|     ap_fifo|                B_streams_0_26|       pointer|
|B_streams_0_26_empty_n  |   in|    1|     ap_fifo|                B_streams_0_26|       pointer|
|B_streams_0_26_read     |  out|    1|     ap_fifo|                B_streams_0_26|       pointer|
|B_streams_0_27_dout     |   in|   32|     ap_fifo|                B_streams_0_27|       pointer|
|B_streams_0_27_empty_n  |   in|    1|     ap_fifo|                B_streams_0_27|       pointer|
|B_streams_0_27_read     |  out|    1|     ap_fifo|                B_streams_0_27|       pointer|
|B_streams_0_28_dout     |   in|   32|     ap_fifo|                B_streams_0_28|       pointer|
|B_streams_0_28_empty_n  |   in|    1|     ap_fifo|                B_streams_0_28|       pointer|
|B_streams_0_28_read     |  out|    1|     ap_fifo|                B_streams_0_28|       pointer|
|B_streams_0_29_dout     |   in|   32|     ap_fifo|                B_streams_0_29|       pointer|
|B_streams_0_29_empty_n  |   in|    1|     ap_fifo|                B_streams_0_29|       pointer|
|B_streams_0_29_read     |  out|    1|     ap_fifo|                B_streams_0_29|       pointer|
|B_streams_0_30_dout     |   in|   32|     ap_fifo|                B_streams_0_30|       pointer|
|B_streams_0_30_empty_n  |   in|    1|     ap_fifo|                B_streams_0_30|       pointer|
|B_streams_0_30_read     |  out|    1|     ap_fifo|                B_streams_0_30|       pointer|
|B_streams_0_31_dout     |   in|   32|     ap_fifo|                B_streams_0_31|       pointer|
|B_streams_0_31_empty_n  |   in|    1|     ap_fifo|                B_streams_0_31|       pointer|
|B_streams_0_31_read     |  out|    1|     ap_fifo|                B_streams_0_31|       pointer|
|C_streams_0_0_din       |  out|   32|     ap_fifo|                 C_streams_0_0|       pointer|
|C_streams_0_0_full_n    |   in|    1|     ap_fifo|                 C_streams_0_0|       pointer|
|C_streams_0_0_write     |  out|    1|     ap_fifo|                 C_streams_0_0|       pointer|
|C_streams_0_1_din       |  out|   32|     ap_fifo|                 C_streams_0_1|       pointer|
|C_streams_0_1_full_n    |   in|    1|     ap_fifo|                 C_streams_0_1|       pointer|
|C_streams_0_1_write     |  out|    1|     ap_fifo|                 C_streams_0_1|       pointer|
|C_streams_0_2_din       |  out|   32|     ap_fifo|                 C_streams_0_2|       pointer|
|C_streams_0_2_full_n    |   in|    1|     ap_fifo|                 C_streams_0_2|       pointer|
|C_streams_0_2_write     |  out|    1|     ap_fifo|                 C_streams_0_2|       pointer|
|C_streams_0_3_din       |  out|   32|     ap_fifo|                 C_streams_0_3|       pointer|
|C_streams_0_3_full_n    |   in|    1|     ap_fifo|                 C_streams_0_3|       pointer|
|C_streams_0_3_write     |  out|    1|     ap_fifo|                 C_streams_0_3|       pointer|
|C_streams_0_4_din       |  out|   32|     ap_fifo|                 C_streams_0_4|       pointer|
|C_streams_0_4_full_n    |   in|    1|     ap_fifo|                 C_streams_0_4|       pointer|
|C_streams_0_4_write     |  out|    1|     ap_fifo|                 C_streams_0_4|       pointer|
|C_streams_0_5_din       |  out|   32|     ap_fifo|                 C_streams_0_5|       pointer|
|C_streams_0_5_full_n    |   in|    1|     ap_fifo|                 C_streams_0_5|       pointer|
|C_streams_0_5_write     |  out|    1|     ap_fifo|                 C_streams_0_5|       pointer|
|C_streams_0_6_din       |  out|   32|     ap_fifo|                 C_streams_0_6|       pointer|
|C_streams_0_6_full_n    |   in|    1|     ap_fifo|                 C_streams_0_6|       pointer|
|C_streams_0_6_write     |  out|    1|     ap_fifo|                 C_streams_0_6|       pointer|
|C_streams_0_7_din       |  out|   32|     ap_fifo|                 C_streams_0_7|       pointer|
|C_streams_0_7_full_n    |   in|    1|     ap_fifo|                 C_streams_0_7|       pointer|
|C_streams_0_7_write     |  out|    1|     ap_fifo|                 C_streams_0_7|       pointer|
|C_streams_0_8_din       |  out|   32|     ap_fifo|                 C_streams_0_8|       pointer|
|C_streams_0_8_full_n    |   in|    1|     ap_fifo|                 C_streams_0_8|       pointer|
|C_streams_0_8_write     |  out|    1|     ap_fifo|                 C_streams_0_8|       pointer|
|C_streams_0_9_din       |  out|   32|     ap_fifo|                 C_streams_0_9|       pointer|
|C_streams_0_9_full_n    |   in|    1|     ap_fifo|                 C_streams_0_9|       pointer|
|C_streams_0_9_write     |  out|    1|     ap_fifo|                 C_streams_0_9|       pointer|
|C_streams_0_10_din      |  out|   32|     ap_fifo|                C_streams_0_10|       pointer|
|C_streams_0_10_full_n   |   in|    1|     ap_fifo|                C_streams_0_10|       pointer|
|C_streams_0_10_write    |  out|    1|     ap_fifo|                C_streams_0_10|       pointer|
|C_streams_0_11_din      |  out|   32|     ap_fifo|                C_streams_0_11|       pointer|
|C_streams_0_11_full_n   |   in|    1|     ap_fifo|                C_streams_0_11|       pointer|
|C_streams_0_11_write    |  out|    1|     ap_fifo|                C_streams_0_11|       pointer|
|C_streams_0_12_din      |  out|   32|     ap_fifo|                C_streams_0_12|       pointer|
|C_streams_0_12_full_n   |   in|    1|     ap_fifo|                C_streams_0_12|       pointer|
|C_streams_0_12_write    |  out|    1|     ap_fifo|                C_streams_0_12|       pointer|
|C_streams_0_13_din      |  out|   32|     ap_fifo|                C_streams_0_13|       pointer|
|C_streams_0_13_full_n   |   in|    1|     ap_fifo|                C_streams_0_13|       pointer|
|C_streams_0_13_write    |  out|    1|     ap_fifo|                C_streams_0_13|       pointer|
|C_streams_0_14_din      |  out|   32|     ap_fifo|                C_streams_0_14|       pointer|
|C_streams_0_14_full_n   |   in|    1|     ap_fifo|                C_streams_0_14|       pointer|
|C_streams_0_14_write    |  out|    1|     ap_fifo|                C_streams_0_14|       pointer|
|C_streams_0_15_din      |  out|   32|     ap_fifo|                C_streams_0_15|       pointer|
|C_streams_0_15_full_n   |   in|    1|     ap_fifo|                C_streams_0_15|       pointer|
|C_streams_0_15_write    |  out|    1|     ap_fifo|                C_streams_0_15|       pointer|
|C_streams_0_16_din      |  out|   32|     ap_fifo|                C_streams_0_16|       pointer|
|C_streams_0_16_full_n   |   in|    1|     ap_fifo|                C_streams_0_16|       pointer|
|C_streams_0_16_write    |  out|    1|     ap_fifo|                C_streams_0_16|       pointer|
|C_streams_0_17_din      |  out|   32|     ap_fifo|                C_streams_0_17|       pointer|
|C_streams_0_17_full_n   |   in|    1|     ap_fifo|                C_streams_0_17|       pointer|
|C_streams_0_17_write    |  out|    1|     ap_fifo|                C_streams_0_17|       pointer|
|C_streams_0_18_din      |  out|   32|     ap_fifo|                C_streams_0_18|       pointer|
|C_streams_0_18_full_n   |   in|    1|     ap_fifo|                C_streams_0_18|       pointer|
|C_streams_0_18_write    |  out|    1|     ap_fifo|                C_streams_0_18|       pointer|
|C_streams_0_19_din      |  out|   32|     ap_fifo|                C_streams_0_19|       pointer|
|C_streams_0_19_full_n   |   in|    1|     ap_fifo|                C_streams_0_19|       pointer|
|C_streams_0_19_write    |  out|    1|     ap_fifo|                C_streams_0_19|       pointer|
|C_streams_0_20_din      |  out|   32|     ap_fifo|                C_streams_0_20|       pointer|
|C_streams_0_20_full_n   |   in|    1|     ap_fifo|                C_streams_0_20|       pointer|
|C_streams_0_20_write    |  out|    1|     ap_fifo|                C_streams_0_20|       pointer|
|C_streams_0_21_din      |  out|   32|     ap_fifo|                C_streams_0_21|       pointer|
|C_streams_0_21_full_n   |   in|    1|     ap_fifo|                C_streams_0_21|       pointer|
|C_streams_0_21_write    |  out|    1|     ap_fifo|                C_streams_0_21|       pointer|
|C_streams_0_22_din      |  out|   32|     ap_fifo|                C_streams_0_22|       pointer|
|C_streams_0_22_full_n   |   in|    1|     ap_fifo|                C_streams_0_22|       pointer|
|C_streams_0_22_write    |  out|    1|     ap_fifo|                C_streams_0_22|       pointer|
|C_streams_0_23_din      |  out|   32|     ap_fifo|                C_streams_0_23|       pointer|
|C_streams_0_23_full_n   |   in|    1|     ap_fifo|                C_streams_0_23|       pointer|
|C_streams_0_23_write    |  out|    1|     ap_fifo|                C_streams_0_23|       pointer|
|C_streams_0_24_din      |  out|   32|     ap_fifo|                C_streams_0_24|       pointer|
|C_streams_0_24_full_n   |   in|    1|     ap_fifo|                C_streams_0_24|       pointer|
|C_streams_0_24_write    |  out|    1|     ap_fifo|                C_streams_0_24|       pointer|
|C_streams_0_25_din      |  out|   32|     ap_fifo|                C_streams_0_25|       pointer|
|C_streams_0_25_full_n   |   in|    1|     ap_fifo|                C_streams_0_25|       pointer|
|C_streams_0_25_write    |  out|    1|     ap_fifo|                C_streams_0_25|       pointer|
|C_streams_0_26_din      |  out|   32|     ap_fifo|                C_streams_0_26|       pointer|
|C_streams_0_26_full_n   |   in|    1|     ap_fifo|                C_streams_0_26|       pointer|
|C_streams_0_26_write    |  out|    1|     ap_fifo|                C_streams_0_26|       pointer|
|C_streams_0_27_din      |  out|   32|     ap_fifo|                C_streams_0_27|       pointer|
|C_streams_0_27_full_n   |   in|    1|     ap_fifo|                C_streams_0_27|       pointer|
|C_streams_0_27_write    |  out|    1|     ap_fifo|                C_streams_0_27|       pointer|
|C_streams_0_28_din      |  out|   32|     ap_fifo|                C_streams_0_28|       pointer|
|C_streams_0_28_full_n   |   in|    1|     ap_fifo|                C_streams_0_28|       pointer|
|C_streams_0_28_write    |  out|    1|     ap_fifo|                C_streams_0_28|       pointer|
|C_streams_0_29_din      |  out|   32|     ap_fifo|                C_streams_0_29|       pointer|
|C_streams_0_29_full_n   |   in|    1|     ap_fifo|                C_streams_0_29|       pointer|
|C_streams_0_29_write    |  out|    1|     ap_fifo|                C_streams_0_29|       pointer|
|C_streams_0_30_din      |  out|   32|     ap_fifo|                C_streams_0_30|       pointer|
|C_streams_0_30_full_n   |   in|    1|     ap_fifo|                C_streams_0_30|       pointer|
|C_streams_0_30_write    |  out|    1|     ap_fifo|                C_streams_0_30|       pointer|
|C_streams_0_31_din      |  out|   32|     ap_fifo|                C_streams_0_31|       pointer|
|C_streams_0_31_full_n   |   in|    1|     ap_fifo|                C_streams_0_31|       pointer|
|C_streams_0_31_write    |  out|    1|     ap_fifo|                C_streams_0_31|       pointer|
|ap_clk                  |   in|    1|  ap_ctrl_hs|  dataflow_in_loop_mat_mul_i19|  return value|
|ap_rst                  |   in|    1|  ap_ctrl_hs|  dataflow_in_loop_mat_mul_i19|  return value|
|ap_start                |   in|    1|  ap_ctrl_hs|  dataflow_in_loop_mat_mul_i19|  return value|
|ap_done                 |  out|    1|  ap_ctrl_hs|  dataflow_in_loop_mat_mul_i19|  return value|
|ap_ready                |  out|    1|  ap_ctrl_hs|  dataflow_in_loop_mat_mul_i19|  return value|
|ap_idle                 |  out|    1|  ap_ctrl_hs|  dataflow_in_loop_mat_mul_i19|  return value|
|ap_continue             |   in|    1|  ap_ctrl_hs|  dataflow_in_loop_mat_mul_i19|  return value|
+------------------------+-----+-----+------------+------------------------------+--------------+

