

================================================================
== Vitis HLS Report for 'dataflow_in_loop_loop_for_tile_a_Block_newFuncRoot112_proc89'
================================================================
* Date:           Thu Jun 11 13:33:15 2026

* Version:        2023.2 (Build 4023990 on Oct 11 2023)
* Project:        hls_project
* Solution:       gemm2 (Vitis Kernel Flow Target)
* Product family: versalaicore
* Target device:  xcvc1902-vsva2197-2MP-e-S


================================================================
== Performance Estimates
================================================================
+ Timing: 
    * Summary: 
    +--------+---------+----------+------------+
    |  Clock |  Target | Estimated| Uncertainty|
    +--------+---------+----------+------------+
    |ap_clk  |  3.33 ns|  1.411 ns|     0.90 ns|
    +--------+---------+----------+------------+

+ Latency: 
    * Summary: 
    +---------+---------+----------+----------+------+------+---------+
    |  Latency (cycles) |  Latency (absolute) |   Interval  | Pipeline|
    |   min   |   max   |    min   |    max   |  min |  max |   Type  |
    +---------+---------+----------+----------+------+------+---------+
    |     1058|     1058|  3.526 us|  3.526 us|  1058|  1058|       no|
    +---------+---------+----------+----------+------+------+---------+

    + Detail: 
        * Instance: 
        +------------------------------+--------------------+---------+---------+----------+----------+------+------+----------+
        |                              |                    |  Latency (cycles) |  Latency (absolute) |   Interval  | Pipeline |
        |           Instance           |       Module       |   min   |   max   |    min   |    max   |  min |  max |   Type   |
        +------------------------------+--------------------+---------+---------+----------+----------+------+------+----------+
        |grp_storeTilesToDRAM13_fu_63  |storeTilesToDRAM13  |     1057|     1057|  3.523 us|  3.523 us|  1058|  1058|  dataflow|
        |grp_storeTilesToDRAM13_fu_75  |storeTilesToDRAM13  |     1057|     1057|  3.523 us|  3.523 us|  1058|  1058|  dataflow|
        +------------------------------+--------------------+---------+---------+----------+----------+------+------+----------+

        * Loop: 
        N/A



================================================================
== Utilization Estimates
================================================================
* Summary: 
+-----------------+---------+------+---------+--------+-----+
|       Name      | BRAM_18K|  DSP |    FF   |   LUT  | URAM|
+-----------------+---------+------+---------+--------+-----+
|DSP              |        -|     -|        -|       -|    -|
|Expression       |        -|     -|        0|      12|    -|
|FIFO             |        -|     -|        -|       -|    -|
|Instance         |        -|     -|      164|     252|    -|
|Memory           |        -|     -|        -|       -|    -|
|Multiplexer      |        -|     -|        -|      28|    -|
|Register         |        -|     -|       10|       -|    -|
+-----------------+---------+------+---------+--------+-----+
|Total            |        0|     0|      174|     292|    0|
+-----------------+---------+------+---------+--------+-----+
|Available        |     1934|  1968|  1799680|  899840|  463|
+-----------------+---------+------+---------+--------+-----+
|Utilization (%)  |        0|     0|       ~0|      ~0|    0|
+-----------------+---------+------+---------+--------+-----+

+ Detail: 
    * Instance: 
    +------------------------------+--------------------+---------+----+----+-----+-----+
    |           Instance           |       Module       | BRAM_18K| DSP| FF | LUT | URAM|
    +------------------------------+--------------------+---------+----+----+-----+-----+
    |grp_storeTilesToDRAM13_fu_63  |storeTilesToDRAM13  |        0|   0|  82|  126|    0|
    |grp_storeTilesToDRAM13_fu_75  |storeTilesToDRAM13  |        0|   0|  82|  126|    0|
    +------------------------------+--------------------+---------+----+----+-----+-----+
    |Total                         |                    |        0|   0| 164|  252|    0|
    +------------------------------+--------------------+---------+----+----+-----+-----+

    * DSP: 
    N/A

    * Memory: 
    N/A

    * FIFO: 
    N/A

    * Expression: 
    +-----------------------------------------------+----------+----+---+----+------------+------------+
    |                 Variable Name                 | Operation| DSP| FF| LUT| Bitwidth P0| Bitwidth P1|
    +-----------------------------------------------+----------+----+---+----+------------+------------+
    |ap_block_state1                                |        or|   0|  0|   2|           1|           1|
    |ap_block_state2_on_subcall_done                |        or|   0|  0|   2|           1|           1|
    |ap_sync_grp_storeTilesToDRAM13_fu_63_ap_done   |        or|   0|  0|   2|           1|           1|
    |ap_sync_grp_storeTilesToDRAM13_fu_63_ap_ready  |        or|   0|  0|   2|           1|           1|
    |ap_sync_grp_storeTilesToDRAM13_fu_75_ap_done   |        or|   0|  0|   2|           1|           1|
    |ap_sync_grp_storeTilesToDRAM13_fu_75_ap_ready  |        or|   0|  0|   2|           1|           1|
    +-----------------------------------------------+----------+----+---+----+------------+------------+
    |Total                                          |          |   0|  0|  12|           6|           6|
    +-----------------------------------------------+----------+----+---+----+------------+------------+

    * Multiplexer: 
    +----------------------+----+-----------+-----+-----------+
    |         Name         | LUT| Input Size| Bits| Total Bits|
    +----------------------+----+-----------+-----+-----------+
    |C_TILES_1_i_address0  |   9|          3|    9|         27|
    |C_TILES_1_i_ce0       |   2|          3|    1|          3|
    |C_TILES_i_address0    |   9|          3|    9|         27|
    |C_TILES_i_ce0         |   2|          3|    1|          3|
    |ap_NS_fsm             |   2|          3|    1|          3|
    |ap_done               |   2|          2|    1|          2|
    |tileA_blk_n           |   2|          2|    1|          2|
    +----------------------+----+-----------+-----+-----------+
    |Total                 |  28|         19|   23|         67|
    +----------------------+----+-----------+-----+-----------+

    * Register: 
    +---------------------------------------------------+---+----+-----+-----------+
    |                        Name                       | FF| LUT| Bits| Const Bits|
    +---------------------------------------------------+---+----+-----+-----------+
    |ap_CS_fsm                                          |  2|   0|    2|          0|
    |ap_done_reg                                        |  1|   0|    1|          0|
    |ap_sync_reg_grp_storeTilesToDRAM13_fu_63_ap_done   |  1|   0|    1|          0|
    |ap_sync_reg_grp_storeTilesToDRAM13_fu_63_ap_ready  |  1|   0|    1|          0|
    |ap_sync_reg_grp_storeTilesToDRAM13_fu_75_ap_done   |  1|   0|    1|          0|
    |ap_sync_reg_grp_storeTilesToDRAM13_fu_75_ap_ready  |  1|   0|    1|          0|
    |grp_storeTilesToDRAM13_fu_63_ap_start_reg          |  1|   0|    1|          0|
    |grp_storeTilesToDRAM13_fu_75_ap_start_reg          |  1|   0|    1|          0|
    |tileA_read_reg_89                                  |  1|   0|    1|          0|
    +---------------------------------------------------+---+----+-----+-----------+
    |Total                                              | 10|   0|   10|          0|
    +---------------------------------------------------+---+----+-----+-----------+



================================================================
== Interface
================================================================
* Summary: 
+----------------------+-----+-----+------------+--------------------------------------------------------------+--------------+
|       RTL Ports      | Dir | Bits|  Protocol  |                         Source Object                        |    C Type    |
+----------------------+-----+-----+------------+--------------------------------------------------------------+--------------+
|ap_clk                |   in|    1|  ap_ctrl_hs|  dataflow_in_loop_loop_for_tile_a_Block_newFuncRoot112_proc89|  return value|
|ap_rst                |   in|    1|  ap_ctrl_hs|  dataflow_in_loop_loop_for_tile_a_Block_newFuncRoot112_proc89|  return value|
|ap_start              |   in|    1|  ap_ctrl_hs|  dataflow_in_loop_loop_for_tile_a_Block_newFuncRoot112_proc89|  return value|
|ap_done               |  out|    1|  ap_ctrl_hs|  dataflow_in_loop_loop_for_tile_a_Block_newFuncRoot112_proc89|  return value|
|ap_continue           |   in|    1|  ap_ctrl_hs|  dataflow_in_loop_loop_for_tile_a_Block_newFuncRoot112_proc89|  return value|
|ap_idle               |  out|    1|  ap_ctrl_hs|  dataflow_in_loop_loop_for_tile_a_Block_newFuncRoot112_proc89|  return value|
|ap_ready              |  out|    1|  ap_ctrl_hs|  dataflow_in_loop_loop_for_tile_a_Block_newFuncRoot112_proc89|  return value|
|tileA_dout            |   in|    1|     ap_fifo|                                                         tileA|       pointer|
|tileA_num_data_valid  |   in|    4|     ap_fifo|                                                         tileA|       pointer|
|tileA_fifo_cap        |   in|    4|     ap_fifo|                                                         tileA|       pointer|
|tileA_empty_n         |   in|    1|     ap_fifo|                                                         tileA|       pointer|
|tileA_read            |  out|    1|     ap_fifo|                                                         tileA|       pointer|
|C_TILES_1_i_address0  |  out|    9|   ap_memory|                                                   C_TILES_1_i|         array|
|C_TILES_1_i_ce0       |  out|    1|   ap_memory|                                                   C_TILES_1_i|         array|
|C_TILES_1_i_q0        |   in|   32|   ap_memory|                                                   C_TILES_1_i|         array|
|C_TILES_i_address0    |  out|    9|   ap_memory|                                                     C_TILES_i|         array|
|C_TILES_i_ce0         |  out|    1|   ap_memory|                                                     C_TILES_i|         array|
|C_TILES_i_q0          |   in|   32|   ap_memory|                                                     C_TILES_i|         array|
|C_BUF_2_address0      |  out|    9|   ap_memory|                                                       C_BUF_2|         array|
|C_BUF_2_ce0           |  out|    1|   ap_memory|                                                       C_BUF_2|         array|
|C_BUF_2_we0           |  out|    1|   ap_memory|                                                       C_BUF_2|         array|
|C_BUF_2_d0            |  out|   32|   ap_memory|                                                       C_BUF_2|         array|
|C_BUF_3_address0      |  out|    9|   ap_memory|                                                       C_BUF_3|         array|
|C_BUF_3_ce0           |  out|    1|   ap_memory|                                                       C_BUF_3|         array|
|C_BUF_3_we0           |  out|    1|   ap_memory|                                                       C_BUF_3|         array|
|C_BUF_3_d0            |  out|   32|   ap_memory|                                                       C_BUF_3|         array|
|C_BUF_address0        |  out|    9|   ap_memory|                                                         C_BUF|         array|
|C_BUF_ce0             |  out|    1|   ap_memory|                                                         C_BUF|         array|
|C_BUF_we0             |  out|    1|   ap_memory|                                                         C_BUF|         array|
|C_BUF_d0              |  out|   32|   ap_memory|                                                         C_BUF|         array|
|C_BUF_1_address0      |  out|    9|   ap_memory|                                                       C_BUF_1|         array|
|C_BUF_1_ce0           |  out|    1|   ap_memory|                                                       C_BUF_1|         array|
|C_BUF_1_we0           |  out|    1|   ap_memory|                                                       C_BUF_1|         array|
|C_BUF_1_d0            |  out|   32|   ap_memory|                                                       C_BUF_1|         array|
+----------------------+-----+-----+------------+--------------------------------------------------------------+--------------+

