

================================================================
== Vitis HLS Report for 'dataflow_in_loop_VITIS_LOOP_42_1_Loop_store_C_tile_even_proc86'
================================================================
* Date:           Fri May 29 17:37:39 2026

* Version:        2023.2 (Build 4023990 on Oct 11 2023)
* Project:        hls_project
* Solution:       gemm2 (Vitis Kernel Flow Target)
* Product family: zynquplus
* Target device:  xczu7ev-ffvc1156-2-e


================================================================
== Performance Estimates
================================================================
+ Timing: 
    * Summary: 
    +--------+---------+----------+------------+
    |  Clock |  Target | Estimated| Uncertainty|
    +--------+---------+----------+------------+
    |ap_clk  |  3.33 ns|  2.800 ns|     0.90 ns|
    +--------+---------+----------+------------+

+ Latency: 
    * Summary: 
    +---------+---------+----------+----------+------+------+---------+
    |  Latency (cycles) |  Latency (absolute) |   Interval  | Pipeline|
    |   min   |   max   |    min   |    max   |  min |  max |   Type  |
    +---------+---------+----------+----------+------+------+---------+
    |     1035|     1035|  3.450 us|  3.450 us|  1035|  1035|       no|
    +---------+---------+----------+----------+------+------+---------+

    + Detail: 
        * Instance: 
        +---------------------------------------------------------------------------------------------+-----------------------------------------------------------------------------------+---------+---------+----------+----------+-----+-----+---------+
        |                                                                                             |                                                                                   |  Latency (cycles) |  Latency (absolute) |  Interval | Pipeline|
        |                                           Instance                                          |                                       Module                                      |   min   |   max   |    min   |    max   | min | max |   Type  |
        +---------------------------------------------------------------------------------------------+-----------------------------------------------------------------------------------+---------+---------+----------+----------+-----+-----+---------+
        |grp_dataflow_in_loop_VITIS_LOOP_42_1_Loop_store_C_tile_even_proc86_Pipeline_store_C_1_fu_42  |dataflow_in_loop_VITIS_LOOP_42_1_Loop_store_C_tile_even_proc86_Pipeline_store_C_1  |      516|      516|  1.720 us|  1.720 us|  516|  516|       no|
        |grp_dataflow_in_loop_VITIS_LOOP_42_1_Loop_store_C_tile_even_proc86_Pipeline_store_C_s_fu_54  |dataflow_in_loop_VITIS_LOOP_42_1_Loop_store_C_tile_even_proc86_Pipeline_store_C_s  |      516|      516|  1.720 us|  1.720 us|  516|  516|       no|
        +---------------------------------------------------------------------------------------------+-----------------------------------------------------------------------------------+---------+---------+----------+----------+-----+-----+---------+

        * Loop: 
        N/A



================================================================
== Utilization Estimates
================================================================
* Summary: 
+-----------------+---------+------+--------+--------+-----+
|       Name      | BRAM_18K|  DSP |   FF   |   LUT  | URAM|
+-----------------+---------+------+--------+--------+-----+
|DSP              |        -|     -|       -|       -|    -|
|Expression       |        -|     -|       0|       2|    -|
|FIFO             |        -|     -|       -|       -|    -|
|Instance         |        -|     -|     503|     514|    -|
|Memory           |        -|     -|       -|       -|    -|
|Multiplexer      |        -|     -|       -|     156|    -|
|Register         |        -|     -|       8|       -|    -|
+-----------------+---------+------+--------+--------+-----+
|Total            |        0|     0|     511|     672|    0|
+-----------------+---------+------+--------+--------+-----+
|Available        |      624|  1728|  460800|  230400|   96|
+-----------------+---------+------+--------+--------+-----+
|Utilization (%)  |        0|     0|      ~0|      ~0|    0|
+-----------------+---------+------+--------+--------+-----+

+ Detail: 
    * Instance: 
    +---------------------------------------------------------------------------------------------+-----------------------------------------------------------------------------------+---------+----+-----+-----+-----+
    |                                           Instance                                          |                                       Module                                      | BRAM_18K| DSP|  FF | LUT | URAM|
    +---------------------------------------------------------------------------------------------+-----------------------------------------------------------------------------------+---------+----+-----+-----+-----+
    |grp_dataflow_in_loop_VITIS_LOOP_42_1_Loop_store_C_tile_even_proc86_Pipeline_store_C_1_fu_42  |dataflow_in_loop_VITIS_LOOP_42_1_Loop_store_C_tile_even_proc86_Pipeline_store_C_1  |        0|   0|  170|  209|    0|
    |grp_dataflow_in_loop_VITIS_LOOP_42_1_Loop_store_C_tile_even_proc86_Pipeline_store_C_s_fu_54  |dataflow_in_loop_VITIS_LOOP_42_1_Loop_store_C_tile_even_proc86_Pipeline_store_C_s  |        0|   0|  333|  305|    0|
    +---------------------------------------------------------------------------------------------+-----------------------------------------------------------------------------------+---------+----+-----+-----+-----+
    |Total                                                                                        |                                                                                   |        0|   0|  503|  514|    0|
    +---------------------------------------------------------------------------------------------+-----------------------------------------------------------------------------------+---------+----+-----+-----+-----+

    * DSP: 
    N/A

    * Memory: 
    N/A

    * FIFO: 
    N/A

    * Expression: 
    +-----------------+----------+----+---+----+------------+------------+
    |  Variable Name  | Operation| DSP| FF| LUT| Bitwidth P0| Bitwidth P1|
    +-----------------+----------+----+---+----+------------+------------+
    |ap_block_state1  |        or|   0|  0|   2|           1|           1|
    +-----------------+----------+----+---+----+------------+------------+
    |Total            |          |   0|  0|   2|           1|           1|
    +-----------------+----------+----+---+----+------------+------------+

    * Multiplexer: 
    +--------------------+----+-----------+-----+-----------+
    |        Name        | LUT| Input Size| Bits| Total Bits|
    +--------------------+----+-----------+-----+-----------+
    |C_BUF_2_address0    |  14|          3|    9|         27|
    |C_BUF_2_ce0         |  14|          3|    1|          3|
    |C_BUF_2_d0          |  14|          3|   32|         96|
    |C_BUF_2_we0         |  14|          3|    1|          3|
    |C_BUF_address0      |  14|          3|    9|         27|
    |C_BUF_ce0           |  14|          3|    1|          3|
    |C_BUF_d0            |  14|          3|   32|         96|
    |C_BUF_we0           |  14|          3|    1|          3|
    |ap_NS_fsm           |  26|          5|    1|          5|
    |ap_done             |   9|          2|    1|          2|
    |tileA_assign_blk_n  |   9|          2|    1|          2|
    +--------------------+----+-----------+-----+-----------+
    |Total               | 156|         33|   89|        267|
    +--------------------+----+-----------+-----+-----------+

    * Register: 
    +----------------------------------------------------------------------------------------------------------+---+----+-----+-----------+
    |                                                   Name                                                   | FF| LUT| Bits| Const Bits|
    +----------------------------------------------------------------------------------------------------------+---+----+-----+-----------+
    |ap_CS_fsm                                                                                                 |  4|   0|    4|          0|
    |ap_done_reg                                                                                               |  1|   0|    1|          0|
    |grp_dataflow_in_loop_VITIS_LOOP_42_1_Loop_store_C_tile_even_proc86_Pipeline_store_C_1_fu_42_ap_start_reg  |  1|   0|    1|          0|
    |grp_dataflow_in_loop_VITIS_LOOP_42_1_Loop_store_C_tile_even_proc86_Pipeline_store_C_s_fu_54_ap_start_reg  |  1|   0|    1|          0|
    |tileA_assign_read_reg_69                                                                                  |  1|   0|    1|          0|
    +----------------------------------------------------------------------------------------------------------+---+----+-----+-----------+
    |Total                                                                                                     |  8|   0|    8|          0|
    +----------------------------------------------------------------------------------------------------------+---+----+-----+-----------+



================================================================
== Interface
================================================================
* Summary: 
+-----------------------------+-----+-----+------------+----------------------------------------------------------------+--------------+
|          RTL Ports          | Dir | Bits|  Protocol  |                          Source Object                         |    C Type    |
+-----------------------------+-----+-----+------------+----------------------------------------------------------------+--------------+
|ap_clk                       |   in|    1|  ap_ctrl_hs|  dataflow_in_loop_VITIS_LOOP_42_1_Loop_store_C_tile_even_proc86|  return value|
|ap_rst                       |   in|    1|  ap_ctrl_hs|  dataflow_in_loop_VITIS_LOOP_42_1_Loop_store_C_tile_even_proc86|  return value|
|ap_start                     |   in|    1|  ap_ctrl_hs|  dataflow_in_loop_VITIS_LOOP_42_1_Loop_store_C_tile_even_proc86|  return value|
|ap_done                      |  out|    1|  ap_ctrl_hs|  dataflow_in_loop_VITIS_LOOP_42_1_Loop_store_C_tile_even_proc86|  return value|
|ap_continue                  |   in|    1|  ap_ctrl_hs|  dataflow_in_loop_VITIS_LOOP_42_1_Loop_store_C_tile_even_proc86|  return value|
|ap_idle                      |  out|    1|  ap_ctrl_hs|  dataflow_in_loop_VITIS_LOOP_42_1_Loop_store_C_tile_even_proc86|  return value|
|ap_ready                     |  out|    1|  ap_ctrl_hs|  dataflow_in_loop_VITIS_LOOP_42_1_Loop_store_C_tile_even_proc86|  return value|
|C_BUF_address0               |  out|    9|   ap_memory|                                                           C_BUF|         array|
|C_BUF_ce0                    |  out|    1|   ap_memory|                                                           C_BUF|         array|
|C_BUF_we0                    |  out|    1|   ap_memory|                                                           C_BUF|         array|
|C_BUF_d0                     |  out|   32|   ap_memory|                                                           C_BUF|         array|
|C_BUF_2_address0             |  out|    9|   ap_memory|                                                         C_BUF_2|         array|
|C_BUF_2_ce0                  |  out|    1|   ap_memory|                                                         C_BUF_2|         array|
|C_BUF_2_we0                  |  out|    1|   ap_memory|                                                         C_BUF_2|         array|
|C_BUF_2_d0                   |  out|   32|   ap_memory|                                                         C_BUF_2|         array|
|C_BUF_3_address0             |  out|    9|   ap_memory|                                                         C_BUF_3|         array|
|C_BUF_3_ce0                  |  out|    1|   ap_memory|                                                         C_BUF_3|         array|
|C_BUF_3_we0                  |  out|    1|   ap_memory|                                                         C_BUF_3|         array|
|C_BUF_3_d0                   |  out|   32|   ap_memory|                                                         C_BUF_3|         array|
|C_BUF_1_address0             |  out|    9|   ap_memory|                                                         C_BUF_1|         array|
|C_BUF_1_ce0                  |  out|    1|   ap_memory|                                                         C_BUF_1|         array|
|C_BUF_1_we0                  |  out|    1|   ap_memory|                                                         C_BUF_1|         array|
|C_BUF_1_d0                   |  out|   32|   ap_memory|                                                         C_BUF_1|         array|
|tileA_assign_dout            |   in|    1|     ap_fifo|                                                    tileA_assign|       pointer|
|tileA_assign_num_data_valid  |   in|    3|     ap_fifo|                                                    tileA_assign|       pointer|
|tileA_assign_fifo_cap        |   in|    3|     ap_fifo|                                                    tileA_assign|       pointer|
|tileA_assign_empty_n         |   in|    1|     ap_fifo|                                                    tileA_assign|       pointer|
|tileA_assign_read            |  out|    1|     ap_fifo|                                                    tileA_assign|       pointer|
|C_TILE_i_address0            |  out|    9|   ap_memory|                                                        C_TILE_i|         array|
|C_TILE_i_ce0                 |  out|    1|   ap_memory|                                                        C_TILE_i|         array|
|C_TILE_i_q0                  |   in|   32|   ap_memory|                                                        C_TILE_i|         array|
|C_TILE2_i_address0           |  out|    9|   ap_memory|                                                       C_TILE2_i|         array|
|C_TILE2_i_ce0                |  out|    1|   ap_memory|                                                       C_TILE2_i|         array|
|C_TILE2_i_q0                 |   in|   32|   ap_memory|                                                       C_TILE2_i|         array|
+-----------------------------+-----+-----+------------+----------------------------------------------------------------+--------------+

