

================================================================
== Vitis HLS Report for 'dataflow_in_loop_VITIS_LOOP_42_1_Loop_store_C_tile_even_proc86_Pipeline_store_C_s'
================================================================
* Date:           Fri May 29 17:37:39 2026

* Version:        2023.2 (Build 4023990 on Oct 11 2023)
* Project:        hls_project
* Solution:       gemm2 (Vitis Kernel Flow Target)
* Product family: zynquplus
* Target device:  xczu7ev-ffvc1156-2-e


================================================================
== Performance Estimates
================================================================
+ Timing: 
    * Summary: 
    +--------+---------+----------+------------+
    |  Clock |  Target | Estimated| Uncertainty|
    +--------+---------+----------+------------+
    |ap_clk  |  3.33 ns|  2.800 ns|     0.90 ns|
    +--------+---------+----------+------------+

+ Latency: 
    * Summary: 
    +---------+---------+----------+----------+-----+-----+---------+
    |  Latency (cycles) |  Latency (absolute) |  Interval | Pipeline|
    |   min   |   max   |    min   |    max   | min | max |   Type  |
    +---------+---------+----------+----------+-----+-----+---------+
    |      516|      516|  1.720 us|  1.720 us|  516|  516|       no|
    +---------+---------+----------+----------+-----+-----+---------+

    + Detail: 
        * Instance: 
        N/A

        * Loop: 
        +------------------------------------+---------+---------+----------+-----------+-----------+------+----------+
        |                                    |  Latency (cycles) | Iteration|  Initiation Interval  | Trip |          |
        |              Loop Name             |   min   |   max   |  Latency |  achieved |   target  | Count| Pipelined|
        +------------------------------------+---------+---------+----------+-----------+-----------+------+----------+
        |- store_C_tile_odd_VITIS_LOOP_63_3  |      514|      514|         4|          1|          1|   512|       yes|
        +------------------------------------+---------+---------+----------+-----------+-----------+------+----------+



================================================================
== Utilization Estimates
================================================================
* Summary: 
+-----------------+---------+------+--------+--------+-----+
|       Name      | BRAM_18K|  DSP |   FF   |   LUT  | URAM|
+-----------------+---------+------+--------+--------+-----+
|DSP              |        -|     -|       -|       -|    -|
|Expression       |        -|     -|       0|     105|    -|
|FIFO             |        -|     -|       -|       -|    -|
|Instance         |        -|     -|       -|       -|    -|
|Memory           |        -|     -|       -|       -|    -|
|Multiplexer      |        -|     -|       -|      72|    -|
|Register         |        -|     -|     333|     128|    -|
+-----------------+---------+------+--------+--------+-----+
|Total            |        0|     0|     333|     305|    0|
+-----------------+---------+------+--------+--------+-----+
|Available        |      624|  1728|  460800|  230400|   96|
+-----------------+---------+------+--------+--------+-----+
|Utilization (%)  |        0|     0|      ~0|      ~0|    0|
+-----------------+---------+------+--------+--------+-----+

+ Detail: 
    * Instance: 
    N/A

    * DSP: 
    N/A

    * Memory: 
    N/A

    * FIFO: 
    N/A

    * Expression: 
    +-------------------------+----------+----+---+----+------------+------------+
    |      Variable Name      | Operation| DSP| FF| LUT| Bitwidth P0| Bitwidth P1|
    +-------------------------+----------+----+---+----+------------+------------+
    |add_ln62_2_fu_167_p2     |         +|   0|  0|  17|          10|           1|
    |add_ln62_fu_179_p2       |         +|   0|  0|  12|           5|           1|
    |add_ln63_fu_237_p2       |         +|   0|  0|  13|           6|           1|
    |add_ln64_fu_268_p2       |         +|   0|  0|  16|           9|           9|
    |icmp_ln62_fu_161_p2      |      icmp|   0|  0|  18|          10|          11|
    |icmp_ln63_fu_185_p2      |      icmp|   0|  0|  14|           6|           7|
    |select_ln62_2_fu_199_p3  |    select|   0|  0|   5|           1|           5|
    |select_ln62_fu_191_p3    |    select|   0|  0|   6|           1|           1|
    |ap_enable_pp0            |       xor|   0|  0|   2|           1|           2|
    |xor_ln63_fu_219_p2       |       xor|   0|  0|   2|           1|           1|
    +-------------------------+----------+----+---+----+------------+------------+
    |Total                    |          |   0|  0| 105|          50|          39|
    +-------------------------+----------+----+---+----+------------+------------+

    * Multiplexer: 
    +---------------------------------------+----+-----------+-----+-----------+
    |                  Name                 | LUT| Input Size| Bits| Total Bits|
    +---------------------------------------+----+-----------+-----+-----------+
    |ap_done_int                            |   9|          2|    1|          2|
    |ap_enable_reg_pp0_iter1                |   9|          2|    1|          2|
    |ap_sig_allocacmp_i_load                |   9|          2|    5|         10|
    |ap_sig_allocacmp_indvar_flatten6_load  |   9|          2|   10|         20|
    |ap_sig_allocacmp_j_load                |   9|          2|    6|         12|
    |i_fu_64                                |   9|          2|    5|         10|
    |indvar_flatten6_fu_68                  |   9|          2|   10|         20|
    |j_fu_60                                |   9|          2|    6|         12|
    +---------------------------------------+----+-----------+-----+-----------+
    |Total                                  |  72|         16|   44|         88|
    +---------------------------------------+----+-----------+-----+-----------+

    * Register: 
    +----------------------------------+----+----+-----+-----------+
    |               Name               | FF | LUT| Bits| Const Bits|
    +----------------------------------+----+----+-----+-----------+
    |C_TILE2_i_load_reg_347            |  32|   0|   32|          0|
    |ap_CS_fsm                         |   1|   0|    1|          0|
    |ap_done_reg                       |   1|   0|    1|          0|
    |ap_enable_reg_pp0_iter1           |   1|   0|    1|          0|
    |ap_enable_reg_pp0_iter2           |   1|   0|    1|          0|
    |ap_enable_reg_pp0_iter3           |   1|   0|    1|          0|
    |ap_loop_exit_ready_pp0_iter1_reg  |   1|   0|    1|          0|
    |ap_loop_exit_ready_pp0_iter2_reg  |   1|   0|    1|          0|
    |i_fu_64                           |   5|   0|    5|          0|
    |indvar_flatten6_fu_68             |  10|   0|   10|          0|
    |j_fu_60                           |   6|   0|    6|          0|
    |select_ln62_reg_318               |   6|   0|    6|          0|
    |tmp_5_reg_338                     |   1|   0|    1|          0|
    |trunc_ln63_reg_333                |   5|   0|    5|          0|
    |trunc_ln64_reg_323                |   4|   0|    4|          0|
    |xor_ln63_reg_329                  |   1|   0|    1|          0|
    |tmp_5_reg_338                     |  64|  32|    1|          0|
    |trunc_ln63_reg_333                |  64|  32|    5|          0|
    |trunc_ln64_reg_323                |  64|  32|    4|          0|
    |xor_ln63_reg_329                  |  64|  32|    1|          0|
    +----------------------------------+----+----+-----+-----------+
    |Total                             | 333| 128|   88|          0|
    +----------------------------------+----+----+-----+-----------+



================================================================
== Interface
================================================================
* Summary: 
+--------------------+-----+-----+------------+----------------------------------------------------------------------------------+--------------+
|      RTL Ports     | Dir | Bits|  Protocol  |                                   Source Object                                  |    C Type    |
+--------------------+-----+-----+------------+----------------------------------------------------------------------------------+--------------+
|ap_clk              |   in|    1|  ap_ctrl_hs|  dataflow_in_loop_VITIS_LOOP_42_1_Loop_store_C_tile_even_proc86_Pipeline_store_C_|  return value|
|ap_rst              |   in|    1|  ap_ctrl_hs|  dataflow_in_loop_VITIS_LOOP_42_1_Loop_store_C_tile_even_proc86_Pipeline_store_C_|  return value|
|ap_start            |   in|    1|  ap_ctrl_hs|  dataflow_in_loop_VITIS_LOOP_42_1_Loop_store_C_tile_even_proc86_Pipeline_store_C_|  return value|
|ap_done             |  out|    1|  ap_ctrl_hs|  dataflow_in_loop_VITIS_LOOP_42_1_Loop_store_C_tile_even_proc86_Pipeline_store_C_|  return value|
|ap_idle             |  out|    1|  ap_ctrl_hs|  dataflow_in_loop_VITIS_LOOP_42_1_Loop_store_C_tile_even_proc86_Pipeline_store_C_|  return value|
|ap_ready            |  out|    1|  ap_ctrl_hs|  dataflow_in_loop_VITIS_LOOP_42_1_Loop_store_C_tile_even_proc86_Pipeline_store_C_|  return value|
|tileA_assign_load   |   in|    1|     ap_none|                                                                 tileA_assign_load|        scalar|
|C_TILE2_i_address0  |  out|    9|   ap_memory|                                                                         C_TILE2_i|         array|
|C_TILE2_i_ce0       |  out|    1|   ap_memory|                                                                         C_TILE2_i|         array|
|C_TILE2_i_q0        |   in|   32|   ap_memory|                                                                         C_TILE2_i|         array|
|C_BUF_address0      |  out|    9|   ap_memory|                                                                             C_BUF|         array|
|C_BUF_ce0           |  out|    1|   ap_memory|                                                                             C_BUF|         array|
|C_BUF_we0           |  out|    1|   ap_memory|                                                                             C_BUF|         array|
|C_BUF_d0            |  out|   32|   ap_memory|                                                                             C_BUF|         array|
|C_BUF_2_address0    |  out|    9|   ap_memory|                                                                           C_BUF_2|         array|
|C_BUF_2_ce0         |  out|    1|   ap_memory|                                                                           C_BUF_2|         array|
|C_BUF_2_we0         |  out|    1|   ap_memory|                                                                           C_BUF_2|         array|
|C_BUF_2_d0          |  out|   32|   ap_memory|                                                                           C_BUF_2|         array|
|C_BUF_3_address0    |  out|    9|   ap_memory|                                                                           C_BUF_3|         array|
|C_BUF_3_ce0         |  out|    1|   ap_memory|                                                                           C_BUF_3|         array|
|C_BUF_3_we0         |  out|    1|   ap_memory|                                                                           C_BUF_3|         array|
|C_BUF_3_d0          |  out|   32|   ap_memory|                                                                           C_BUF_3|         array|
|C_BUF_1_address0    |  out|    9|   ap_memory|                                                                           C_BUF_1|         array|
|C_BUF_1_ce0         |  out|    1|   ap_memory|                                                                           C_BUF_1|         array|
|C_BUF_1_we0         |  out|    1|   ap_memory|                                                                           C_BUF_1|         array|
|C_BUF_1_d0          |  out|   32|   ap_memory|                                                                           C_BUF_1|         array|
+--------------------+-----+-----+------------+----------------------------------------------------------------------------------+--------------+

