

================================================================
== Vitis HLS Report for 'dataflow_in_loop_mat_mul_i_13220'
================================================================
* Date:           Tue Jun  2 20:38:31 2026

* Version:        2023.2 (Build 4023990 on Oct 11 2023)
* Project:        hls_project
* Solution:       gemm2 (Vitis Kernel Flow Target)
* Product family: versalaicore
* Target device:  xcvc1902-vsva2197-2MP-e-S


================================================================
== Performance Estimates
================================================================
+ Timing: 
    * Summary: 
    +--------+---------+----------+------------+
    |  Clock |  Target | Estimated| Uncertainty|
    +--------+---------+----------+------------+
    |ap_clk  |  3.33 ns|  2.180 ns|     0.90 ns|
    +--------+---------+----------+------------+

+ Latency: 
    * Summary: 
    +---------+---------+-----------+-----------+-----+-----+----------+
    |  Latency (cycles) |   Latency (absolute)  |  Interval | Pipeline |
    |   min   |   max   |    min    |    max    | min | max |   Type   |
    +---------+---------+-----------+-----------+-----+-----+----------+
    |       23|       23|  76.659 ns|  76.659 ns|   23|   23|  dataflow|
    +---------+---------+-----------+-----------+-----+-----+----------+

    + Detail: 
        * Instance: 
        +----------------------------------------------------------+-------------------------------------------------------+---------+---------+-----------+-----------+-----+-----+---------+
        |                                                          |                                                       |  Latency (cycles) |   Latency (absolute)  |  Interval | Pipeline|
        |                         Instance                         |                         Module                        |   min   |   max   |    min    |    max    | min | max |   Type  |
        +----------------------------------------------------------+-------------------------------------------------------+---------+---------+-----------+-----------+-----+-----+---------+
        |dataflow_in_loop_mat_mul_i_132_Loop_mat_mul_k_proc222_U0  |dataflow_in_loop_mat_mul_i_132_Loop_mat_mul_k_proc222  |       22|       22|  73.326 ns|  73.326 ns|   22|   22|       no|
        |Block_newFuncRoot_proc_proc86_U0                          |Block_newFuncRoot_proc_proc86                          |        0|        0|       0 ns|       0 ns|    0|    0|       no|
        |Block_newFuncRoot_proc_proc88_U0                          |Block_newFuncRoot_proc_proc88                          |        0|        0|       0 ns|       0 ns|    0|    0|       no|
        |Block_newFuncRoot_proc_proc90_U0                          |Block_newFuncRoot_proc_proc90                          |        0|        0|       0 ns|       0 ns|    0|    0|       no|
        |Block_newFuncRoot_proc_proc92_U0                          |Block_newFuncRoot_proc_proc92                          |        0|        0|       0 ns|       0 ns|    0|    0|       no|
        |Block_newFuncRoot_proc_proc94_U0                          |Block_newFuncRoot_proc_proc94                          |        0|        0|       0 ns|       0 ns|    0|    0|       no|
        |Block_newFuncRoot_proc_proc96_U0                          |Block_newFuncRoot_proc_proc96                          |        0|        0|       0 ns|       0 ns|    0|    0|       no|
        |Block_newFuncRoot_proc_proc98_U0                          |Block_newFuncRoot_proc_proc98                          |        0|        0|       0 ns|       0 ns|    0|    0|       no|
        |Block_newFuncRoot_proc_proc100_U0                         |Block_newFuncRoot_proc_proc100                         |        0|        0|       0 ns|       0 ns|    0|    0|       no|
        |Block_newFuncRoot_proc_proc102_U0                         |Block_newFuncRoot_proc_proc102                         |        0|        0|       0 ns|       0 ns|    0|    0|       no|
        |Block_newFuncRoot_proc_proc104_U0                         |Block_newFuncRoot_proc_proc104                         |        0|        0|       0 ns|       0 ns|    0|    0|       no|
        |Block_newFuncRoot_proc_proc106_U0                         |Block_newFuncRoot_proc_proc106                         |        0|        0|       0 ns|       0 ns|    0|    0|       no|
        |Block_newFuncRoot_proc_proc108_U0                         |Block_newFuncRoot_proc_proc108                         |        0|        0|       0 ns|       0 ns|    0|    0|       no|
        |Block_newFuncRoot_proc_proc110_U0                         |Block_newFuncRoot_proc_proc110                         |        0|        0|       0 ns|       0 ns|    0|    0|       no|
        |Block_newFuncRoot_proc_proc112_U0                         |Block_newFuncRoot_proc_proc112                         |        0|        0|       0 ns|       0 ns|    0|    0|       no|
        |Block_newFuncRoot_proc_proc114_U0                         |Block_newFuncRoot_proc_proc114                         |        0|        0|       0 ns|       0 ns|    0|    0|       no|
        |Block_newFuncRoot_proc_proc116_U0                         |Block_newFuncRoot_proc_proc116                         |        0|        0|       0 ns|       0 ns|    0|    0|       no|
        |Block_newFuncRoot_proc_proc118_U0                         |Block_newFuncRoot_proc_proc118                         |        0|        0|       0 ns|       0 ns|    0|    0|       no|
        |Block_newFuncRoot_proc_proc120_U0                         |Block_newFuncRoot_proc_proc120                         |        0|        0|       0 ns|       0 ns|    0|    0|       no|
        |Block_newFuncRoot_proc_proc122_U0                         |Block_newFuncRoot_proc_proc122                         |        0|        0|       0 ns|       0 ns|    0|    0|       no|
        |Block_newFuncRoot_proc_proc124_U0                         |Block_newFuncRoot_proc_proc124                         |        0|        0|       0 ns|       0 ns|    0|    0|       no|
        |Block_newFuncRoot_proc_proc126_U0                         |Block_newFuncRoot_proc_proc126                         |        0|        0|       0 ns|       0 ns|    0|    0|       no|
        |Block_newFuncRoot_proc_proc128_U0                         |Block_newFuncRoot_proc_proc128                         |        0|        0|       0 ns|       0 ns|    0|    0|       no|
        |Block_newFuncRoot_proc_proc130_U0                         |Block_newFuncRoot_proc_proc130                         |        0|        0|       0 ns|       0 ns|    0|    0|       no|
        |Block_newFuncRoot_proc_proc132_U0                         |Block_newFuncRoot_proc_proc132                         |        0|        0|       0 ns|       0 ns|    0|    0|       no|
        |Block_newFuncRoot_proc_proc134_U0                         |Block_newFuncRoot_proc_proc134                         |        0|        0|       0 ns|       0 ns|    0|    0|       no|
        |Block_newFuncRoot_proc_proc136_U0                         |Block_newFuncRoot_proc_proc136                         |        0|        0|       0 ns|       0 ns|    0|    0|       no|
        |Block_newFuncRoot_proc_proc138_U0                         |Block_newFuncRoot_proc_proc138                         |        0|        0|       0 ns|       0 ns|    0|    0|       no|
        |Block_newFuncRoot_proc_proc140_U0                         |Block_newFuncRoot_proc_proc140                         |        0|        0|       0 ns|       0 ns|    0|    0|       no|
        |Block_newFuncRoot_proc_proc142_U0                         |Block_newFuncRoot_proc_proc142                         |        0|        0|       0 ns|       0 ns|    0|    0|       no|
        |Block_newFuncRoot_proc_proc144_U0                         |Block_newFuncRoot_proc_proc144                         |        0|        0|       0 ns|       0 ns|    0|    0|       no|
        |Block_newFuncRoot_proc_proc146_U0                         |Block_newFuncRoot_proc_proc146                         |        0|        0|       0 ns|       0 ns|    0|    0|       no|
        |Block_newFuncRoot_proc_proc148_U0                         |Block_newFuncRoot_proc_proc148                         |        0|        0|       0 ns|       0 ns|    0|    0|       no|
        |Block_newFuncRoot_proc_proc87_U0                          |Block_newFuncRoot_proc_proc87                          |        0|        0|       0 ns|       0 ns|    0|    0|       no|
        |Block_newFuncRoot_proc_proc89_U0                          |Block_newFuncRoot_proc_proc89                          |        0|        0|       0 ns|       0 ns|    0|    0|       no|
        |Block_newFuncRoot_proc_proc91_U0                          |Block_newFuncRoot_proc_proc91                          |        0|        0|       0 ns|       0 ns|    0|    0|       no|
        |Block_newFuncRoot_proc_proc93_U0                          |Block_newFuncRoot_proc_proc93                          |        0|        0|       0 ns|       0 ns|    0|    0|       no|
        |Block_newFuncRoot_proc_proc95_U0                          |Block_newFuncRoot_proc_proc95                          |        0|        0|       0 ns|       0 ns|    0|    0|       no|
        |Block_newFuncRoot_proc_proc97_U0                          |Block_newFuncRoot_proc_proc97                          |        0|        0|       0 ns|       0 ns|    0|    0|       no|
        |Block_newFuncRoot_proc_proc99_U0                          |Block_newFuncRoot_proc_proc99                          |        0|        0|       0 ns|       0 ns|    0|    0|       no|
        |Block_newFuncRoot_proc_proc101_U0                         |Block_newFuncRoot_proc_proc101                         |        0|        0|       0 ns|       0 ns|    0|    0|       no|
        |Block_newFuncRoot_proc_proc103_U0                         |Block_newFuncRoot_proc_proc103                         |        0|        0|       0 ns|       0 ns|    0|    0|       no|
        |Block_newFuncRoot_proc_proc105_U0                         |Block_newFuncRoot_proc_proc105                         |        0|        0|       0 ns|       0 ns|    0|    0|       no|
        |Block_newFuncRoot_proc_proc107_U0                         |Block_newFuncRoot_proc_proc107                         |        0|        0|       0 ns|       0 ns|    0|    0|       no|
        |Block_newFuncRoot_proc_proc109_U0                         |Block_newFuncRoot_proc_proc109                         |        0|        0|       0 ns|       0 ns|    0|    0|       no|
        |Block_newFuncRoot_proc_proc111_U0                         |Block_newFuncRoot_proc_proc111                         |        0|        0|       0 ns|       0 ns|    0|    0|       no|
        |Block_newFuncRoot_proc_proc113_U0                         |Block_newFuncRoot_proc_proc113                         |        0|        0|       0 ns|       0 ns|    0|    0|       no|
        |Block_newFuncRoot_proc_proc115_U0                         |Block_newFuncRoot_proc_proc115                         |        0|        0|       0 ns|       0 ns|    0|    0|       no|
        |Block_newFuncRoot_proc_proc117_U0                         |Block_newFuncRoot_proc_proc117                         |        0|        0|       0 ns|       0 ns|    0|    0|       no|
        |Block_newFuncRoot_proc_proc119_U0                         |Block_newFuncRoot_proc_proc119                         |        0|        0|       0 ns|       0 ns|    0|    0|       no|
        |Block_newFuncRoot_proc_proc121_U0                         |Block_newFuncRoot_proc_proc121                         |        0|        0|       0 ns|       0 ns|    0|    0|       no|
        |Block_newFuncRoot_proc_proc123_U0                         |Block_newFuncRoot_proc_proc123                         |        0|        0|       0 ns|       0 ns|    0|    0|       no|
        |Block_newFuncRoot_proc_proc125_U0                         |Block_newFuncRoot_proc_proc125                         |        0|        0|       0 ns|       0 ns|    0|    0|       no|
        |Block_newFuncRoot_proc_proc127_U0                         |Block_newFuncRoot_proc_proc127                         |        0|        0|       0 ns|       0 ns|    0|    0|       no|
        |Block_newFuncRoot_proc_proc129_U0                         |Block_newFuncRoot_proc_proc129                         |        0|        0|       0 ns|       0 ns|    0|    0|       no|
        |Block_newFuncRoot_proc_proc131_U0                         |Block_newFuncRoot_proc_proc131                         |        0|        0|       0 ns|       0 ns|    0|    0|       no|
        |Block_newFuncRoot_proc_proc133_U0                         |Block_newFuncRoot_proc_proc133                         |        0|        0|       0 ns|       0 ns|    0|    0|       no|
        |Block_newFuncRoot_proc_proc135_U0                         |Block_newFuncRoot_proc_proc135                         |        0|        0|       0 ns|       0 ns|    0|    0|       no|
        |Block_newFuncRoot_proc_proc137_U0                         |Block_newFuncRoot_proc_proc137                         |        0|        0|       0 ns|       0 ns|    0|    0|       no|
        |Block_newFuncRoot_proc_proc139_U0                         |Block_newFuncRoot_proc_proc139                         |        0|        0|       0 ns|       0 ns|    0|    0|       no|
        |Block_newFuncRoot_proc_proc141_U0                         |Block_newFuncRoot_proc_proc141                         |        0|        0|       0 ns|       0 ns|    0|    0|       no|
        |Block_newFuncRoot_proc_proc143_U0                         |Block_newFuncRoot_proc_proc143                         |        0|        0|       0 ns|       0 ns|    0|    0|       no|
        |Block_newFuncRoot_proc_proc145_U0                         |Block_newFuncRoot_proc_proc145                         |        0|        0|       0 ns|       0 ns|    0|    0|       no|
        |Block_newFuncRoot_proc_proc147_U0                         |Block_newFuncRoot_proc_proc147                         |        0|        0|       0 ns|       0 ns|    0|    0|       no|
        |Block_newFuncRoot_proc_proc149_U0                         |Block_newFuncRoot_proc_proc149                         |        0|        0|       0 ns|       0 ns|    0|    0|       no|
        +----------------------------------------------------------+-------------------------------------------------------+---------+---------+-----------+-----------+-----+-----+---------+

        * Loop: 
        N/A



================================================================
== Utilization Estimates
================================================================
* Summary: 
+-----------------+---------+------+---------+--------+-----+
|       Name      | BRAM_18K|  DSP |    FF   |   LUT  | URAM|
+-----------------+---------+------+---------+--------+-----+
|DSP              |        -|     -|        -|       -|    -|
|Expression       |        -|     -|        0|     136|    -|
|FIFO             |        0|     -|     6592|    4224|    -|
|Instance         |        -|   128|     9113|    8069|    -|
|Memory           |        -|     -|        -|       -|    -|
|Multiplexer      |        -|     -|        -|      64|    -|
|Register         |        -|     -|       32|       -|    -|
+-----------------+---------+------+---------+--------+-----+
|Total            |        0|   128|    15737|   12493|    0|
+-----------------+---------+------+---------+--------+-----+
|Available        |     1934|  1968|  1799680|  899840|  463|
+-----------------+---------+------+---------+--------+-----+
|Utilization (%)  |        0|     6|       ~0|       1|    0|
+-----------------+---------+------+---------+--------+-----+

+ Detail: 
    * Instance: 
    +----------------------------------------------------------+-------------------------------------------------------+---------+-----+------+------+-----+
    |                         Instance                         |                         Module                        | BRAM_18K| DSP |  FF  |  LUT | URAM|
    +----------------------------------------------------------+-------------------------------------------------------+---------+-----+------+------+-----+
    |Block_newFuncRoot_proc_proc100_U0                         |Block_newFuncRoot_proc_proc100                         |        0|    0|    34|    36|    0|
    |Block_newFuncRoot_proc_proc101_U0                         |Block_newFuncRoot_proc_proc101                         |        0|    0|     2|     6|    0|
    |Block_newFuncRoot_proc_proc102_U0                         |Block_newFuncRoot_proc_proc102                         |        0|    0|    34|    36|    0|
    |Block_newFuncRoot_proc_proc103_U0                         |Block_newFuncRoot_proc_proc103                         |        0|    0|     2|     6|    0|
    |Block_newFuncRoot_proc_proc104_U0                         |Block_newFuncRoot_proc_proc104                         |        0|    0|    34|    36|    0|
    |Block_newFuncRoot_proc_proc105_U0                         |Block_newFuncRoot_proc_proc105                         |        0|    0|     2|     6|    0|
    |Block_newFuncRoot_proc_proc106_U0                         |Block_newFuncRoot_proc_proc106                         |        0|    0|    34|    36|    0|
    |Block_newFuncRoot_proc_proc107_U0                         |Block_newFuncRoot_proc_proc107                         |        0|    0|     2|     6|    0|
    |Block_newFuncRoot_proc_proc108_U0                         |Block_newFuncRoot_proc_proc108                         |        0|    0|    34|    36|    0|
    |Block_newFuncRoot_proc_proc109_U0                         |Block_newFuncRoot_proc_proc109                         |        0|    0|     2|     6|    0|
    |Block_newFuncRoot_proc_proc110_U0                         |Block_newFuncRoot_proc_proc110                         |        0|    0|    34|    36|    0|
    |Block_newFuncRoot_proc_proc111_U0                         |Block_newFuncRoot_proc_proc111                         |        0|    0|     2|     6|    0|
    |Block_newFuncRoot_proc_proc112_U0                         |Block_newFuncRoot_proc_proc112                         |        0|    0|    34|    36|    0|
    |Block_newFuncRoot_proc_proc113_U0                         |Block_newFuncRoot_proc_proc113                         |        0|    0|     2|     6|    0|
    |Block_newFuncRoot_proc_proc114_U0                         |Block_newFuncRoot_proc_proc114                         |        0|    0|    34|    36|    0|
    |Block_newFuncRoot_proc_proc115_U0                         |Block_newFuncRoot_proc_proc115                         |        0|    0|     2|     6|    0|
    |Block_newFuncRoot_proc_proc116_U0                         |Block_newFuncRoot_proc_proc116                         |        0|    0|    34|    36|    0|
    |Block_newFuncRoot_proc_proc117_U0                         |Block_newFuncRoot_proc_proc117                         |        0|    0|     2|     6|    0|
    |Block_newFuncRoot_proc_proc118_U0                         |Block_newFuncRoot_proc_proc118                         |        0|    0|    34|    36|    0|
    |Block_newFuncRoot_proc_proc119_U0                         |Block_newFuncRoot_proc_proc119                         |        0|    0|     2|     6|    0|
    |Block_newFuncRoot_proc_proc120_U0                         |Block_newFuncRoot_proc_proc120                         |        0|    0|    34|    36|    0|
    |Block_newFuncRoot_proc_proc121_U0                         |Block_newFuncRoot_proc_proc121                         |        0|    0|     2|     6|    0|
    |Block_newFuncRoot_proc_proc122_U0                         |Block_newFuncRoot_proc_proc122                         |        0|    0|    34|    36|    0|
    |Block_newFuncRoot_proc_proc123_U0                         |Block_newFuncRoot_proc_proc123                         |        0|    0|     2|     6|    0|
    |Block_newFuncRoot_proc_proc124_U0                         |Block_newFuncRoot_proc_proc124                         |        0|    0|    34|    36|    0|
    |Block_newFuncRoot_proc_proc125_U0                         |Block_newFuncRoot_proc_proc125                         |        0|    0|     2|     6|    0|
    |Block_newFuncRoot_proc_proc126_U0                         |Block_newFuncRoot_proc_proc126                         |        0|    0|    34|    36|    0|
    |Block_newFuncRoot_proc_proc127_U0                         |Block_newFuncRoot_proc_proc127                         |        0|    0|     2|     6|    0|
    |Block_newFuncRoot_proc_proc128_U0                         |Block_newFuncRoot_proc_proc128                         |        0|    0|    34|    36|    0|
    |Block_newFuncRoot_proc_proc129_U0                         |Block_newFuncRoot_proc_proc129                         |        0|    0|     2|     6|    0|
    |Block_newFuncRoot_proc_proc130_U0                         |Block_newFuncRoot_proc_proc130                         |        0|    0|    34|    36|    0|
    |Block_newFuncRoot_proc_proc131_U0                         |Block_newFuncRoot_proc_proc131                         |        0|    0|     2|     6|    0|
    |Block_newFuncRoot_proc_proc132_U0                         |Block_newFuncRoot_proc_proc132                         |        0|    0|    34|    36|    0|
    |Block_newFuncRoot_proc_proc133_U0                         |Block_newFuncRoot_proc_proc133                         |        0|    0|     2|     6|    0|
    |Block_newFuncRoot_proc_proc134_U0                         |Block_newFuncRoot_proc_proc134                         |        0|    0|    34|    36|    0|
    |Block_newFuncRoot_proc_proc135_U0                         |Block_newFuncRoot_proc_proc135                         |        0|    0|     2|     6|    0|
    |Block_newFuncRoot_proc_proc136_U0                         |Block_newFuncRoot_proc_proc136                         |        0|    0|    34|    36|    0|
    |Block_newFuncRoot_proc_proc137_U0                         |Block_newFuncRoot_proc_proc137                         |        0|    0|     2|     6|    0|
    |Block_newFuncRoot_proc_proc138_U0                         |Block_newFuncRoot_proc_proc138                         |        0|    0|    34|    36|    0|
    |Block_newFuncRoot_proc_proc139_U0                         |Block_newFuncRoot_proc_proc139                         |        0|    0|     2|     6|    0|
    |Block_newFuncRoot_proc_proc140_U0                         |Block_newFuncRoot_proc_proc140                         |        0|    0|    34|    36|    0|
    |Block_newFuncRoot_proc_proc141_U0                         |Block_newFuncRoot_proc_proc141                         |        0|    0|     2|     6|    0|
    |Block_newFuncRoot_proc_proc142_U0                         |Block_newFuncRoot_proc_proc142                         |        0|    0|    34|    36|    0|
    |Block_newFuncRoot_proc_proc143_U0                         |Block_newFuncRoot_proc_proc143                         |        0|    0|     2|     6|    0|
    |Block_newFuncRoot_proc_proc144_U0                         |Block_newFuncRoot_proc_proc144                         |        0|    0|    34|    36|    0|
    |Block_newFuncRoot_proc_proc145_U0                         |Block_newFuncRoot_proc_proc145                         |        0|    0|     2|     6|    0|
    |Block_newFuncRoot_proc_proc146_U0                         |Block_newFuncRoot_proc_proc146                         |        0|    0|    34|    36|    0|
    |Block_newFuncRoot_proc_proc147_U0                         |Block_newFuncRoot_proc_proc147                         |        0|    0|     2|     6|    0|
    |Block_newFuncRoot_proc_proc148_U0                         |Block_newFuncRoot_proc_proc148                         |        0|    0|    34|    36|    0|
    |Block_newFuncRoot_proc_proc149_U0                         |Block_newFuncRoot_proc_proc149                         |        0|    0|     2|     6|    0|
    |Block_newFuncRoot_proc_proc86_U0                          |Block_newFuncRoot_proc_proc86                          |        0|    0|    34|    36|    0|
    |Block_newFuncRoot_proc_proc87_U0                          |Block_newFuncRoot_proc_proc87                          |        0|    0|     2|     6|    0|
    |Block_newFuncRoot_proc_proc88_U0                          |Block_newFuncRoot_proc_proc88                          |        0|    0|    34|    36|    0|
    |Block_newFuncRoot_proc_proc89_U0                          |Block_newFuncRoot_proc_proc89                          |        0|    0|     2|     6|    0|
    |Block_newFuncRoot_proc_proc90_U0                          |Block_newFuncRoot_proc_proc90                          |        0|    0|    34|    36|    0|
    |Block_newFuncRoot_proc_proc91_U0                          |Block_newFuncRoot_proc_proc91                          |        0|    0|     2|     6|    0|
    |Block_newFuncRoot_proc_proc92_U0                          |Block_newFuncRoot_proc_proc92                          |        0|    0|    34|    36|    0|
    |Block_newFuncRoot_proc_proc93_U0                          |Block_newFuncRoot_proc_proc93                          |        0|    0|     2|     6|    0|
    |Block_newFuncRoot_proc_proc94_U0                          |Block_newFuncRoot_proc_proc94                          |        0|    0|    34|    36|    0|
    |Block_newFuncRoot_proc_proc95_U0                          |Block_newFuncRoot_proc_proc95                          |        0|    0|     2|     6|    0|
    |Block_newFuncRoot_proc_proc96_U0                          |Block_newFuncRoot_proc_proc96                          |        0|    0|    34|    36|    0|
    |Block_newFuncRoot_proc_proc97_U0                          |Block_newFuncRoot_proc_proc97                          |        0|    0|     2|     6|    0|
    |Block_newFuncRoot_proc_proc98_U0                          |Block_newFuncRoot_proc_proc98                          |        0|    0|    34|    36|    0|
    |Block_newFuncRoot_proc_proc99_U0                          |Block_newFuncRoot_proc_proc99                          |        0|    0|     2|     6|    0|
    |dataflow_in_loop_mat_mul_i_132_Loop_mat_mul_k_proc222_U0  |dataflow_in_loop_mat_mul_i_132_Loop_mat_mul_k_proc222  |        0|  128|  7961|  6725|    0|
    +----------------------------------------------------------+-------------------------------------------------------+---------+-----+------+------+-----+
    |Total                                                     |                                                       |        0|  128|  9113|  8069|    0|
    +----------------------------------------------------------+-------------------------------------------------------+---------+-----+------+------+-----+

    * DSP: 
    N/A

    * Memory: 
    N/A

    * FIFO: 
    +-----------------------+---------+-----+----+-----+------+-----+---------+
    |          Name         | BRAM_18K|  FF | LUT| URAM| Depth| Bits| Size:D*B|
    +-----------------------+---------+-----+----+-----+------+-----+---------+
    |empty_100_U            |        0|  103|   0|    -|     2|   32|       64|
    |empty_101_U            |        0|  103|   0|    -|     2|   32|       64|
    |empty_102_U            |        0|  103|   0|    -|     2|   32|       64|
    |empty_103_U            |        0|  103|   0|    -|     2|   32|       64|
    |empty_104_U            |        0|  103|   0|    -|     2|   32|       64|
    |empty_105_U            |        0|  103|   0|    -|     2|   32|       64|
    |empty_106_U            |        0|  103|   0|    -|     2|   32|       64|
    |empty_107_U            |        0|  103|   0|    -|     2|   32|       64|
    |empty_108_U            |        0|  103|   0|    -|     2|   32|       64|
    |empty_109_U            |        0|  103|   0|    -|     2|   32|       64|
    |empty_110_U            |        0|  103|   0|    -|     2|   32|       64|
    |empty_111_U            |        0|  103|   0|    -|     2|   32|       64|
    |empty_112_U            |        0|  103|   0|    -|     2|   32|       64|
    |empty_113_U            |        0|  103|   0|    -|     2|   32|       64|
    |empty_83_U             |        0|  103|   0|    -|     2|   32|       64|
    |empty_84_U             |        0|  103|   0|    -|     2|   32|       64|
    |empty_85_U             |        0|  103|   0|    -|     2|   32|       64|
    |empty_86_U             |        0|  103|   0|    -|     2|   32|       64|
    |empty_87_U             |        0|  103|   0|    -|     2|   32|       64|
    |empty_88_U             |        0|  103|   0|    -|     2|   32|       64|
    |empty_89_U             |        0|  103|   0|    -|     2|   32|       64|
    |empty_90_U             |        0|  103|   0|    -|     2|   32|       64|
    |empty_91_U             |        0|  103|   0|    -|     2|   32|       64|
    |empty_92_U             |        0|  103|   0|    -|     2|   32|       64|
    |empty_93_U             |        0|  103|   0|    -|     2|   32|       64|
    |empty_94_U             |        0|  103|   0|    -|     2|   32|       64|
    |empty_95_U             |        0|  103|   0|    -|     2|   32|       64|
    |empty_96_U             |        0|  103|   0|    -|     2|   32|       64|
    |empty_97_U             |        0|  103|   0|    -|     2|   32|       64|
    |empty_98_U             |        0|  103|   0|    -|     2|   32|       64|
    |empty_99_U             |        0|  103|   0|    -|     2|   32|       64|
    |empty_U                |        0|  103|   0|    -|     2|   32|       64|
    |psum_10_loc_channel_U  |        0|  103|   0|    -|     2|   32|       64|
    |psum_11_loc_channel_U  |        0|  103|   0|    -|     2|   32|       64|
    |psum_12_loc_channel_U  |        0|  103|   0|    -|     2|   32|       64|
    |psum_13_loc_channel_U  |        0|  103|   0|    -|     2|   32|       64|
    |psum_14_loc_channel_U  |        0|  103|   0|    -|     2|   32|       64|
    |psum_15_loc_channel_U  |        0|  103|   0|    -|     2|   32|       64|
    |psum_16_loc_channel_U  |        0|  103|   0|    -|     2|   32|       64|
    |psum_17_loc_channel_U  |        0|  103|   0|    -|     2|   32|       64|
    |psum_18_loc_channel_U  |        0|  103|   0|    -|     2|   32|       64|
    |psum_19_loc_channel_U  |        0|  103|   0|    -|     2|   32|       64|
    |psum_1_loc_channel_U   |        0|  103|   0|    -|     2|   32|       64|
    |psum_20_loc_channel_U  |        0|  103|   0|    -|     2|   32|       64|
    |psum_21_loc_channel_U  |        0|  103|   0|    -|     2|   32|       64|
    |psum_22_loc_channel_U  |        0|  103|   0|    -|     2|   32|       64|
    |psum_23_loc_channel_U  |        0|  103|   0|    -|     2|   32|       64|
    |psum_24_loc_channel_U  |        0|  103|   0|    -|     2|   32|       64|
    |psum_25_loc_channel_U  |        0|  103|   0|    -|     2|   32|       64|
    |psum_26_loc_channel_U  |        0|  103|   0|    -|     2|   32|       64|
    |psum_27_loc_channel_U  |        0|  103|   0|    -|     2|   32|       64|
    |psum_28_loc_channel_U  |        0|  103|   0|    -|     2|   32|       64|
    |psum_29_loc_channel_U  |        0|  103|   0|    -|     2|   32|       64|
    |psum_2_loc_channel_U   |        0|  103|   0|    -|     2|   32|       64|
    |psum_30_loc_channel_U  |        0|  103|   0|    -|     2|   32|       64|
    |psum_31_loc_channel_U  |        0|  103|   0|    -|     2|   32|       64|
    |psum_3_loc_channel_U   |        0|  103|   0|    -|     2|   32|       64|
    |psum_4_loc_channel_U   |        0|  103|   0|    -|     2|   32|       64|
    |psum_5_loc_channel_U   |        0|  103|   0|    -|     2|   32|       64|
    |psum_6_loc_channel_U   |        0|  103|   0|    -|     2|   32|       64|
    |psum_7_loc_channel_U   |        0|  103|   0|    -|     2|   32|       64|
    |psum_8_loc_channel_U   |        0|  103|   0|    -|     2|   32|       64|
    |psum_9_loc_channel_U   |        0|  103|   0|    -|     2|   32|       64|
    |psum_loc_channel_U     |        0|  103|   0|    -|     2|   32|       64|
    +-----------------------+---------+-----+----+-----+------+-----+---------+
    |Total                  |        0| 6592|   0|    0|   128| 2048|     4096|
    +-----------------------+---------+-----+----+-----+------+-----+---------+

    * Expression: 
    +----------------------------------------------------------------------+----------+----+---+----+------------+------------+
    |                             Variable Name                            | Operation| DSP| FF| LUT| Bitwidth P0| Bitwidth P1|
    +----------------------------------------------------------------------+----------+----+---+----+------------+------------+
    |ap_channel_done_psum_10_loc_channel                                   |       and|   0|  0|   2|           1|           1|
    |ap_channel_done_psum_11_loc_channel                                   |       and|   0|  0|   2|           1|           1|
    |ap_channel_done_psum_12_loc_channel                                   |       and|   0|  0|   2|           1|           1|
    |ap_channel_done_psum_13_loc_channel                                   |       and|   0|  0|   2|           1|           1|
    |ap_channel_done_psum_14_loc_channel                                   |       and|   0|  0|   2|           1|           1|
    |ap_channel_done_psum_15_loc_channel                                   |       and|   0|  0|   2|           1|           1|
    |ap_channel_done_psum_16_loc_channel                                   |       and|   0|  0|   2|           1|           1|
    |ap_channel_done_psum_17_loc_channel                                   |       and|   0|  0|   2|           1|           1|
    |ap_channel_done_psum_18_loc_channel                                   |       and|   0|  0|   2|           1|           1|
    |ap_channel_done_psum_19_loc_channel                                   |       and|   0|  0|   2|           1|           1|
    |ap_channel_done_psum_1_loc_channel                                    |       and|   0|  0|   2|           1|           1|
    |ap_channel_done_psum_20_loc_channel                                   |       and|   0|  0|   2|           1|           1|
    |ap_channel_done_psum_21_loc_channel                                   |       and|   0|  0|   2|           1|           1|
    |ap_channel_done_psum_22_loc_channel                                   |       and|   0|  0|   2|           1|           1|
    |ap_channel_done_psum_23_loc_channel                                   |       and|   0|  0|   2|           1|           1|
    |ap_channel_done_psum_24_loc_channel                                   |       and|   0|  0|   2|           1|           1|
    |ap_channel_done_psum_25_loc_channel                                   |       and|   0|  0|   2|           1|           1|
    |ap_channel_done_psum_26_loc_channel                                   |       and|   0|  0|   2|           1|           1|
    |ap_channel_done_psum_27_loc_channel                                   |       and|   0|  0|   2|           1|           1|
    |ap_channel_done_psum_28_loc_channel                                   |       and|   0|  0|   2|           1|           1|
    |ap_channel_done_psum_29_loc_channel                                   |       and|   0|  0|   2|           1|           1|
    |ap_channel_done_psum_2_loc_channel                                    |       and|   0|  0|   2|           1|           1|
    |ap_channel_done_psum_30_loc_channel                                   |       and|   0|  0|   2|           1|           1|
    |ap_channel_done_psum_31_loc_channel                                   |       and|   0|  0|   2|           1|           1|
    |ap_channel_done_psum_3_loc_channel                                    |       and|   0|  0|   2|           1|           1|
    |ap_channel_done_psum_4_loc_channel                                    |       and|   0|  0|   2|           1|           1|
    |ap_channel_done_psum_5_loc_channel                                    |       and|   0|  0|   2|           1|           1|
    |ap_channel_done_psum_6_loc_channel                                    |       and|   0|  0|   2|           1|           1|
    |ap_channel_done_psum_7_loc_channel                                    |       and|   0|  0|   2|           1|           1|
    |ap_channel_done_psum_8_loc_channel                                    |       and|   0|  0|   2|           1|           1|
    |ap_channel_done_psum_9_loc_channel                                    |       and|   0|  0|   2|           1|           1|
    |ap_channel_done_psum_loc_channel                                      |       and|   0|  0|   2|           1|           1|
    |ap_idle                                                               |       and|   0|  0|   2|           1|           1|
    |ap_sync_continue                                                      |       and|   0|  0|   2|           1|           1|
    |ap_sync_done                                                          |       and|   0|  0|   2|           1|           1|
    |dataflow_in_loop_mat_mul_i_132_Loop_mat_mul_k_proc222_U0_ap_continue  |       and|   0|  0|   2|           1|           1|
    |ap_sync_channel_write_psum_10_loc_channel                             |        or|   0|  0|   2|           1|           1|
    |ap_sync_channel_write_psum_11_loc_channel                             |        or|   0|  0|   2|           1|           1|
    |ap_sync_channel_write_psum_12_loc_channel                             |        or|   0|  0|   2|           1|           1|
    |ap_sync_channel_write_psum_13_loc_channel                             |        or|   0|  0|   2|           1|           1|
    |ap_sync_channel_write_psum_14_loc_channel                             |        or|   0|  0|   2|           1|           1|
    |ap_sync_channel_write_psum_15_loc_channel                             |        or|   0|  0|   2|           1|           1|
    |ap_sync_channel_write_psum_16_loc_channel                             |        or|   0|  0|   2|           1|           1|
    |ap_sync_channel_write_psum_17_loc_channel                             |        or|   0|  0|   2|           1|           1|
    |ap_sync_channel_write_psum_18_loc_channel                             |        or|   0|  0|   2|           1|           1|
    |ap_sync_channel_write_psum_19_loc_channel                             |        or|   0|  0|   2|           1|           1|
    |ap_sync_channel_write_psum_1_loc_channel                              |        or|   0|  0|   2|           1|           1|
    |ap_sync_channel_write_psum_20_loc_channel                             |        or|   0|  0|   2|           1|           1|
    |ap_sync_channel_write_psum_21_loc_channel                             |        or|   0|  0|   2|           1|           1|
    |ap_sync_channel_write_psum_22_loc_channel                             |        or|   0|  0|   2|           1|           1|
    |ap_sync_channel_write_psum_23_loc_channel                             |        or|   0|  0|   2|           1|           1|
    |ap_sync_channel_write_psum_24_loc_channel                             |        or|   0|  0|   2|           1|           1|
    |ap_sync_channel_write_psum_25_loc_channel                             |        or|   0|  0|   2|           1|           1|
    |ap_sync_channel_write_psum_26_loc_channel                             |        or|   0|  0|   2|           1|           1|
    |ap_sync_channel_write_psum_27_loc_channel                             |        or|   0|  0|   2|           1|           1|
    |ap_sync_channel_write_psum_28_loc_channel                             |        or|   0|  0|   2|           1|           1|
    |ap_sync_channel_write_psum_29_loc_channel                             |        or|   0|  0|   2|           1|           1|
    |ap_sync_channel_write_psum_2_loc_channel                              |        or|   0|  0|   2|           1|           1|
    |ap_sync_channel_write_psum_30_loc_channel                             |        or|   0|  0|   2|           1|           1|
    |ap_sync_channel_write_psum_31_loc_channel                             |        or|   0|  0|   2|           1|           1|
    |ap_sync_channel_write_psum_3_loc_channel                              |        or|   0|  0|   2|           1|           1|
    |ap_sync_channel_write_psum_4_loc_channel                              |        or|   0|  0|   2|           1|           1|
    |ap_sync_channel_write_psum_5_loc_channel                              |        or|   0|  0|   2|           1|           1|
    |ap_sync_channel_write_psum_6_loc_channel                              |        or|   0|  0|   2|           1|           1|
    |ap_sync_channel_write_psum_7_loc_channel                              |        or|   0|  0|   2|           1|           1|
    |ap_sync_channel_write_psum_8_loc_channel                              |        or|   0|  0|   2|           1|           1|
    |ap_sync_channel_write_psum_9_loc_channel                              |        or|   0|  0|   2|           1|           1|
    |ap_sync_channel_write_psum_loc_channel                                |        or|   0|  0|   2|           1|           1|
    +----------------------------------------------------------------------+----------+----+---+----+------------+------------+
    |Total                                                                 |          |   0|  0| 136|          68|          68|
    +----------------------------------------------------------------------+----------+----+---+----+------------+------------+

    * Multiplexer: 
    +-----------------------------------------------+----+-----------+-----+-----------+
    |                      Name                     | LUT| Input Size| Bits| Total Bits|
    +-----------------------------------------------+----+-----------+-----+-----------+
    |ap_sync_reg_channel_write_psum_10_loc_channel  |   2|          2|    1|          2|
    |ap_sync_reg_channel_write_psum_11_loc_channel  |   2|          2|    1|          2|
    |ap_sync_reg_channel_write_psum_12_loc_channel  |   2|          2|    1|          2|
    |ap_sync_reg_channel_write_psum_13_loc_channel  |   2|          2|    1|          2|
    |ap_sync_reg_channel_write_psum_14_loc_channel  |   2|          2|    1|          2|
    |ap_sync_reg_channel_write_psum_15_loc_channel  |   2|          2|    1|          2|
    |ap_sync_reg_channel_write_psum_16_loc_channel  |   2|          2|    1|          2|
    |ap_sync_reg_channel_write_psum_17_loc_channel  |   2|          2|    1|          2|
    |ap_sync_reg_channel_write_psum_18_loc_channel  |   2|          2|    1|          2|
    |ap_sync_reg_channel_write_psum_19_loc_channel  |   2|          2|    1|          2|
    |ap_sync_reg_channel_write_psum_1_loc_channel   |   2|          2|    1|          2|
    |ap_sync_reg_channel_write_psum_20_loc_channel  |   2|          2|    1|          2|
    |ap_sync_reg_channel_write_psum_21_loc_channel  |   2|          2|    1|          2|
    |ap_sync_reg_channel_write_psum_22_loc_channel  |   2|          2|    1|          2|
    |ap_sync_reg_channel_write_psum_23_loc_channel  |   2|          2|    1|          2|
    |ap_sync_reg_channel_write_psum_24_loc_channel  |   2|          2|    1|          2|
    |ap_sync_reg_channel_write_psum_25_loc_channel  |   2|          2|    1|          2|
    |ap_sync_reg_channel_write_psum_26_loc_channel  |   2|          2|    1|          2|
    |ap_sync_reg_channel_write_psum_27_loc_channel  |   2|          2|    1|          2|
    |ap_sync_reg_channel_write_psum_28_loc_channel  |   2|          2|    1|          2|
    |ap_sync_reg_channel_write_psum_29_loc_channel  |   2|          2|    1|          2|
    |ap_sync_reg_channel_write_psum_2_loc_channel   |   2|          2|    1|          2|
    |ap_sync_reg_channel_write_psum_30_loc_channel  |   2|          2|    1|          2|
    |ap_sync_reg_channel_write_psum_31_loc_channel  |   2|          2|    1|          2|
    |ap_sync_reg_channel_write_psum_3_loc_channel   |   2|          2|    1|          2|
    |ap_sync_reg_channel_write_psum_4_loc_channel   |   2|          2|    1|          2|
    |ap_sync_reg_channel_write_psum_5_loc_channel   |   2|          2|    1|          2|
    |ap_sync_reg_channel_write_psum_6_loc_channel   |   2|          2|    1|          2|
    |ap_sync_reg_channel_write_psum_7_loc_channel   |   2|          2|    1|          2|
    |ap_sync_reg_channel_write_psum_8_loc_channel   |   2|          2|    1|          2|
    |ap_sync_reg_channel_write_psum_9_loc_channel   |   2|          2|    1|          2|
    |ap_sync_reg_channel_write_psum_loc_channel     |   2|          2|    1|          2|
    +-----------------------------------------------+----+-----------+-----+-----------+
    |Total                                          |  64|         64|   32|         64|
    +-----------------------------------------------+----+-----------+-----+-----------+

    * Register: 
    +-----------------------------------------------+---+----+-----+-----------+
    |                      Name                     | FF| LUT| Bits| Const Bits|
    +-----------------------------------------------+---+----+-----+-----------+
    |ap_sync_reg_channel_write_psum_10_loc_channel  |  1|   0|    1|          0|
    |ap_sync_reg_channel_write_psum_11_loc_channel  |  1|   0|    1|          0|
    |ap_sync_reg_channel_write_psum_12_loc_channel  |  1|   0|    1|          0|
    |ap_sync_reg_channel_write_psum_13_loc_channel  |  1|   0|    1|          0|
    |ap_sync_reg_channel_write_psum_14_loc_channel  |  1|   0|    1|          0|
    |ap_sync_reg_channel_write_psum_15_loc_channel  |  1|   0|    1|          0|
    |ap_sync_reg_channel_write_psum_16_loc_channel  |  1|   0|    1|          0|
    |ap_sync_reg_channel_write_psum_17_loc_channel  |  1|   0|    1|          0|
    |ap_sync_reg_channel_write_psum_18_loc_channel  |  1|   0|    1|          0|
    |ap_sync_reg_channel_write_psum_19_loc_channel  |  1|   0|    1|          0|
    |ap_sync_reg_channel_write_psum_1_loc_channel   |  1|   0|    1|          0|
    |ap_sync_reg_channel_write_psum_20_loc_channel  |  1|   0|    1|          0|
    |ap_sync_reg_channel_write_psum_21_loc_channel  |  1|   0|    1|          0|
    |ap_sync_reg_channel_write_psum_22_loc_channel  |  1|   0|    1|          0|
    |ap_sync_reg_channel_write_psum_23_loc_channel  |  1|   0|    1|          0|
    |ap_sync_reg_channel_write_psum_24_loc_channel  |  1|   0|    1|          0|
    |ap_sync_reg_channel_write_psum_25_loc_channel  |  1|   0|    1|          0|
    |ap_sync_reg_channel_write_psum_26_loc_channel  |  1|   0|    1|          0|
    |ap_sync_reg_channel_write_psum_27_loc_channel  |  1|   0|    1|          0|
    |ap_sync_reg_channel_write_psum_28_loc_channel  |  1|   0|    1|          0|
    |ap_sync_reg_channel_write_psum_29_loc_channel  |  1|   0|    1|          0|
    |ap_sync_reg_channel_write_psum_2_loc_channel   |  1|   0|    1|          0|
    |ap_sync_reg_channel_write_psum_30_loc_channel  |  1|   0|    1|          0|
    |ap_sync_reg_channel_write_psum_31_loc_channel  |  1|   0|    1|          0|
    |ap_sync_reg_channel_write_psum_3_loc_channel   |  1|   0|    1|          0|
    |ap_sync_reg_channel_write_psum_4_loc_channel   |  1|   0|    1|          0|
    |ap_sync_reg_channel_write_psum_5_loc_channel   |  1|   0|    1|          0|
    |ap_sync_reg_channel_write_psum_6_loc_channel   |  1|   0|    1|          0|
    |ap_sync_reg_channel_write_psum_7_loc_channel   |  1|   0|    1|          0|
    |ap_sync_reg_channel_write_psum_8_loc_channel   |  1|   0|    1|          0|
    |ap_sync_reg_channel_write_psum_9_loc_channel   |  1|   0|    1|          0|
    |ap_sync_reg_channel_write_psum_loc_channel     |  1|   0|    1|          0|
    +-----------------------------------------------+---+----+-----+-----------+
    |Total                                          | 32|   0|   32|          0|
    +-----------------------------------------------+---+----+-----+-----------+



================================================================
== Interface
================================================================
* Summary: 
+------------------------+-----+-----+------------+----------------------------------+--------------+
|        RTL Ports       | Dir | Bits|  Protocol  |           Source Object          |    C Type    |
+------------------------+-----+-----+------------+----------------------------------+--------------+
|A_streams_1_14_dout     |   in|   32|     ap_fifo|                    A_streams_1_14|       pointer|
|A_streams_1_14_empty_n  |   in|    1|     ap_fifo|                    A_streams_1_14|       pointer|
|A_streams_1_14_read     |  out|    1|     ap_fifo|                    A_streams_1_14|       pointer|
|A_streams_1_13_dout     |   in|   32|     ap_fifo|                    A_streams_1_13|       pointer|
|A_streams_1_13_empty_n  |   in|    1|     ap_fifo|                    A_streams_1_13|       pointer|
|A_streams_1_13_read     |  out|    1|     ap_fifo|                    A_streams_1_13|       pointer|
|A_streams_1_12_dout     |   in|   32|     ap_fifo|                    A_streams_1_12|       pointer|
|A_streams_1_12_empty_n  |   in|    1|     ap_fifo|                    A_streams_1_12|       pointer|
|A_streams_1_12_read     |  out|    1|     ap_fifo|                    A_streams_1_12|       pointer|
|A_streams_1_11_dout     |   in|   32|     ap_fifo|                    A_streams_1_11|       pointer|
|A_streams_1_11_empty_n  |   in|    1|     ap_fifo|                    A_streams_1_11|       pointer|
|A_streams_1_11_read     |  out|    1|     ap_fifo|                    A_streams_1_11|       pointer|
|A_streams_1_10_dout     |   in|   32|     ap_fifo|                    A_streams_1_10|       pointer|
|A_streams_1_10_empty_n  |   in|    1|     ap_fifo|                    A_streams_1_10|       pointer|
|A_streams_1_10_read     |  out|    1|     ap_fifo|                    A_streams_1_10|       pointer|
|A_streams_1_9_dout      |   in|   32|     ap_fifo|                     A_streams_1_9|       pointer|
|A_streams_1_9_empty_n   |   in|    1|     ap_fifo|                     A_streams_1_9|       pointer|
|A_streams_1_9_read      |  out|    1|     ap_fifo|                     A_streams_1_9|       pointer|
|A_streams_1_8_dout      |   in|   32|     ap_fifo|                     A_streams_1_8|       pointer|
|A_streams_1_8_empty_n   |   in|    1|     ap_fifo|                     A_streams_1_8|       pointer|
|A_streams_1_8_read      |  out|    1|     ap_fifo|                     A_streams_1_8|       pointer|
|A_streams_1_7_dout      |   in|   32|     ap_fifo|                     A_streams_1_7|       pointer|
|A_streams_1_7_empty_n   |   in|    1|     ap_fifo|                     A_streams_1_7|       pointer|
|A_streams_1_7_read      |  out|    1|     ap_fifo|                     A_streams_1_7|       pointer|
|A_streams_1_6_dout      |   in|   32|     ap_fifo|                     A_streams_1_6|       pointer|
|A_streams_1_6_empty_n   |   in|    1|     ap_fifo|                     A_streams_1_6|       pointer|
|A_streams_1_6_read      |  out|    1|     ap_fifo|                     A_streams_1_6|       pointer|
|A_streams_1_5_dout      |   in|   32|     ap_fifo|                     A_streams_1_5|       pointer|
|A_streams_1_5_empty_n   |   in|    1|     ap_fifo|                     A_streams_1_5|       pointer|
|A_streams_1_5_read      |  out|    1|     ap_fifo|                     A_streams_1_5|       pointer|
|A_streams_1_4_dout      |   in|   32|     ap_fifo|                     A_streams_1_4|       pointer|
|A_streams_1_4_empty_n   |   in|    1|     ap_fifo|                     A_streams_1_4|       pointer|
|A_streams_1_4_read      |  out|    1|     ap_fifo|                     A_streams_1_4|       pointer|
|A_streams_1_3_dout      |   in|   32|     ap_fifo|                     A_streams_1_3|       pointer|
|A_streams_1_3_empty_n   |   in|    1|     ap_fifo|                     A_streams_1_3|       pointer|
|A_streams_1_3_read      |  out|    1|     ap_fifo|                     A_streams_1_3|       pointer|
|A_streams_1_2_dout      |   in|   32|     ap_fifo|                     A_streams_1_2|       pointer|
|A_streams_1_2_empty_n   |   in|    1|     ap_fifo|                     A_streams_1_2|       pointer|
|A_streams_1_2_read      |  out|    1|     ap_fifo|                     A_streams_1_2|       pointer|
|A_streams_1_1_dout      |   in|   32|     ap_fifo|                     A_streams_1_1|       pointer|
|A_streams_1_1_empty_n   |   in|    1|     ap_fifo|                     A_streams_1_1|       pointer|
|A_streams_1_1_read      |  out|    1|     ap_fifo|                     A_streams_1_1|       pointer|
|A_streams_1_0_dout      |   in|   32|     ap_fifo|                     A_streams_1_0|       pointer|
|A_streams_1_0_empty_n   |   in|    1|     ap_fifo|                     A_streams_1_0|       pointer|
|A_streams_1_0_read      |  out|    1|     ap_fifo|                     A_streams_1_0|       pointer|
|A_streams_1_15_dout     |   in|   32|     ap_fifo|                    A_streams_1_15|       pointer|
|A_streams_1_15_empty_n  |   in|    1|     ap_fifo|                    A_streams_1_15|       pointer|
|A_streams_1_15_read     |  out|    1|     ap_fifo|                    A_streams_1_15|       pointer|
|B_streams_1_0_dout      |   in|   32|     ap_fifo|                     B_streams_1_0|       pointer|
|B_streams_1_0_empty_n   |   in|    1|     ap_fifo|                     B_streams_1_0|       pointer|
|B_streams_1_0_read      |  out|    1|     ap_fifo|                     B_streams_1_0|       pointer|
|B_streams_1_1_dout      |   in|   32|     ap_fifo|                     B_streams_1_1|       pointer|
|B_streams_1_1_empty_n   |   in|    1|     ap_fifo|                     B_streams_1_1|       pointer|
|B_streams_1_1_read      |  out|    1|     ap_fifo|                     B_streams_1_1|       pointer|
|B_streams_1_2_dout      |   in|   32|     ap_fifo|                     B_streams_1_2|       pointer|
|B_streams_1_2_empty_n   |   in|    1|     ap_fifo|                     B_streams_1_2|       pointer|
|B_streams_1_2_read      |  out|    1|     ap_fifo|                     B_streams_1_2|       pointer|
|B_streams_1_3_dout      |   in|   32|     ap_fifo|                     B_streams_1_3|       pointer|
|B_streams_1_3_empty_n   |   in|    1|     ap_fifo|                     B_streams_1_3|       pointer|
|B_streams_1_3_read      |  out|    1|     ap_fifo|                     B_streams_1_3|       pointer|
|B_streams_1_4_dout      |   in|   32|     ap_fifo|                     B_streams_1_4|       pointer|
|B_streams_1_4_empty_n   |   in|    1|     ap_fifo|                     B_streams_1_4|       pointer|
|B_streams_1_4_read      |  out|    1|     ap_fifo|                     B_streams_1_4|       pointer|
|B_streams_1_5_dout      |   in|   32|     ap_fifo|                     B_streams_1_5|       pointer|
|B_streams_1_5_empty_n   |   in|    1|     ap_fifo|                     B_streams_1_5|       pointer|
|B_streams_1_5_read      |  out|    1|     ap_fifo|                     B_streams_1_5|       pointer|
|B_streams_1_6_dout      |   in|   32|     ap_fifo|                     B_streams_1_6|       pointer|
|B_streams_1_6_empty_n   |   in|    1|     ap_fifo|                     B_streams_1_6|       pointer|
|B_streams_1_6_read      |  out|    1|     ap_fifo|                     B_streams_1_6|       pointer|
|B_streams_1_7_dout      |   in|   32|     ap_fifo|                     B_streams_1_7|       pointer|
|B_streams_1_7_empty_n   |   in|    1|     ap_fifo|                     B_streams_1_7|       pointer|
|B_streams_1_7_read      |  out|    1|     ap_fifo|                     B_streams_1_7|       pointer|
|B_streams_1_8_dout      |   in|   32|     ap_fifo|                     B_streams_1_8|       pointer|
|B_streams_1_8_empty_n   |   in|    1|     ap_fifo|                     B_streams_1_8|       pointer|
|B_streams_1_8_read      |  out|    1|     ap_fifo|                     B_streams_1_8|       pointer|
|B_streams_1_9_dout      |   in|   32|     ap_fifo|                     B_streams_1_9|       pointer|
|B_streams_1_9_empty_n   |   in|    1|     ap_fifo|                     B_streams_1_9|       pointer|
|B_streams_1_9_read      |  out|    1|     ap_fifo|                     B_streams_1_9|       pointer|
|B_streams_1_10_dout     |   in|   32|     ap_fifo|                    B_streams_1_10|       pointer|
|B_streams_1_10_empty_n  |   in|    1|     ap_fifo|                    B_streams_1_10|       pointer|
|B_streams_1_10_read     |  out|    1|     ap_fifo|                    B_streams_1_10|       pointer|
|B_streams_1_11_dout     |   in|   32|     ap_fifo|                    B_streams_1_11|       pointer|
|B_streams_1_11_empty_n  |   in|    1|     ap_fifo|                    B_streams_1_11|       pointer|
|B_streams_1_11_read     |  out|    1|     ap_fifo|                    B_streams_1_11|       pointer|
|B_streams_1_12_dout     |   in|   32|     ap_fifo|                    B_streams_1_12|       pointer|
|B_streams_1_12_empty_n  |   in|    1|     ap_fifo|                    B_streams_1_12|       pointer|
|B_streams_1_12_read     |  out|    1|     ap_fifo|                    B_streams_1_12|       pointer|
|B_streams_1_13_dout     |   in|   32|     ap_fifo|                    B_streams_1_13|       pointer|
|B_streams_1_13_empty_n  |   in|    1|     ap_fifo|                    B_streams_1_13|       pointer|
|B_streams_1_13_read     |  out|    1|     ap_fifo|                    B_streams_1_13|       pointer|
|B_streams_1_14_dout     |   in|   32|     ap_fifo|                    B_streams_1_14|       pointer|
|B_streams_1_14_empty_n  |   in|    1|     ap_fifo|                    B_streams_1_14|       pointer|
|B_streams_1_14_read     |  out|    1|     ap_fifo|                    B_streams_1_14|       pointer|
|B_streams_1_15_dout     |   in|   32|     ap_fifo|                    B_streams_1_15|       pointer|
|B_streams_1_15_empty_n  |   in|    1|     ap_fifo|                    B_streams_1_15|       pointer|
|B_streams_1_15_read     |  out|    1|     ap_fifo|                    B_streams_1_15|       pointer|
|B_streams_1_16_dout     |   in|   32|     ap_fifo|                    B_streams_1_16|       pointer|
|B_streams_1_16_empty_n  |   in|    1|     ap_fifo|                    B_streams_1_16|       pointer|
|B_streams_1_16_read     |  out|    1|     ap_fifo|                    B_streams_1_16|       pointer|
|B_streams_1_17_dout     |   in|   32|     ap_fifo|                    B_streams_1_17|       pointer|
|B_streams_1_17_empty_n  |   in|    1|     ap_fifo|                    B_streams_1_17|       pointer|
|B_streams_1_17_read     |  out|    1|     ap_fifo|                    B_streams_1_17|       pointer|
|B_streams_1_18_dout     |   in|   32|     ap_fifo|                    B_streams_1_18|       pointer|
|B_streams_1_18_empty_n  |   in|    1|     ap_fifo|                    B_streams_1_18|       pointer|
|B_streams_1_18_read     |  out|    1|     ap_fifo|                    B_streams_1_18|       pointer|
|B_streams_1_19_dout     |   in|   32|     ap_fifo|                    B_streams_1_19|       pointer|
|B_streams_1_19_empty_n  |   in|    1|     ap_fifo|                    B_streams_1_19|       pointer|
|B_streams_1_19_read     |  out|    1|     ap_fifo|                    B_streams_1_19|       pointer|
|B_streams_1_20_dout     |   in|   32|     ap_fifo|                    B_streams_1_20|       pointer|
|B_streams_1_20_empty_n  |   in|    1|     ap_fifo|                    B_streams_1_20|       pointer|
|B_streams_1_20_read     |  out|    1|     ap_fifo|                    B_streams_1_20|       pointer|
|B_streams_1_21_dout     |   in|   32|     ap_fifo|                    B_streams_1_21|       pointer|
|B_streams_1_21_empty_n  |   in|    1|     ap_fifo|                    B_streams_1_21|       pointer|
|B_streams_1_21_read     |  out|    1|     ap_fifo|                    B_streams_1_21|       pointer|
|B_streams_1_22_dout     |   in|   32|     ap_fifo|                    B_streams_1_22|       pointer|
|B_streams_1_22_empty_n  |   in|    1|     ap_fifo|                    B_streams_1_22|       pointer|
|B_streams_1_22_read     |  out|    1|     ap_fifo|                    B_streams_1_22|       pointer|
|B_streams_1_23_dout     |   in|   32|     ap_fifo|                    B_streams_1_23|       pointer|
|B_streams_1_23_empty_n  |   in|    1|     ap_fifo|                    B_streams_1_23|       pointer|
|B_streams_1_23_read     |  out|    1|     ap_fifo|                    B_streams_1_23|       pointer|
|B_streams_1_24_dout     |   in|   32|     ap_fifo|                    B_streams_1_24|       pointer|
|B_streams_1_24_empty_n  |   in|    1|     ap_fifo|                    B_streams_1_24|       pointer|
|B_streams_1_24_read     |  out|    1|     ap_fifo|                    B_streams_1_24|       pointer|
|B_streams_1_25_dout     |   in|   32|     ap_fifo|                    B_streams_1_25|       pointer|
|B_streams_1_25_empty_n  |   in|    1|     ap_fifo|                    B_streams_1_25|       pointer|
|B_streams_1_25_read     |  out|    1|     ap_fifo|                    B_streams_1_25|       pointer|
|B_streams_1_26_dout     |   in|   32|     ap_fifo|                    B_streams_1_26|       pointer|
|B_streams_1_26_empty_n  |   in|    1|     ap_fifo|                    B_streams_1_26|       pointer|
|B_streams_1_26_read     |  out|    1|     ap_fifo|                    B_streams_1_26|       pointer|
|B_streams_1_27_dout     |   in|   32|     ap_fifo|                    B_streams_1_27|       pointer|
|B_streams_1_27_empty_n  |   in|    1|     ap_fifo|                    B_streams_1_27|       pointer|
|B_streams_1_27_read     |  out|    1|     ap_fifo|                    B_streams_1_27|       pointer|
|B_streams_1_28_dout     |   in|   32|     ap_fifo|                    B_streams_1_28|       pointer|
|B_streams_1_28_empty_n  |   in|    1|     ap_fifo|                    B_streams_1_28|       pointer|
|B_streams_1_28_read     |  out|    1|     ap_fifo|                    B_streams_1_28|       pointer|
|B_streams_1_29_dout     |   in|   32|     ap_fifo|                    B_streams_1_29|       pointer|
|B_streams_1_29_empty_n  |   in|    1|     ap_fifo|                    B_streams_1_29|       pointer|
|B_streams_1_29_read     |  out|    1|     ap_fifo|                    B_streams_1_29|       pointer|
|B_streams_1_30_dout     |   in|   32|     ap_fifo|                    B_streams_1_30|       pointer|
|B_streams_1_30_empty_n  |   in|    1|     ap_fifo|                    B_streams_1_30|       pointer|
|B_streams_1_30_read     |  out|    1|     ap_fifo|                    B_streams_1_30|       pointer|
|B_streams_1_31_dout     |   in|   32|     ap_fifo|                    B_streams_1_31|       pointer|
|B_streams_1_31_empty_n  |   in|    1|     ap_fifo|                    B_streams_1_31|       pointer|
|B_streams_1_31_read     |  out|    1|     ap_fifo|                    B_streams_1_31|       pointer|
|C_streams_1_0_din       |  out|   32|     ap_fifo|                     C_streams_1_0|       pointer|
|C_streams_1_0_full_n    |   in|    1|     ap_fifo|                     C_streams_1_0|       pointer|
|C_streams_1_0_write     |  out|    1|     ap_fifo|                     C_streams_1_0|       pointer|
|C_streams_1_1_din       |  out|   32|     ap_fifo|                     C_streams_1_1|       pointer|
|C_streams_1_1_full_n    |   in|    1|     ap_fifo|                     C_streams_1_1|       pointer|
|C_streams_1_1_write     |  out|    1|     ap_fifo|                     C_streams_1_1|       pointer|
|C_streams_1_2_din       |  out|   32|     ap_fifo|                     C_streams_1_2|       pointer|
|C_streams_1_2_full_n    |   in|    1|     ap_fifo|                     C_streams_1_2|       pointer|
|C_streams_1_2_write     |  out|    1|     ap_fifo|                     C_streams_1_2|       pointer|
|C_streams_1_3_din       |  out|   32|     ap_fifo|                     C_streams_1_3|       pointer|
|C_streams_1_3_full_n    |   in|    1|     ap_fifo|                     C_streams_1_3|       pointer|
|C_streams_1_3_write     |  out|    1|     ap_fifo|                     C_streams_1_3|       pointer|
|C_streams_1_4_din       |  out|   32|     ap_fifo|                     C_streams_1_4|       pointer|
|C_streams_1_4_full_n    |   in|    1|     ap_fifo|                     C_streams_1_4|       pointer|
|C_streams_1_4_write     |  out|    1|     ap_fifo|                     C_streams_1_4|       pointer|
|C_streams_1_5_din       |  out|   32|     ap_fifo|                     C_streams_1_5|       pointer|
|C_streams_1_5_full_n    |   in|    1|     ap_fifo|                     C_streams_1_5|       pointer|
|C_streams_1_5_write     |  out|    1|     ap_fifo|                     C_streams_1_5|       pointer|
|C_streams_1_6_din       |  out|   32|     ap_fifo|                     C_streams_1_6|       pointer|
|C_streams_1_6_full_n    |   in|    1|     ap_fifo|                     C_streams_1_6|       pointer|
|C_streams_1_6_write     |  out|    1|     ap_fifo|                     C_streams_1_6|       pointer|
|C_streams_1_7_din       |  out|   32|     ap_fifo|                     C_streams_1_7|       pointer|
|C_streams_1_7_full_n    |   in|    1|     ap_fifo|                     C_streams_1_7|       pointer|
|C_streams_1_7_write     |  out|    1|     ap_fifo|                     C_streams_1_7|       pointer|
|C_streams_1_8_din       |  out|   32|     ap_fifo|                     C_streams_1_8|       pointer|
|C_streams_1_8_full_n    |   in|    1|     ap_fifo|                     C_streams_1_8|       pointer|
|C_streams_1_8_write     |  out|    1|     ap_fifo|                     C_streams_1_8|       pointer|
|C_streams_1_9_din       |  out|   32|     ap_fifo|                     C_streams_1_9|       pointer|
|C_streams_1_9_full_n    |   in|    1|     ap_fifo|                     C_streams_1_9|       pointer|
|C_streams_1_9_write     |  out|    1|     ap_fifo|                     C_streams_1_9|       pointer|
|C_streams_1_10_din      |  out|   32|     ap_fifo|                    C_streams_1_10|       pointer|
|C_streams_1_10_full_n   |   in|    1|     ap_fifo|                    C_streams_1_10|       pointer|
|C_streams_1_10_write    |  out|    1|     ap_fifo|                    C_streams_1_10|       pointer|
|C_streams_1_11_din      |  out|   32|     ap_fifo|                    C_streams_1_11|       pointer|
|C_streams_1_11_full_n   |   in|    1|     ap_fifo|                    C_streams_1_11|       pointer|
|C_streams_1_11_write    |  out|    1|     ap_fifo|                    C_streams_1_11|       pointer|
|C_streams_1_12_din      |  out|   32|     ap_fifo|                    C_streams_1_12|       pointer|
|C_streams_1_12_full_n   |   in|    1|     ap_fifo|                    C_streams_1_12|       pointer|
|C_streams_1_12_write    |  out|    1|     ap_fifo|                    C_streams_1_12|       pointer|
|C_streams_1_13_din      |  out|   32|     ap_fifo|                    C_streams_1_13|       pointer|
|C_streams_1_13_full_n   |   in|    1|     ap_fifo|                    C_streams_1_13|       pointer|
|C_streams_1_13_write    |  out|    1|     ap_fifo|                    C_streams_1_13|       pointer|
|C_streams_1_14_din      |  out|   32|     ap_fifo|                    C_streams_1_14|       pointer|
|C_streams_1_14_full_n   |   in|    1|     ap_fifo|                    C_streams_1_14|       pointer|
|C_streams_1_14_write    |  out|    1|     ap_fifo|                    C_streams_1_14|       pointer|
|C_streams_1_15_din      |  out|   32|     ap_fifo|                    C_streams_1_15|       pointer|
|C_streams_1_15_full_n   |   in|    1|     ap_fifo|                    C_streams_1_15|       pointer|
|C_streams_1_15_write    |  out|    1|     ap_fifo|                    C_streams_1_15|       pointer|
|C_streams_1_16_din      |  out|   32|     ap_fifo|                    C_streams_1_16|       pointer|
|C_streams_1_16_full_n   |   in|    1|     ap_fifo|                    C_streams_1_16|       pointer|
|C_streams_1_16_write    |  out|    1|     ap_fifo|                    C_streams_1_16|       pointer|
|C_streams_1_17_din      |  out|   32|     ap_fifo|                    C_streams_1_17|       pointer|
|C_streams_1_17_full_n   |   in|    1|     ap_fifo|                    C_streams_1_17|       pointer|
|C_streams_1_17_write    |  out|    1|     ap_fifo|                    C_streams_1_17|       pointer|
|C_streams_1_18_din      |  out|   32|     ap_fifo|                    C_streams_1_18|       pointer|
|C_streams_1_18_full_n   |   in|    1|     ap_fifo|                    C_streams_1_18|       pointer|
|C_streams_1_18_write    |  out|    1|     ap_fifo|                    C_streams_1_18|       pointer|
|C_streams_1_19_din      |  out|   32|     ap_fifo|                    C_streams_1_19|       pointer|
|C_streams_1_19_full_n   |   in|    1|     ap_fifo|                    C_streams_1_19|       pointer|
|C_streams_1_19_write    |  out|    1|     ap_fifo|                    C_streams_1_19|       pointer|
|C_streams_1_20_din      |  out|   32|     ap_fifo|                    C_streams_1_20|       pointer|
|C_streams_1_20_full_n   |   in|    1|     ap_fifo|                    C_streams_1_20|       pointer|
|C_streams_1_20_write    |  out|    1|     ap_fifo|                    C_streams_1_20|       pointer|
|C_streams_1_21_din      |  out|   32|     ap_fifo|                    C_streams_1_21|       pointer|
|C_streams_1_21_full_n   |   in|    1|     ap_fifo|                    C_streams_1_21|       pointer|
|C_streams_1_21_write    |  out|    1|     ap_fifo|                    C_streams_1_21|       pointer|
|C_streams_1_22_din      |  out|   32|     ap_fifo|                    C_streams_1_22|       pointer|
|C_streams_1_22_full_n   |   in|    1|     ap_fifo|                    C_streams_1_22|       pointer|
|C_streams_1_22_write    |  out|    1|     ap_fifo|                    C_streams_1_22|       pointer|
|C_streams_1_23_din      |  out|   32|     ap_fifo|                    C_streams_1_23|       pointer|
|C_streams_1_23_full_n   |   in|    1|     ap_fifo|                    C_streams_1_23|       pointer|
|C_streams_1_23_write    |  out|    1|     ap_fifo|                    C_streams_1_23|       pointer|
|C_streams_1_24_din      |  out|   32|     ap_fifo|                    C_streams_1_24|       pointer|
|C_streams_1_24_full_n   |   in|    1|     ap_fifo|                    C_streams_1_24|       pointer|
|C_streams_1_24_write    |  out|    1|     ap_fifo|                    C_streams_1_24|       pointer|
|C_streams_1_25_din      |  out|   32|     ap_fifo|                    C_streams_1_25|       pointer|
|C_streams_1_25_full_n   |   in|    1|     ap_fifo|                    C_streams_1_25|       pointer|
|C_streams_1_25_write    |  out|    1|     ap_fifo|                    C_streams_1_25|       pointer|
|C_streams_1_26_din      |  out|   32|     ap_fifo|                    C_streams_1_26|       pointer|
|C_streams_1_26_full_n   |   in|    1|     ap_fifo|                    C_streams_1_26|       pointer|
|C_streams_1_26_write    |  out|    1|     ap_fifo|                    C_streams_1_26|       pointer|
|C_streams_1_27_din      |  out|   32|     ap_fifo|                    C_streams_1_27|       pointer|
|C_streams_1_27_full_n   |   in|    1|     ap_fifo|                    C_streams_1_27|       pointer|
|C_streams_1_27_write    |  out|    1|     ap_fifo|                    C_streams_1_27|       pointer|
|C_streams_1_28_din      |  out|   32|     ap_fifo|                    C_streams_1_28|       pointer|
|C_streams_1_28_full_n   |   in|    1|     ap_fifo|                    C_streams_1_28|       pointer|
|C_streams_1_28_write    |  out|    1|     ap_fifo|                    C_streams_1_28|       pointer|
|C_streams_1_29_din      |  out|   32|     ap_fifo|                    C_streams_1_29|       pointer|
|C_streams_1_29_full_n   |   in|    1|     ap_fifo|                    C_streams_1_29|       pointer|
|C_streams_1_29_write    |  out|    1|     ap_fifo|                    C_streams_1_29|       pointer|
|C_streams_1_30_din      |  out|   32|     ap_fifo|                    C_streams_1_30|       pointer|
|C_streams_1_30_full_n   |   in|    1|     ap_fifo|                    C_streams_1_30|       pointer|
|C_streams_1_30_write    |  out|    1|     ap_fifo|                    C_streams_1_30|       pointer|
|C_streams_1_31_din      |  out|   32|     ap_fifo|                    C_streams_1_31|       pointer|
|C_streams_1_31_full_n   |   in|    1|     ap_fifo|                    C_streams_1_31|       pointer|
|C_streams_1_31_write    |  out|    1|     ap_fifo|                    C_streams_1_31|       pointer|
|ap_clk                  |   in|    1|  ap_ctrl_hs|  dataflow_in_loop_mat_mul_i.13220|  return value|
|ap_rst                  |   in|    1|  ap_ctrl_hs|  dataflow_in_loop_mat_mul_i.13220|  return value|
|ap_start                |   in|    1|  ap_ctrl_hs|  dataflow_in_loop_mat_mul_i.13220|  return value|
|ap_done                 |  out|    1|  ap_ctrl_hs|  dataflow_in_loop_mat_mul_i.13220|  return value|
|ap_ready                |  out|    1|  ap_ctrl_hs|  dataflow_in_loop_mat_mul_i.13220|  return value|
|ap_idle                 |  out|    1|  ap_ctrl_hs|  dataflow_in_loop_mat_mul_i.13220|  return value|
|ap_continue             |   in|    1|  ap_ctrl_hs|  dataflow_in_loop_mat_mul_i.13220|  return value|
+------------------------+-----+-----+------------+----------------------------------+--------------+

