

================================================================
== Vitis HLS Report for 'dataflow_in_loop_mat_mul_i_132_Loop_mat_mul_k_proc222'
================================================================
* Date:           Tue Jun  2 20:38:19 2026

* Version:        2023.2 (Build 4023990 on Oct 11 2023)
* Project:        hls_project
* Solution:       gemm2 (Vitis Kernel Flow Target)
* Product family: versalaicore
* Target device:  xcvc1902-vsva2197-2MP-e-S


================================================================
== Performance Estimates
================================================================
+ Timing: 
    * Summary: 
    +--------+---------+----------+------------+
    |  Clock |  Target | Estimated| Uncertainty|
    +--------+---------+----------+------------+
    |ap_clk  |  3.33 ns|  2.180 ns|     0.90 ns|
    +--------+---------+----------+------------+

+ Latency: 
    * Summary: 
    +---------+---------+-----------+-----------+-----+-----+---------+
    |  Latency (cycles) |   Latency (absolute)  |  Interval | Pipeline|
    |   min   |   max   |    min    |    max    | min | max |   Type  |
    +---------+---------+-----------+-----------+-----+-----+---------+
    |       22|       22|  73.326 ns|  73.326 ns|   22|   22|       no|
    +---------+---------+-----------+-----------+-----+-----+---------+

    + Detail: 
        * Instance: 
        N/A

        * Loop: 
        +-------------+---------+---------+----------+-----------+-----------+------+----------+
        |             |  Latency (cycles) | Iteration|  Initiation Interval  | Trip |          |
        |  Loop Name  |   min   |   max   |  Latency |  achieved |   target  | Count| Pipelined|
        +-------------+---------+---------+----------+-----------+-----------+------+----------+
        |- mat_mul_k  |       20|       20|         6|          1|          1|    16|       yes|
        +-------------+---------+---------+----------+-----------+-----------+------+----------+



================================================================
== Utilization Estimates
================================================================
* Summary: 
+-----------------+---------+------+---------+--------+-----+
|       Name      | BRAM_18K|  DSP |    FF   |   LUT  | URAM|
+-----------------+---------+------+---------+--------+-----+
|DSP              |        -|     -|        -|       -|    -|
|Expression       |        -|     -|        0|    1845|    -|
|FIFO             |        -|     -|        -|       -|    -|
|Instance         |        -|   128|     1472|    1344|    -|
|Memory           |        -|     -|        -|       -|    -|
|Multiplexer      |        -|     -|        -|    3534|    -|
|Register         |        -|     -|     6489|       2|    -|
+-----------------+---------+------+---------+--------+-----+
|Total            |        0|   128|     7961|    6725|    0|
+-----------------+---------+------+---------+--------+-----+
|Available        |     1934|  1968|  1799680|  899840|  463|
+-----------------+---------+------+---------+--------+-----+
|Utilization (%)  |        0|     6|       ~0|      ~0|    0|
+-----------------+---------+------+---------+--------+-----+

+ Detail: 
    * Instance: 
    +-------------------------+--------------------+---------+----+----+----+-----+
    |         Instance        |       Module       | BRAM_18K| DSP| FF | LUT| URAM|
    +-------------------------+--------------------+---------+----+----+----+-----+
    |mul_32s_32s_56_3_1_U624  |mul_32s_32s_56_3_1  |        0|   4|  46|  42|    0|
    |mul_32s_32s_56_3_1_U625  |mul_32s_32s_56_3_1  |        0|   4|  46|  42|    0|
    |mul_32s_32s_56_3_1_U626  |mul_32s_32s_56_3_1  |        0|   4|  46|  42|    0|
    |mul_32s_32s_56_3_1_U627  |mul_32s_32s_56_3_1  |        0|   4|  46|  42|    0|
    |mul_32s_32s_56_3_1_U628  |mul_32s_32s_56_3_1  |        0|   4|  46|  42|    0|
    |mul_32s_32s_56_3_1_U629  |mul_32s_32s_56_3_1  |        0|   4|  46|  42|    0|
    |mul_32s_32s_56_3_1_U630  |mul_32s_32s_56_3_1  |        0|   4|  46|  42|    0|
    |mul_32s_32s_56_3_1_U631  |mul_32s_32s_56_3_1  |        0|   4|  46|  42|    0|
    |mul_32s_32s_56_3_1_U632  |mul_32s_32s_56_3_1  |        0|   4|  46|  42|    0|
    |mul_32s_32s_56_3_1_U633  |mul_32s_32s_56_3_1  |        0|   4|  46|  42|    0|
    |mul_32s_32s_56_3_1_U634  |mul_32s_32s_56_3_1  |        0|   4|  46|  42|    0|
    |mul_32s_32s_56_3_1_U635  |mul_32s_32s_56_3_1  |        0|   4|  46|  42|    0|
    |mul_32s_32s_56_3_1_U636  |mul_32s_32s_56_3_1  |        0|   4|  46|  42|    0|
    |mul_32s_32s_56_3_1_U637  |mul_32s_32s_56_3_1  |        0|   4|  46|  42|    0|
    |mul_32s_32s_56_3_1_U638  |mul_32s_32s_56_3_1  |        0|   4|  46|  42|    0|
    |mul_32s_32s_56_3_1_U639  |mul_32s_32s_56_3_1  |        0|   4|  46|  42|    0|
    |mul_32s_32s_56_3_1_U640  |mul_32s_32s_56_3_1  |        0|   4|  46|  42|    0|
    |mul_32s_32s_56_3_1_U641  |mul_32s_32s_56_3_1  |        0|   4|  46|  42|    0|
    |mul_32s_32s_56_3_1_U642  |mul_32s_32s_56_3_1  |        0|   4|  46|  42|    0|
    |mul_32s_32s_56_3_1_U643  |mul_32s_32s_56_3_1  |        0|   4|  46|  42|    0|
    |mul_32s_32s_56_3_1_U644  |mul_32s_32s_56_3_1  |        0|   4|  46|  42|    0|
    |mul_32s_32s_56_3_1_U645  |mul_32s_32s_56_3_1  |        0|   4|  46|  42|    0|
    |mul_32s_32s_56_3_1_U646  |mul_32s_32s_56_3_1  |        0|   4|  46|  42|    0|
    |mul_32s_32s_56_3_1_U647  |mul_32s_32s_56_3_1  |        0|   4|  46|  42|    0|
    |mul_32s_32s_56_3_1_U648  |mul_32s_32s_56_3_1  |        0|   4|  46|  42|    0|
    |mul_32s_32s_56_3_1_U649  |mul_32s_32s_56_3_1  |        0|   4|  46|  42|    0|
    |mul_32s_32s_56_3_1_U650  |mul_32s_32s_56_3_1  |        0|   4|  46|  42|    0|
    |mul_32s_32s_56_3_1_U651  |mul_32s_32s_56_3_1  |        0|   4|  46|  42|    0|
    |mul_32s_32s_56_3_1_U652  |mul_32s_32s_56_3_1  |        0|   4|  46|  42|    0|
    |mul_32s_32s_56_3_1_U653  |mul_32s_32s_56_3_1  |        0|   4|  46|  42|    0|
    |mul_32s_32s_56_3_1_U654  |mul_32s_32s_56_3_1  |        0|   4|  46|  42|    0|
    |mul_32s_32s_56_3_1_U655  |mul_32s_32s_56_3_1  |        0|   4|  46|  42|    0|
    +-------------------------+--------------------+---------+----+----+----+-----+
    |Total                    |                    |        0| 128|1472|1344|    0|
    +-------------------------+--------------------+---------+----+----+----+-----+

    * DSP: 
    N/A

    * Memory: 
    N/A

    * FIFO: 
    N/A

    * Expression: 
    +----------------------------------+----------+----+---+----+------------+------------+
    |           Variable Name          | Operation| DSP| FF| LUT| Bitwidth P0| Bitwidth P1|
    +----------------------------------+----------+----+---+----+------------+------------+
    |add_ln16_fu_1157_p2               |         +|   0|  0|   5|           5|           1|
    |add_ln23_10_fu_2099_p2            |         +|   0|  0|  56|          56|          56|
    |add_ln23_11_fu_2122_p2            |         +|   0|  0|  56|          56|          56|
    |add_ln23_12_fu_2145_p2            |         +|   0|  0|  56|          56|          56|
    |add_ln23_13_fu_2168_p2            |         +|   0|  0|  56|          56|          56|
    |add_ln23_14_fu_2191_p2            |         +|   0|  0|  56|          56|          56|
    |add_ln23_15_fu_2214_p2            |         +|   0|  0|  56|          56|          56|
    |add_ln23_16_fu_2237_p2            |         +|   0|  0|  56|          56|          56|
    |add_ln23_17_fu_2260_p2            |         +|   0|  0|  56|          56|          56|
    |add_ln23_18_fu_2283_p2            |         +|   0|  0|  56|          56|          56|
    |add_ln23_19_fu_2306_p2            |         +|   0|  0|  56|          56|          56|
    |add_ln23_1_fu_1892_p2             |         +|   0|  0|  56|          56|          56|
    |add_ln23_20_fu_2329_p2            |         +|   0|  0|  56|          56|          56|
    |add_ln23_21_fu_2352_p2            |         +|   0|  0|  56|          56|          56|
    |add_ln23_22_fu_2375_p2            |         +|   0|  0|  56|          56|          56|
    |add_ln23_23_fu_2398_p2            |         +|   0|  0|  56|          56|          56|
    |add_ln23_24_fu_2421_p2            |         +|   0|  0|  56|          56|          56|
    |add_ln23_25_fu_2444_p2            |         +|   0|  0|  56|          56|          56|
    |add_ln23_26_fu_2467_p2            |         +|   0|  0|  56|          56|          56|
    |add_ln23_27_fu_2490_p2            |         +|   0|  0|  56|          56|          56|
    |add_ln23_28_fu_2513_p2            |         +|   0|  0|  56|          56|          56|
    |add_ln23_29_fu_2536_p2            |         +|   0|  0|  56|          56|          56|
    |add_ln23_2_fu_1915_p2             |         +|   0|  0|  56|          56|          56|
    |add_ln23_30_fu_2559_p2            |         +|   0|  0|  56|          56|          56|
    |add_ln23_31_fu_2582_p2            |         +|   0|  0|  56|          56|          56|
    |add_ln23_3_fu_1938_p2             |         +|   0|  0|  56|          56|          56|
    |add_ln23_4_fu_1961_p2             |         +|   0|  0|  56|          56|          56|
    |add_ln23_5_fu_1984_p2             |         +|   0|  0|  56|          56|          56|
    |add_ln23_6_fu_2007_p2             |         +|   0|  0|  56|          56|          56|
    |add_ln23_7_fu_2030_p2             |         +|   0|  0|  56|          56|          56|
    |add_ln23_8_fu_2053_p2             |         +|   0|  0|  56|          56|          56|
    |add_ln23_9_fu_2076_p2             |         +|   0|  0|  56|          56|          56|
    |add_ln23_fu_1869_p2               |         +|   0|  0|  56|          56|          56|
    |ap_condition_1268                 |       and|   0|  0|   2|           1|           1|
    |ap_condition_1272                 |       and|   0|  0|   2|           1|           1|
    |ap_predicate_op201_read_state1    |       and|   0|  0|   2|           1|           1|
    |ap_predicate_op203_read_state1    |       and|   0|  0|   2|           1|           1|
    |ap_predicate_op205_read_state1    |       and|   0|  0|   2|           1|           1|
    |ap_predicate_op207_read_state1    |       and|   0|  0|   2|           1|           1|
    |ap_predicate_op209_read_state1    |       and|   0|  0|   2|           1|           1|
    |ap_predicate_op211_read_state1    |       and|   0|  0|   2|           1|           1|
    |ap_predicate_op213_read_state1    |       and|   0|  0|   2|           1|           1|
    |ap_predicate_op215_read_state1    |       and|   0|  0|   2|           1|           1|
    |ap_predicate_op217_read_state1    |       and|   0|  0|   2|           1|           1|
    |ap_predicate_op219_read_state1    |       and|   0|  0|   2|           1|           1|
    |ap_predicate_op221_read_state1    |       and|   0|  0|   2|           1|           1|
    |ap_predicate_op223_read_state1    |       and|   0|  0|   2|           1|           1|
    |ap_predicate_op225_read_state1    |       and|   0|  0|   2|           1|           1|
    |ap_predicate_op227_read_state1    |       and|   0|  0|   2|           1|           1|
    |ap_predicate_op229_read_state1    |       and|   0|  0|   2|           1|           1|
    |ap_predicate_op231_read_state1    |       and|   0|  0|   2|           1|           1|
    |icmp_ln16_fu_1163_p2              |      icmp|   0|  0|   6|           5|           6|
    |ap_block_pp0_stage0_11001         |        or|   0|  0|   2|           1|           1|
    |ap_block_state1_pp0_stage0_iter0  |        or|   0|  0|   2|           1|           1|
    |ap_enable_pp0                     |       xor|   0|  0|   2|           1|           2|
    +----------------------------------+----------+----+---+----+------------+------------+
    |Total                             |          |   0|  0|1845|        1823|        1821|
    +----------------------------------+----------+----+---+----+------------+------------+

    * Multiplexer: 
    +------------------------------------+-----+-----------+-----+-----------+
    |                Name                | LUT | Input Size| Bits| Total Bits|
    +------------------------------------+-----+-----------+-----+-----------+
    |A_streams_1_0_blk_n                 |    2|          2|    1|          2|
    |A_streams_1_10_blk_n                |    2|          2|    1|          2|
    |A_streams_1_11_blk_n                |    2|          2|    1|          2|
    |A_streams_1_12_blk_n                |    2|          2|    1|          2|
    |A_streams_1_13_blk_n                |    2|          2|    1|          2|
    |A_streams_1_14_blk_n                |    2|          2|    1|          2|
    |A_streams_1_15_blk_n                |    2|          2|    1|          2|
    |A_streams_1_1_blk_n                 |    2|          2|    1|          2|
    |A_streams_1_2_blk_n                 |    2|          2|    1|          2|
    |A_streams_1_3_blk_n                 |    2|          2|    1|          2|
    |A_streams_1_4_blk_n                 |    2|          2|    1|          2|
    |A_streams_1_5_blk_n                 |    2|          2|    1|          2|
    |A_streams_1_6_blk_n                 |    2|          2|    1|          2|
    |A_streams_1_7_blk_n                 |    2|          2|    1|          2|
    |A_streams_1_8_blk_n                 |    2|          2|    1|          2|
    |A_streams_1_9_blk_n                 |    2|          2|    1|          2|
    |B_streams_1_0_blk_n                 |    2|          2|    1|          2|
    |B_streams_1_10_blk_n                |    2|          2|    1|          2|
    |B_streams_1_11_blk_n                |    2|          2|    1|          2|
    |B_streams_1_12_blk_n                |    2|          2|    1|          2|
    |B_streams_1_13_blk_n                |    2|          2|    1|          2|
    |B_streams_1_14_blk_n                |    2|          2|    1|          2|
    |B_streams_1_15_blk_n                |    2|          2|    1|          2|
    |B_streams_1_16_blk_n                |    2|          2|    1|          2|
    |B_streams_1_17_blk_n                |    2|          2|    1|          2|
    |B_streams_1_18_blk_n                |    2|          2|    1|          2|
    |B_streams_1_19_blk_n                |    2|          2|    1|          2|
    |B_streams_1_1_blk_n                 |    2|          2|    1|          2|
    |B_streams_1_20_blk_n                |    2|          2|    1|          2|
    |B_streams_1_21_blk_n                |    2|          2|    1|          2|
    |B_streams_1_22_blk_n                |    2|          2|    1|          2|
    |B_streams_1_23_blk_n                |    2|          2|    1|          2|
    |B_streams_1_24_blk_n                |    2|          2|    1|          2|
    |B_streams_1_25_blk_n                |    2|          2|    1|          2|
    |B_streams_1_26_blk_n                |    2|          2|    1|          2|
    |B_streams_1_27_blk_n                |    2|          2|    1|          2|
    |B_streams_1_28_blk_n                |    2|          2|    1|          2|
    |B_streams_1_29_blk_n                |    2|          2|    1|          2|
    |B_streams_1_2_blk_n                 |    2|          2|    1|          2|
    |B_streams_1_30_blk_n                |    2|          2|    1|          2|
    |B_streams_1_31_blk_n                |    2|          2|    1|          2|
    |B_streams_1_3_blk_n                 |    2|          2|    1|          2|
    |B_streams_1_4_blk_n                 |    2|          2|    1|          2|
    |B_streams_1_5_blk_n                 |    2|          2|    1|          2|
    |B_streams_1_6_blk_n                 |    2|          2|    1|          2|
    |B_streams_1_7_blk_n                 |    2|          2|    1|          2|
    |B_streams_1_8_blk_n                 |    2|          2|    1|          2|
    |B_streams_1_9_blk_n                 |    2|          2|    1|          2|
    |ap_done_int                         |    2|          2|    1|          2|
    |ap_enable_reg_pp0_iter1             |    2|          2|    1|          2|
    |ap_phi_reg_pp0_iter2_a_val_reg_588  |  352|         17|   32|        544|
    |ap_return_0                         |   32|          2|   32|         64|
    |ap_return_1                         |   32|          2|   32|         64|
    |ap_return_10                        |   32|          2|   32|         64|
    |ap_return_11                        |   32|          2|   32|         64|
    |ap_return_12                        |   32|          2|   32|         64|
    |ap_return_13                        |   32|          2|   32|         64|
    |ap_return_14                        |   32|          2|   32|         64|
    |ap_return_15                        |   32|          2|   32|         64|
    |ap_return_16                        |   32|          2|   32|         64|
    |ap_return_17                        |   32|          2|   32|         64|
    |ap_return_18                        |   32|          2|   32|         64|
    |ap_return_19                        |   32|          2|   32|         64|
    |ap_return_2                         |   32|          2|   32|         64|
    |ap_return_20                        |   32|          2|   32|         64|
    |ap_return_21                        |   32|          2|   32|         64|
    |ap_return_22                        |   32|          2|   32|         64|
    |ap_return_23                        |   32|          2|   32|         64|
    |ap_return_24                        |   32|          2|   32|         64|
    |ap_return_25                        |   32|          2|   32|         64|
    |ap_return_26                        |   32|          2|   32|         64|
    |ap_return_27                        |   32|          2|   32|         64|
    |ap_return_28                        |   32|          2|   32|         64|
    |ap_return_29                        |   32|          2|   32|         64|
    |ap_return_3                         |   32|          2|   32|         64|
    |ap_return_30                        |   32|          2|   32|         64|
    |ap_return_31                        |   32|          2|   32|         64|
    |ap_return_4                         |   32|          2|   32|         64|
    |ap_return_5                         |   32|          2|   32|         64|
    |ap_return_6                         |   32|          2|   32|         64|
    |ap_return_7                         |   32|          2|   32|         64|
    |ap_return_8                         |   32|          2|   32|         64|
    |ap_return_9                         |   32|          2|   32|         64|
    |ap_sig_allocacmp_k_5                |    5|          2|    5|         10|
    |ap_sig_allocacmp_psum_64_load       |   32|          3|   32|         96|
    |ap_sig_allocacmp_psum_65_load       |   32|          3|   32|         96|
    |ap_sig_allocacmp_psum_66_load       |   32|          3|   32|         96|
    |ap_sig_allocacmp_psum_67_load       |   32|          3|   32|         96|
    |ap_sig_allocacmp_psum_68_load       |   32|          3|   32|         96|
    |ap_sig_allocacmp_psum_69_load       |   32|          3|   32|         96|
    |ap_sig_allocacmp_psum_70_load       |   32|          3|   32|         96|
    |ap_sig_allocacmp_psum_71_load       |   32|          3|   32|         96|
    |ap_sig_allocacmp_psum_72_load       |   32|          3|   32|         96|
    |ap_sig_allocacmp_psum_73_load       |   32|          3|   32|         96|
    |ap_sig_allocacmp_psum_74_load       |   32|          3|   32|         96|
    |ap_sig_allocacmp_psum_75_load       |   32|          3|   32|         96|
    |ap_sig_allocacmp_psum_76_load       |   32|          3|   32|         96|
    |ap_sig_allocacmp_psum_77_load       |   32|          3|   32|         96|
    |ap_sig_allocacmp_psum_78_load       |   32|          3|   32|         96|
    |ap_sig_allocacmp_psum_79_load       |   32|          3|   32|         96|
    |ap_sig_allocacmp_psum_80_load       |   32|          3|   32|         96|
    |ap_sig_allocacmp_psum_81_load       |   32|          3|   32|         96|
    |ap_sig_allocacmp_psum_82_load       |   32|          3|   32|         96|
    |ap_sig_allocacmp_psum_83_load       |   32|          3|   32|         96|
    |ap_sig_allocacmp_psum_84_load       |   32|          3|   32|         96|
    |ap_sig_allocacmp_psum_85_load       |   32|          3|   32|         96|
    |ap_sig_allocacmp_psum_86_load       |   32|          3|   32|         96|
    |ap_sig_allocacmp_psum_87_load       |   32|          3|   32|         96|
    |ap_sig_allocacmp_psum_88_load       |   32|          3|   32|         96|
    |ap_sig_allocacmp_psum_89_load       |   32|          3|   32|         96|
    |ap_sig_allocacmp_psum_90_load       |   32|          3|   32|         96|
    |ap_sig_allocacmp_psum_91_load       |   32|          3|   32|         96|
    |ap_sig_allocacmp_psum_92_load       |   32|          3|   32|         96|
    |ap_sig_allocacmp_psum_93_load       |   32|          3|   32|         96|
    |ap_sig_allocacmp_psum_94_load       |   32|          3|   32|         96|
    |ap_sig_allocacmp_psum_load          |   32|          3|   32|         96|
    |k_fu_168                            |    5|          2|    5|         10|
    |psum_64_fu_176                      |   32|          2|   32|         64|
    |psum_65_fu_180                      |   32|          2|   32|         64|
    |psum_66_fu_184                      |   32|          2|   32|         64|
    |psum_67_fu_188                      |   32|          2|   32|         64|
    |psum_68_fu_192                      |   32|          2|   32|         64|
    |psum_69_fu_196                      |   32|          2|   32|         64|
    |psum_70_fu_200                      |   32|          2|   32|         64|
    |psum_71_fu_204                      |   32|          2|   32|         64|
    |psum_72_fu_208                      |   32|          2|   32|         64|
    |psum_73_fu_212                      |   32|          2|   32|         64|
    |psum_74_fu_216                      |   32|          2|   32|         64|
    |psum_75_fu_220                      |   32|          2|   32|         64|
    |psum_76_fu_224                      |   32|          2|   32|         64|
    |psum_77_fu_228                      |   32|          2|   32|         64|
    |psum_78_fu_232                      |   32|          2|   32|         64|
    |psum_79_fu_236                      |   32|          2|   32|         64|
    |psum_80_fu_240                      |   32|          2|   32|         64|
    |psum_81_fu_244                      |   32|          2|   32|         64|
    |psum_82_fu_248                      |   32|          2|   32|         64|
    |psum_83_fu_252                      |   32|          2|   32|         64|
    |psum_84_fu_256                      |   32|          2|   32|         64|
    |psum_85_fu_260                      |   32|          2|   32|         64|
    |psum_86_fu_264                      |   32|          2|   32|         64|
    |psum_87_fu_268                      |   32|          2|   32|         64|
    |psum_88_fu_272                      |   32|          2|   32|         64|
    |psum_89_fu_276                      |   32|          2|   32|         64|
    |psum_90_fu_280                      |   32|          2|   32|         64|
    |psum_91_fu_284                      |   32|          2|   32|         64|
    |psum_92_fu_288                      |   32|          2|   32|         64|
    |psum_93_fu_292                      |   32|          2|   32|         64|
    |psum_94_fu_296                      |   32|          2|   32|         64|
    |psum_fu_172                         |   32|          2|   32|         64|
    +------------------------------------+-----+-----------+-----+-----------+
    |Total                               | 3534|        345| 3164|       7832|
    +------------------------------------+-----+-----------+-----+-----------+

    * Register: 
    +--------------------------------------------+----+----+-----+-----------+
    |                    Name                    | FF | LUT| Bits| Const Bits|
    +--------------------------------------------+----+----+-----+-----------+
    |A_streams_1_0_read_reg_3837                 |  32|   0|   32|          0|
    |A_streams_1_10_read_reg_3787                |  32|   0|   32|          0|
    |A_streams_1_11_read_reg_3782                |  32|   0|   32|          0|
    |A_streams_1_12_read_reg_3777                |  32|   0|   32|          0|
    |A_streams_1_13_read_reg_3772                |  32|   0|   32|          0|
    |A_streams_1_14_read_reg_3767                |  32|   0|   32|          0|
    |A_streams_1_15_read_reg_3842                |  32|   0|   32|          0|
    |A_streams_1_1_read_reg_3832                 |  32|   0|   32|          0|
    |A_streams_1_2_read_reg_3827                 |  32|   0|   32|          0|
    |A_streams_1_3_read_reg_3822                 |  32|   0|   32|          0|
    |A_streams_1_4_read_reg_3817                 |  32|   0|   32|          0|
    |A_streams_1_5_read_reg_3812                 |  32|   0|   32|          0|
    |A_streams_1_6_read_reg_3807                 |  32|   0|   32|          0|
    |A_streams_1_7_read_reg_3802                 |  32|   0|   32|          0|
    |A_streams_1_8_read_reg_3797                 |  32|   0|   32|          0|
    |A_streams_1_9_read_reg_3792                 |  32|   0|   32|          0|
    |B_streams_1_0_read_reg_3847                 |  32|   0|   32|          0|
    |B_streams_1_0_read_reg_3847_pp0_iter1_reg   |  32|   0|   32|          0|
    |B_streams_1_10_read_reg_3897                |  32|   0|   32|          0|
    |B_streams_1_10_read_reg_3897_pp0_iter1_reg  |  32|   0|   32|          0|
    |B_streams_1_11_read_reg_3902                |  32|   0|   32|          0|
    |B_streams_1_11_read_reg_3902_pp0_iter1_reg  |  32|   0|   32|          0|
    |B_streams_1_12_read_reg_3907                |  32|   0|   32|          0|
    |B_streams_1_12_read_reg_3907_pp0_iter1_reg  |  32|   0|   32|          0|
    |B_streams_1_13_read_reg_3912                |  32|   0|   32|          0|
    |B_streams_1_13_read_reg_3912_pp0_iter1_reg  |  32|   0|   32|          0|
    |B_streams_1_14_read_reg_3917                |  32|   0|   32|          0|
    |B_streams_1_14_read_reg_3917_pp0_iter1_reg  |  32|   0|   32|          0|
    |B_streams_1_15_read_reg_3922                |  32|   0|   32|          0|
    |B_streams_1_15_read_reg_3922_pp0_iter1_reg  |  32|   0|   32|          0|
    |B_streams_1_16_read_reg_3927                |  32|   0|   32|          0|
    |B_streams_1_16_read_reg_3927_pp0_iter1_reg  |  32|   0|   32|          0|
    |B_streams_1_17_read_reg_3932                |  32|   0|   32|          0|
    |B_streams_1_17_read_reg_3932_pp0_iter1_reg  |  32|   0|   32|          0|
    |B_streams_1_18_read_reg_3937                |  32|   0|   32|          0|
    |B_streams_1_18_read_reg_3937_pp0_iter1_reg  |  32|   0|   32|          0|
    |B_streams_1_19_read_reg_3942                |  32|   0|   32|          0|
    |B_streams_1_19_read_reg_3942_pp0_iter1_reg  |  32|   0|   32|          0|
    |B_streams_1_1_read_reg_3852                 |  32|   0|   32|          0|
    |B_streams_1_1_read_reg_3852_pp0_iter1_reg   |  32|   0|   32|          0|
    |B_streams_1_20_read_reg_3947                |  32|   0|   32|          0|
    |B_streams_1_20_read_reg_3947_pp0_iter1_reg  |  32|   0|   32|          0|
    |B_streams_1_21_read_reg_3952                |  32|   0|   32|          0|
    |B_streams_1_21_read_reg_3952_pp0_iter1_reg  |  32|   0|   32|          0|
    |B_streams_1_22_read_reg_3957                |  32|   0|   32|          0|
    |B_streams_1_22_read_reg_3957_pp0_iter1_reg  |  32|   0|   32|          0|
    |B_streams_1_23_read_reg_3962                |  32|   0|   32|          0|
    |B_streams_1_23_read_reg_3962_pp0_iter1_reg  |  32|   0|   32|          0|
    |B_streams_1_24_read_reg_3967                |  32|   0|   32|          0|
    |B_streams_1_24_read_reg_3967_pp0_iter1_reg  |  32|   0|   32|          0|
    |B_streams_1_25_read_reg_3972                |  32|   0|   32|          0|
    |B_streams_1_25_read_reg_3972_pp0_iter1_reg  |  32|   0|   32|          0|
    |B_streams_1_26_read_reg_3977                |  32|   0|   32|          0|
    |B_streams_1_26_read_reg_3977_pp0_iter1_reg  |  32|   0|   32|          0|
    |B_streams_1_27_read_reg_3982                |  32|   0|   32|          0|
    |B_streams_1_27_read_reg_3982_pp0_iter1_reg  |  32|   0|   32|          0|
    |B_streams_1_28_read_reg_3987                |  32|   0|   32|          0|
    |B_streams_1_28_read_reg_3987_pp0_iter1_reg  |  32|   0|   32|          0|
    |B_streams_1_29_read_reg_3992                |  32|   0|   32|          0|
    |B_streams_1_29_read_reg_3992_pp0_iter1_reg  |  32|   0|   32|          0|
    |B_streams_1_2_read_reg_3857                 |  32|   0|   32|          0|
    |B_streams_1_2_read_reg_3857_pp0_iter1_reg   |  32|   0|   32|          0|
    |B_streams_1_30_read_reg_3997                |  32|   0|   32|          0|
    |B_streams_1_30_read_reg_3997_pp0_iter1_reg  |  32|   0|   32|          0|
    |B_streams_1_31_read_reg_4002                |  32|   0|   32|          0|
    |B_streams_1_31_read_reg_4002_pp0_iter1_reg  |  32|   0|   32|          0|
    |B_streams_1_3_read_reg_3862                 |  32|   0|   32|          0|
    |B_streams_1_3_read_reg_3862_pp0_iter1_reg   |  32|   0|   32|          0|
    |B_streams_1_4_read_reg_3867                 |  32|   0|   32|          0|
    |B_streams_1_4_read_reg_3867_pp0_iter1_reg   |  32|   0|   32|          0|
    |B_streams_1_5_read_reg_3872                 |  32|   0|   32|          0|
    |B_streams_1_5_read_reg_3872_pp0_iter1_reg   |  32|   0|   32|          0|
    |B_streams_1_6_read_reg_3877                 |  32|   0|   32|          0|
    |B_streams_1_6_read_reg_3877_pp0_iter1_reg   |  32|   0|   32|          0|
    |B_streams_1_7_read_reg_3882                 |  32|   0|   32|          0|
    |B_streams_1_7_read_reg_3882_pp0_iter1_reg   |  32|   0|   32|          0|
    |B_streams_1_8_read_reg_3887                 |  32|   0|   32|          0|
    |B_streams_1_8_read_reg_3887_pp0_iter1_reg   |  32|   0|   32|          0|
    |B_streams_1_9_read_reg_3892                 |  32|   0|   32|          0|
    |B_streams_1_9_read_reg_3892_pp0_iter1_reg   |  32|   0|   32|          0|
    |ap_CS_fsm                                   |   1|   0|    1|          0|
    |ap_done_reg                                 |   1|   0|    1|          0|
    |ap_enable_reg_pp0_iter1                     |   1|   0|    1|          0|
    |ap_enable_reg_pp0_iter2                     |   1|   0|    1|          0|
    |ap_enable_reg_pp0_iter3                     |   1|   0|    1|          0|
    |ap_enable_reg_pp0_iter4                     |   1|   0|    1|          0|
    |ap_enable_reg_pp0_iter5                     |   1|   0|    1|          0|
    |ap_loop_exit_ready_pp0_iter1_reg            |   1|   0|    1|          0|
    |ap_loop_exit_ready_pp0_iter2_reg            |   1|   0|    1|          0|
    |ap_loop_exit_ready_pp0_iter3_reg            |   1|   0|    1|          0|
    |ap_loop_exit_ready_pp0_iter4_reg            |   1|   0|    1|          0|
    |ap_loop_init_pp0_iter1_reg                  |   1|   0|    1|          0|
    |ap_loop_init_pp0_iter2_reg                  |   1|   0|    1|          0|
    |ap_loop_init_pp0_iter3_reg                  |   1|   0|    1|          0|
    |ap_loop_init_pp0_iter4_reg                  |   1|   0|    1|          0|
    |ap_phi_reg_pp0_iter1_a_val_reg_588          |  32|   0|   32|          0|
    |ap_phi_reg_pp0_iter2_a_val_reg_588          |  32|   0|   32|          0|
    |ap_return_0_preg                            |  32|   0|   32|          0|
    |ap_return_10_preg                           |  32|   0|   32|          0|
    |ap_return_11_preg                           |  32|   0|   32|          0|
    |ap_return_12_preg                           |  32|   0|   32|          0|
    |ap_return_13_preg                           |  32|   0|   32|          0|
    |ap_return_14_preg                           |  32|   0|   32|          0|
    |ap_return_15_preg                           |  32|   0|   32|          0|
    |ap_return_16_preg                           |  32|   0|   32|          0|
    |ap_return_17_preg                           |  32|   0|   32|          0|
    |ap_return_18_preg                           |  32|   0|   32|          0|
    |ap_return_19_preg                           |  32|   0|   32|          0|
    |ap_return_1_preg                            |  32|   0|   32|          0|
    |ap_return_20_preg                           |  32|   0|   32|          0|
    |ap_return_21_preg                           |  32|   0|   32|          0|
    |ap_return_22_preg                           |  32|   0|   32|          0|
    |ap_return_23_preg                           |  32|   0|   32|          0|
    |ap_return_24_preg                           |  32|   0|   32|          0|
    |ap_return_25_preg                           |  32|   0|   32|          0|
    |ap_return_26_preg                           |  32|   0|   32|          0|
    |ap_return_27_preg                           |  32|   0|   32|          0|
    |ap_return_28_preg                           |  32|   0|   32|          0|
    |ap_return_29_preg                           |  32|   0|   32|          0|
    |ap_return_2_preg                            |  32|   0|   32|          0|
    |ap_return_30_preg                           |  32|   0|   32|          0|
    |ap_return_31_preg                           |  32|   0|   32|          0|
    |ap_return_3_preg                            |  32|   0|   32|          0|
    |ap_return_4_preg                            |  32|   0|   32|          0|
    |ap_return_5_preg                            |  32|   0|   32|          0|
    |ap_return_6_preg                            |  32|   0|   32|          0|
    |ap_return_7_preg                            |  32|   0|   32|          0|
    |ap_return_8_preg                            |  32|   0|   32|          0|
    |ap_return_9_preg                            |  32|   0|   32|          0|
    |icmp_ln16_reg_3759                          |   1|   0|    1|          0|
    |k_fu_168                                    |   5|   0|    5|          0|
    |mul_ln23_10_reg_4253                        |  56|   0|   56|          0|
    |mul_ln23_11_reg_4258                        |  56|   0|   56|          0|
    |mul_ln23_12_reg_4263                        |  56|   0|   56|          0|
    |mul_ln23_13_reg_4268                        |  56|   0|   56|          0|
    |mul_ln23_14_reg_4273                        |  56|   0|   56|          0|
    |mul_ln23_15_reg_4278                        |  56|   0|   56|          0|
    |mul_ln23_16_reg_4283                        |  56|   0|   56|          0|
    |mul_ln23_17_reg_4288                        |  56|   0|   56|          0|
    |mul_ln23_18_reg_4293                        |  56|   0|   56|          0|
    |mul_ln23_19_reg_4298                        |  56|   0|   56|          0|
    |mul_ln23_1_reg_4208                         |  56|   0|   56|          0|
    |mul_ln23_20_reg_4303                        |  56|   0|   56|          0|
    |mul_ln23_21_reg_4308                        |  56|   0|   56|          0|
    |mul_ln23_22_reg_4313                        |  56|   0|   56|          0|
    |mul_ln23_23_reg_4318                        |  56|   0|   56|          0|
    |mul_ln23_24_reg_4323                        |  56|   0|   56|          0|
    |mul_ln23_25_reg_4328                        |  56|   0|   56|          0|
    |mul_ln23_26_reg_4333                        |  56|   0|   56|          0|
    |mul_ln23_27_reg_4338                        |  56|   0|   56|          0|
    |mul_ln23_28_reg_4343                        |  56|   0|   56|          0|
    |mul_ln23_29_reg_4348                        |  56|   0|   56|          0|
    |mul_ln23_2_reg_4213                         |  56|   0|   56|          0|
    |mul_ln23_30_reg_4353                        |  56|   0|   56|          0|
    |mul_ln23_31_reg_4358                        |  56|   0|   56|          0|
    |mul_ln23_3_reg_4218                         |  56|   0|   56|          0|
    |mul_ln23_4_reg_4223                         |  56|   0|   56|          0|
    |mul_ln23_5_reg_4228                         |  56|   0|   56|          0|
    |mul_ln23_6_reg_4233                         |  56|   0|   56|          0|
    |mul_ln23_7_reg_4238                         |  56|   0|   56|          0|
    |mul_ln23_8_reg_4243                         |  56|   0|   56|          0|
    |mul_ln23_9_reg_4248                         |  56|   0|   56|          0|
    |mul_ln23_reg_4203                           |  56|   0|   56|          0|
    |psum_64_fu_176                              |  32|   0|   32|          0|
    |psum_65_fu_180                              |  32|   0|   32|          0|
    |psum_66_fu_184                              |  32|   0|   32|          0|
    |psum_67_fu_188                              |  32|   0|   32|          0|
    |psum_68_fu_192                              |  32|   0|   32|          0|
    |psum_69_fu_196                              |  32|   0|   32|          0|
    |psum_70_fu_200                              |  32|   0|   32|          0|
    |psum_71_fu_204                              |  32|   0|   32|          0|
    |psum_72_fu_208                              |  32|   0|   32|          0|
    |psum_73_fu_212                              |  32|   0|   32|          0|
    |psum_74_fu_216                              |  32|   0|   32|          0|
    |psum_75_fu_220                              |  32|   0|   32|          0|
    |psum_76_fu_224                              |  32|   0|   32|          0|
    |psum_77_fu_228                              |  32|   0|   32|          0|
    |psum_78_fu_232                              |  32|   0|   32|          0|
    |psum_79_fu_236                              |  32|   0|   32|          0|
    |psum_80_fu_240                              |  32|   0|   32|          0|
    |psum_81_fu_244                              |  32|   0|   32|          0|
    |psum_82_fu_248                              |  32|   0|   32|          0|
    |psum_83_fu_252                              |  32|   0|   32|          0|
    |psum_84_fu_256                              |  32|   0|   32|          0|
    |psum_85_fu_260                              |  32|   0|   32|          0|
    |psum_86_fu_264                              |  32|   0|   32|          0|
    |psum_87_fu_268                              |  32|   0|   32|          0|
    |psum_88_fu_272                              |  32|   0|   32|          0|
    |psum_89_fu_276                              |  32|   0|   32|          0|
    |psum_90_fu_280                              |  32|   0|   32|          0|
    |psum_91_fu_284                              |  32|   0|   32|          0|
    |psum_92_fu_288                              |  32|   0|   32|          0|
    |psum_93_fu_292                              |  32|   0|   32|          0|
    |psum_94_fu_296                              |  32|   0|   32|          0|
    |psum_fu_172                                 |  32|   0|   32|          0|
    |trunc_ln16_reg_3763                         |   4|   0|    4|          0|
    |icmp_ln16_reg_3759                          |   0|   2|    1|          0|
    +--------------------------------------------+----+----+-----+-----------+
    |Total                                       |6489|   2| 6490|          0|
    +--------------------------------------------+----+----+-----+-----------+



================================================================
== Interface
================================================================
* Summary: 
+-------------------------------+-----+-----+------------+-------------------------------------------------------+--------------+
|           RTL Ports           | Dir | Bits|  Protocol  |                     Source Object                     |    C Type    |
+-------------------------------+-----+-----+------------+-------------------------------------------------------+--------------+
|ap_clk                         |   in|    1|  ap_ctrl_hs|  dataflow_in_loop_mat_mul_i.132_Loop_mat_mul_k_proc222|  return value|
|ap_rst                         |   in|    1|  ap_ctrl_hs|  dataflow_in_loop_mat_mul_i.132_Loop_mat_mul_k_proc222|  return value|
|ap_start                       |   in|    1|  ap_ctrl_hs|  dataflow_in_loop_mat_mul_i.132_Loop_mat_mul_k_proc222|  return value|
|ap_done                        |  out|    1|  ap_ctrl_hs|  dataflow_in_loop_mat_mul_i.132_Loop_mat_mul_k_proc222|  return value|
|ap_continue                    |   in|    1|  ap_ctrl_hs|  dataflow_in_loop_mat_mul_i.132_Loop_mat_mul_k_proc222|  return value|
|ap_idle                        |  out|    1|  ap_ctrl_hs|  dataflow_in_loop_mat_mul_i.132_Loop_mat_mul_k_proc222|  return value|
|ap_ready                       |  out|    1|  ap_ctrl_hs|  dataflow_in_loop_mat_mul_i.132_Loop_mat_mul_k_proc222|  return value|
|ap_return_0                    |  out|   32|  ap_ctrl_hs|  dataflow_in_loop_mat_mul_i.132_Loop_mat_mul_k_proc222|  return value|
|ap_return_1                    |  out|   32|  ap_ctrl_hs|  dataflow_in_loop_mat_mul_i.132_Loop_mat_mul_k_proc222|  return value|
|ap_return_2                    |  out|   32|  ap_ctrl_hs|  dataflow_in_loop_mat_mul_i.132_Loop_mat_mul_k_proc222|  return value|
|ap_return_3                    |  out|   32|  ap_ctrl_hs|  dataflow_in_loop_mat_mul_i.132_Loop_mat_mul_k_proc222|  return value|
|ap_return_4                    |  out|   32|  ap_ctrl_hs|  dataflow_in_loop_mat_mul_i.132_Loop_mat_mul_k_proc222|  return value|
|ap_return_5                    |  out|   32|  ap_ctrl_hs|  dataflow_in_loop_mat_mul_i.132_Loop_mat_mul_k_proc222|  return value|
|ap_return_6                    |  out|   32|  ap_ctrl_hs|  dataflow_in_loop_mat_mul_i.132_Loop_mat_mul_k_proc222|  return value|
|ap_return_7                    |  out|   32|  ap_ctrl_hs|  dataflow_in_loop_mat_mul_i.132_Loop_mat_mul_k_proc222|  return value|
|ap_return_8                    |  out|   32|  ap_ctrl_hs|  dataflow_in_loop_mat_mul_i.132_Loop_mat_mul_k_proc222|  return value|
|ap_return_9                    |  out|   32|  ap_ctrl_hs|  dataflow_in_loop_mat_mul_i.132_Loop_mat_mul_k_proc222|  return value|
|ap_return_10                   |  out|   32|  ap_ctrl_hs|  dataflow_in_loop_mat_mul_i.132_Loop_mat_mul_k_proc222|  return value|
|ap_return_11                   |  out|   32|  ap_ctrl_hs|  dataflow_in_loop_mat_mul_i.132_Loop_mat_mul_k_proc222|  return value|
|ap_return_12                   |  out|   32|  ap_ctrl_hs|  dataflow_in_loop_mat_mul_i.132_Loop_mat_mul_k_proc222|  return value|
|ap_return_13                   |  out|   32|  ap_ctrl_hs|  dataflow_in_loop_mat_mul_i.132_Loop_mat_mul_k_proc222|  return value|
|ap_return_14                   |  out|   32|  ap_ctrl_hs|  dataflow_in_loop_mat_mul_i.132_Loop_mat_mul_k_proc222|  return value|
|ap_return_15                   |  out|   32|  ap_ctrl_hs|  dataflow_in_loop_mat_mul_i.132_Loop_mat_mul_k_proc222|  return value|
|ap_return_16                   |  out|   32|  ap_ctrl_hs|  dataflow_in_loop_mat_mul_i.132_Loop_mat_mul_k_proc222|  return value|
|ap_return_17                   |  out|   32|  ap_ctrl_hs|  dataflow_in_loop_mat_mul_i.132_Loop_mat_mul_k_proc222|  return value|
|ap_return_18                   |  out|   32|  ap_ctrl_hs|  dataflow_in_loop_mat_mul_i.132_Loop_mat_mul_k_proc222|  return value|
|ap_return_19                   |  out|   32|  ap_ctrl_hs|  dataflow_in_loop_mat_mul_i.132_Loop_mat_mul_k_proc222|  return value|
|ap_return_20                   |  out|   32|  ap_ctrl_hs|  dataflow_in_loop_mat_mul_i.132_Loop_mat_mul_k_proc222|  return value|
|ap_return_21                   |  out|   32|  ap_ctrl_hs|  dataflow_in_loop_mat_mul_i.132_Loop_mat_mul_k_proc222|  return value|
|ap_return_22                   |  out|   32|  ap_ctrl_hs|  dataflow_in_loop_mat_mul_i.132_Loop_mat_mul_k_proc222|  return value|
|ap_return_23                   |  out|   32|  ap_ctrl_hs|  dataflow_in_loop_mat_mul_i.132_Loop_mat_mul_k_proc222|  return value|
|ap_return_24                   |  out|   32|  ap_ctrl_hs|  dataflow_in_loop_mat_mul_i.132_Loop_mat_mul_k_proc222|  return value|
|ap_return_25                   |  out|   32|  ap_ctrl_hs|  dataflow_in_loop_mat_mul_i.132_Loop_mat_mul_k_proc222|  return value|
|ap_return_26                   |  out|   32|  ap_ctrl_hs|  dataflow_in_loop_mat_mul_i.132_Loop_mat_mul_k_proc222|  return value|
|ap_return_27                   |  out|   32|  ap_ctrl_hs|  dataflow_in_loop_mat_mul_i.132_Loop_mat_mul_k_proc222|  return value|
|ap_return_28                   |  out|   32|  ap_ctrl_hs|  dataflow_in_loop_mat_mul_i.132_Loop_mat_mul_k_proc222|  return value|
|ap_return_29                   |  out|   32|  ap_ctrl_hs|  dataflow_in_loop_mat_mul_i.132_Loop_mat_mul_k_proc222|  return value|
|ap_return_30                   |  out|   32|  ap_ctrl_hs|  dataflow_in_loop_mat_mul_i.132_Loop_mat_mul_k_proc222|  return value|
|ap_return_31                   |  out|   32|  ap_ctrl_hs|  dataflow_in_loop_mat_mul_i.132_Loop_mat_mul_k_proc222|  return value|
|A_streams_1_14_dout            |   in|   32|     ap_fifo|                                         A_streams_1_14|       pointer|
|A_streams_1_14_num_data_valid  |   in|    3|     ap_fifo|                                         A_streams_1_14|       pointer|
|A_streams_1_14_fifo_cap        |   in|    3|     ap_fifo|                                         A_streams_1_14|       pointer|
|A_streams_1_14_empty_n         |   in|    1|     ap_fifo|                                         A_streams_1_14|       pointer|
|A_streams_1_14_read            |  out|    1|     ap_fifo|                                         A_streams_1_14|       pointer|
|A_streams_1_13_dout            |   in|   32|     ap_fifo|                                         A_streams_1_13|       pointer|
|A_streams_1_13_num_data_valid  |   in|    3|     ap_fifo|                                         A_streams_1_13|       pointer|
|A_streams_1_13_fifo_cap        |   in|    3|     ap_fifo|                                         A_streams_1_13|       pointer|
|A_streams_1_13_empty_n         |   in|    1|     ap_fifo|                                         A_streams_1_13|       pointer|
|A_streams_1_13_read            |  out|    1|     ap_fifo|                                         A_streams_1_13|       pointer|
|A_streams_1_12_dout            |   in|   32|     ap_fifo|                                         A_streams_1_12|       pointer|
|A_streams_1_12_num_data_valid  |   in|    3|     ap_fifo|                                         A_streams_1_12|       pointer|
|A_streams_1_12_fifo_cap        |   in|    3|     ap_fifo|                                         A_streams_1_12|       pointer|
|A_streams_1_12_empty_n         |   in|    1|     ap_fifo|                                         A_streams_1_12|       pointer|
|A_streams_1_12_read            |  out|    1|     ap_fifo|                                         A_streams_1_12|       pointer|
|A_streams_1_11_dout            |   in|   32|     ap_fifo|                                         A_streams_1_11|       pointer|
|A_streams_1_11_num_data_valid  |   in|    3|     ap_fifo|                                         A_streams_1_11|       pointer|
|A_streams_1_11_fifo_cap        |   in|    3|     ap_fifo|                                         A_streams_1_11|       pointer|
|A_streams_1_11_empty_n         |   in|    1|     ap_fifo|                                         A_streams_1_11|       pointer|
|A_streams_1_11_read            |  out|    1|     ap_fifo|                                         A_streams_1_11|       pointer|
|A_streams_1_10_dout            |   in|   32|     ap_fifo|                                         A_streams_1_10|       pointer|
|A_streams_1_10_num_data_valid  |   in|    3|     ap_fifo|                                         A_streams_1_10|       pointer|
|A_streams_1_10_fifo_cap        |   in|    3|     ap_fifo|                                         A_streams_1_10|       pointer|
|A_streams_1_10_empty_n         |   in|    1|     ap_fifo|                                         A_streams_1_10|       pointer|
|A_streams_1_10_read            |  out|    1|     ap_fifo|                                         A_streams_1_10|       pointer|
|A_streams_1_9_dout             |   in|   32|     ap_fifo|                                          A_streams_1_9|       pointer|
|A_streams_1_9_num_data_valid   |   in|    3|     ap_fifo|                                          A_streams_1_9|       pointer|
|A_streams_1_9_fifo_cap         |   in|    3|     ap_fifo|                                          A_streams_1_9|       pointer|
|A_streams_1_9_empty_n          |   in|    1|     ap_fifo|                                          A_streams_1_9|       pointer|
|A_streams_1_9_read             |  out|    1|     ap_fifo|                                          A_streams_1_9|       pointer|
|A_streams_1_8_dout             |   in|   32|     ap_fifo|                                          A_streams_1_8|       pointer|
|A_streams_1_8_num_data_valid   |   in|    3|     ap_fifo|                                          A_streams_1_8|       pointer|
|A_streams_1_8_fifo_cap         |   in|    3|     ap_fifo|                                          A_streams_1_8|       pointer|
|A_streams_1_8_empty_n          |   in|    1|     ap_fifo|                                          A_streams_1_8|       pointer|
|A_streams_1_8_read             |  out|    1|     ap_fifo|                                          A_streams_1_8|       pointer|
|A_streams_1_7_dout             |   in|   32|     ap_fifo|                                          A_streams_1_7|       pointer|
|A_streams_1_7_num_data_valid   |   in|    3|     ap_fifo|                                          A_streams_1_7|       pointer|
|A_streams_1_7_fifo_cap         |   in|    3|     ap_fifo|                                          A_streams_1_7|       pointer|
|A_streams_1_7_empty_n          |   in|    1|     ap_fifo|                                          A_streams_1_7|       pointer|
|A_streams_1_7_read             |  out|    1|     ap_fifo|                                          A_streams_1_7|       pointer|
|A_streams_1_6_dout             |   in|   32|     ap_fifo|                                          A_streams_1_6|       pointer|
|A_streams_1_6_num_data_valid   |   in|    3|     ap_fifo|                                          A_streams_1_6|       pointer|
|A_streams_1_6_fifo_cap         |   in|    3|     ap_fifo|                                          A_streams_1_6|       pointer|
|A_streams_1_6_empty_n          |   in|    1|     ap_fifo|                                          A_streams_1_6|       pointer|
|A_streams_1_6_read             |  out|    1|     ap_fifo|                                          A_streams_1_6|       pointer|
|A_streams_1_5_dout             |   in|   32|     ap_fifo|                                          A_streams_1_5|       pointer|
|A_streams_1_5_num_data_valid   |   in|    3|     ap_fifo|                                          A_streams_1_5|       pointer|
|A_streams_1_5_fifo_cap         |   in|    3|     ap_fifo|                                          A_streams_1_5|       pointer|
|A_streams_1_5_empty_n          |   in|    1|     ap_fifo|                                          A_streams_1_5|       pointer|
|A_streams_1_5_read             |  out|    1|     ap_fifo|                                          A_streams_1_5|       pointer|
|A_streams_1_4_dout             |   in|   32|     ap_fifo|                                          A_streams_1_4|       pointer|
|A_streams_1_4_num_data_valid   |   in|    3|     ap_fifo|                                          A_streams_1_4|       pointer|
|A_streams_1_4_fifo_cap         |   in|    3|     ap_fifo|                                          A_streams_1_4|       pointer|
|A_streams_1_4_empty_n          |   in|    1|     ap_fifo|                                          A_streams_1_4|       pointer|
|A_streams_1_4_read             |  out|    1|     ap_fifo|                                          A_streams_1_4|       pointer|
|A_streams_1_3_dout             |   in|   32|     ap_fifo|                                          A_streams_1_3|       pointer|
|A_streams_1_3_num_data_valid   |   in|    3|     ap_fifo|                                          A_streams_1_3|       pointer|
|A_streams_1_3_fifo_cap         |   in|    3|     ap_fifo|                                          A_streams_1_3|       pointer|
|A_streams_1_3_empty_n          |   in|    1|     ap_fifo|                                          A_streams_1_3|       pointer|
|A_streams_1_3_read             |  out|    1|     ap_fifo|                                          A_streams_1_3|       pointer|
|A_streams_1_2_dout             |   in|   32|     ap_fifo|                                          A_streams_1_2|       pointer|
|A_streams_1_2_num_data_valid   |   in|    3|     ap_fifo|                                          A_streams_1_2|       pointer|
|A_streams_1_2_fifo_cap         |   in|    3|     ap_fifo|                                          A_streams_1_2|       pointer|
|A_streams_1_2_empty_n          |   in|    1|     ap_fifo|                                          A_streams_1_2|       pointer|
|A_streams_1_2_read             |  out|    1|     ap_fifo|                                          A_streams_1_2|       pointer|
|A_streams_1_1_dout             |   in|   32|     ap_fifo|                                          A_streams_1_1|       pointer|
|A_streams_1_1_num_data_valid   |   in|    3|     ap_fifo|                                          A_streams_1_1|       pointer|
|A_streams_1_1_fifo_cap         |   in|    3|     ap_fifo|                                          A_streams_1_1|       pointer|
|A_streams_1_1_empty_n          |   in|    1|     ap_fifo|                                          A_streams_1_1|       pointer|
|A_streams_1_1_read             |  out|    1|     ap_fifo|                                          A_streams_1_1|       pointer|
|A_streams_1_0_dout             |   in|   32|     ap_fifo|                                          A_streams_1_0|       pointer|
|A_streams_1_0_num_data_valid   |   in|    3|     ap_fifo|                                          A_streams_1_0|       pointer|
|A_streams_1_0_fifo_cap         |   in|    3|     ap_fifo|                                          A_streams_1_0|       pointer|
|A_streams_1_0_empty_n          |   in|    1|     ap_fifo|                                          A_streams_1_0|       pointer|
|A_streams_1_0_read             |  out|    1|     ap_fifo|                                          A_streams_1_0|       pointer|
|A_streams_1_15_dout            |   in|   32|     ap_fifo|                                         A_streams_1_15|       pointer|
|A_streams_1_15_num_data_valid  |   in|    3|     ap_fifo|                                         A_streams_1_15|       pointer|
|A_streams_1_15_fifo_cap        |   in|    3|     ap_fifo|                                         A_streams_1_15|       pointer|
|A_streams_1_15_empty_n         |   in|    1|     ap_fifo|                                         A_streams_1_15|       pointer|
|A_streams_1_15_read            |  out|    1|     ap_fifo|                                         A_streams_1_15|       pointer|
|B_streams_1_0_dout             |   in|   32|     ap_fifo|                                          B_streams_1_0|       pointer|
|B_streams_1_0_num_data_valid   |   in|    3|     ap_fifo|                                          B_streams_1_0|       pointer|
|B_streams_1_0_fifo_cap         |   in|    3|     ap_fifo|                                          B_streams_1_0|       pointer|
|B_streams_1_0_empty_n          |   in|    1|     ap_fifo|                                          B_streams_1_0|       pointer|
|B_streams_1_0_read             |  out|    1|     ap_fifo|                                          B_streams_1_0|       pointer|
|B_streams_1_1_dout             |   in|   32|     ap_fifo|                                          B_streams_1_1|       pointer|
|B_streams_1_1_num_data_valid   |   in|    3|     ap_fifo|                                          B_streams_1_1|       pointer|
|B_streams_1_1_fifo_cap         |   in|    3|     ap_fifo|                                          B_streams_1_1|       pointer|
|B_streams_1_1_empty_n          |   in|    1|     ap_fifo|                                          B_streams_1_1|       pointer|
|B_streams_1_1_read             |  out|    1|     ap_fifo|                                          B_streams_1_1|       pointer|
|B_streams_1_2_dout             |   in|   32|     ap_fifo|                                          B_streams_1_2|       pointer|
|B_streams_1_2_num_data_valid   |   in|    3|     ap_fifo|                                          B_streams_1_2|       pointer|
|B_streams_1_2_fifo_cap         |   in|    3|     ap_fifo|                                          B_streams_1_2|       pointer|
|B_streams_1_2_empty_n          |   in|    1|     ap_fifo|                                          B_streams_1_2|       pointer|
|B_streams_1_2_read             |  out|    1|     ap_fifo|                                          B_streams_1_2|       pointer|
|B_streams_1_3_dout             |   in|   32|     ap_fifo|                                          B_streams_1_3|       pointer|
|B_streams_1_3_num_data_valid   |   in|    3|     ap_fifo|                                          B_streams_1_3|       pointer|
|B_streams_1_3_fifo_cap         |   in|    3|     ap_fifo|                                          B_streams_1_3|       pointer|
|B_streams_1_3_empty_n          |   in|    1|     ap_fifo|                                          B_streams_1_3|       pointer|
|B_streams_1_3_read             |  out|    1|     ap_fifo|                                          B_streams_1_3|       pointer|
|B_streams_1_4_dout             |   in|   32|     ap_fifo|                                          B_streams_1_4|       pointer|
|B_streams_1_4_num_data_valid   |   in|    3|     ap_fifo|                                          B_streams_1_4|       pointer|
|B_streams_1_4_fifo_cap         |   in|    3|     ap_fifo|                                          B_streams_1_4|       pointer|
|B_streams_1_4_empty_n          |   in|    1|     ap_fifo|                                          B_streams_1_4|       pointer|
|B_streams_1_4_read             |  out|    1|     ap_fifo|                                          B_streams_1_4|       pointer|
|B_streams_1_5_dout             |   in|   32|     ap_fifo|                                          B_streams_1_5|       pointer|
|B_streams_1_5_num_data_valid   |   in|    3|     ap_fifo|                                          B_streams_1_5|       pointer|
|B_streams_1_5_fifo_cap         |   in|    3|     ap_fifo|                                          B_streams_1_5|       pointer|
|B_streams_1_5_empty_n          |   in|    1|     ap_fifo|                                          B_streams_1_5|       pointer|
|B_streams_1_5_read             |  out|    1|     ap_fifo|                                          B_streams_1_5|       pointer|
|B_streams_1_6_dout             |   in|   32|     ap_fifo|                                          B_streams_1_6|       pointer|
|B_streams_1_6_num_data_valid   |   in|    3|     ap_fifo|                                          B_streams_1_6|       pointer|
|B_streams_1_6_fifo_cap         |   in|    3|     ap_fifo|                                          B_streams_1_6|       pointer|
|B_streams_1_6_empty_n          |   in|    1|     ap_fifo|                                          B_streams_1_6|       pointer|
|B_streams_1_6_read             |  out|    1|     ap_fifo|                                          B_streams_1_6|       pointer|
|B_streams_1_7_dout             |   in|   32|     ap_fifo|                                          B_streams_1_7|       pointer|
|B_streams_1_7_num_data_valid   |   in|    3|     ap_fifo|                                          B_streams_1_7|       pointer|
|B_streams_1_7_fifo_cap         |   in|    3|     ap_fifo|                                          B_streams_1_7|       pointer|
|B_streams_1_7_empty_n          |   in|    1|     ap_fifo|                                          B_streams_1_7|       pointer|
|B_streams_1_7_read             |  out|    1|     ap_fifo|                                          B_streams_1_7|       pointer|
|B_streams_1_8_dout             |   in|   32|     ap_fifo|                                          B_streams_1_8|       pointer|
|B_streams_1_8_num_data_valid   |   in|    3|     ap_fifo|                                          B_streams_1_8|       pointer|
|B_streams_1_8_fifo_cap         |   in|    3|     ap_fifo|                                          B_streams_1_8|       pointer|
|B_streams_1_8_empty_n          |   in|    1|     ap_fifo|                                          B_streams_1_8|       pointer|
|B_streams_1_8_read             |  out|    1|     ap_fifo|                                          B_streams_1_8|       pointer|
|B_streams_1_9_dout             |   in|   32|     ap_fifo|                                          B_streams_1_9|       pointer|
|B_streams_1_9_num_data_valid   |   in|    3|     ap_fifo|                                          B_streams_1_9|       pointer|
|B_streams_1_9_fifo_cap         |   in|    3|     ap_fifo|                                          B_streams_1_9|       pointer|
|B_streams_1_9_empty_n          |   in|    1|     ap_fifo|                                          B_streams_1_9|       pointer|
|B_streams_1_9_read             |  out|    1|     ap_fifo|                                          B_streams_1_9|       pointer|
|B_streams_1_10_dout            |   in|   32|     ap_fifo|                                         B_streams_1_10|       pointer|
|B_streams_1_10_num_data_valid  |   in|    3|     ap_fifo|                                         B_streams_1_10|       pointer|
|B_streams_1_10_fifo_cap        |   in|    3|     ap_fifo|                                         B_streams_1_10|       pointer|
|B_streams_1_10_empty_n         |   in|    1|     ap_fifo|                                         B_streams_1_10|       pointer|
|B_streams_1_10_read            |  out|    1|     ap_fifo|                                         B_streams_1_10|       pointer|
|B_streams_1_11_dout            |   in|   32|     ap_fifo|                                         B_streams_1_11|       pointer|
|B_streams_1_11_num_data_valid  |   in|    3|     ap_fifo|                                         B_streams_1_11|       pointer|
|B_streams_1_11_fifo_cap        |   in|    3|     ap_fifo|                                         B_streams_1_11|       pointer|
|B_streams_1_11_empty_n         |   in|    1|     ap_fifo|                                         B_streams_1_11|       pointer|
|B_streams_1_11_read            |  out|    1|     ap_fifo|                                         B_streams_1_11|       pointer|
|B_streams_1_12_dout            |   in|   32|     ap_fifo|                                         B_streams_1_12|       pointer|
|B_streams_1_12_num_data_valid  |   in|    3|     ap_fifo|                                         B_streams_1_12|       pointer|
|B_streams_1_12_fifo_cap        |   in|    3|     ap_fifo|                                         B_streams_1_12|       pointer|
|B_streams_1_12_empty_n         |   in|    1|     ap_fifo|                                         B_streams_1_12|       pointer|
|B_streams_1_12_read            |  out|    1|     ap_fifo|                                         B_streams_1_12|       pointer|
|B_streams_1_13_dout            |   in|   32|     ap_fifo|                                         B_streams_1_13|       pointer|
|B_streams_1_13_num_data_valid  |   in|    3|     ap_fifo|                                         B_streams_1_13|       pointer|
|B_streams_1_13_fifo_cap        |   in|    3|     ap_fifo|                                         B_streams_1_13|       pointer|
|B_streams_1_13_empty_n         |   in|    1|     ap_fifo|                                         B_streams_1_13|       pointer|
|B_streams_1_13_read            |  out|    1|     ap_fifo|                                         B_streams_1_13|       pointer|
|B_streams_1_14_dout            |   in|   32|     ap_fifo|                                         B_streams_1_14|       pointer|
|B_streams_1_14_num_data_valid  |   in|    3|     ap_fifo|                                         B_streams_1_14|       pointer|
|B_streams_1_14_fifo_cap        |   in|    3|     ap_fifo|                                         B_streams_1_14|       pointer|
|B_streams_1_14_empty_n         |   in|    1|     ap_fifo|                                         B_streams_1_14|       pointer|
|B_streams_1_14_read            |  out|    1|     ap_fifo|                                         B_streams_1_14|       pointer|
|B_streams_1_15_dout            |   in|   32|     ap_fifo|                                         B_streams_1_15|       pointer|
|B_streams_1_15_num_data_valid  |   in|    3|     ap_fifo|                                         B_streams_1_15|       pointer|
|B_streams_1_15_fifo_cap        |   in|    3|     ap_fifo|                                         B_streams_1_15|       pointer|
|B_streams_1_15_empty_n         |   in|    1|     ap_fifo|                                         B_streams_1_15|       pointer|
|B_streams_1_15_read            |  out|    1|     ap_fifo|                                         B_streams_1_15|       pointer|
|B_streams_1_16_dout            |   in|   32|     ap_fifo|                                         B_streams_1_16|       pointer|
|B_streams_1_16_num_data_valid  |   in|    3|     ap_fifo|                                         B_streams_1_16|       pointer|
|B_streams_1_16_fifo_cap        |   in|    3|     ap_fifo|                                         B_streams_1_16|       pointer|
|B_streams_1_16_empty_n         |   in|    1|     ap_fifo|                                         B_streams_1_16|       pointer|
|B_streams_1_16_read            |  out|    1|     ap_fifo|                                         B_streams_1_16|       pointer|
|B_streams_1_17_dout            |   in|   32|     ap_fifo|                                         B_streams_1_17|       pointer|
|B_streams_1_17_num_data_valid  |   in|    3|     ap_fifo|                                         B_streams_1_17|       pointer|
|B_streams_1_17_fifo_cap        |   in|    3|     ap_fifo|                                         B_streams_1_17|       pointer|
|B_streams_1_17_empty_n         |   in|    1|     ap_fifo|                                         B_streams_1_17|       pointer|
|B_streams_1_17_read            |  out|    1|     ap_fifo|                                         B_streams_1_17|       pointer|
|B_streams_1_18_dout            |   in|   32|     ap_fifo|                                         B_streams_1_18|       pointer|
|B_streams_1_18_num_data_valid  |   in|    3|     ap_fifo|                                         B_streams_1_18|       pointer|
|B_streams_1_18_fifo_cap        |   in|    3|     ap_fifo|                                         B_streams_1_18|       pointer|
|B_streams_1_18_empty_n         |   in|    1|     ap_fifo|                                         B_streams_1_18|       pointer|
|B_streams_1_18_read            |  out|    1|     ap_fifo|                                         B_streams_1_18|       pointer|
|B_streams_1_19_dout            |   in|   32|     ap_fifo|                                         B_streams_1_19|       pointer|
|B_streams_1_19_num_data_valid  |   in|    3|     ap_fifo|                                         B_streams_1_19|       pointer|
|B_streams_1_19_fifo_cap        |   in|    3|     ap_fifo|                                         B_streams_1_19|       pointer|
|B_streams_1_19_empty_n         |   in|    1|     ap_fifo|                                         B_streams_1_19|       pointer|
|B_streams_1_19_read            |  out|    1|     ap_fifo|                                         B_streams_1_19|       pointer|
|B_streams_1_20_dout            |   in|   32|     ap_fifo|                                         B_streams_1_20|       pointer|
|B_streams_1_20_num_data_valid  |   in|    3|     ap_fifo|                                         B_streams_1_20|       pointer|
|B_streams_1_20_fifo_cap        |   in|    3|     ap_fifo|                                         B_streams_1_20|       pointer|
|B_streams_1_20_empty_n         |   in|    1|     ap_fifo|                                         B_streams_1_20|       pointer|
|B_streams_1_20_read            |  out|    1|     ap_fifo|                                         B_streams_1_20|       pointer|
|B_streams_1_21_dout            |   in|   32|     ap_fifo|                                         B_streams_1_21|       pointer|
|B_streams_1_21_num_data_valid  |   in|    3|     ap_fifo|                                         B_streams_1_21|       pointer|
|B_streams_1_21_fifo_cap        |   in|    3|     ap_fifo|                                         B_streams_1_21|       pointer|
|B_streams_1_21_empty_n         |   in|    1|     ap_fifo|                                         B_streams_1_21|       pointer|
|B_streams_1_21_read            |  out|    1|     ap_fifo|                                         B_streams_1_21|       pointer|
|B_streams_1_22_dout            |   in|   32|     ap_fifo|                                         B_streams_1_22|       pointer|
|B_streams_1_22_num_data_valid  |   in|    3|     ap_fifo|                                         B_streams_1_22|       pointer|
|B_streams_1_22_fifo_cap        |   in|    3|     ap_fifo|                                         B_streams_1_22|       pointer|
|B_streams_1_22_empty_n         |   in|    1|     ap_fifo|                                         B_streams_1_22|       pointer|
|B_streams_1_22_read            |  out|    1|     ap_fifo|                                         B_streams_1_22|       pointer|
|B_streams_1_23_dout            |   in|   32|     ap_fifo|                                         B_streams_1_23|       pointer|
|B_streams_1_23_num_data_valid  |   in|    3|     ap_fifo|                                         B_streams_1_23|       pointer|
|B_streams_1_23_fifo_cap        |   in|    3|     ap_fifo|                                         B_streams_1_23|       pointer|
|B_streams_1_23_empty_n         |   in|    1|     ap_fifo|                                         B_streams_1_23|       pointer|
|B_streams_1_23_read            |  out|    1|     ap_fifo|                                         B_streams_1_23|       pointer|
|B_streams_1_24_dout            |   in|   32|     ap_fifo|                                         B_streams_1_24|       pointer|
|B_streams_1_24_num_data_valid  |   in|    3|     ap_fifo|                                         B_streams_1_24|       pointer|
|B_streams_1_24_fifo_cap        |   in|    3|     ap_fifo|                                         B_streams_1_24|       pointer|
|B_streams_1_24_empty_n         |   in|    1|     ap_fifo|                                         B_streams_1_24|       pointer|
|B_streams_1_24_read            |  out|    1|     ap_fifo|                                         B_streams_1_24|       pointer|
|B_streams_1_25_dout            |   in|   32|     ap_fifo|                                         B_streams_1_25|       pointer|
|B_streams_1_25_num_data_valid  |   in|    3|     ap_fifo|                                         B_streams_1_25|       pointer|
|B_streams_1_25_fifo_cap        |   in|    3|     ap_fifo|                                         B_streams_1_25|       pointer|
|B_streams_1_25_empty_n         |   in|    1|     ap_fifo|                                         B_streams_1_25|       pointer|
|B_streams_1_25_read            |  out|    1|     ap_fifo|                                         B_streams_1_25|       pointer|
|B_streams_1_26_dout            |   in|   32|     ap_fifo|                                         B_streams_1_26|       pointer|
|B_streams_1_26_num_data_valid  |   in|    3|     ap_fifo|                                         B_streams_1_26|       pointer|
|B_streams_1_26_fifo_cap        |   in|    3|     ap_fifo|                                         B_streams_1_26|       pointer|
|B_streams_1_26_empty_n         |   in|    1|     ap_fifo|                                         B_streams_1_26|       pointer|
|B_streams_1_26_read            |  out|    1|     ap_fifo|                                         B_streams_1_26|       pointer|
|B_streams_1_27_dout            |   in|   32|     ap_fifo|                                         B_streams_1_27|       pointer|
|B_streams_1_27_num_data_valid  |   in|    3|     ap_fifo|                                         B_streams_1_27|       pointer|
|B_streams_1_27_fifo_cap        |   in|    3|     ap_fifo|                                         B_streams_1_27|       pointer|
|B_streams_1_27_empty_n         |   in|    1|     ap_fifo|                                         B_streams_1_27|       pointer|
|B_streams_1_27_read            |  out|    1|     ap_fifo|                                         B_streams_1_27|       pointer|
|B_streams_1_28_dout            |   in|   32|     ap_fifo|                                         B_streams_1_28|       pointer|
|B_streams_1_28_num_data_valid  |   in|    3|     ap_fifo|                                         B_streams_1_28|       pointer|
|B_streams_1_28_fifo_cap        |   in|    3|     ap_fifo|                                         B_streams_1_28|       pointer|
|B_streams_1_28_empty_n         |   in|    1|     ap_fifo|                                         B_streams_1_28|       pointer|
|B_streams_1_28_read            |  out|    1|     ap_fifo|                                         B_streams_1_28|       pointer|
|B_streams_1_29_dout            |   in|   32|     ap_fifo|                                         B_streams_1_29|       pointer|
|B_streams_1_29_num_data_valid  |   in|    3|     ap_fifo|                                         B_streams_1_29|       pointer|
|B_streams_1_29_fifo_cap        |   in|    3|     ap_fifo|                                         B_streams_1_29|       pointer|
|B_streams_1_29_empty_n         |   in|    1|     ap_fifo|                                         B_streams_1_29|       pointer|
|B_streams_1_29_read            |  out|    1|     ap_fifo|                                         B_streams_1_29|       pointer|
|B_streams_1_30_dout            |   in|   32|     ap_fifo|                                         B_streams_1_30|       pointer|
|B_streams_1_30_num_data_valid  |   in|    3|     ap_fifo|                                         B_streams_1_30|       pointer|
|B_streams_1_30_fifo_cap        |   in|    3|     ap_fifo|                                         B_streams_1_30|       pointer|
|B_streams_1_30_empty_n         |   in|    1|     ap_fifo|                                         B_streams_1_30|       pointer|
|B_streams_1_30_read            |  out|    1|     ap_fifo|                                         B_streams_1_30|       pointer|
|B_streams_1_31_dout            |   in|   32|     ap_fifo|                                         B_streams_1_31|       pointer|
|B_streams_1_31_num_data_valid  |   in|    3|     ap_fifo|                                         B_streams_1_31|       pointer|
|B_streams_1_31_fifo_cap        |   in|    3|     ap_fifo|                                         B_streams_1_31|       pointer|
|B_streams_1_31_empty_n         |   in|    1|     ap_fifo|                                         B_streams_1_31|       pointer|
|B_streams_1_31_read            |  out|    1|     ap_fifo|                                         B_streams_1_31|       pointer|
+-------------------------------+-----+-----+------------+-------------------------------------------------------+--------------+

