

================================================================
== Vitis HLS Report for 'dataflow_in_loop_VITIS_LOOP_42_1_Loop_store_C_tile_even_proc86_Pipeline_store_C_1'
================================================================
* Date:           Fri May 29 17:37:38 2026

* Version:        2023.2 (Build 4023990 on Oct 11 2023)
* Project:        hls_project
* Solution:       gemm2 (Vitis Kernel Flow Target)
* Product family: zynquplus
* Target device:  xczu7ev-ffvc1156-2-e


================================================================
== Performance Estimates
================================================================
+ Timing: 
    * Summary: 
    +--------+---------+----------+------------+
    |  Clock |  Target | Estimated| Uncertainty|
    +--------+---------+----------+------------+
    |ap_clk  |  3.33 ns|  2.800 ns|     0.90 ns|
    +--------+---------+----------+------------+

+ Latency: 
    * Summary: 
    +---------+---------+----------+----------+-----+-----+---------+
    |  Latency (cycles) |  Latency (absolute) |  Interval | Pipeline|
    |   min   |   max   |    min   |    max   | min | max |   Type  |
    +---------+---------+----------+----------+-----+-----+---------+
    |      516|      516|  1.720 us|  1.720 us|  516|  516|       no|
    +---------+---------+----------+----------+-----+-----+---------+

    + Detail: 
        * Instance: 
        N/A

        * Loop: 
        +-------------------------------------+---------+---------+----------+-----------+-----------+------+----------+
        |                                     |  Latency (cycles) | Iteration|  Initiation Interval  | Trip |          |
        |              Loop Name              |   min   |   max   |  Latency |  achieved |   target  | Count| Pipelined|
        +-------------------------------------+---------+---------+----------+-----------+-----------+------+----------+
        |- store_C_tile_even_VITIS_LOOP_57_2  |      514|      514|         4|          1|          1|   512|       yes|
        +-------------------------------------+---------+---------+----------+-----------+-----------+------+----------+



================================================================
== Utilization Estimates
================================================================
* Summary: 
+-----------------+---------+------+--------+--------+-----+
|       Name      | BRAM_18K|  DSP |   FF   |   LUT  | URAM|
+-----------------+---------+------+--------+--------+-----+
|DSP              |        -|     -|       -|       -|    -|
|Expression       |        -|     -|       0|     105|    -|
|FIFO             |        -|     -|       -|       -|    -|
|Instance         |        -|     -|       -|       -|    -|
|Memory           |        -|     -|       -|       -|    -|
|Multiplexer      |        -|     -|       -|      72|    -|
|Register         |        -|     -|     170|      32|    -|
+-----------------+---------+------+--------+--------+-----+
|Total            |        0|     0|     170|     209|    0|
+-----------------+---------+------+--------+--------+-----+
|Available        |      624|  1728|  460800|  230400|   96|
+-----------------+---------+------+--------+--------+-----+
|Utilization (%)  |        0|     0|      ~0|      ~0|    0|
+-----------------+---------+------+--------+--------+-----+

+ Detail: 
    * Instance: 
    N/A

    * DSP: 
    N/A

    * Memory: 
    N/A

    * FIFO: 
    N/A

    * Expression: 
    +-------------------------+----------+----+---+----+------------+------------+
    |      Variable Name      | Operation| DSP| FF| LUT| Bitwidth P0| Bitwidth P1|
    +-------------------------+----------+----+---+----+------------+------------+
    |add_ln56_1_fu_131_p2     |         +|   0|  0|  17|          10|           1|
    |add_ln56_fu_143_p2       |         +|   0|  0|  12|           5|           1|
    |add_ln57_fu_207_p2       |         +|   0|  0|  13|           6|           1|
    |add_ln58_fu_201_p2       |         +|   0|  0|  16|           9|           9|
    |icmp_ln56_fu_125_p2      |      icmp|   0|  0|  18|          10|          11|
    |icmp_ln57_fu_149_p2      |      icmp|   0|  0|  14|           6|           7|
    |select_ln56_1_fu_163_p3  |    select|   0|  0|   5|           1|           5|
    |select_ln56_fu_155_p3    |    select|   0|  0|   6|           1|           1|
    |ap_enable_pp0            |       xor|   0|  0|   2|           1|           2|
    |xor_ln57_fu_191_p2       |       xor|   0|  0|   2|           1|           1|
    +-------------------------+----------+----+---+----+------------+------------+
    |Total                    |          |   0|  0| 105|          50|          39|
    +-------------------------+----------+----+---+----+------------+------------+

    * Multiplexer: 
    +--------------------------------------+----+-----------+-----+-----------+
    |                 Name                 | LUT| Input Size| Bits| Total Bits|
    +--------------------------------------+----+-----------+-----+-----------+
    |ap_done_int                           |   9|          2|    1|          2|
    |ap_enable_reg_pp0_iter1               |   9|          2|    1|          2|
    |ap_sig_allocacmp_i_load               |   9|          2|    5|         10|
    |ap_sig_allocacmp_indvar_flatten_load  |   9|          2|   10|         20|
    |ap_sig_allocacmp_j_load               |   9|          2|    6|         12|
    |i_fu_56                               |   9|          2|    5|         10|
    |indvar_flatten_fu_60                  |   9|          2|   10|         20|
    |j_fu_52                               |   9|          2|    6|         12|
    +--------------------------------------+----+-----------+-----+-----------+
    |Total                                 |  72|         16|   44|         88|
    +--------------------------------------+----+-----------+-----+-----------+

    * Register: 
    +------------------------------------+----+----+-----+-----------+
    |                Name                | FF | LUT| Bits| Const Bits|
    +------------------------------------+----+----+-----+-----------+
    |C_BUF_2_addr_reg_273                |   9|   0|    9|          0|
    |C_BUF_2_addr_reg_273_pp0_iter2_reg  |   9|   0|    9|          0|
    |C_BUF_addr_reg_268                  |   9|   0|    9|          0|
    |C_BUF_addr_reg_268_pp0_iter2_reg    |   9|   0|    9|          0|
    |C_TILE_i_load_reg_283               |  32|   0|   32|          0|
    |add_ln58_reg_263                    |   9|   0|    9|          0|
    |ap_CS_fsm                           |   1|   0|    1|          0|
    |ap_done_reg                         |   1|   0|    1|          0|
    |ap_enable_reg_pp0_iter1             |   1|   0|    1|          0|
    |ap_enable_reg_pp0_iter2             |   1|   0|    1|          0|
    |ap_enable_reg_pp0_iter3             |   1|   0|    1|          0|
    |ap_loop_exit_ready_pp0_iter1_reg    |   1|   0|    1|          0|
    |ap_loop_exit_ready_pp0_iter2_reg    |   1|   0|    1|          0|
    |i_fu_56                             |   5|   0|    5|          0|
    |indvar_flatten_fu_60                |  10|   0|   10|          0|
    |j_fu_52                             |   6|   0|    6|          0|
    |xor_ln57_reg_259                    |   1|   0|    1|          0|
    |xor_ln57_reg_259                    |  64|  32|    1|          0|
    +------------------------------------+----+----+-----+-----------+
    |Total                               | 170|  32|  107|          0|
    +------------------------------------+----+----+-----+-----------+



================================================================
== Interface
================================================================
* Summary: 
+-------------------+-----+-----+------------+------------------------------------------------------------------------------------+--------------+
|     RTL Ports     | Dir | Bits|  Protocol  |                                    Source Object                                   |    C Type    |
+-------------------+-----+-----+------------+------------------------------------------------------------------------------------+--------------+
|ap_clk             |   in|    1|  ap_ctrl_hs|  dataflow_in_loop_VITIS_LOOP_42_1_Loop_store_C_tile_even_proc86_Pipeline_store_C_.1|  return value|
|ap_rst             |   in|    1|  ap_ctrl_hs|  dataflow_in_loop_VITIS_LOOP_42_1_Loop_store_C_tile_even_proc86_Pipeline_store_C_.1|  return value|
|ap_start           |   in|    1|  ap_ctrl_hs|  dataflow_in_loop_VITIS_LOOP_42_1_Loop_store_C_tile_even_proc86_Pipeline_store_C_.1|  return value|
|ap_done            |  out|    1|  ap_ctrl_hs|  dataflow_in_loop_VITIS_LOOP_42_1_Loop_store_C_tile_even_proc86_Pipeline_store_C_.1|  return value|
|ap_idle            |  out|    1|  ap_ctrl_hs|  dataflow_in_loop_VITIS_LOOP_42_1_Loop_store_C_tile_even_proc86_Pipeline_store_C_.1|  return value|
|ap_ready           |  out|    1|  ap_ctrl_hs|  dataflow_in_loop_VITIS_LOOP_42_1_Loop_store_C_tile_even_proc86_Pipeline_store_C_.1|  return value|
|tileA_assign_load  |   in|    1|     ap_none|                                                                   tileA_assign_load|        scalar|
|C_BUF_address0     |  out|    9|   ap_memory|                                                                               C_BUF|         array|
|C_BUF_ce0          |  out|    1|   ap_memory|                                                                               C_BUF|         array|
|C_BUF_we0          |  out|    1|   ap_memory|                                                                               C_BUF|         array|
|C_BUF_d0           |  out|   32|   ap_memory|                                                                               C_BUF|         array|
|C_BUF_2_address0   |  out|    9|   ap_memory|                                                                             C_BUF_2|         array|
|C_BUF_2_ce0        |  out|    1|   ap_memory|                                                                             C_BUF_2|         array|
|C_BUF_2_we0        |  out|    1|   ap_memory|                                                                             C_BUF_2|         array|
|C_BUF_2_d0         |  out|   32|   ap_memory|                                                                             C_BUF_2|         array|
|C_TILE_i_address0  |  out|    9|   ap_memory|                                                                            C_TILE_i|         array|
|C_TILE_i_ce0       |  out|    1|   ap_memory|                                                                            C_TILE_i|         array|
|C_TILE_i_q0        |   in|   32|   ap_memory|                                                                            C_TILE_i|         array|
+-------------------+-----+-----+------------+------------------------------------------------------------------------------------+--------------+

