

================================================================
== Vitis HLS Report for 'dataflow_parent_loop_proc'
================================================================
* Date:           Fri May 29 19:00:31 2026

* Version:        2023.2 (Build 4023990 on Oct 11 2023)
* Project:        hls_project
* Solution:       gemm2 (Vitis Kernel Flow Target)
* Product family: zynquplus
* Target device:  xczu7ev-ffvc1156-2-e


================================================================
== Performance Estimates
================================================================
+ Timing: 
    * Summary: 
    +--------+---------+----------+------------+
    |  Clock |  Target | Estimated| Uncertainty|
    +--------+---------+----------+------------+
    |ap_clk  |  3.33 ns|  3.243 ns|     0.90 ns|
    +--------+---------+----------+------------+

+ Latency: 
    * Summary: 
    +---------+---------+----------+----------+-------+-------+---------+
    |  Latency (cycles) |  Latency (absolute) |    Interval   | Pipeline|
    |   min   |   max   |    min   |    max   |  min  |  max  |   Type  |
    +---------+---------+----------+----------+-------+-------+---------+
    |    87180|    87180|  0.291 ms|  0.291 ms|  87180|  87180|       no|
    +---------+---------+----------+----------+-------+-------+---------+

    + Detail: 
        * Instance: 
        +-------------------------------------+----------------------------------+---------+---------+----------+----------+-------+-------+----------+
        |                                     |                                  |  Latency (cycles) |  Latency (absolute) |    Interval   | Pipeline |
        |               Instance              |              Module              |   min   |   max   |    min   |    max   |  min  |  max  |   Type   |
        +-------------------------------------+----------------------------------+---------+---------+----------+----------+-------+-------+----------+
        |dataflow_in_loop_loop_for_tile_a_U0  |dataflow_in_loop_loop_for_tile_a  |    45159|    45159|  0.151 ms|  0.151 ms|  42018|  42018|  dataflow|
        +-------------------------------------+----------------------------------+---------+---------+----------+----------+-------+-------+----------+

        * Loop: 
        +-------------------+---------+---------+----------+-----------+-----------+------+----------+
        |                   |  Latency (cycles) | Iteration|  Initiation Interval  | Trip |          |
        |     Loop Name     |   min   |   max   |  Latency |  achieved |   target  | Count| Pipelined|
        +-------------------+---------+---------+----------+-----------+-----------+------+----------+
        |- loop_for_tile_a  |    87179|    87179|     45162|          -|          -|     2|        no|
        +-------------------+---------+---------+----------+-----------+-----------+------+----------+



================================================================
== Utilization Estimates
================================================================
* Summary: 
+-----------------+---------+------+--------+--------+-----+
|       Name      | BRAM_18K|  DSP |   FF   |   LUT  | URAM|
+-----------------+---------+------+--------+--------+-----+
|DSP              |        -|     -|       -|       -|    -|
|Expression       |        -|     -|      43|      13|    -|
|FIFO             |        -|     -|       -|       -|    -|
|Instance         |       13|     8|    1614|    1993|    0|
|Memory           |        -|     -|       -|       -|    -|
|Multiplexer      |        -|     -|       -|      18|    -|
|Register         |        -|     -|       4|       -|    -|
+-----------------+---------+------+--------+--------+-----+
|Total            |       13|     8|    1661|    2024|    0|
+-----------------+---------+------+--------+--------+-----+
|Available        |      624|  1728|  460800|  230400|   96|
+-----------------+---------+------+--------+--------+-----+
|Utilization (%)  |        2|    ~0|      ~0|      ~0|    0|
+-----------------+---------+------+--------+--------+-----+

+ Detail: 
    * Instance: 
    +-------------------------------------+----------------------------------+---------+----+------+------+-----+
    |               Instance              |              Module              | BRAM_18K| DSP|  FF  |  LUT | URAM|
    +-------------------------------------+----------------------------------+---------+----+------+------+-----+
    |dataflow_in_loop_loop_for_tile_a_U0  |dataflow_in_loop_loop_for_tile_a  |       13|   8|  1614|  1993|    0|
    +-------------------------------------+----------------------------------+---------+----+------+------+-----+
    |Total                                |                                  |       13|   8|  1614|  1993|    0|
    +-------------------------------------+----------------------------------+---------+----+------+------+-----+

    * DSP: 
    N/A

    * Memory: 
    N/A

    * FIFO: 
    N/A

    * Expression: 
    +----------------------------+----------+----+----+----+------------+------------+
    |        Variable Name       | Operation| DSP| FF | LUT| Bitwidth P0| Bitwidth P1|
    +----------------------------+----------+----+----+----+------------+------------+
    |loop_dataflow_input_count   |         +|   0|  13|   4|           2|           1|
    |loop_dataflow_output_count  |         +|   0|  13|   4|           2|           1|
    |bound_minus_1               |         -|   0|  17|   5|           3|           1|
    +----------------------------+----------+----+----+----+------------+------------+
    |Total                       |          |   0|  43|  13|           7|           3|
    +----------------------------+----------+----+----+----+------------+------------+

    * Multiplexer: 
    +----------------------------+----+-----------+-----+-----------+
    |            Name            | LUT| Input Size| Bits| Total Bits|
    +----------------------------+----+-----------+-----+-----------+
    |loop_dataflow_input_count   |   9|          2|    2|          4|
    |loop_dataflow_output_count  |   9|          2|    2|          4|
    +----------------------------+----+-----------+-----+-----------+
    |Total                       |  18|          4|    4|          8|
    +----------------------------+----+-----------+-----+-----------+

    * Register: 
    +----------------------------+---+----+-----+-----------+
    |            Name            | FF| LUT| Bits| Const Bits|
    +----------------------------+---+----+-----+-----------+
    |loop_dataflow_input_count   |  2|   0|    2|          0|
    |loop_dataflow_output_count  |  2|   0|    2|          0|
    +----------------------------+---+----+-----+-----------+
    |Total                       |  4|   0|    4|          0|
    +----------------------------+---+----+-----+-----------+



================================================================
== Interface
================================================================
* Summary: 
+------------------+-----+-----+------------+---------------------------+--------------+
|     RTL Ports    | Dir | Bits|  Protocol  |       Source Object       |    C Type    |
+------------------+-----+-----+------------+---------------------------+--------------+
|A_BUF_address0    |  out|    9|   ap_memory|                      A_BUF|         array|
|A_BUF_ce0         |  out|    1|   ap_memory|                      A_BUF|         array|
|A_BUF_d0          |  out|   32|   ap_memory|                      A_BUF|         array|
|A_BUF_q0          |   in|   32|   ap_memory|                      A_BUF|         array|
|A_BUF_we0         |  out|    1|   ap_memory|                      A_BUF|         array|
|A_BUF_address1    |  out|    9|   ap_memory|                      A_BUF|         array|
|A_BUF_ce1         |  out|    1|   ap_memory|                      A_BUF|         array|
|A_BUF_d1          |  out|   32|   ap_memory|                      A_BUF|         array|
|A_BUF_q1          |   in|   32|   ap_memory|                      A_BUF|         array|
|A_BUF_we1         |  out|    1|   ap_memory|                      A_BUF|         array|
|B_BUF_address0    |  out|    9|   ap_memory|                      B_BUF|         array|
|B_BUF_ce0         |  out|    1|   ap_memory|                      B_BUF|         array|
|B_BUF_d0          |  out|   32|   ap_memory|                      B_BUF|         array|
|B_BUF_q0          |   in|   32|   ap_memory|                      B_BUF|         array|
|B_BUF_we0         |  out|    1|   ap_memory|                      B_BUF|         array|
|B_BUF_address1    |  out|    9|   ap_memory|                      B_BUF|         array|
|B_BUF_ce1         |  out|    1|   ap_memory|                      B_BUF|         array|
|B_BUF_d1          |  out|   32|   ap_memory|                      B_BUF|         array|
|B_BUF_q1          |   in|   32|   ap_memory|                      B_BUF|         array|
|B_BUF_we1         |  out|    1|   ap_memory|                      B_BUF|         array|
|B_BUF_1_address0  |  out|    9|   ap_memory|                    B_BUF_1|         array|
|B_BUF_1_ce0       |  out|    1|   ap_memory|                    B_BUF_1|         array|
|B_BUF_1_d0        |  out|   32|   ap_memory|                    B_BUF_1|         array|
|B_BUF_1_q0        |   in|   32|   ap_memory|                    B_BUF_1|         array|
|B_BUF_1_we0       |  out|    1|   ap_memory|                    B_BUF_1|         array|
|B_BUF_1_address1  |  out|    9|   ap_memory|                    B_BUF_1|         array|
|B_BUF_1_ce1       |  out|    1|   ap_memory|                    B_BUF_1|         array|
|B_BUF_1_d1        |  out|   32|   ap_memory|                    B_BUF_1|         array|
|B_BUF_1_q1        |   in|   32|   ap_memory|                    B_BUF_1|         array|
|B_BUF_1_we1       |  out|    1|   ap_memory|                    B_BUF_1|         array|
|C_BUF_2_address0  |  out|    9|   ap_memory|                    C_BUF_2|         array|
|C_BUF_2_ce0       |  out|    1|   ap_memory|                    C_BUF_2|         array|
|C_BUF_2_d0        |  out|   32|   ap_memory|                    C_BUF_2|         array|
|C_BUF_2_q0        |   in|   32|   ap_memory|                    C_BUF_2|         array|
|C_BUF_2_we0       |  out|    1|   ap_memory|                    C_BUF_2|         array|
|C_BUF_2_address1  |  out|    9|   ap_memory|                    C_BUF_2|         array|
|C_BUF_2_ce1       |  out|    1|   ap_memory|                    C_BUF_2|         array|
|C_BUF_2_d1        |  out|   32|   ap_memory|                    C_BUF_2|         array|
|C_BUF_2_q1        |   in|   32|   ap_memory|                    C_BUF_2|         array|
|C_BUF_2_we1       |  out|    1|   ap_memory|                    C_BUF_2|         array|
|C_BUF_3_address0  |  out|    9|   ap_memory|                    C_BUF_3|         array|
|C_BUF_3_ce0       |  out|    1|   ap_memory|                    C_BUF_3|         array|
|C_BUF_3_d0        |  out|   32|   ap_memory|                    C_BUF_3|         array|
|C_BUF_3_q0        |   in|   32|   ap_memory|                    C_BUF_3|         array|
|C_BUF_3_we0       |  out|    1|   ap_memory|                    C_BUF_3|         array|
|C_BUF_3_address1  |  out|    9|   ap_memory|                    C_BUF_3|         array|
|C_BUF_3_ce1       |  out|    1|   ap_memory|                    C_BUF_3|         array|
|C_BUF_3_d1        |  out|   32|   ap_memory|                    C_BUF_3|         array|
|C_BUF_3_q1        |   in|   32|   ap_memory|                    C_BUF_3|         array|
|C_BUF_3_we1       |  out|    1|   ap_memory|                    C_BUF_3|         array|
|C_BUF_address0    |  out|    9|   ap_memory|                      C_BUF|         array|
|C_BUF_ce0         |  out|    1|   ap_memory|                      C_BUF|         array|
|C_BUF_d0          |  out|   32|   ap_memory|                      C_BUF|         array|
|C_BUF_q0          |   in|   32|   ap_memory|                      C_BUF|         array|
|C_BUF_we0         |  out|    1|   ap_memory|                      C_BUF|         array|
|C_BUF_address1    |  out|    9|   ap_memory|                      C_BUF|         array|
|C_BUF_ce1         |  out|    1|   ap_memory|                      C_BUF|         array|
|C_BUF_d1          |  out|   32|   ap_memory|                      C_BUF|         array|
|C_BUF_q1          |   in|   32|   ap_memory|                      C_BUF|         array|
|C_BUF_we1         |  out|    1|   ap_memory|                      C_BUF|         array|
|C_BUF_1_address0  |  out|    9|   ap_memory|                    C_BUF_1|         array|
|C_BUF_1_ce0       |  out|    1|   ap_memory|                    C_BUF_1|         array|
|C_BUF_1_d0        |  out|   32|   ap_memory|                    C_BUF_1|         array|
|C_BUF_1_q0        |   in|   32|   ap_memory|                    C_BUF_1|         array|
|C_BUF_1_we0       |  out|    1|   ap_memory|                    C_BUF_1|         array|
|C_BUF_1_address1  |  out|    9|   ap_memory|                    C_BUF_1|         array|
|C_BUF_1_ce1       |  out|    1|   ap_memory|                    C_BUF_1|         array|
|C_BUF_1_d1        |  out|   32|   ap_memory|                    C_BUF_1|         array|
|C_BUF_1_q1        |   in|   32|   ap_memory|                    C_BUF_1|         array|
|C_BUF_1_we1       |  out|    1|   ap_memory|                    C_BUF_1|         array|
|ap_clk            |   in|    1|  ap_ctrl_hs|  dataflow_parent_loop_proc|  return value|
|ap_rst            |   in|    1|  ap_ctrl_hs|  dataflow_parent_loop_proc|  return value|
|ap_start          |   in|    1|  ap_ctrl_hs|  dataflow_parent_loop_proc|  return value|
|ap_done           |  out|    1|  ap_ctrl_hs|  dataflow_parent_loop_proc|  return value|
|ap_ready          |  out|    1|  ap_ctrl_hs|  dataflow_parent_loop_proc|  return value|
|ap_idle           |  out|    1|  ap_ctrl_hs|  dataflow_parent_loop_proc|  return value|
|ap_continue       |   in|    1|  ap_ctrl_hs|  dataflow_parent_loop_proc|  return value|
+------------------+-----+-----+------------+---------------------------+--------------+

