

================================================================
== Vitis HLS Report for 'dataflow_in_loop_mat_mul_i10'
================================================================
* Date:           Thu Jul  2 11:45:49 2026

* Version:        2023.2 (Build 4023990 on Oct 11 2023)
* Project:        hls_project
* Solution:       gemm2 (Vitis Kernel Flow Target)
* Product family: versalaicore
* Target device:  xcvc1902-vsva2197-2MP-e-S


================================================================
== Performance Estimates
================================================================
+ Timing: 
    * Summary: 
    +--------+---------+----------+------------+
    |  Clock |  Target | Estimated| Uncertainty|
    +--------+---------+----------+------------+
    |ap_clk  |  3.33 ns|  3.229 ns|     0.90 ns|
    +--------+---------+----------+------------+

+ Latency: 
    * Summary: 
    +---------+---------+-----------+-----------+-----+-----+----------+
    |  Latency (cycles) |   Latency (absolute)  |  Interval | Pipeline |
    |   min   |   max   |    min    |    max    | min | max |   Type   |
    +---------+---------+-----------+-----------+-----+-----+----------+
    |       22|       22|  73.326 ns|  73.326 ns|   22|   22|  dataflow|
    +---------+---------+-----------+-----------+-----+-----+----------+

    + Detail: 
        * Instance: 
        +--------------------+-----------------+---------+---------+-----------+-----------+-----+-----+---------+
        |                    |                 |  Latency (cycles) |   Latency (absolute)  |  Interval | Pipeline|
        |      Instance      |      Module     |   min   |   max   |    min    |    max    | min | max |   Type  |
        +--------------------+-----------------+---------+---------+-----------+-----------+-----+-----+---------+
        |calculatepsum12_U0  |calculatepsum12  |       21|       21|  69.993 ns|  69.993 ns|   21|   21|       no|
        |psumToStream13_U0   |psumToStream13   |        0|        0|       0 ns|       0 ns|    0|    0|       no|
        +--------------------+-----------------+---------+---------+-----------+-----------+-----+-----+---------+

        * Loop: 
        N/A



================================================================
== Utilization Estimates
================================================================
* Summary: 
+-----------------+---------+------+---------+--------+-----+
|       Name      | BRAM_18K|  DSP |    FF   |   LUT  | URAM|
+-----------------+---------+------+---------+--------+-----+
|DSP              |        -|     -|        -|       -|    -|
|Expression       |        -|     -|        0|     134|    -|
|FIFO             |        0|     -|     3296|    2112|    -|
|Instance         |        -|   128|     6392|    6377|    -|
|Memory           |        -|     -|        -|       -|    -|
|Multiplexer      |        -|     -|        -|      64|    -|
|Register         |        -|     -|       32|       -|    -|
+-----------------+---------+------+---------+--------+-----+
|Total            |        0|   128|     9720|    8687|    0|
+-----------------+---------+------+---------+--------+-----+
|Available        |     1934|  1968|  1799680|  899840|  463|
+-----------------+---------+------+---------+--------+-----+
|Utilization (%)  |        0|     6|       ~0|      ~0|    0|
+-----------------+---------+------+---------+--------+-----+

+ Detail: 
    * Instance: 
    +--------------------+-----------------+---------+-----+------+------+-----+
    |      Instance      |      Module     | BRAM_18K| DSP |  FF  |  LUT | URAM|
    +--------------------+-----------------+---------+-----+------+------+-----+
    |calculatepsum12_U0  |calculatepsum12  |        0|  128|  6390|  6309|    0|
    |psumToStream13_U0   |psumToStream13   |        0|    0|     2|    68|    0|
    +--------------------+-----------------+---------+-----+------+------+-----+
    |Total               |                 |        0|  128|  6392|  6377|    0|
    +--------------------+-----------------+---------+-----+------+------+-----+

    * DSP: 
    N/A

    * Memory: 
    N/A

    * FIFO: 
    +-----------+---------+-----+----+-----+------+-----+---------+
    |    Name   | BRAM_18K|  FF | LUT| URAM| Depth| Bits| Size:D*B|
    +-----------+---------+-----+----+-----+------+-----+---------+
    |psum31_U   |        0|  103|   0|    -|     2|   32|       64|
    |psum_10_U  |        0|  103|   0|    -|     2|   32|       64|
    |psum_11_U  |        0|  103|   0|    -|     2|   32|       64|
    |psum_12_U  |        0|  103|   0|    -|     2|   32|       64|
    |psum_13_U  |        0|  103|   0|    -|     2|   32|       64|
    |psum_14_U  |        0|  103|   0|    -|     2|   32|       64|
    |psum_15_U  |        0|  103|   0|    -|     2|   32|       64|
    |psum_16_U  |        0|  103|   0|    -|     2|   32|       64|
    |psum_17_U  |        0|  103|   0|    -|     2|   32|       64|
    |psum_18_U  |        0|  103|   0|    -|     2|   32|       64|
    |psum_19_U  |        0|  103|   0|    -|     2|   32|       64|
    |psum_1_U   |        0|  103|   0|    -|     2|   32|       64|
    |psum_20_U  |        0|  103|   0|    -|     2|   32|       64|
    |psum_21_U  |        0|  103|   0|    -|     2|   32|       64|
    |psum_22_U  |        0|  103|   0|    -|     2|   32|       64|
    |psum_23_U  |        0|  103|   0|    -|     2|   32|       64|
    |psum_24_U  |        0|  103|   0|    -|     2|   32|       64|
    |psum_25_U  |        0|  103|   0|    -|     2|   32|       64|
    |psum_26_U  |        0|  103|   0|    -|     2|   32|       64|
    |psum_27_U  |        0|  103|   0|    -|     2|   32|       64|
    |psum_28_U  |        0|  103|   0|    -|     2|   32|       64|
    |psum_29_U  |        0|  103|   0|    -|     2|   32|       64|
    |psum_2_U   |        0|  103|   0|    -|     2|   32|       64|
    |psum_30_U  |        0|  103|   0|    -|     2|   32|       64|
    |psum_3_U   |        0|  103|   0|    -|     2|   32|       64|
    |psum_4_U   |        0|  103|   0|    -|     2|   32|       64|
    |psum_5_U   |        0|  103|   0|    -|     2|   32|       64|
    |psum_6_U   |        0|  103|   0|    -|     2|   32|       64|
    |psum_7_U   |        0|  103|   0|    -|     2|   32|       64|
    |psum_8_U   |        0|  103|   0|    -|     2|   32|       64|
    |psum_9_U   |        0|  103|   0|    -|     2|   32|       64|
    |psum_U     |        0|  103|   0|    -|     2|   32|       64|
    +-----------+---------+-----+----+-----+------+-----+---------+
    |Total      |        0| 3296|   0|    0|    64| 1024|     2048|
    +-----------+---------+-----+----+-----+------+-----+---------+

    * Expression: 
    +--------------------------------+----------+----+---+----+------------+------------+
    |          Variable Name         | Operation| DSP| FF| LUT| Bitwidth P0| Bitwidth P1|
    +--------------------------------+----------+----+---+----+------------+------------+
    |ap_channel_done_psum            |       and|   0|  0|   2|           1|           1|
    |ap_channel_done_psum31          |       and|   0|  0|   2|           1|           1|
    |ap_channel_done_psum_1          |       and|   0|  0|   2|           1|           1|
    |ap_channel_done_psum_10         |       and|   0|  0|   2|           1|           1|
    |ap_channel_done_psum_11         |       and|   0|  0|   2|           1|           1|
    |ap_channel_done_psum_12         |       and|   0|  0|   2|           1|           1|
    |ap_channel_done_psum_13         |       and|   0|  0|   2|           1|           1|
    |ap_channel_done_psum_14         |       and|   0|  0|   2|           1|           1|
    |ap_channel_done_psum_15         |       and|   0|  0|   2|           1|           1|
    |ap_channel_done_psum_16         |       and|   0|  0|   2|           1|           1|
    |ap_channel_done_psum_17         |       and|   0|  0|   2|           1|           1|
    |ap_channel_done_psum_18         |       and|   0|  0|   2|           1|           1|
    |ap_channel_done_psum_19         |       and|   0|  0|   2|           1|           1|
    |ap_channel_done_psum_2          |       and|   0|  0|   2|           1|           1|
    |ap_channel_done_psum_20         |       and|   0|  0|   2|           1|           1|
    |ap_channel_done_psum_21         |       and|   0|  0|   2|           1|           1|
    |ap_channel_done_psum_22         |       and|   0|  0|   2|           1|           1|
    |ap_channel_done_psum_23         |       and|   0|  0|   2|           1|           1|
    |ap_channel_done_psum_24         |       and|   0|  0|   2|           1|           1|
    |ap_channel_done_psum_25         |       and|   0|  0|   2|           1|           1|
    |ap_channel_done_psum_26         |       and|   0|  0|   2|           1|           1|
    |ap_channel_done_psum_27         |       and|   0|  0|   2|           1|           1|
    |ap_channel_done_psum_28         |       and|   0|  0|   2|           1|           1|
    |ap_channel_done_psum_29         |       and|   0|  0|   2|           1|           1|
    |ap_channel_done_psum_3          |       and|   0|  0|   2|           1|           1|
    |ap_channel_done_psum_30         |       and|   0|  0|   2|           1|           1|
    |ap_channel_done_psum_4          |       and|   0|  0|   2|           1|           1|
    |ap_channel_done_psum_5          |       and|   0|  0|   2|           1|           1|
    |ap_channel_done_psum_6          |       and|   0|  0|   2|           1|           1|
    |ap_channel_done_psum_7          |       and|   0|  0|   2|           1|           1|
    |ap_channel_done_psum_8          |       and|   0|  0|   2|           1|           1|
    |ap_channel_done_psum_9          |       and|   0|  0|   2|           1|           1|
    |ap_idle                         |       and|   0|  0|   2|           1|           1|
    |calculatepsum12_U0_ap_continue  |       and|   0|  0|   2|           1|           1|
    |psumToStream13_U0_ap_start      |       and|   0|  0|   2|           1|           1|
    |ap_sync_channel_write_psum      |        or|   0|  0|   2|           1|           1|
    |ap_sync_channel_write_psum31    |        or|   0|  0|   2|           1|           1|
    |ap_sync_channel_write_psum_1    |        or|   0|  0|   2|           1|           1|
    |ap_sync_channel_write_psum_10   |        or|   0|  0|   2|           1|           1|
    |ap_sync_channel_write_psum_11   |        or|   0|  0|   2|           1|           1|
    |ap_sync_channel_write_psum_12   |        or|   0|  0|   2|           1|           1|
    |ap_sync_channel_write_psum_13   |        or|   0|  0|   2|           1|           1|
    |ap_sync_channel_write_psum_14   |        or|   0|  0|   2|           1|           1|
    |ap_sync_channel_write_psum_15   |        or|   0|  0|   2|           1|           1|
    |ap_sync_channel_write_psum_16   |        or|   0|  0|   2|           1|           1|
    |ap_sync_channel_write_psum_17   |        or|   0|  0|   2|           1|           1|
    |ap_sync_channel_write_psum_18   |        or|   0|  0|   2|           1|           1|
    |ap_sync_channel_write_psum_19   |        or|   0|  0|   2|           1|           1|
    |ap_sync_channel_write_psum_2    |        or|   0|  0|   2|           1|           1|
    |ap_sync_channel_write_psum_20   |        or|   0|  0|   2|           1|           1|
    |ap_sync_channel_write_psum_21   |        or|   0|  0|   2|           1|           1|
    |ap_sync_channel_write_psum_22   |        or|   0|  0|   2|           1|           1|
    |ap_sync_channel_write_psum_23   |        or|   0|  0|   2|           1|           1|
    |ap_sync_channel_write_psum_24   |        or|   0|  0|   2|           1|           1|
    |ap_sync_channel_write_psum_25   |        or|   0|  0|   2|           1|           1|
    |ap_sync_channel_write_psum_26   |        or|   0|  0|   2|           1|           1|
    |ap_sync_channel_write_psum_27   |        or|   0|  0|   2|           1|           1|
    |ap_sync_channel_write_psum_28   |        or|   0|  0|   2|           1|           1|
    |ap_sync_channel_write_psum_29   |        or|   0|  0|   2|           1|           1|
    |ap_sync_channel_write_psum_3    |        or|   0|  0|   2|           1|           1|
    |ap_sync_channel_write_psum_30   |        or|   0|  0|   2|           1|           1|
    |ap_sync_channel_write_psum_4    |        or|   0|  0|   2|           1|           1|
    |ap_sync_channel_write_psum_5    |        or|   0|  0|   2|           1|           1|
    |ap_sync_channel_write_psum_6    |        or|   0|  0|   2|           1|           1|
    |ap_sync_channel_write_psum_7    |        or|   0|  0|   2|           1|           1|
    |ap_sync_channel_write_psum_8    |        or|   0|  0|   2|           1|           1|
    |ap_sync_channel_write_psum_9    |        or|   0|  0|   2|           1|           1|
    +--------------------------------+----------+----+---+----+------------+------------+
    |Total                           |          |   0|  0| 134|          67|          67|
    +--------------------------------+----------+----+---+----+------------+------------+

    * Multiplexer: 
    +-----------------------------------+----+-----------+-----+-----------+
    |                Name               | LUT| Input Size| Bits| Total Bits|
    +-----------------------------------+----+-----------+-----+-----------+
    |ap_sync_reg_channel_write_psum     |   2|          2|    1|          2|
    |ap_sync_reg_channel_write_psum31   |   2|          2|    1|          2|
    |ap_sync_reg_channel_write_psum_1   |   2|          2|    1|          2|
    |ap_sync_reg_channel_write_psum_10  |   2|          2|    1|          2|
    |ap_sync_reg_channel_write_psum_11  |   2|          2|    1|          2|
    |ap_sync_reg_channel_write_psum_12  |   2|          2|    1|          2|
    |ap_sync_reg_channel_write_psum_13  |   2|          2|    1|          2|
    |ap_sync_reg_channel_write_psum_14  |   2|          2|    1|          2|
    |ap_sync_reg_channel_write_psum_15  |   2|          2|    1|          2|
    |ap_sync_reg_channel_write_psum_16  |   2|          2|    1|          2|
    |ap_sync_reg_channel_write_psum_17  |   2|          2|    1|          2|
    |ap_sync_reg_channel_write_psum_18  |   2|          2|    1|          2|
    |ap_sync_reg_channel_write_psum_19  |   2|          2|    1|          2|
    |ap_sync_reg_channel_write_psum_2   |   2|          2|    1|          2|
    |ap_sync_reg_channel_write_psum_20  |   2|          2|    1|          2|
    |ap_sync_reg_channel_write_psum_21  |   2|          2|    1|          2|
    |ap_sync_reg_channel_write_psum_22  |   2|          2|    1|          2|
    |ap_sync_reg_channel_write_psum_23  |   2|          2|    1|          2|
    |ap_sync_reg_channel_write_psum_24  |   2|          2|    1|          2|
    |ap_sync_reg_channel_write_psum_25  |   2|          2|    1|          2|
    |ap_sync_reg_channel_write_psum_26  |   2|          2|    1|          2|
    |ap_sync_reg_channel_write_psum_27  |   2|          2|    1|          2|
    |ap_sync_reg_channel_write_psum_28  |   2|          2|    1|          2|
    |ap_sync_reg_channel_write_psum_29  |   2|          2|    1|          2|
    |ap_sync_reg_channel_write_psum_3   |   2|          2|    1|          2|
    |ap_sync_reg_channel_write_psum_30  |   2|          2|    1|          2|
    |ap_sync_reg_channel_write_psum_4   |   2|          2|    1|          2|
    |ap_sync_reg_channel_write_psum_5   |   2|          2|    1|          2|
    |ap_sync_reg_channel_write_psum_6   |   2|          2|    1|          2|
    |ap_sync_reg_channel_write_psum_7   |   2|          2|    1|          2|
    |ap_sync_reg_channel_write_psum_8   |   2|          2|    1|          2|
    |ap_sync_reg_channel_write_psum_9   |   2|          2|    1|          2|
    +-----------------------------------+----+-----------+-----+-----------+
    |Total                              |  64|         64|   32|         64|
    +-----------------------------------+----+-----------+-----+-----------+

    * Register: 
    +-----------------------------------+---+----+-----+-----------+
    |                Name               | FF| LUT| Bits| Const Bits|
    +-----------------------------------+---+----+-----+-----------+
    |ap_sync_reg_channel_write_psum     |  1|   0|    1|          0|
    |ap_sync_reg_channel_write_psum31   |  1|   0|    1|          0|
    |ap_sync_reg_channel_write_psum_1   |  1|   0|    1|          0|
    |ap_sync_reg_channel_write_psum_10  |  1|   0|    1|          0|
    |ap_sync_reg_channel_write_psum_11  |  1|   0|    1|          0|
    |ap_sync_reg_channel_write_psum_12  |  1|   0|    1|          0|
    |ap_sync_reg_channel_write_psum_13  |  1|   0|    1|          0|
    |ap_sync_reg_channel_write_psum_14  |  1|   0|    1|          0|
    |ap_sync_reg_channel_write_psum_15  |  1|   0|    1|          0|
    |ap_sync_reg_channel_write_psum_16  |  1|   0|    1|          0|
    |ap_sync_reg_channel_write_psum_17  |  1|   0|    1|          0|
    |ap_sync_reg_channel_write_psum_18  |  1|   0|    1|          0|
    |ap_sync_reg_channel_write_psum_19  |  1|   0|    1|          0|
    |ap_sync_reg_channel_write_psum_2   |  1|   0|    1|          0|
    |ap_sync_reg_channel_write_psum_20  |  1|   0|    1|          0|
    |ap_sync_reg_channel_write_psum_21  |  1|   0|    1|          0|
    |ap_sync_reg_channel_write_psum_22  |  1|   0|    1|          0|
    |ap_sync_reg_channel_write_psum_23  |  1|   0|    1|          0|
    |ap_sync_reg_channel_write_psum_24  |  1|   0|    1|          0|
    |ap_sync_reg_channel_write_psum_25  |  1|   0|    1|          0|
    |ap_sync_reg_channel_write_psum_26  |  1|   0|    1|          0|
    |ap_sync_reg_channel_write_psum_27  |  1|   0|    1|          0|
    |ap_sync_reg_channel_write_psum_28  |  1|   0|    1|          0|
    |ap_sync_reg_channel_write_psum_29  |  1|   0|    1|          0|
    |ap_sync_reg_channel_write_psum_3   |  1|   0|    1|          0|
    |ap_sync_reg_channel_write_psum_30  |  1|   0|    1|          0|
    |ap_sync_reg_channel_write_psum_4   |  1|   0|    1|          0|
    |ap_sync_reg_channel_write_psum_5   |  1|   0|    1|          0|
    |ap_sync_reg_channel_write_psum_6   |  1|   0|    1|          0|
    |ap_sync_reg_channel_write_psum_7   |  1|   0|    1|          0|
    |ap_sync_reg_channel_write_psum_8   |  1|   0|    1|          0|
    |ap_sync_reg_channel_write_psum_9   |  1|   0|    1|          0|
    +-----------------------------------+---+----+-----+-----------+
    |Total                              | 32|   0|   32|          0|
    +-----------------------------------+---+----+-----+-----------+



================================================================
== Interface
================================================================
* Summary: 
+------------------------+-----+-----+------------+------------------------------+--------------+
|        RTL Ports       | Dir | Bits|  Protocol  |         Source Object        |    C Type    |
+------------------------+-----+-----+------------+------------------------------+--------------+
|A_streams_0_dout        |   in|   32|     ap_fifo|                   A_streams_0|       pointer|
|A_streams_0_empty_n     |   in|    1|     ap_fifo|                   A_streams_0|       pointer|
|A_streams_0_read        |  out|    1|     ap_fifo|                   A_streams_0|       pointer|
|B_streams_0_0_dout      |   in|   32|     ap_fifo|                 B_streams_0_0|       pointer|
|B_streams_0_0_empty_n   |   in|    1|     ap_fifo|                 B_streams_0_0|       pointer|
|B_streams_0_0_read      |  out|    1|     ap_fifo|                 B_streams_0_0|       pointer|
|B_streams_0_1_dout      |   in|   32|     ap_fifo|                 B_streams_0_1|       pointer|
|B_streams_0_1_empty_n   |   in|    1|     ap_fifo|                 B_streams_0_1|       pointer|
|B_streams_0_1_read      |  out|    1|     ap_fifo|                 B_streams_0_1|       pointer|
|B_streams_0_2_dout      |   in|   32|     ap_fifo|                 B_streams_0_2|       pointer|
|B_streams_0_2_empty_n   |   in|    1|     ap_fifo|                 B_streams_0_2|       pointer|
|B_streams_0_2_read      |  out|    1|     ap_fifo|                 B_streams_0_2|       pointer|
|B_streams_0_3_dout      |   in|   32|     ap_fifo|                 B_streams_0_3|       pointer|
|B_streams_0_3_empty_n   |   in|    1|     ap_fifo|                 B_streams_0_3|       pointer|
|B_streams_0_3_read      |  out|    1|     ap_fifo|                 B_streams_0_3|       pointer|
|B_streams_0_4_dout      |   in|   32|     ap_fifo|                 B_streams_0_4|       pointer|
|B_streams_0_4_empty_n   |   in|    1|     ap_fifo|                 B_streams_0_4|       pointer|
|B_streams_0_4_read      |  out|    1|     ap_fifo|                 B_streams_0_4|       pointer|
|B_streams_0_5_dout      |   in|   32|     ap_fifo|                 B_streams_0_5|       pointer|
|B_streams_0_5_empty_n   |   in|    1|     ap_fifo|                 B_streams_0_5|       pointer|
|B_streams_0_5_read      |  out|    1|     ap_fifo|                 B_streams_0_5|       pointer|
|B_streams_0_6_dout      |   in|   32|     ap_fifo|                 B_streams_0_6|       pointer|
|B_streams_0_6_empty_n   |   in|    1|     ap_fifo|                 B_streams_0_6|       pointer|
|B_streams_0_6_read      |  out|    1|     ap_fifo|                 B_streams_0_6|       pointer|
|B_streams_0_7_dout      |   in|   32|     ap_fifo|                 B_streams_0_7|       pointer|
|B_streams_0_7_empty_n   |   in|    1|     ap_fifo|                 B_streams_0_7|       pointer|
|B_streams_0_7_read      |  out|    1|     ap_fifo|                 B_streams_0_7|       pointer|
|B_streams_0_8_dout      |   in|   32|     ap_fifo|                 B_streams_0_8|       pointer|
|B_streams_0_8_empty_n   |   in|    1|     ap_fifo|                 B_streams_0_8|       pointer|
|B_streams_0_8_read      |  out|    1|     ap_fifo|                 B_streams_0_8|       pointer|
|B_streams_0_9_dout      |   in|   32|     ap_fifo|                 B_streams_0_9|       pointer|
|B_streams_0_9_empty_n   |   in|    1|     ap_fifo|                 B_streams_0_9|       pointer|
|B_streams_0_9_read      |  out|    1|     ap_fifo|                 B_streams_0_9|       pointer|
|B_streams_0_10_dout     |   in|   32|     ap_fifo|                B_streams_0_10|       pointer|
|B_streams_0_10_empty_n  |   in|    1|     ap_fifo|                B_streams_0_10|       pointer|
|B_streams_0_10_read     |  out|    1|     ap_fifo|                B_streams_0_10|       pointer|
|B_streams_0_11_dout     |   in|   32|     ap_fifo|                B_streams_0_11|       pointer|
|B_streams_0_11_empty_n  |   in|    1|     ap_fifo|                B_streams_0_11|       pointer|
|B_streams_0_11_read     |  out|    1|     ap_fifo|                B_streams_0_11|       pointer|
|B_streams_0_12_dout     |   in|   32|     ap_fifo|                B_streams_0_12|       pointer|
|B_streams_0_12_empty_n  |   in|    1|     ap_fifo|                B_streams_0_12|       pointer|
|B_streams_0_12_read     |  out|    1|     ap_fifo|                B_streams_0_12|       pointer|
|B_streams_0_13_dout     |   in|   32|     ap_fifo|                B_streams_0_13|       pointer|
|B_streams_0_13_empty_n  |   in|    1|     ap_fifo|                B_streams_0_13|       pointer|
|B_streams_0_13_read     |  out|    1|     ap_fifo|                B_streams_0_13|       pointer|
|B_streams_0_14_dout     |   in|   32|     ap_fifo|                B_streams_0_14|       pointer|
|B_streams_0_14_empty_n  |   in|    1|     ap_fifo|                B_streams_0_14|       pointer|
|B_streams_0_14_read     |  out|    1|     ap_fifo|                B_streams_0_14|       pointer|
|B_streams_0_15_dout     |   in|   32|     ap_fifo|                B_streams_0_15|       pointer|
|B_streams_0_15_empty_n  |   in|    1|     ap_fifo|                B_streams_0_15|       pointer|
|B_streams_0_15_read     |  out|    1|     ap_fifo|                B_streams_0_15|       pointer|
|B_streams_0_16_dout     |   in|   32|     ap_fifo|                B_streams_0_16|       pointer|
|B_streams_0_16_empty_n  |   in|    1|     ap_fifo|                B_streams_0_16|       pointer|
|B_streams_0_16_read     |  out|    1|     ap_fifo|                B_streams_0_16|       pointer|
|B_streams_0_17_dout     |   in|   32|     ap_fifo|                B_streams_0_17|       pointer|
|B_streams_0_17_empty_n  |   in|    1|     ap_fifo|                B_streams_0_17|       pointer|
|B_streams_0_17_read     |  out|    1|     ap_fifo|                B_streams_0_17|       pointer|
|B_streams_0_18_dout     |   in|   32|     ap_fifo|                B_streams_0_18|       pointer|
|B_streams_0_18_empty_n  |   in|    1|     ap_fifo|                B_streams_0_18|       pointer|
|B_streams_0_18_read     |  out|    1|     ap_fifo|                B_streams_0_18|       pointer|
|B_streams_0_19_dout     |   in|   32|     ap_fifo|                B_streams_0_19|       pointer|
|B_streams_0_19_empty_n  |   in|    1|     ap_fifo|                B_streams_0_19|       pointer|
|B_streams_0_19_read     |  out|    1|     ap_fifo|                B_streams_0_19|       pointer|
|B_streams_0_20_dout     |   in|   32|     ap_fifo|                B_streams_0_20|       pointer|
|B_streams_0_20_empty_n  |   in|    1|     ap_fifo|                B_streams_0_20|       pointer|
|B_streams_0_20_read     |  out|    1|     ap_fifo|                B_streams_0_20|       pointer|
|B_streams_0_21_dout     |   in|   32|     ap_fifo|                B_streams_0_21|       pointer|
|B_streams_0_21_empty_n  |   in|    1|     ap_fifo|                B_streams_0_21|       pointer|
|B_streams_0_21_read     |  out|    1|     ap_fifo|                B_streams_0_21|       pointer|
|B_streams_0_22_dout     |   in|   32|     ap_fifo|                B_streams_0_22|       pointer|
|B_streams_0_22_empty_n  |   in|    1|     ap_fifo|                B_streams_0_22|       pointer|
|B_streams_0_22_read     |  out|    1|     ap_fifo|                B_streams_0_22|       pointer|
|B_streams_0_23_dout     |   in|   32|     ap_fifo|                B_streams_0_23|       pointer|
|B_streams_0_23_empty_n  |   in|    1|     ap_fifo|                B_streams_0_23|       pointer|
|B_streams_0_23_read     |  out|    1|     ap_fifo|                B_streams_0_23|       pointer|
|B_streams_0_24_dout     |   in|   32|     ap_fifo|                B_streams_0_24|       pointer|
|B_streams_0_24_empty_n  |   in|    1|     ap_fifo|                B_streams_0_24|       pointer|
|B_streams_0_24_read     |  out|    1|     ap_fifo|                B_streams_0_24|       pointer|
|B_streams_0_25_dout     |   in|   32|     ap_fifo|                B_streams_0_25|       pointer|
|B_streams_0_25_empty_n  |   in|    1|     ap_fifo|                B_streams_0_25|       pointer|
|B_streams_0_25_read     |  out|    1|     ap_fifo|                B_streams_0_25|       pointer|
|B_streams_0_26_dout     |   in|   32|     ap_fifo|                B_streams_0_26|       pointer|
|B_streams_0_26_empty_n  |   in|    1|     ap_fifo|                B_streams_0_26|       pointer|
|B_streams_0_26_read     |  out|    1|     ap_fifo|                B_streams_0_26|       pointer|
|B_streams_0_27_dout     |   in|   32|     ap_fifo|                B_streams_0_27|       pointer|
|B_streams_0_27_empty_n  |   in|    1|     ap_fifo|                B_streams_0_27|       pointer|
|B_streams_0_27_read     |  out|    1|     ap_fifo|                B_streams_0_27|       pointer|
|B_streams_0_28_dout     |   in|   32|     ap_fifo|                B_streams_0_28|       pointer|
|B_streams_0_28_empty_n  |   in|    1|     ap_fifo|                B_streams_0_28|       pointer|
|B_streams_0_28_read     |  out|    1|     ap_fifo|                B_streams_0_28|       pointer|
|B_streams_0_29_dout     |   in|   32|     ap_fifo|                B_streams_0_29|       pointer|
|B_streams_0_29_empty_n  |   in|    1|     ap_fifo|                B_streams_0_29|       pointer|
|B_streams_0_29_read     |  out|    1|     ap_fifo|                B_streams_0_29|       pointer|
|B_streams_0_30_dout     |   in|   32|     ap_fifo|                B_streams_0_30|       pointer|
|B_streams_0_30_empty_n  |   in|    1|     ap_fifo|                B_streams_0_30|       pointer|
|B_streams_0_30_read     |  out|    1|     ap_fifo|                B_streams_0_30|       pointer|
|B_streams_0_31_dout     |   in|   32|     ap_fifo|                B_streams_0_31|       pointer|
|B_streams_0_31_empty_n  |   in|    1|     ap_fifo|                B_streams_0_31|       pointer|
|B_streams_0_31_read     |  out|    1|     ap_fifo|                B_streams_0_31|       pointer|
|C_streams_0_0_din       |  out|   32|     ap_fifo|                 C_streams_0_0|       pointer|
|C_streams_0_0_full_n    |   in|    1|     ap_fifo|                 C_streams_0_0|       pointer|
|C_streams_0_0_write     |  out|    1|     ap_fifo|                 C_streams_0_0|       pointer|
|C_streams_0_1_din       |  out|   32|     ap_fifo|                 C_streams_0_1|       pointer|
|C_streams_0_1_full_n    |   in|    1|     ap_fifo|                 C_streams_0_1|       pointer|
|C_streams_0_1_write     |  out|    1|     ap_fifo|                 C_streams_0_1|       pointer|
|C_streams_0_2_din       |  out|   32|     ap_fifo|                 C_streams_0_2|       pointer|
|C_streams_0_2_full_n    |   in|    1|     ap_fifo|                 C_streams_0_2|       pointer|
|C_streams_0_2_write     |  out|    1|     ap_fifo|                 C_streams_0_2|       pointer|
|C_streams_0_3_din       |  out|   32|     ap_fifo|                 C_streams_0_3|       pointer|
|C_streams_0_3_full_n    |   in|    1|     ap_fifo|                 C_streams_0_3|       pointer|
|C_streams_0_3_write     |  out|    1|     ap_fifo|                 C_streams_0_3|       pointer|
|C_streams_0_4_din       |  out|   32|     ap_fifo|                 C_streams_0_4|       pointer|
|C_streams_0_4_full_n    |   in|    1|     ap_fifo|                 C_streams_0_4|       pointer|
|C_streams_0_4_write     |  out|    1|     ap_fifo|                 C_streams_0_4|       pointer|
|C_streams_0_5_din       |  out|   32|     ap_fifo|                 C_streams_0_5|       pointer|
|C_streams_0_5_full_n    |   in|    1|     ap_fifo|                 C_streams_0_5|       pointer|
|C_streams_0_5_write     |  out|    1|     ap_fifo|                 C_streams_0_5|       pointer|
|C_streams_0_6_din       |  out|   32|     ap_fifo|                 C_streams_0_6|       pointer|
|C_streams_0_6_full_n    |   in|    1|     ap_fifo|                 C_streams_0_6|       pointer|
|C_streams_0_6_write     |  out|    1|     ap_fifo|                 C_streams_0_6|       pointer|
|C_streams_0_7_din       |  out|   32|     ap_fifo|                 C_streams_0_7|       pointer|
|C_streams_0_7_full_n    |   in|    1|     ap_fifo|                 C_streams_0_7|       pointer|
|C_streams_0_7_write     |  out|    1|     ap_fifo|                 C_streams_0_7|       pointer|
|C_streams_0_8_din       |  out|   32|     ap_fifo|                 C_streams_0_8|       pointer|
|C_streams_0_8_full_n    |   in|    1|     ap_fifo|                 C_streams_0_8|       pointer|
|C_streams_0_8_write     |  out|    1|     ap_fifo|                 C_streams_0_8|       pointer|
|C_streams_0_9_din       |  out|   32|     ap_fifo|                 C_streams_0_9|       pointer|
|C_streams_0_9_full_n    |   in|    1|     ap_fifo|                 C_streams_0_9|       pointer|
|C_streams_0_9_write     |  out|    1|     ap_fifo|                 C_streams_0_9|       pointer|
|C_streams_0_10_din      |  out|   32|     ap_fifo|                C_streams_0_10|       pointer|
|C_streams_0_10_full_n   |   in|    1|     ap_fifo|                C_streams_0_10|       pointer|
|C_streams_0_10_write    |  out|    1|     ap_fifo|                C_streams_0_10|       pointer|
|C_streams_0_11_din      |  out|   32|     ap_fifo|                C_streams_0_11|       pointer|
|C_streams_0_11_full_n   |   in|    1|     ap_fifo|                C_streams_0_11|       pointer|
|C_streams_0_11_write    |  out|    1|     ap_fifo|                C_streams_0_11|       pointer|
|C_streams_0_12_din      |  out|   32|     ap_fifo|                C_streams_0_12|       pointer|
|C_streams_0_12_full_n   |   in|    1|     ap_fifo|                C_streams_0_12|       pointer|
|C_streams_0_12_write    |  out|    1|     ap_fifo|                C_streams_0_12|       pointer|
|C_streams_0_13_din      |  out|   32|     ap_fifo|                C_streams_0_13|       pointer|
|C_streams_0_13_full_n   |   in|    1|     ap_fifo|                C_streams_0_13|       pointer|
|C_streams_0_13_write    |  out|    1|     ap_fifo|                C_streams_0_13|       pointer|
|C_streams_0_14_din      |  out|   32|     ap_fifo|                C_streams_0_14|       pointer|
|C_streams_0_14_full_n   |   in|    1|     ap_fifo|                C_streams_0_14|       pointer|
|C_streams_0_14_write    |  out|    1|     ap_fifo|                C_streams_0_14|       pointer|
|C_streams_0_15_din      |  out|   32|     ap_fifo|                C_streams_0_15|       pointer|
|C_streams_0_15_full_n   |   in|    1|     ap_fifo|                C_streams_0_15|       pointer|
|C_streams_0_15_write    |  out|    1|     ap_fifo|                C_streams_0_15|       pointer|
|C_streams_0_16_din      |  out|   32|     ap_fifo|                C_streams_0_16|       pointer|
|C_streams_0_16_full_n   |   in|    1|     ap_fifo|                C_streams_0_16|       pointer|
|C_streams_0_16_write    |  out|    1|     ap_fifo|                C_streams_0_16|       pointer|
|C_streams_0_17_din      |  out|   32|     ap_fifo|                C_streams_0_17|       pointer|
|C_streams_0_17_full_n   |   in|    1|     ap_fifo|                C_streams_0_17|       pointer|
|C_streams_0_17_write    |  out|    1|     ap_fifo|                C_streams_0_17|       pointer|
|C_streams_0_18_din      |  out|   32|     ap_fifo|                C_streams_0_18|       pointer|
|C_streams_0_18_full_n   |   in|    1|     ap_fifo|                C_streams_0_18|       pointer|
|C_streams_0_18_write    |  out|    1|     ap_fifo|                C_streams_0_18|       pointer|
|C_streams_0_19_din      |  out|   32|     ap_fifo|                C_streams_0_19|       pointer|
|C_streams_0_19_full_n   |   in|    1|     ap_fifo|                C_streams_0_19|       pointer|
|C_streams_0_19_write    |  out|    1|     ap_fifo|                C_streams_0_19|       pointer|
|C_streams_0_20_din      |  out|   32|     ap_fifo|                C_streams_0_20|       pointer|
|C_streams_0_20_full_n   |   in|    1|     ap_fifo|                C_streams_0_20|       pointer|
|C_streams_0_20_write    |  out|    1|     ap_fifo|                C_streams_0_20|       pointer|
|C_streams_0_21_din      |  out|   32|     ap_fifo|                C_streams_0_21|       pointer|
|C_streams_0_21_full_n   |   in|    1|     ap_fifo|                C_streams_0_21|       pointer|
|C_streams_0_21_write    |  out|    1|     ap_fifo|                C_streams_0_21|       pointer|
|C_streams_0_22_din      |  out|   32|     ap_fifo|                C_streams_0_22|       pointer|
|C_streams_0_22_full_n   |   in|    1|     ap_fifo|                C_streams_0_22|       pointer|
|C_streams_0_22_write    |  out|    1|     ap_fifo|                C_streams_0_22|       pointer|
|C_streams_0_23_din      |  out|   32|     ap_fifo|                C_streams_0_23|       pointer|
|C_streams_0_23_full_n   |   in|    1|     ap_fifo|                C_streams_0_23|       pointer|
|C_streams_0_23_write    |  out|    1|     ap_fifo|                C_streams_0_23|       pointer|
|C_streams_0_24_din      |  out|   32|     ap_fifo|                C_streams_0_24|       pointer|
|C_streams_0_24_full_n   |   in|    1|     ap_fifo|                C_streams_0_24|       pointer|
|C_streams_0_24_write    |  out|    1|     ap_fifo|                C_streams_0_24|       pointer|
|C_streams_0_25_din      |  out|   32|     ap_fifo|                C_streams_0_25|       pointer|
|C_streams_0_25_full_n   |   in|    1|     ap_fifo|                C_streams_0_25|       pointer|
|C_streams_0_25_write    |  out|    1|     ap_fifo|                C_streams_0_25|       pointer|
|C_streams_0_26_din      |  out|   32|     ap_fifo|                C_streams_0_26|       pointer|
|C_streams_0_26_full_n   |   in|    1|     ap_fifo|                C_streams_0_26|       pointer|
|C_streams_0_26_write    |  out|    1|     ap_fifo|                C_streams_0_26|       pointer|
|C_streams_0_27_din      |  out|   32|     ap_fifo|                C_streams_0_27|       pointer|
|C_streams_0_27_full_n   |   in|    1|     ap_fifo|                C_streams_0_27|       pointer|
|C_streams_0_27_write    |  out|    1|     ap_fifo|                C_streams_0_27|       pointer|
|C_streams_0_28_din      |  out|   32|     ap_fifo|                C_streams_0_28|       pointer|
|C_streams_0_28_full_n   |   in|    1|     ap_fifo|                C_streams_0_28|       pointer|
|C_streams_0_28_write    |  out|    1|     ap_fifo|                C_streams_0_28|       pointer|
|C_streams_0_29_din      |  out|   32|     ap_fifo|                C_streams_0_29|       pointer|
|C_streams_0_29_full_n   |   in|    1|     ap_fifo|                C_streams_0_29|       pointer|
|C_streams_0_29_write    |  out|    1|     ap_fifo|                C_streams_0_29|       pointer|
|C_streams_0_30_din      |  out|   32|     ap_fifo|                C_streams_0_30|       pointer|
|C_streams_0_30_full_n   |   in|    1|     ap_fifo|                C_streams_0_30|       pointer|
|C_streams_0_30_write    |  out|    1|     ap_fifo|                C_streams_0_30|       pointer|
|C_streams_0_31_din      |  out|   32|     ap_fifo|                C_streams_0_31|       pointer|
|C_streams_0_31_full_n   |   in|    1|     ap_fifo|                C_streams_0_31|       pointer|
|C_streams_0_31_write    |  out|    1|     ap_fifo|                C_streams_0_31|       pointer|
|ap_clk                  |   in|    1|  ap_ctrl_hs|  dataflow_in_loop_mat_mul_i10|  return value|
|ap_rst                  |   in|    1|  ap_ctrl_hs|  dataflow_in_loop_mat_mul_i10|  return value|
|ap_start                |   in|    1|  ap_ctrl_hs|  dataflow_in_loop_mat_mul_i10|  return value|
|ap_done                 |  out|    1|  ap_ctrl_hs|  dataflow_in_loop_mat_mul_i10|  return value|
|ap_ready                |  out|    1|  ap_ctrl_hs|  dataflow_in_loop_mat_mul_i10|  return value|
|ap_idle                 |  out|    1|  ap_ctrl_hs|  dataflow_in_loop_mat_mul_i10|  return value|
|ap_continue             |   in|    1|  ap_ctrl_hs|  dataflow_in_loop_mat_mul_i10|  return value|
+------------------------+-----+-----+------------+------------------------------+--------------+

