

================================================================
== Vitis HLS Report for 'dataflow_in_loop_mat_mul_i_Loop_mat_mul_k_proc121'
================================================================
* Date:           Tue Jun  2 20:38:07 2026

* Version:        2023.2 (Build 4023990 on Oct 11 2023)
* Project:        hls_project
* Solution:       gemm2 (Vitis Kernel Flow Target)
* Product family: versalaicore
* Target device:  xcvc1902-vsva2197-2MP-e-S


================================================================
== Performance Estimates
================================================================
+ Timing: 
    * Summary: 
    +--------+---------+----------+------------+
    |  Clock |  Target | Estimated| Uncertainty|
    +--------+---------+----------+------------+
    |ap_clk  |  3.33 ns|  2.180 ns|     0.90 ns|
    +--------+---------+----------+------------+

+ Latency: 
    * Summary: 
    +---------+---------+-----------+-----------+-----+-----+---------+
    |  Latency (cycles) |   Latency (absolute)  |  Interval | Pipeline|
    |   min   |   max   |    min    |    max    | min | max |   Type  |
    +---------+---------+-----------+-----------+-----+-----+---------+
    |       22|       22|  73.326 ns|  73.326 ns|   22|   22|       no|
    +---------+---------+-----------+-----------+-----+-----+---------+

    + Detail: 
        * Instance: 
        N/A

        * Loop: 
        +-------------+---------+---------+----------+-----------+-----------+------+----------+
        |             |  Latency (cycles) | Iteration|  Initiation Interval  | Trip |          |
        |  Loop Name  |   min   |   max   |  Latency |  achieved |   target  | Count| Pipelined|
        +-------------+---------+---------+----------+-----------+-----------+------+----------+
        |- mat_mul_k  |       20|       20|         6|          1|          1|    16|       yes|
        +-------------+---------+---------+----------+-----------+-----------+------+----------+



================================================================
== Utilization Estimates
================================================================
* Summary: 
+-----------------+---------+------+---------+--------+-----+
|       Name      | BRAM_18K|  DSP |    FF   |   LUT  | URAM|
+-----------------+---------+------+---------+--------+-----+
|DSP              |        -|     -|        -|       -|    -|
|Expression       |        -|     -|        0|    1845|    -|
|FIFO             |        -|     -|        -|       -|    -|
|Instance         |        -|   128|     1472|    1344|    -|
|Memory           |        -|     -|        -|       -|    -|
|Multiplexer      |        -|     -|        -|    3534|    -|
|Register         |        -|     -|     6489|       2|    -|
+-----------------+---------+------+---------+--------+-----+
|Total            |        0|   128|     7961|    6725|    0|
+-----------------+---------+------+---------+--------+-----+
|Available        |     1934|  1968|  1799680|  899840|  463|
+-----------------+---------+------+---------+--------+-----+
|Utilization (%)  |        0|     6|       ~0|      ~0|    0|
+-----------------+---------+------+---------+--------+-----+

+ Detail: 
    * Instance: 
    +-------------------------+--------------------+---------+----+----+----+-----+
    |         Instance        |       Module       | BRAM_18K| DSP| FF | LUT| URAM|
    +-------------------------+--------------------+---------+----+----+----+-----+
    |mul_32s_32s_56_3_1_U191  |mul_32s_32s_56_3_1  |        0|   4|  46|  42|    0|
    |mul_32s_32s_56_3_1_U192  |mul_32s_32s_56_3_1  |        0|   4|  46|  42|    0|
    |mul_32s_32s_56_3_1_U193  |mul_32s_32s_56_3_1  |        0|   4|  46|  42|    0|
    |mul_32s_32s_56_3_1_U194  |mul_32s_32s_56_3_1  |        0|   4|  46|  42|    0|
    |mul_32s_32s_56_3_1_U195  |mul_32s_32s_56_3_1  |        0|   4|  46|  42|    0|
    |mul_32s_32s_56_3_1_U196  |mul_32s_32s_56_3_1  |        0|   4|  46|  42|    0|
    |mul_32s_32s_56_3_1_U197  |mul_32s_32s_56_3_1  |        0|   4|  46|  42|    0|
    |mul_32s_32s_56_3_1_U198  |mul_32s_32s_56_3_1  |        0|   4|  46|  42|    0|
    |mul_32s_32s_56_3_1_U199  |mul_32s_32s_56_3_1  |        0|   4|  46|  42|    0|
    |mul_32s_32s_56_3_1_U200  |mul_32s_32s_56_3_1  |        0|   4|  46|  42|    0|
    |mul_32s_32s_56_3_1_U201  |mul_32s_32s_56_3_1  |        0|   4|  46|  42|    0|
    |mul_32s_32s_56_3_1_U202  |mul_32s_32s_56_3_1  |        0|   4|  46|  42|    0|
    |mul_32s_32s_56_3_1_U203  |mul_32s_32s_56_3_1  |        0|   4|  46|  42|    0|
    |mul_32s_32s_56_3_1_U204  |mul_32s_32s_56_3_1  |        0|   4|  46|  42|    0|
    |mul_32s_32s_56_3_1_U205  |mul_32s_32s_56_3_1  |        0|   4|  46|  42|    0|
    |mul_32s_32s_56_3_1_U206  |mul_32s_32s_56_3_1  |        0|   4|  46|  42|    0|
    |mul_32s_32s_56_3_1_U207  |mul_32s_32s_56_3_1  |        0|   4|  46|  42|    0|
    |mul_32s_32s_56_3_1_U208  |mul_32s_32s_56_3_1  |        0|   4|  46|  42|    0|
    |mul_32s_32s_56_3_1_U209  |mul_32s_32s_56_3_1  |        0|   4|  46|  42|    0|
    |mul_32s_32s_56_3_1_U210  |mul_32s_32s_56_3_1  |        0|   4|  46|  42|    0|
    |mul_32s_32s_56_3_1_U211  |mul_32s_32s_56_3_1  |        0|   4|  46|  42|    0|
    |mul_32s_32s_56_3_1_U212  |mul_32s_32s_56_3_1  |        0|   4|  46|  42|    0|
    |mul_32s_32s_56_3_1_U213  |mul_32s_32s_56_3_1  |        0|   4|  46|  42|    0|
    |mul_32s_32s_56_3_1_U214  |mul_32s_32s_56_3_1  |        0|   4|  46|  42|    0|
    |mul_32s_32s_56_3_1_U215  |mul_32s_32s_56_3_1  |        0|   4|  46|  42|    0|
    |mul_32s_32s_56_3_1_U216  |mul_32s_32s_56_3_1  |        0|   4|  46|  42|    0|
    |mul_32s_32s_56_3_1_U217  |mul_32s_32s_56_3_1  |        0|   4|  46|  42|    0|
    |mul_32s_32s_56_3_1_U218  |mul_32s_32s_56_3_1  |        0|   4|  46|  42|    0|
    |mul_32s_32s_56_3_1_U219  |mul_32s_32s_56_3_1  |        0|   4|  46|  42|    0|
    |mul_32s_32s_56_3_1_U220  |mul_32s_32s_56_3_1  |        0|   4|  46|  42|    0|
    |mul_32s_32s_56_3_1_U221  |mul_32s_32s_56_3_1  |        0|   4|  46|  42|    0|
    |mul_32s_32s_56_3_1_U222  |mul_32s_32s_56_3_1  |        0|   4|  46|  42|    0|
    +-------------------------+--------------------+---------+----+----+----+-----+
    |Total                    |                    |        0| 128|1472|1344|    0|
    +-------------------------+--------------------+---------+----+----+----+-----+

    * DSP: 
    N/A

    * Memory: 
    N/A

    * FIFO: 
    N/A

    * Expression: 
    +----------------------------------+----------+----+---+----+------------+------------+
    |           Variable Name          | Operation| DSP| FF| LUT| Bitwidth P0| Bitwidth P1|
    +----------------------------------+----------+----+---+----+------------+------------+
    |add_ln16_fu_1157_p2               |         +|   0|  0|   5|           5|           1|
    |add_ln23_10_fu_2099_p2            |         +|   0|  0|  56|          56|          56|
    |add_ln23_11_fu_2122_p2            |         +|   0|  0|  56|          56|          56|
    |add_ln23_12_fu_2145_p2            |         +|   0|  0|  56|          56|          56|
    |add_ln23_13_fu_2168_p2            |         +|   0|  0|  56|          56|          56|
    |add_ln23_14_fu_2191_p2            |         +|   0|  0|  56|          56|          56|
    |add_ln23_15_fu_2214_p2            |         +|   0|  0|  56|          56|          56|
    |add_ln23_16_fu_2237_p2            |         +|   0|  0|  56|          56|          56|
    |add_ln23_17_fu_2260_p2            |         +|   0|  0|  56|          56|          56|
    |add_ln23_18_fu_2283_p2            |         +|   0|  0|  56|          56|          56|
    |add_ln23_19_fu_2306_p2            |         +|   0|  0|  56|          56|          56|
    |add_ln23_1_fu_1892_p2             |         +|   0|  0|  56|          56|          56|
    |add_ln23_20_fu_2329_p2            |         +|   0|  0|  56|          56|          56|
    |add_ln23_21_fu_2352_p2            |         +|   0|  0|  56|          56|          56|
    |add_ln23_22_fu_2375_p2            |         +|   0|  0|  56|          56|          56|
    |add_ln23_23_fu_2398_p2            |         +|   0|  0|  56|          56|          56|
    |add_ln23_24_fu_2421_p2            |         +|   0|  0|  56|          56|          56|
    |add_ln23_25_fu_2444_p2            |         +|   0|  0|  56|          56|          56|
    |add_ln23_26_fu_2467_p2            |         +|   0|  0|  56|          56|          56|
    |add_ln23_27_fu_2490_p2            |         +|   0|  0|  56|          56|          56|
    |add_ln23_28_fu_2513_p2            |         +|   0|  0|  56|          56|          56|
    |add_ln23_29_fu_2536_p2            |         +|   0|  0|  56|          56|          56|
    |add_ln23_2_fu_1915_p2             |         +|   0|  0|  56|          56|          56|
    |add_ln23_30_fu_2559_p2            |         +|   0|  0|  56|          56|          56|
    |add_ln23_31_fu_2582_p2            |         +|   0|  0|  56|          56|          56|
    |add_ln23_3_fu_1938_p2             |         +|   0|  0|  56|          56|          56|
    |add_ln23_4_fu_1961_p2             |         +|   0|  0|  56|          56|          56|
    |add_ln23_5_fu_1984_p2             |         +|   0|  0|  56|          56|          56|
    |add_ln23_6_fu_2007_p2             |         +|   0|  0|  56|          56|          56|
    |add_ln23_7_fu_2030_p2             |         +|   0|  0|  56|          56|          56|
    |add_ln23_8_fu_2053_p2             |         +|   0|  0|  56|          56|          56|
    |add_ln23_9_fu_2076_p2             |         +|   0|  0|  56|          56|          56|
    |add_ln23_fu_1869_p2               |         +|   0|  0|  56|          56|          56|
    |ap_condition_1268                 |       and|   0|  0|   2|           1|           1|
    |ap_condition_1272                 |       and|   0|  0|   2|           1|           1|
    |ap_predicate_op201_read_state1    |       and|   0|  0|   2|           1|           1|
    |ap_predicate_op203_read_state1    |       and|   0|  0|   2|           1|           1|
    |ap_predicate_op205_read_state1    |       and|   0|  0|   2|           1|           1|
    |ap_predicate_op207_read_state1    |       and|   0|  0|   2|           1|           1|
    |ap_predicate_op209_read_state1    |       and|   0|  0|   2|           1|           1|
    |ap_predicate_op211_read_state1    |       and|   0|  0|   2|           1|           1|
    |ap_predicate_op213_read_state1    |       and|   0|  0|   2|           1|           1|
    |ap_predicate_op215_read_state1    |       and|   0|  0|   2|           1|           1|
    |ap_predicate_op217_read_state1    |       and|   0|  0|   2|           1|           1|
    |ap_predicate_op219_read_state1    |       and|   0|  0|   2|           1|           1|
    |ap_predicate_op221_read_state1    |       and|   0|  0|   2|           1|           1|
    |ap_predicate_op223_read_state1    |       and|   0|  0|   2|           1|           1|
    |ap_predicate_op225_read_state1    |       and|   0|  0|   2|           1|           1|
    |ap_predicate_op227_read_state1    |       and|   0|  0|   2|           1|           1|
    |ap_predicate_op229_read_state1    |       and|   0|  0|   2|           1|           1|
    |ap_predicate_op231_read_state1    |       and|   0|  0|   2|           1|           1|
    |icmp_ln16_fu_1163_p2              |      icmp|   0|  0|   6|           5|           6|
    |ap_block_pp0_stage0_11001         |        or|   0|  0|   2|           1|           1|
    |ap_block_state1_pp0_stage0_iter0  |        or|   0|  0|   2|           1|           1|
    |ap_enable_pp0                     |       xor|   0|  0|   2|           1|           2|
    +----------------------------------+----------+----+---+----+------------+------------+
    |Total                             |          |   0|  0|1845|        1823|        1821|
    +----------------------------------+----------+----+---+----+------------+------------+

    * Multiplexer: 
    +------------------------------------+-----+-----------+-----+-----------+
    |                Name                | LUT | Input Size| Bits| Total Bits|
    +------------------------------------+-----+-----------+-----+-----------+
    |A_streams_0_0_blk_n                 |    2|          2|    1|          2|
    |A_streams_0_10_blk_n                |    2|          2|    1|          2|
    |A_streams_0_11_blk_n                |    2|          2|    1|          2|
    |A_streams_0_12_blk_n                |    2|          2|    1|          2|
    |A_streams_0_13_blk_n                |    2|          2|    1|          2|
    |A_streams_0_14_blk_n                |    2|          2|    1|          2|
    |A_streams_0_15_blk_n                |    2|          2|    1|          2|
    |A_streams_0_1_blk_n                 |    2|          2|    1|          2|
    |A_streams_0_2_blk_n                 |    2|          2|    1|          2|
    |A_streams_0_3_blk_n                 |    2|          2|    1|          2|
    |A_streams_0_4_blk_n                 |    2|          2|    1|          2|
    |A_streams_0_5_blk_n                 |    2|          2|    1|          2|
    |A_streams_0_6_blk_n                 |    2|          2|    1|          2|
    |A_streams_0_7_blk_n                 |    2|          2|    1|          2|
    |A_streams_0_8_blk_n                 |    2|          2|    1|          2|
    |A_streams_0_9_blk_n                 |    2|          2|    1|          2|
    |B_streams_0_0_blk_n                 |    2|          2|    1|          2|
    |B_streams_0_10_blk_n                |    2|          2|    1|          2|
    |B_streams_0_11_blk_n                |    2|          2|    1|          2|
    |B_streams_0_12_blk_n                |    2|          2|    1|          2|
    |B_streams_0_13_blk_n                |    2|          2|    1|          2|
    |B_streams_0_14_blk_n                |    2|          2|    1|          2|
    |B_streams_0_15_blk_n                |    2|          2|    1|          2|
    |B_streams_0_16_blk_n                |    2|          2|    1|          2|
    |B_streams_0_17_blk_n                |    2|          2|    1|          2|
    |B_streams_0_18_blk_n                |    2|          2|    1|          2|
    |B_streams_0_19_blk_n                |    2|          2|    1|          2|
    |B_streams_0_1_blk_n                 |    2|          2|    1|          2|
    |B_streams_0_20_blk_n                |    2|          2|    1|          2|
    |B_streams_0_21_blk_n                |    2|          2|    1|          2|
    |B_streams_0_22_blk_n                |    2|          2|    1|          2|
    |B_streams_0_23_blk_n                |    2|          2|    1|          2|
    |B_streams_0_24_blk_n                |    2|          2|    1|          2|
    |B_streams_0_25_blk_n                |    2|          2|    1|          2|
    |B_streams_0_26_blk_n                |    2|          2|    1|          2|
    |B_streams_0_27_blk_n                |    2|          2|    1|          2|
    |B_streams_0_28_blk_n                |    2|          2|    1|          2|
    |B_streams_0_29_blk_n                |    2|          2|    1|          2|
    |B_streams_0_2_blk_n                 |    2|          2|    1|          2|
    |B_streams_0_30_blk_n                |    2|          2|    1|          2|
    |B_streams_0_31_blk_n                |    2|          2|    1|          2|
    |B_streams_0_3_blk_n                 |    2|          2|    1|          2|
    |B_streams_0_4_blk_n                 |    2|          2|    1|          2|
    |B_streams_0_5_blk_n                 |    2|          2|    1|          2|
    |B_streams_0_6_blk_n                 |    2|          2|    1|          2|
    |B_streams_0_7_blk_n                 |    2|          2|    1|          2|
    |B_streams_0_8_blk_n                 |    2|          2|    1|          2|
    |B_streams_0_9_blk_n                 |    2|          2|    1|          2|
    |ap_done_int                         |    2|          2|    1|          2|
    |ap_enable_reg_pp0_iter1             |    2|          2|    1|          2|
    |ap_phi_reg_pp0_iter2_a_val_reg_588  |  352|         17|   32|        544|
    |ap_return_0                         |   32|          2|   32|         64|
    |ap_return_1                         |   32|          2|   32|         64|
    |ap_return_10                        |   32|          2|   32|         64|
    |ap_return_11                        |   32|          2|   32|         64|
    |ap_return_12                        |   32|          2|   32|         64|
    |ap_return_13                        |   32|          2|   32|         64|
    |ap_return_14                        |   32|          2|   32|         64|
    |ap_return_15                        |   32|          2|   32|         64|
    |ap_return_16                        |   32|          2|   32|         64|
    |ap_return_17                        |   32|          2|   32|         64|
    |ap_return_18                        |   32|          2|   32|         64|
    |ap_return_19                        |   32|          2|   32|         64|
    |ap_return_2                         |   32|          2|   32|         64|
    |ap_return_20                        |   32|          2|   32|         64|
    |ap_return_21                        |   32|          2|   32|         64|
    |ap_return_22                        |   32|          2|   32|         64|
    |ap_return_23                        |   32|          2|   32|         64|
    |ap_return_24                        |   32|          2|   32|         64|
    |ap_return_25                        |   32|          2|   32|         64|
    |ap_return_26                        |   32|          2|   32|         64|
    |ap_return_27                        |   32|          2|   32|         64|
    |ap_return_28                        |   32|          2|   32|         64|
    |ap_return_29                        |   32|          2|   32|         64|
    |ap_return_3                         |   32|          2|   32|         64|
    |ap_return_30                        |   32|          2|   32|         64|
    |ap_return_31                        |   32|          2|   32|         64|
    |ap_return_4                         |   32|          2|   32|         64|
    |ap_return_5                         |   32|          2|   32|         64|
    |ap_return_6                         |   32|          2|   32|         64|
    |ap_return_7                         |   32|          2|   32|         64|
    |ap_return_8                         |   32|          2|   32|         64|
    |ap_return_9                         |   32|          2|   32|         64|
    |ap_sig_allocacmp_k_4                |    5|          2|    5|         10|
    |ap_sig_allocacmp_psum_10_load       |   32|          3|   32|         96|
    |ap_sig_allocacmp_psum_11_load       |   32|          3|   32|         96|
    |ap_sig_allocacmp_psum_12_load       |   32|          3|   32|         96|
    |ap_sig_allocacmp_psum_13_load       |   32|          3|   32|         96|
    |ap_sig_allocacmp_psum_14_load       |   32|          3|   32|         96|
    |ap_sig_allocacmp_psum_15_load       |   32|          3|   32|         96|
    |ap_sig_allocacmp_psum_16_load       |   32|          3|   32|         96|
    |ap_sig_allocacmp_psum_17_load       |   32|          3|   32|         96|
    |ap_sig_allocacmp_psum_18_load       |   32|          3|   32|         96|
    |ap_sig_allocacmp_psum_19_load       |   32|          3|   32|         96|
    |ap_sig_allocacmp_psum_1_load        |   32|          3|   32|         96|
    |ap_sig_allocacmp_psum_20_load       |   32|          3|   32|         96|
    |ap_sig_allocacmp_psum_21_load       |   32|          3|   32|         96|
    |ap_sig_allocacmp_psum_22_load       |   32|          3|   32|         96|
    |ap_sig_allocacmp_psum_23_load       |   32|          3|   32|         96|
    |ap_sig_allocacmp_psum_24_load       |   32|          3|   32|         96|
    |ap_sig_allocacmp_psum_25_load       |   32|          3|   32|         96|
    |ap_sig_allocacmp_psum_26_load       |   32|          3|   32|         96|
    |ap_sig_allocacmp_psum_27_load       |   32|          3|   32|         96|
    |ap_sig_allocacmp_psum_28_load       |   32|          3|   32|         96|
    |ap_sig_allocacmp_psum_29_load       |   32|          3|   32|         96|
    |ap_sig_allocacmp_psum_2_load        |   32|          3|   32|         96|
    |ap_sig_allocacmp_psum_30_load       |   32|          3|   32|         96|
    |ap_sig_allocacmp_psum_31_load       |   32|          3|   32|         96|
    |ap_sig_allocacmp_psum_3_load        |   32|          3|   32|         96|
    |ap_sig_allocacmp_psum_4_load        |   32|          3|   32|         96|
    |ap_sig_allocacmp_psum_5_load        |   32|          3|   32|         96|
    |ap_sig_allocacmp_psum_6_load        |   32|          3|   32|         96|
    |ap_sig_allocacmp_psum_7_load        |   32|          3|   32|         96|
    |ap_sig_allocacmp_psum_8_load        |   32|          3|   32|         96|
    |ap_sig_allocacmp_psum_9_load        |   32|          3|   32|         96|
    |ap_sig_allocacmp_psum_load          |   32|          3|   32|         96|
    |k_fu_168                            |    5|          2|    5|         10|
    |psum_10_fu_212                      |   32|          2|   32|         64|
    |psum_11_fu_216                      |   32|          2|   32|         64|
    |psum_12_fu_220                      |   32|          2|   32|         64|
    |psum_13_fu_224                      |   32|          2|   32|         64|
    |psum_14_fu_228                      |   32|          2|   32|         64|
    |psum_15_fu_232                      |   32|          2|   32|         64|
    |psum_16_fu_236                      |   32|          2|   32|         64|
    |psum_17_fu_240                      |   32|          2|   32|         64|
    |psum_18_fu_244                      |   32|          2|   32|         64|
    |psum_19_fu_248                      |   32|          2|   32|         64|
    |psum_1_fu_176                       |   32|          2|   32|         64|
    |psum_20_fu_252                      |   32|          2|   32|         64|
    |psum_21_fu_256                      |   32|          2|   32|         64|
    |psum_22_fu_260                      |   32|          2|   32|         64|
    |psum_23_fu_264                      |   32|          2|   32|         64|
    |psum_24_fu_268                      |   32|          2|   32|         64|
    |psum_25_fu_272                      |   32|          2|   32|         64|
    |psum_26_fu_276                      |   32|          2|   32|         64|
    |psum_27_fu_280                      |   32|          2|   32|         64|
    |psum_28_fu_284                      |   32|          2|   32|         64|
    |psum_29_fu_288                      |   32|          2|   32|         64|
    |psum_2_fu_180                       |   32|          2|   32|         64|
    |psum_30_fu_292                      |   32|          2|   32|         64|
    |psum_31_fu_296                      |   32|          2|   32|         64|
    |psum_3_fu_184                       |   32|          2|   32|         64|
    |psum_4_fu_188                       |   32|          2|   32|         64|
    |psum_5_fu_192                       |   32|          2|   32|         64|
    |psum_6_fu_196                       |   32|          2|   32|         64|
    |psum_7_fu_200                       |   32|          2|   32|         64|
    |psum_8_fu_204                       |   32|          2|   32|         64|
    |psum_9_fu_208                       |   32|          2|   32|         64|
    |psum_fu_172                         |   32|          2|   32|         64|
    +------------------------------------+-----+-----------+-----+-----------+
    |Total                               | 3534|        345| 3164|       7832|
    +------------------------------------+-----+-----------+-----+-----------+

    * Register: 
    +--------------------------------------------+----+----+-----+-----------+
    |                    Name                    | FF | LUT| Bits| Const Bits|
    +--------------------------------------------+----+----+-----+-----------+
    |A_streams_0_0_read_reg_3837                 |  32|   0|   32|          0|
    |A_streams_0_10_read_reg_3787                |  32|   0|   32|          0|
    |A_streams_0_11_read_reg_3782                |  32|   0|   32|          0|
    |A_streams_0_12_read_reg_3777                |  32|   0|   32|          0|
    |A_streams_0_13_read_reg_3772                |  32|   0|   32|          0|
    |A_streams_0_14_read_reg_3767                |  32|   0|   32|          0|
    |A_streams_0_15_read_reg_3842                |  32|   0|   32|          0|
    |A_streams_0_1_read_reg_3832                 |  32|   0|   32|          0|
    |A_streams_0_2_read_reg_3827                 |  32|   0|   32|          0|
    |A_streams_0_3_read_reg_3822                 |  32|   0|   32|          0|
    |A_streams_0_4_read_reg_3817                 |  32|   0|   32|          0|
    |A_streams_0_5_read_reg_3812                 |  32|   0|   32|          0|
    |A_streams_0_6_read_reg_3807                 |  32|   0|   32|          0|
    |A_streams_0_7_read_reg_3802                 |  32|   0|   32|          0|
    |A_streams_0_8_read_reg_3797                 |  32|   0|   32|          0|
    |A_streams_0_9_read_reg_3792                 |  32|   0|   32|          0|
    |B_streams_0_0_read_reg_3847                 |  32|   0|   32|          0|
    |B_streams_0_0_read_reg_3847_pp0_iter1_reg   |  32|   0|   32|          0|
    |B_streams_0_10_read_reg_3897                |  32|   0|   32|          0|
    |B_streams_0_10_read_reg_3897_pp0_iter1_reg  |  32|   0|   32|          0|
    |B_streams_0_11_read_reg_3902                |  32|   0|   32|          0|
    |B_streams_0_11_read_reg_3902_pp0_iter1_reg  |  32|   0|   32|          0|
    |B_streams_0_12_read_reg_3907                |  32|   0|   32|          0|
    |B_streams_0_12_read_reg_3907_pp0_iter1_reg  |  32|   0|   32|          0|
    |B_streams_0_13_read_reg_3912                |  32|   0|   32|          0|
    |B_streams_0_13_read_reg_3912_pp0_iter1_reg  |  32|   0|   32|          0|
    |B_streams_0_14_read_reg_3917                |  32|   0|   32|          0|
    |B_streams_0_14_read_reg_3917_pp0_iter1_reg  |  32|   0|   32|          0|
    |B_streams_0_15_read_reg_3922                |  32|   0|   32|          0|
    |B_streams_0_15_read_reg_3922_pp0_iter1_reg  |  32|   0|   32|          0|
    |B_streams_0_16_read_reg_3927                |  32|   0|   32|          0|
    |B_streams_0_16_read_reg_3927_pp0_iter1_reg  |  32|   0|   32|          0|
    |B_streams_0_17_read_reg_3932                |  32|   0|   32|          0|
    |B_streams_0_17_read_reg_3932_pp0_iter1_reg  |  32|   0|   32|          0|
    |B_streams_0_18_read_reg_3937                |  32|   0|   32|          0|
    |B_streams_0_18_read_reg_3937_pp0_iter1_reg  |  32|   0|   32|          0|
    |B_streams_0_19_read_reg_3942                |  32|   0|   32|          0|
    |B_streams_0_19_read_reg_3942_pp0_iter1_reg  |  32|   0|   32|          0|
    |B_streams_0_1_read_reg_3852                 |  32|   0|   32|          0|
    |B_streams_0_1_read_reg_3852_pp0_iter1_reg   |  32|   0|   32|          0|
    |B_streams_0_20_read_reg_3947                |  32|   0|   32|          0|
    |B_streams_0_20_read_reg_3947_pp0_iter1_reg  |  32|   0|   32|          0|
    |B_streams_0_21_read_reg_3952                |  32|   0|   32|          0|
    |B_streams_0_21_read_reg_3952_pp0_iter1_reg  |  32|   0|   32|          0|
    |B_streams_0_22_read_reg_3957                |  32|   0|   32|          0|
    |B_streams_0_22_read_reg_3957_pp0_iter1_reg  |  32|   0|   32|          0|
    |B_streams_0_23_read_reg_3962                |  32|   0|   32|          0|
    |B_streams_0_23_read_reg_3962_pp0_iter1_reg  |  32|   0|   32|          0|
    |B_streams_0_24_read_reg_3967                |  32|   0|   32|          0|
    |B_streams_0_24_read_reg_3967_pp0_iter1_reg  |  32|   0|   32|          0|
    |B_streams_0_25_read_reg_3972                |  32|   0|   32|          0|
    |B_streams_0_25_read_reg_3972_pp0_iter1_reg  |  32|   0|   32|          0|
    |B_streams_0_26_read_reg_3977                |  32|   0|   32|          0|
    |B_streams_0_26_read_reg_3977_pp0_iter1_reg  |  32|   0|   32|          0|
    |B_streams_0_27_read_reg_3982                |  32|   0|   32|          0|
    |B_streams_0_27_read_reg_3982_pp0_iter1_reg  |  32|   0|   32|          0|
    |B_streams_0_28_read_reg_3987                |  32|   0|   32|          0|
    |B_streams_0_28_read_reg_3987_pp0_iter1_reg  |  32|   0|   32|          0|
    |B_streams_0_29_read_reg_3992                |  32|   0|   32|          0|
    |B_streams_0_29_read_reg_3992_pp0_iter1_reg  |  32|   0|   32|          0|
    |B_streams_0_2_read_reg_3857                 |  32|   0|   32|          0|
    |B_streams_0_2_read_reg_3857_pp0_iter1_reg   |  32|   0|   32|          0|
    |B_streams_0_30_read_reg_3997                |  32|   0|   32|          0|
    |B_streams_0_30_read_reg_3997_pp0_iter1_reg  |  32|   0|   32|          0|
    |B_streams_0_31_read_reg_4002                |  32|   0|   32|          0|
    |B_streams_0_31_read_reg_4002_pp0_iter1_reg  |  32|   0|   32|          0|
    |B_streams_0_3_read_reg_3862                 |  32|   0|   32|          0|
    |B_streams_0_3_read_reg_3862_pp0_iter1_reg   |  32|   0|   32|          0|
    |B_streams_0_4_read_reg_3867                 |  32|   0|   32|          0|
    |B_streams_0_4_read_reg_3867_pp0_iter1_reg   |  32|   0|   32|          0|
    |B_streams_0_5_read_reg_3872                 |  32|   0|   32|          0|
    |B_streams_0_5_read_reg_3872_pp0_iter1_reg   |  32|   0|   32|          0|
    |B_streams_0_6_read_reg_3877                 |  32|   0|   32|          0|
    |B_streams_0_6_read_reg_3877_pp0_iter1_reg   |  32|   0|   32|          0|
    |B_streams_0_7_read_reg_3882                 |  32|   0|   32|          0|
    |B_streams_0_7_read_reg_3882_pp0_iter1_reg   |  32|   0|   32|          0|
    |B_streams_0_8_read_reg_3887                 |  32|   0|   32|          0|
    |B_streams_0_8_read_reg_3887_pp0_iter1_reg   |  32|   0|   32|          0|
    |B_streams_0_9_read_reg_3892                 |  32|   0|   32|          0|
    |B_streams_0_9_read_reg_3892_pp0_iter1_reg   |  32|   0|   32|          0|
    |ap_CS_fsm                                   |   1|   0|    1|          0|
    |ap_done_reg                                 |   1|   0|    1|          0|
    |ap_enable_reg_pp0_iter1                     |   1|   0|    1|          0|
    |ap_enable_reg_pp0_iter2                     |   1|   0|    1|          0|
    |ap_enable_reg_pp0_iter3                     |   1|   0|    1|          0|
    |ap_enable_reg_pp0_iter4                     |   1|   0|    1|          0|
    |ap_enable_reg_pp0_iter5                     |   1|   0|    1|          0|
    |ap_loop_exit_ready_pp0_iter1_reg            |   1|   0|    1|          0|
    |ap_loop_exit_ready_pp0_iter2_reg            |   1|   0|    1|          0|
    |ap_loop_exit_ready_pp0_iter3_reg            |   1|   0|    1|          0|
    |ap_loop_exit_ready_pp0_iter4_reg            |   1|   0|    1|          0|
    |ap_loop_init_pp0_iter1_reg                  |   1|   0|    1|          0|
    |ap_loop_init_pp0_iter2_reg                  |   1|   0|    1|          0|
    |ap_loop_init_pp0_iter3_reg                  |   1|   0|    1|          0|
    |ap_loop_init_pp0_iter4_reg                  |   1|   0|    1|          0|
    |ap_phi_reg_pp0_iter1_a_val_reg_588          |  32|   0|   32|          0|
    |ap_phi_reg_pp0_iter2_a_val_reg_588          |  32|   0|   32|          0|
    |ap_return_0_preg                            |  32|   0|   32|          0|
    |ap_return_10_preg                           |  32|   0|   32|          0|
    |ap_return_11_preg                           |  32|   0|   32|          0|
    |ap_return_12_preg                           |  32|   0|   32|          0|
    |ap_return_13_preg                           |  32|   0|   32|          0|
    |ap_return_14_preg                           |  32|   0|   32|          0|
    |ap_return_15_preg                           |  32|   0|   32|          0|
    |ap_return_16_preg                           |  32|   0|   32|          0|
    |ap_return_17_preg                           |  32|   0|   32|          0|
    |ap_return_18_preg                           |  32|   0|   32|          0|
    |ap_return_19_preg                           |  32|   0|   32|          0|
    |ap_return_1_preg                            |  32|   0|   32|          0|
    |ap_return_20_preg                           |  32|   0|   32|          0|
    |ap_return_21_preg                           |  32|   0|   32|          0|
    |ap_return_22_preg                           |  32|   0|   32|          0|
    |ap_return_23_preg                           |  32|   0|   32|          0|
    |ap_return_24_preg                           |  32|   0|   32|          0|
    |ap_return_25_preg                           |  32|   0|   32|          0|
    |ap_return_26_preg                           |  32|   0|   32|          0|
    |ap_return_27_preg                           |  32|   0|   32|          0|
    |ap_return_28_preg                           |  32|   0|   32|          0|
    |ap_return_29_preg                           |  32|   0|   32|          0|
    |ap_return_2_preg                            |  32|   0|   32|          0|
    |ap_return_30_preg                           |  32|   0|   32|          0|
    |ap_return_31_preg                           |  32|   0|   32|          0|
    |ap_return_3_preg                            |  32|   0|   32|          0|
    |ap_return_4_preg                            |  32|   0|   32|          0|
    |ap_return_5_preg                            |  32|   0|   32|          0|
    |ap_return_6_preg                            |  32|   0|   32|          0|
    |ap_return_7_preg                            |  32|   0|   32|          0|
    |ap_return_8_preg                            |  32|   0|   32|          0|
    |ap_return_9_preg                            |  32|   0|   32|          0|
    |icmp_ln16_reg_3759                          |   1|   0|    1|          0|
    |k_fu_168                                    |   5|   0|    5|          0|
    |mul_ln23_10_reg_4253                        |  56|   0|   56|          0|
    |mul_ln23_11_reg_4258                        |  56|   0|   56|          0|
    |mul_ln23_12_reg_4263                        |  56|   0|   56|          0|
    |mul_ln23_13_reg_4268                        |  56|   0|   56|          0|
    |mul_ln23_14_reg_4273                        |  56|   0|   56|          0|
    |mul_ln23_15_reg_4278                        |  56|   0|   56|          0|
    |mul_ln23_16_reg_4283                        |  56|   0|   56|          0|
    |mul_ln23_17_reg_4288                        |  56|   0|   56|          0|
    |mul_ln23_18_reg_4293                        |  56|   0|   56|          0|
    |mul_ln23_19_reg_4298                        |  56|   0|   56|          0|
    |mul_ln23_1_reg_4208                         |  56|   0|   56|          0|
    |mul_ln23_20_reg_4303                        |  56|   0|   56|          0|
    |mul_ln23_21_reg_4308                        |  56|   0|   56|          0|
    |mul_ln23_22_reg_4313                        |  56|   0|   56|          0|
    |mul_ln23_23_reg_4318                        |  56|   0|   56|          0|
    |mul_ln23_24_reg_4323                        |  56|   0|   56|          0|
    |mul_ln23_25_reg_4328                        |  56|   0|   56|          0|
    |mul_ln23_26_reg_4333                        |  56|   0|   56|          0|
    |mul_ln23_27_reg_4338                        |  56|   0|   56|          0|
    |mul_ln23_28_reg_4343                        |  56|   0|   56|          0|
    |mul_ln23_29_reg_4348                        |  56|   0|   56|          0|
    |mul_ln23_2_reg_4213                         |  56|   0|   56|          0|
    |mul_ln23_30_reg_4353                        |  56|   0|   56|          0|
    |mul_ln23_31_reg_4358                        |  56|   0|   56|          0|
    |mul_ln23_3_reg_4218                         |  56|   0|   56|          0|
    |mul_ln23_4_reg_4223                         |  56|   0|   56|          0|
    |mul_ln23_5_reg_4228                         |  56|   0|   56|          0|
    |mul_ln23_6_reg_4233                         |  56|   0|   56|          0|
    |mul_ln23_7_reg_4238                         |  56|   0|   56|          0|
    |mul_ln23_8_reg_4243                         |  56|   0|   56|          0|
    |mul_ln23_9_reg_4248                         |  56|   0|   56|          0|
    |mul_ln23_reg_4203                           |  56|   0|   56|          0|
    |psum_10_fu_212                              |  32|   0|   32|          0|
    |psum_11_fu_216                              |  32|   0|   32|          0|
    |psum_12_fu_220                              |  32|   0|   32|          0|
    |psum_13_fu_224                              |  32|   0|   32|          0|
    |psum_14_fu_228                              |  32|   0|   32|          0|
    |psum_15_fu_232                              |  32|   0|   32|          0|
    |psum_16_fu_236                              |  32|   0|   32|          0|
    |psum_17_fu_240                              |  32|   0|   32|          0|
    |psum_18_fu_244                              |  32|   0|   32|          0|
    |psum_19_fu_248                              |  32|   0|   32|          0|
    |psum_1_fu_176                               |  32|   0|   32|          0|
    |psum_20_fu_252                              |  32|   0|   32|          0|
    |psum_21_fu_256                              |  32|   0|   32|          0|
    |psum_22_fu_260                              |  32|   0|   32|          0|
    |psum_23_fu_264                              |  32|   0|   32|          0|
    |psum_24_fu_268                              |  32|   0|   32|          0|
    |psum_25_fu_272                              |  32|   0|   32|          0|
    |psum_26_fu_276                              |  32|   0|   32|          0|
    |psum_27_fu_280                              |  32|   0|   32|          0|
    |psum_28_fu_284                              |  32|   0|   32|          0|
    |psum_29_fu_288                              |  32|   0|   32|          0|
    |psum_2_fu_180                               |  32|   0|   32|          0|
    |psum_30_fu_292                              |  32|   0|   32|          0|
    |psum_31_fu_296                              |  32|   0|   32|          0|
    |psum_3_fu_184                               |  32|   0|   32|          0|
    |psum_4_fu_188                               |  32|   0|   32|          0|
    |psum_5_fu_192                               |  32|   0|   32|          0|
    |psum_6_fu_196                               |  32|   0|   32|          0|
    |psum_7_fu_200                               |  32|   0|   32|          0|
    |psum_8_fu_204                               |  32|   0|   32|          0|
    |psum_9_fu_208                               |  32|   0|   32|          0|
    |psum_fu_172                                 |  32|   0|   32|          0|
    |trunc_ln16_reg_3763                         |   4|   0|    4|          0|
    |icmp_ln16_reg_3759                          |   0|   2|    1|          0|
    +--------------------------------------------+----+----+-----+-----------+
    |Total                                       |6489|   2| 6490|          0|
    +--------------------------------------------+----+----+-----+-----------+



================================================================
== Interface
================================================================
* Summary: 
+-------------------------------+-----+-----+------------+---------------------------------------------------+--------------+
|           RTL Ports           | Dir | Bits|  Protocol  |                   Source Object                   |    C Type    |
+-------------------------------+-----+-----+------------+---------------------------------------------------+--------------+
|ap_clk                         |   in|    1|  ap_ctrl_hs|  dataflow_in_loop_mat_mul_i_Loop_mat_mul_k_proc121|  return value|
|ap_rst                         |   in|    1|  ap_ctrl_hs|  dataflow_in_loop_mat_mul_i_Loop_mat_mul_k_proc121|  return value|
|ap_start                       |   in|    1|  ap_ctrl_hs|  dataflow_in_loop_mat_mul_i_Loop_mat_mul_k_proc121|  return value|
|ap_done                        |  out|    1|  ap_ctrl_hs|  dataflow_in_loop_mat_mul_i_Loop_mat_mul_k_proc121|  return value|
|ap_continue                    |   in|    1|  ap_ctrl_hs|  dataflow_in_loop_mat_mul_i_Loop_mat_mul_k_proc121|  return value|
|ap_idle                        |  out|    1|  ap_ctrl_hs|  dataflow_in_loop_mat_mul_i_Loop_mat_mul_k_proc121|  return value|
|ap_ready                       |  out|    1|  ap_ctrl_hs|  dataflow_in_loop_mat_mul_i_Loop_mat_mul_k_proc121|  return value|
|ap_return_0                    |  out|   32|  ap_ctrl_hs|  dataflow_in_loop_mat_mul_i_Loop_mat_mul_k_proc121|  return value|
|ap_return_1                    |  out|   32|  ap_ctrl_hs|  dataflow_in_loop_mat_mul_i_Loop_mat_mul_k_proc121|  return value|
|ap_return_2                    |  out|   32|  ap_ctrl_hs|  dataflow_in_loop_mat_mul_i_Loop_mat_mul_k_proc121|  return value|
|ap_return_3                    |  out|   32|  ap_ctrl_hs|  dataflow_in_loop_mat_mul_i_Loop_mat_mul_k_proc121|  return value|
|ap_return_4                    |  out|   32|  ap_ctrl_hs|  dataflow_in_loop_mat_mul_i_Loop_mat_mul_k_proc121|  return value|
|ap_return_5                    |  out|   32|  ap_ctrl_hs|  dataflow_in_loop_mat_mul_i_Loop_mat_mul_k_proc121|  return value|
|ap_return_6                    |  out|   32|  ap_ctrl_hs|  dataflow_in_loop_mat_mul_i_Loop_mat_mul_k_proc121|  return value|
|ap_return_7                    |  out|   32|  ap_ctrl_hs|  dataflow_in_loop_mat_mul_i_Loop_mat_mul_k_proc121|  return value|
|ap_return_8                    |  out|   32|  ap_ctrl_hs|  dataflow_in_loop_mat_mul_i_Loop_mat_mul_k_proc121|  return value|
|ap_return_9                    |  out|   32|  ap_ctrl_hs|  dataflow_in_loop_mat_mul_i_Loop_mat_mul_k_proc121|  return value|
|ap_return_10                   |  out|   32|  ap_ctrl_hs|  dataflow_in_loop_mat_mul_i_Loop_mat_mul_k_proc121|  return value|
|ap_return_11                   |  out|   32|  ap_ctrl_hs|  dataflow_in_loop_mat_mul_i_Loop_mat_mul_k_proc121|  return value|
|ap_return_12                   |  out|   32|  ap_ctrl_hs|  dataflow_in_loop_mat_mul_i_Loop_mat_mul_k_proc121|  return value|
|ap_return_13                   |  out|   32|  ap_ctrl_hs|  dataflow_in_loop_mat_mul_i_Loop_mat_mul_k_proc121|  return value|
|ap_return_14                   |  out|   32|  ap_ctrl_hs|  dataflow_in_loop_mat_mul_i_Loop_mat_mul_k_proc121|  return value|
|ap_return_15                   |  out|   32|  ap_ctrl_hs|  dataflow_in_loop_mat_mul_i_Loop_mat_mul_k_proc121|  return value|
|ap_return_16                   |  out|   32|  ap_ctrl_hs|  dataflow_in_loop_mat_mul_i_Loop_mat_mul_k_proc121|  return value|
|ap_return_17                   |  out|   32|  ap_ctrl_hs|  dataflow_in_loop_mat_mul_i_Loop_mat_mul_k_proc121|  return value|
|ap_return_18                   |  out|   32|  ap_ctrl_hs|  dataflow_in_loop_mat_mul_i_Loop_mat_mul_k_proc121|  return value|
|ap_return_19                   |  out|   32|  ap_ctrl_hs|  dataflow_in_loop_mat_mul_i_Loop_mat_mul_k_proc121|  return value|
|ap_return_20                   |  out|   32|  ap_ctrl_hs|  dataflow_in_loop_mat_mul_i_Loop_mat_mul_k_proc121|  return value|
|ap_return_21                   |  out|   32|  ap_ctrl_hs|  dataflow_in_loop_mat_mul_i_Loop_mat_mul_k_proc121|  return value|
|ap_return_22                   |  out|   32|  ap_ctrl_hs|  dataflow_in_loop_mat_mul_i_Loop_mat_mul_k_proc121|  return value|
|ap_return_23                   |  out|   32|  ap_ctrl_hs|  dataflow_in_loop_mat_mul_i_Loop_mat_mul_k_proc121|  return value|
|ap_return_24                   |  out|   32|  ap_ctrl_hs|  dataflow_in_loop_mat_mul_i_Loop_mat_mul_k_proc121|  return value|
|ap_return_25                   |  out|   32|  ap_ctrl_hs|  dataflow_in_loop_mat_mul_i_Loop_mat_mul_k_proc121|  return value|
|ap_return_26                   |  out|   32|  ap_ctrl_hs|  dataflow_in_loop_mat_mul_i_Loop_mat_mul_k_proc121|  return value|
|ap_return_27                   |  out|   32|  ap_ctrl_hs|  dataflow_in_loop_mat_mul_i_Loop_mat_mul_k_proc121|  return value|
|ap_return_28                   |  out|   32|  ap_ctrl_hs|  dataflow_in_loop_mat_mul_i_Loop_mat_mul_k_proc121|  return value|
|ap_return_29                   |  out|   32|  ap_ctrl_hs|  dataflow_in_loop_mat_mul_i_Loop_mat_mul_k_proc121|  return value|
|ap_return_30                   |  out|   32|  ap_ctrl_hs|  dataflow_in_loop_mat_mul_i_Loop_mat_mul_k_proc121|  return value|
|ap_return_31                   |  out|   32|  ap_ctrl_hs|  dataflow_in_loop_mat_mul_i_Loop_mat_mul_k_proc121|  return value|
|A_streams_0_14_dout            |   in|   32|     ap_fifo|                                     A_streams_0_14|       pointer|
|A_streams_0_14_num_data_valid  |   in|    3|     ap_fifo|                                     A_streams_0_14|       pointer|
|A_streams_0_14_fifo_cap        |   in|    3|     ap_fifo|                                     A_streams_0_14|       pointer|
|A_streams_0_14_empty_n         |   in|    1|     ap_fifo|                                     A_streams_0_14|       pointer|
|A_streams_0_14_read            |  out|    1|     ap_fifo|                                     A_streams_0_14|       pointer|
|A_streams_0_13_dout            |   in|   32|     ap_fifo|                                     A_streams_0_13|       pointer|
|A_streams_0_13_num_data_valid  |   in|    3|     ap_fifo|                                     A_streams_0_13|       pointer|
|A_streams_0_13_fifo_cap        |   in|    3|     ap_fifo|                                     A_streams_0_13|       pointer|
|A_streams_0_13_empty_n         |   in|    1|     ap_fifo|                                     A_streams_0_13|       pointer|
|A_streams_0_13_read            |  out|    1|     ap_fifo|                                     A_streams_0_13|       pointer|
|A_streams_0_12_dout            |   in|   32|     ap_fifo|                                     A_streams_0_12|       pointer|
|A_streams_0_12_num_data_valid  |   in|    3|     ap_fifo|                                     A_streams_0_12|       pointer|
|A_streams_0_12_fifo_cap        |   in|    3|     ap_fifo|                                     A_streams_0_12|       pointer|
|A_streams_0_12_empty_n         |   in|    1|     ap_fifo|                                     A_streams_0_12|       pointer|
|A_streams_0_12_read            |  out|    1|     ap_fifo|                                     A_streams_0_12|       pointer|
|A_streams_0_11_dout            |   in|   32|     ap_fifo|                                     A_streams_0_11|       pointer|
|A_streams_0_11_num_data_valid  |   in|    3|     ap_fifo|                                     A_streams_0_11|       pointer|
|A_streams_0_11_fifo_cap        |   in|    3|     ap_fifo|                                     A_streams_0_11|       pointer|
|A_streams_0_11_empty_n         |   in|    1|     ap_fifo|                                     A_streams_0_11|       pointer|
|A_streams_0_11_read            |  out|    1|     ap_fifo|                                     A_streams_0_11|       pointer|
|A_streams_0_10_dout            |   in|   32|     ap_fifo|                                     A_streams_0_10|       pointer|
|A_streams_0_10_num_data_valid  |   in|    3|     ap_fifo|                                     A_streams_0_10|       pointer|
|A_streams_0_10_fifo_cap        |   in|    3|     ap_fifo|                                     A_streams_0_10|       pointer|
|A_streams_0_10_empty_n         |   in|    1|     ap_fifo|                                     A_streams_0_10|       pointer|
|A_streams_0_10_read            |  out|    1|     ap_fifo|                                     A_streams_0_10|       pointer|
|A_streams_0_9_dout             |   in|   32|     ap_fifo|                                      A_streams_0_9|       pointer|
|A_streams_0_9_num_data_valid   |   in|    3|     ap_fifo|                                      A_streams_0_9|       pointer|
|A_streams_0_9_fifo_cap         |   in|    3|     ap_fifo|                                      A_streams_0_9|       pointer|
|A_streams_0_9_empty_n          |   in|    1|     ap_fifo|                                      A_streams_0_9|       pointer|
|A_streams_0_9_read             |  out|    1|     ap_fifo|                                      A_streams_0_9|       pointer|
|A_streams_0_8_dout             |   in|   32|     ap_fifo|                                      A_streams_0_8|       pointer|
|A_streams_0_8_num_data_valid   |   in|    3|     ap_fifo|                                      A_streams_0_8|       pointer|
|A_streams_0_8_fifo_cap         |   in|    3|     ap_fifo|                                      A_streams_0_8|       pointer|
|A_streams_0_8_empty_n          |   in|    1|     ap_fifo|                                      A_streams_0_8|       pointer|
|A_streams_0_8_read             |  out|    1|     ap_fifo|                                      A_streams_0_8|       pointer|
|A_streams_0_7_dout             |   in|   32|     ap_fifo|                                      A_streams_0_7|       pointer|
|A_streams_0_7_num_data_valid   |   in|    3|     ap_fifo|                                      A_streams_0_7|       pointer|
|A_streams_0_7_fifo_cap         |   in|    3|     ap_fifo|                                      A_streams_0_7|       pointer|
|A_streams_0_7_empty_n          |   in|    1|     ap_fifo|                                      A_streams_0_7|       pointer|
|A_streams_0_7_read             |  out|    1|     ap_fifo|                                      A_streams_0_7|       pointer|
|A_streams_0_6_dout             |   in|   32|     ap_fifo|                                      A_streams_0_6|       pointer|
|A_streams_0_6_num_data_valid   |   in|    3|     ap_fifo|                                      A_streams_0_6|       pointer|
|A_streams_0_6_fifo_cap         |   in|    3|     ap_fifo|                                      A_streams_0_6|       pointer|
|A_streams_0_6_empty_n          |   in|    1|     ap_fifo|                                      A_streams_0_6|       pointer|
|A_streams_0_6_read             |  out|    1|     ap_fifo|                                      A_streams_0_6|       pointer|
|A_streams_0_5_dout             |   in|   32|     ap_fifo|                                      A_streams_0_5|       pointer|
|A_streams_0_5_num_data_valid   |   in|    3|     ap_fifo|                                      A_streams_0_5|       pointer|
|A_streams_0_5_fifo_cap         |   in|    3|     ap_fifo|                                      A_streams_0_5|       pointer|
|A_streams_0_5_empty_n          |   in|    1|     ap_fifo|                                      A_streams_0_5|       pointer|
|A_streams_0_5_read             |  out|    1|     ap_fifo|                                      A_streams_0_5|       pointer|
|A_streams_0_4_dout             |   in|   32|     ap_fifo|                                      A_streams_0_4|       pointer|
|A_streams_0_4_num_data_valid   |   in|    3|     ap_fifo|                                      A_streams_0_4|       pointer|
|A_streams_0_4_fifo_cap         |   in|    3|     ap_fifo|                                      A_streams_0_4|       pointer|
|A_streams_0_4_empty_n          |   in|    1|     ap_fifo|                                      A_streams_0_4|       pointer|
|A_streams_0_4_read             |  out|    1|     ap_fifo|                                      A_streams_0_4|       pointer|
|A_streams_0_3_dout             |   in|   32|     ap_fifo|                                      A_streams_0_3|       pointer|
|A_streams_0_3_num_data_valid   |   in|    3|     ap_fifo|                                      A_streams_0_3|       pointer|
|A_streams_0_3_fifo_cap         |   in|    3|     ap_fifo|                                      A_streams_0_3|       pointer|
|A_streams_0_3_empty_n          |   in|    1|     ap_fifo|                                      A_streams_0_3|       pointer|
|A_streams_0_3_read             |  out|    1|     ap_fifo|                                      A_streams_0_3|       pointer|
|A_streams_0_2_dout             |   in|   32|     ap_fifo|                                      A_streams_0_2|       pointer|
|A_streams_0_2_num_data_valid   |   in|    3|     ap_fifo|                                      A_streams_0_2|       pointer|
|A_streams_0_2_fifo_cap         |   in|    3|     ap_fifo|                                      A_streams_0_2|       pointer|
|A_streams_0_2_empty_n          |   in|    1|     ap_fifo|                                      A_streams_0_2|       pointer|
|A_streams_0_2_read             |  out|    1|     ap_fifo|                                      A_streams_0_2|       pointer|
|A_streams_0_1_dout             |   in|   32|     ap_fifo|                                      A_streams_0_1|       pointer|
|A_streams_0_1_num_data_valid   |   in|    3|     ap_fifo|                                      A_streams_0_1|       pointer|
|A_streams_0_1_fifo_cap         |   in|    3|     ap_fifo|                                      A_streams_0_1|       pointer|
|A_streams_0_1_empty_n          |   in|    1|     ap_fifo|                                      A_streams_0_1|       pointer|
|A_streams_0_1_read             |  out|    1|     ap_fifo|                                      A_streams_0_1|       pointer|
|A_streams_0_0_dout             |   in|   32|     ap_fifo|                                      A_streams_0_0|       pointer|
|A_streams_0_0_num_data_valid   |   in|    3|     ap_fifo|                                      A_streams_0_0|       pointer|
|A_streams_0_0_fifo_cap         |   in|    3|     ap_fifo|                                      A_streams_0_0|       pointer|
|A_streams_0_0_empty_n          |   in|    1|     ap_fifo|                                      A_streams_0_0|       pointer|
|A_streams_0_0_read             |  out|    1|     ap_fifo|                                      A_streams_0_0|       pointer|
|A_streams_0_15_dout            |   in|   32|     ap_fifo|                                     A_streams_0_15|       pointer|
|A_streams_0_15_num_data_valid  |   in|    3|     ap_fifo|                                     A_streams_0_15|       pointer|
|A_streams_0_15_fifo_cap        |   in|    3|     ap_fifo|                                     A_streams_0_15|       pointer|
|A_streams_0_15_empty_n         |   in|    1|     ap_fifo|                                     A_streams_0_15|       pointer|
|A_streams_0_15_read            |  out|    1|     ap_fifo|                                     A_streams_0_15|       pointer|
|B_streams_0_0_dout             |   in|   32|     ap_fifo|                                      B_streams_0_0|       pointer|
|B_streams_0_0_num_data_valid   |   in|    3|     ap_fifo|                                      B_streams_0_0|       pointer|
|B_streams_0_0_fifo_cap         |   in|    3|     ap_fifo|                                      B_streams_0_0|       pointer|
|B_streams_0_0_empty_n          |   in|    1|     ap_fifo|                                      B_streams_0_0|       pointer|
|B_streams_0_0_read             |  out|    1|     ap_fifo|                                      B_streams_0_0|       pointer|
|B_streams_0_1_dout             |   in|   32|     ap_fifo|                                      B_streams_0_1|       pointer|
|B_streams_0_1_num_data_valid   |   in|    3|     ap_fifo|                                      B_streams_0_1|       pointer|
|B_streams_0_1_fifo_cap         |   in|    3|     ap_fifo|                                      B_streams_0_1|       pointer|
|B_streams_0_1_empty_n          |   in|    1|     ap_fifo|                                      B_streams_0_1|       pointer|
|B_streams_0_1_read             |  out|    1|     ap_fifo|                                      B_streams_0_1|       pointer|
|B_streams_0_2_dout             |   in|   32|     ap_fifo|                                      B_streams_0_2|       pointer|
|B_streams_0_2_num_data_valid   |   in|    3|     ap_fifo|                                      B_streams_0_2|       pointer|
|B_streams_0_2_fifo_cap         |   in|    3|     ap_fifo|                                      B_streams_0_2|       pointer|
|B_streams_0_2_empty_n          |   in|    1|     ap_fifo|                                      B_streams_0_2|       pointer|
|B_streams_0_2_read             |  out|    1|     ap_fifo|                                      B_streams_0_2|       pointer|
|B_streams_0_3_dout             |   in|   32|     ap_fifo|                                      B_streams_0_3|       pointer|
|B_streams_0_3_num_data_valid   |   in|    3|     ap_fifo|                                      B_streams_0_3|       pointer|
|B_streams_0_3_fifo_cap         |   in|    3|     ap_fifo|                                      B_streams_0_3|       pointer|
|B_streams_0_3_empty_n          |   in|    1|     ap_fifo|                                      B_streams_0_3|       pointer|
|B_streams_0_3_read             |  out|    1|     ap_fifo|                                      B_streams_0_3|       pointer|
|B_streams_0_4_dout             |   in|   32|     ap_fifo|                                      B_streams_0_4|       pointer|
|B_streams_0_4_num_data_valid   |   in|    3|     ap_fifo|                                      B_streams_0_4|       pointer|
|B_streams_0_4_fifo_cap         |   in|    3|     ap_fifo|                                      B_streams_0_4|       pointer|
|B_streams_0_4_empty_n          |   in|    1|     ap_fifo|                                      B_streams_0_4|       pointer|
|B_streams_0_4_read             |  out|    1|     ap_fifo|                                      B_streams_0_4|       pointer|
|B_streams_0_5_dout             |   in|   32|     ap_fifo|                                      B_streams_0_5|       pointer|
|B_streams_0_5_num_data_valid   |   in|    3|     ap_fifo|                                      B_streams_0_5|       pointer|
|B_streams_0_5_fifo_cap         |   in|    3|     ap_fifo|                                      B_streams_0_5|       pointer|
|B_streams_0_5_empty_n          |   in|    1|     ap_fifo|                                      B_streams_0_5|       pointer|
|B_streams_0_5_read             |  out|    1|     ap_fifo|                                      B_streams_0_5|       pointer|
|B_streams_0_6_dout             |   in|   32|     ap_fifo|                                      B_streams_0_6|       pointer|
|B_streams_0_6_num_data_valid   |   in|    3|     ap_fifo|                                      B_streams_0_6|       pointer|
|B_streams_0_6_fifo_cap         |   in|    3|     ap_fifo|                                      B_streams_0_6|       pointer|
|B_streams_0_6_empty_n          |   in|    1|     ap_fifo|                                      B_streams_0_6|       pointer|
|B_streams_0_6_read             |  out|    1|     ap_fifo|                                      B_streams_0_6|       pointer|
|B_streams_0_7_dout             |   in|   32|     ap_fifo|                                      B_streams_0_7|       pointer|
|B_streams_0_7_num_data_valid   |   in|    3|     ap_fifo|                                      B_streams_0_7|       pointer|
|B_streams_0_7_fifo_cap         |   in|    3|     ap_fifo|                                      B_streams_0_7|       pointer|
|B_streams_0_7_empty_n          |   in|    1|     ap_fifo|                                      B_streams_0_7|       pointer|
|B_streams_0_7_read             |  out|    1|     ap_fifo|                                      B_streams_0_7|       pointer|
|B_streams_0_8_dout             |   in|   32|     ap_fifo|                                      B_streams_0_8|       pointer|
|B_streams_0_8_num_data_valid   |   in|    3|     ap_fifo|                                      B_streams_0_8|       pointer|
|B_streams_0_8_fifo_cap         |   in|    3|     ap_fifo|                                      B_streams_0_8|       pointer|
|B_streams_0_8_empty_n          |   in|    1|     ap_fifo|                                      B_streams_0_8|       pointer|
|B_streams_0_8_read             |  out|    1|     ap_fifo|                                      B_streams_0_8|       pointer|
|B_streams_0_9_dout             |   in|   32|     ap_fifo|                                      B_streams_0_9|       pointer|
|B_streams_0_9_num_data_valid   |   in|    3|     ap_fifo|                                      B_streams_0_9|       pointer|
|B_streams_0_9_fifo_cap         |   in|    3|     ap_fifo|                                      B_streams_0_9|       pointer|
|B_streams_0_9_empty_n          |   in|    1|     ap_fifo|                                      B_streams_0_9|       pointer|
|B_streams_0_9_read             |  out|    1|     ap_fifo|                                      B_streams_0_9|       pointer|
|B_streams_0_10_dout            |   in|   32|     ap_fifo|                                     B_streams_0_10|       pointer|
|B_streams_0_10_num_data_valid  |   in|    3|     ap_fifo|                                     B_streams_0_10|       pointer|
|B_streams_0_10_fifo_cap        |   in|    3|     ap_fifo|                                     B_streams_0_10|       pointer|
|B_streams_0_10_empty_n         |   in|    1|     ap_fifo|                                     B_streams_0_10|       pointer|
|B_streams_0_10_read            |  out|    1|     ap_fifo|                                     B_streams_0_10|       pointer|
|B_streams_0_11_dout            |   in|   32|     ap_fifo|                                     B_streams_0_11|       pointer|
|B_streams_0_11_num_data_valid  |   in|    3|     ap_fifo|                                     B_streams_0_11|       pointer|
|B_streams_0_11_fifo_cap        |   in|    3|     ap_fifo|                                     B_streams_0_11|       pointer|
|B_streams_0_11_empty_n         |   in|    1|     ap_fifo|                                     B_streams_0_11|       pointer|
|B_streams_0_11_read            |  out|    1|     ap_fifo|                                     B_streams_0_11|       pointer|
|B_streams_0_12_dout            |   in|   32|     ap_fifo|                                     B_streams_0_12|       pointer|
|B_streams_0_12_num_data_valid  |   in|    3|     ap_fifo|                                     B_streams_0_12|       pointer|
|B_streams_0_12_fifo_cap        |   in|    3|     ap_fifo|                                     B_streams_0_12|       pointer|
|B_streams_0_12_empty_n         |   in|    1|     ap_fifo|                                     B_streams_0_12|       pointer|
|B_streams_0_12_read            |  out|    1|     ap_fifo|                                     B_streams_0_12|       pointer|
|B_streams_0_13_dout            |   in|   32|     ap_fifo|                                     B_streams_0_13|       pointer|
|B_streams_0_13_num_data_valid  |   in|    3|     ap_fifo|                                     B_streams_0_13|       pointer|
|B_streams_0_13_fifo_cap        |   in|    3|     ap_fifo|                                     B_streams_0_13|       pointer|
|B_streams_0_13_empty_n         |   in|    1|     ap_fifo|                                     B_streams_0_13|       pointer|
|B_streams_0_13_read            |  out|    1|     ap_fifo|                                     B_streams_0_13|       pointer|
|B_streams_0_14_dout            |   in|   32|     ap_fifo|                                     B_streams_0_14|       pointer|
|B_streams_0_14_num_data_valid  |   in|    3|     ap_fifo|                                     B_streams_0_14|       pointer|
|B_streams_0_14_fifo_cap        |   in|    3|     ap_fifo|                                     B_streams_0_14|       pointer|
|B_streams_0_14_empty_n         |   in|    1|     ap_fifo|                                     B_streams_0_14|       pointer|
|B_streams_0_14_read            |  out|    1|     ap_fifo|                                     B_streams_0_14|       pointer|
|B_streams_0_15_dout            |   in|   32|     ap_fifo|                                     B_streams_0_15|       pointer|
|B_streams_0_15_num_data_valid  |   in|    3|     ap_fifo|                                     B_streams_0_15|       pointer|
|B_streams_0_15_fifo_cap        |   in|    3|     ap_fifo|                                     B_streams_0_15|       pointer|
|B_streams_0_15_empty_n         |   in|    1|     ap_fifo|                                     B_streams_0_15|       pointer|
|B_streams_0_15_read            |  out|    1|     ap_fifo|                                     B_streams_0_15|       pointer|
|B_streams_0_16_dout            |   in|   32|     ap_fifo|                                     B_streams_0_16|       pointer|
|B_streams_0_16_num_data_valid  |   in|    3|     ap_fifo|                                     B_streams_0_16|       pointer|
|B_streams_0_16_fifo_cap        |   in|    3|     ap_fifo|                                     B_streams_0_16|       pointer|
|B_streams_0_16_empty_n         |   in|    1|     ap_fifo|                                     B_streams_0_16|       pointer|
|B_streams_0_16_read            |  out|    1|     ap_fifo|                                     B_streams_0_16|       pointer|
|B_streams_0_17_dout            |   in|   32|     ap_fifo|                                     B_streams_0_17|       pointer|
|B_streams_0_17_num_data_valid  |   in|    3|     ap_fifo|                                     B_streams_0_17|       pointer|
|B_streams_0_17_fifo_cap        |   in|    3|     ap_fifo|                                     B_streams_0_17|       pointer|
|B_streams_0_17_empty_n         |   in|    1|     ap_fifo|                                     B_streams_0_17|       pointer|
|B_streams_0_17_read            |  out|    1|     ap_fifo|                                     B_streams_0_17|       pointer|
|B_streams_0_18_dout            |   in|   32|     ap_fifo|                                     B_streams_0_18|       pointer|
|B_streams_0_18_num_data_valid  |   in|    3|     ap_fifo|                                     B_streams_0_18|       pointer|
|B_streams_0_18_fifo_cap        |   in|    3|     ap_fifo|                                     B_streams_0_18|       pointer|
|B_streams_0_18_empty_n         |   in|    1|     ap_fifo|                                     B_streams_0_18|       pointer|
|B_streams_0_18_read            |  out|    1|     ap_fifo|                                     B_streams_0_18|       pointer|
|B_streams_0_19_dout            |   in|   32|     ap_fifo|                                     B_streams_0_19|       pointer|
|B_streams_0_19_num_data_valid  |   in|    3|     ap_fifo|                                     B_streams_0_19|       pointer|
|B_streams_0_19_fifo_cap        |   in|    3|     ap_fifo|                                     B_streams_0_19|       pointer|
|B_streams_0_19_empty_n         |   in|    1|     ap_fifo|                                     B_streams_0_19|       pointer|
|B_streams_0_19_read            |  out|    1|     ap_fifo|                                     B_streams_0_19|       pointer|
|B_streams_0_20_dout            |   in|   32|     ap_fifo|                                     B_streams_0_20|       pointer|
|B_streams_0_20_num_data_valid  |   in|    3|     ap_fifo|                                     B_streams_0_20|       pointer|
|B_streams_0_20_fifo_cap        |   in|    3|     ap_fifo|                                     B_streams_0_20|       pointer|
|B_streams_0_20_empty_n         |   in|    1|     ap_fifo|                                     B_streams_0_20|       pointer|
|B_streams_0_20_read            |  out|    1|     ap_fifo|                                     B_streams_0_20|       pointer|
|B_streams_0_21_dout            |   in|   32|     ap_fifo|                                     B_streams_0_21|       pointer|
|B_streams_0_21_num_data_valid  |   in|    3|     ap_fifo|                                     B_streams_0_21|       pointer|
|B_streams_0_21_fifo_cap        |   in|    3|     ap_fifo|                                     B_streams_0_21|       pointer|
|B_streams_0_21_empty_n         |   in|    1|     ap_fifo|                                     B_streams_0_21|       pointer|
|B_streams_0_21_read            |  out|    1|     ap_fifo|                                     B_streams_0_21|       pointer|
|B_streams_0_22_dout            |   in|   32|     ap_fifo|                                     B_streams_0_22|       pointer|
|B_streams_0_22_num_data_valid  |   in|    3|     ap_fifo|                                     B_streams_0_22|       pointer|
|B_streams_0_22_fifo_cap        |   in|    3|     ap_fifo|                                     B_streams_0_22|       pointer|
|B_streams_0_22_empty_n         |   in|    1|     ap_fifo|                                     B_streams_0_22|       pointer|
|B_streams_0_22_read            |  out|    1|     ap_fifo|                                     B_streams_0_22|       pointer|
|B_streams_0_23_dout            |   in|   32|     ap_fifo|                                     B_streams_0_23|       pointer|
|B_streams_0_23_num_data_valid  |   in|    3|     ap_fifo|                                     B_streams_0_23|       pointer|
|B_streams_0_23_fifo_cap        |   in|    3|     ap_fifo|                                     B_streams_0_23|       pointer|
|B_streams_0_23_empty_n         |   in|    1|     ap_fifo|                                     B_streams_0_23|       pointer|
|B_streams_0_23_read            |  out|    1|     ap_fifo|                                     B_streams_0_23|       pointer|
|B_streams_0_24_dout            |   in|   32|     ap_fifo|                                     B_streams_0_24|       pointer|
|B_streams_0_24_num_data_valid  |   in|    3|     ap_fifo|                                     B_streams_0_24|       pointer|
|B_streams_0_24_fifo_cap        |   in|    3|     ap_fifo|                                     B_streams_0_24|       pointer|
|B_streams_0_24_empty_n         |   in|    1|     ap_fifo|                                     B_streams_0_24|       pointer|
|B_streams_0_24_read            |  out|    1|     ap_fifo|                                     B_streams_0_24|       pointer|
|B_streams_0_25_dout            |   in|   32|     ap_fifo|                                     B_streams_0_25|       pointer|
|B_streams_0_25_num_data_valid  |   in|    3|     ap_fifo|                                     B_streams_0_25|       pointer|
|B_streams_0_25_fifo_cap        |   in|    3|     ap_fifo|                                     B_streams_0_25|       pointer|
|B_streams_0_25_empty_n         |   in|    1|     ap_fifo|                                     B_streams_0_25|       pointer|
|B_streams_0_25_read            |  out|    1|     ap_fifo|                                     B_streams_0_25|       pointer|
|B_streams_0_26_dout            |   in|   32|     ap_fifo|                                     B_streams_0_26|       pointer|
|B_streams_0_26_num_data_valid  |   in|    3|     ap_fifo|                                     B_streams_0_26|       pointer|
|B_streams_0_26_fifo_cap        |   in|    3|     ap_fifo|                                     B_streams_0_26|       pointer|
|B_streams_0_26_empty_n         |   in|    1|     ap_fifo|                                     B_streams_0_26|       pointer|
|B_streams_0_26_read            |  out|    1|     ap_fifo|                                     B_streams_0_26|       pointer|
|B_streams_0_27_dout            |   in|   32|     ap_fifo|                                     B_streams_0_27|       pointer|
|B_streams_0_27_num_data_valid  |   in|    3|     ap_fifo|                                     B_streams_0_27|       pointer|
|B_streams_0_27_fifo_cap        |   in|    3|     ap_fifo|                                     B_streams_0_27|       pointer|
|B_streams_0_27_empty_n         |   in|    1|     ap_fifo|                                     B_streams_0_27|       pointer|
|B_streams_0_27_read            |  out|    1|     ap_fifo|                                     B_streams_0_27|       pointer|
|B_streams_0_28_dout            |   in|   32|     ap_fifo|                                     B_streams_0_28|       pointer|
|B_streams_0_28_num_data_valid  |   in|    3|     ap_fifo|                                     B_streams_0_28|       pointer|
|B_streams_0_28_fifo_cap        |   in|    3|     ap_fifo|                                     B_streams_0_28|       pointer|
|B_streams_0_28_empty_n         |   in|    1|     ap_fifo|                                     B_streams_0_28|       pointer|
|B_streams_0_28_read            |  out|    1|     ap_fifo|                                     B_streams_0_28|       pointer|
|B_streams_0_29_dout            |   in|   32|     ap_fifo|                                     B_streams_0_29|       pointer|
|B_streams_0_29_num_data_valid  |   in|    3|     ap_fifo|                                     B_streams_0_29|       pointer|
|B_streams_0_29_fifo_cap        |   in|    3|     ap_fifo|                                     B_streams_0_29|       pointer|
|B_streams_0_29_empty_n         |   in|    1|     ap_fifo|                                     B_streams_0_29|       pointer|
|B_streams_0_29_read            |  out|    1|     ap_fifo|                                     B_streams_0_29|       pointer|
|B_streams_0_30_dout            |   in|   32|     ap_fifo|                                     B_streams_0_30|       pointer|
|B_streams_0_30_num_data_valid  |   in|    3|     ap_fifo|                                     B_streams_0_30|       pointer|
|B_streams_0_30_fifo_cap        |   in|    3|     ap_fifo|                                     B_streams_0_30|       pointer|
|B_streams_0_30_empty_n         |   in|    1|     ap_fifo|                                     B_streams_0_30|       pointer|
|B_streams_0_30_read            |  out|    1|     ap_fifo|                                     B_streams_0_30|       pointer|
|B_streams_0_31_dout            |   in|   32|     ap_fifo|                                     B_streams_0_31|       pointer|
|B_streams_0_31_num_data_valid  |   in|    3|     ap_fifo|                                     B_streams_0_31|       pointer|
|B_streams_0_31_fifo_cap        |   in|    3|     ap_fifo|                                     B_streams_0_31|       pointer|
|B_streams_0_31_empty_n         |   in|    1|     ap_fifo|                                     B_streams_0_31|       pointer|
|B_streams_0_31_read            |  out|    1|     ap_fifo|                                     B_streams_0_31|       pointer|
+-------------------------------+-----+-----+------------+---------------------------------------------------+--------------+

