

================================================================
== Vitis HLS Report for 'dataflow_in_loop_loop_for_tile_a'
================================================================
* Date:           Fri May 29 19:00:31 2026

* Version:        2023.2 (Build 4023990 on Oct 11 2023)
* Project:        hls_project
* Solution:       gemm2 (Vitis Kernel Flow Target)
* Product family: zynquplus
* Target device:  xczu7ev-ffvc1156-2-e


================================================================
== Performance Estimates
================================================================
+ Timing: 
    * Summary: 
    +--------+---------+----------+------------+
    |  Clock |  Target | Estimated| Uncertainty|
    +--------+---------+----------+------------+
    |ap_clk  |  3.33 ns|  3.243 ns|     0.90 ns|
    +--------+---------+----------+------------+

+ Latency: 
    * Summary: 
    +---------+---------+----------+----------+-------+-------+----------+
    |  Latency (cycles) |  Latency (absolute) |    Interval   | Pipeline |
    |   min   |   max   |    min   |    max   |  min  |  max  |   Type   |
    +---------+---------+----------+----------+-------+-------+----------+
    |    45159|    45159|  0.151 ms|  0.151 ms|  42018|  42018|  dataflow|
    +---------+---------+----------+----------+-------+-------+----------+

    + Detail: 
        * Instance: 
        +----------------------------------------------------------------+-------------------------------------------------------------+---------+---------+----------+----------+-------+-------+----------+
        |                                                                |                                                             |  Latency (cycles) |  Latency (absolute) |    Interval   | Pipeline |
        |                            Instance                            |                            Module                           |   min   |   max   |    min   |    max   |  min  |  max  |   Type   |
        +----------------------------------------------------------------+-------------------------------------------------------------+---------+---------+----------+----------+-------+-------+----------+
        |loadTileAFromDRAM26_U0                                          |loadTileAFromDRAM26                                          |      132|      132|  0.440 us|  0.440 us|    132|    132|        no|
        |loadTilesBFromDRAM37_U0                                         |loadTilesBFromDRAM37                                         |     1569|     1569|  5.229 us|  5.229 us|   1570|   1570|  dataflow|
        |matMulTiles4_U0                                                 |matMulTiles4                                                 |    42017|    42017|  0.140 ms|  0.140 ms|  42018|  42018|  dataflow|
        |dataflow_in_loop_loop_for_tile_a_Block_newFuncRoot19_proc58_U0  |dataflow_in_loop_loop_for_tile_a_Block_newFuncRoot19_proc58  |     1571|     1571|  5.236 us|  5.236 us|   1571|   1571|        no|
        +----------------------------------------------------------------+-------------------------------------------------------------+---------+---------+----------+----------+-------+-------+----------+

        * Loop: 
        N/A



================================================================
== Utilization Estimates
================================================================
* Summary: 
+-----------------+---------+------+--------+--------+-----+
|       Name      | BRAM_18K|  DSP |   FF   |   LUT  | URAM|
+-----------------+---------+------+--------+--------+-----+
|DSP              |        -|     -|       -|       -|    -|
|Expression       |        -|     -|       0|      46|    -|
|FIFO             |        1|     -|     147|      41|    -|
|Instance         |        -|     8|    1459|    1834|    -|
|Memory           |       12|     -|       0|       0|    0|
|Multiplexer      |        -|     -|       -|      72|    -|
|Register         |        -|     -|       8|       -|    -|
+-----------------+---------+------+--------+--------+-----+
|Total            |       13|     8|    1614|    1993|    0|
+-----------------+---------+------+--------+--------+-----+
|Available        |      624|  1728|  460800|  230400|   96|
+-----------------+---------+------+--------+--------+-----+
|Utilization (%)  |        2|    ~0|      ~0|      ~0|    0|
+-----------------+---------+------+--------+--------+-----+

+ Detail: 
    * Instance: 
    +----------------------------------------------------------------+-------------------------------------------------------------+---------+----+-----+-----+-----+
    |                            Instance                            |                            Module                           | BRAM_18K| DSP|  FF | LUT | URAM|
    +----------------------------------------------------------------+-------------------------------------------------------------+---------+----+-----+-----+-----+
    |dataflow_in_loop_loop_for_tile_a_Block_newFuncRoot19_proc58_U0  |dataflow_in_loop_loop_for_tile_a_Block_newFuncRoot19_proc58  |        0|   0|  301|  583|    0|
    |loadTileAFromDRAM26_U0                                          |loadTileAFromDRAM26                                          |        0|   0|  246|  263|    0|
    |loadTilesBFromDRAM37_U0                                         |loadTilesBFromDRAM37                                         |        0|   0|  148|  290|    0|
    |matMulTiles4_U0                                                 |matMulTiles4                                                 |        0|   8|  764|  698|    0|
    +----------------------------------------------------------------+-------------------------------------------------------------+---------+----+-----+-----+-----+
    |Total                                                           |                                                             |        0|   8| 1459| 1834|    0|
    +----------------------------------------------------------------+-------------------------------------------------------------+---------+----+-----+-----+-----+

    * DSP: 
    N/A

    * Memory: 
    +-------------+--------------------------------------------------------+---------+---+----+-----+------+-----+------+-------------+
    |    Memory   |                         Module                         | BRAM_18K| FF| LUT| URAM| Words| Bits| Banks| W*Bits*Banks|
    +-------------+--------------------------------------------------------+---------+---+----+-----+------+-----+------+-------------+
    |A_TILE_U     |dataflow_in_loop_loop_for_tile_a_A_TILE_RAM_AUTO_1R1W   |        4|  0|   0|    0|   256|   32|     1|         8192|
    |C_TILES_U    |dataflow_in_loop_loop_for_tile_a_C_TILES_RAM_AUTO_1R1W  |        2|  0|   0|    0|   512|   32|     1|        16384|
    |C_TILES_1_U  |dataflow_in_loop_loop_for_tile_a_C_TILES_RAM_AUTO_1R1W  |        2|  0|   0|    0|   512|   32|     1|        16384|
    |B_TILES_U    |dataflow_in_loop_loop_for_tile_a_C_TILES_RAM_AUTO_1R1W  |        2|  0|   0|    0|   512|   32|     1|        16384|
    |B_TILES_1_U  |dataflow_in_loop_loop_for_tile_a_C_TILES_RAM_AUTO_1R1W  |        2|  0|   0|    0|   512|   32|     1|        16384|
    +-------------+--------------------------------------------------------+---------+---+----+-----+------+-----+------+-------------+
    |Total        |                                                        |       12|  0|   0|    0|  2304|  160|     5|        73728|
    +-------------+--------------------------------------------------------+---------+---+----+-----+------+-----+------+-------------+

    * FIFO: 
    +-------+---------+-----+----+-----+------+-----+---------+
    |  Name | BRAM_18K|  FF | LUT| URAM| Depth| Bits| Size:D*B|
    +-------+---------+-----+----+-----+------+-----+---------+
    |tmp_U  |        1|  147|   0|    -|     3|    1|        3|
    +-------+---------+-----+----+-----+------+-----+---------+
    |Total  |        1|  147|   0|    0|     3|    1|        3|
    +-------+---------+-----+----+-----+------+-----+---------+

    * Expression: 
    +-------------------------------------------------------------------------+----------+----+---+----+------------+------------+
    |                              Variable Name                              | Operation| DSP| FF| LUT| Bitwidth P0| Bitwidth P1|
    +-------------------------------------------------------------------------+----------+----+---+----+------------+------------+
    |ap_channel_done_A_TILE                                                   |       and|   0|  0|   2|           1|           1|
    |ap_channel_done_B_TILES                                                  |       and|   0|  0|   2|           1|           1|
    |ap_channel_done_B_TILES_1                                                |       and|   0|  0|   2|           1|           1|
    |ap_channel_done_C_TILES                                                  |       and|   0|  0|   2|           1|           1|
    |ap_channel_done_C_TILES_1                                                |       and|   0|  0|   2|           1|           1|
    |ap_channel_done_tmp                                                      |       and|   0|  0|   2|           1|           1|
    |ap_idle                                                                  |       and|   0|  0|   2|           1|           1|
    |ap_sync_ready                                                            |       and|   0|  0|   2|           1|           1|
    |dataflow_in_loop_loop_for_tile_a_Block_newFuncRoot19_proc58_U0_ap_start  |       and|   0|  0|   2|           1|           1|
    |loadTileAFromDRAM26_U0_ap_continue                                       |       and|   0|  0|   2|           1|           1|
    |loadTileAFromDRAM26_U0_ap_start                                          |       and|   0|  0|   2|           1|           1|
    |loadTilesBFromDRAM37_U0_ap_continue                                      |       and|   0|  0|   2|           1|           1|
    |loadTilesBFromDRAM37_U0_ap_start                                         |       and|   0|  0|   2|           1|           1|
    |matMulTiles4_U0_ap_continue                                              |       and|   0|  0|   2|           1|           1|
    |matMulTiles4_U0_ap_start                                                 |       and|   0|  0|   2|           1|           1|
    |ap_sync_channel_write_A_TILE                                             |        or|   0|  0|   2|           1|           1|
    |ap_sync_channel_write_B_TILES                                            |        or|   0|  0|   2|           1|           1|
    |ap_sync_channel_write_B_TILES_1                                          |        or|   0|  0|   2|           1|           1|
    |ap_sync_channel_write_C_TILES                                            |        or|   0|  0|   2|           1|           1|
    |ap_sync_channel_write_C_TILES_1                                          |        or|   0|  0|   2|           1|           1|
    |ap_sync_channel_write_tmp                                                |        or|   0|  0|   2|           1|           1|
    |ap_sync_loadTileAFromDRAM26_U0_ap_ready                                  |        or|   0|  0|   2|           1|           1|
    |ap_sync_loadTilesBFromDRAM37_U0_ap_ready                                 |        or|   0|  0|   2|           1|           1|
    +-------------------------------------------------------------------------+----------+----+---+----+------------+------------+
    |Total                                                                    |          |   0|  0|  46|          23|          23|
    +-------------------------------------------------------------------------+----------+----+---+----+------------+------------+

    * Multiplexer: 
    +----------------------------------------------+----+-----------+-----+-----------+
    |                     Name                     | LUT| Input Size| Bits| Total Bits|
    +----------------------------------------------+----+-----------+-----+-----------+
    |ap_sync_reg_channel_write_A_TILE              |   9|          2|    1|          2|
    |ap_sync_reg_channel_write_B_TILES             |   9|          2|    1|          2|
    |ap_sync_reg_channel_write_B_TILES_1           |   9|          2|    1|          2|
    |ap_sync_reg_channel_write_C_TILES             |   9|          2|    1|          2|
    |ap_sync_reg_channel_write_C_TILES_1           |   9|          2|    1|          2|
    |ap_sync_reg_channel_write_tmp                 |   9|          2|    1|          2|
    |ap_sync_reg_loadTileAFromDRAM26_U0_ap_ready   |   9|          2|    1|          2|
    |ap_sync_reg_loadTilesBFromDRAM37_U0_ap_ready  |   9|          2|    1|          2|
    +----------------------------------------------+----+-----------+-----+-----------+
    |Total                                         |  72|         16|    8|         16|
    +----------------------------------------------+----+-----------+-----+-----------+

    * Register: 
    +----------------------------------------------+---+----+-----+-----------+
    |                     Name                     | FF| LUT| Bits| Const Bits|
    +----------------------------------------------+---+----+-----+-----------+
    |ap_sync_reg_channel_write_A_TILE              |  1|   0|    1|          0|
    |ap_sync_reg_channel_write_B_TILES             |  1|   0|    1|          0|
    |ap_sync_reg_channel_write_B_TILES_1           |  1|   0|    1|          0|
    |ap_sync_reg_channel_write_C_TILES             |  1|   0|    1|          0|
    |ap_sync_reg_channel_write_C_TILES_1           |  1|   0|    1|          0|
    |ap_sync_reg_channel_write_tmp                 |  1|   0|    1|          0|
    |ap_sync_reg_loadTileAFromDRAM26_U0_ap_ready   |  1|   0|    1|          0|
    |ap_sync_reg_loadTilesBFromDRAM37_U0_ap_ready  |  1|   0|    1|          0|
    +----------------------------------------------+---+----+-----+-----------+
    |Total                                         |  8|   0|    8|          0|
    +----------------------------------------------+---+----+-----+-----------+



================================================================
== Interface
================================================================
* Summary: 
+------------------+-----+-----+------------+----------------------------------+--------------+
|     RTL Ports    | Dir | Bits|  Protocol  |           Source Object          |    C Type    |
+------------------+-----+-----+------------+----------------------------------+--------------+
|ap_clk            |   in|    1|  ap_ctrl_hs|  dataflow_in_loop_loop_for_tile_a|  return value|
|ap_rst            |   in|    1|  ap_ctrl_hs|  dataflow_in_loop_loop_for_tile_a|  return value|
|ap_start          |   in|    1|  ap_ctrl_hs|  dataflow_in_loop_loop_for_tile_a|  return value|
|ap_done           |  out|    1|  ap_ctrl_hs|  dataflow_in_loop_loop_for_tile_a|  return value|
|ap_ready          |  out|    1|  ap_ctrl_hs|  dataflow_in_loop_loop_for_tile_a|  return value|
|ap_idle           |  out|    1|  ap_ctrl_hs|  dataflow_in_loop_loop_for_tile_a|  return value|
|ap_continue       |   in|    1|  ap_ctrl_hs|  dataflow_in_loop_loop_for_tile_a|  return value|
|tileA             |   in|    2|     ap_none|                             tileA|        scalar|
|tileA_ap_vld      |   in|    1|     ap_none|                             tileA|        scalar|
|A_BUF_address0    |  out|    9|   ap_memory|                             A_BUF|         array|
|A_BUF_ce0         |  out|    1|   ap_memory|                             A_BUF|         array|
|A_BUF_d0          |  out|   32|   ap_memory|                             A_BUF|         array|
|A_BUF_q0          |   in|   32|   ap_memory|                             A_BUF|         array|
|A_BUF_we0         |  out|    1|   ap_memory|                             A_BUF|         array|
|A_BUF_address1    |  out|    9|   ap_memory|                             A_BUF|         array|
|A_BUF_ce1         |  out|    1|   ap_memory|                             A_BUF|         array|
|A_BUF_d1          |  out|   32|   ap_memory|                             A_BUF|         array|
|A_BUF_q1          |   in|   32|   ap_memory|                             A_BUF|         array|
|A_BUF_we1         |  out|    1|   ap_memory|                             A_BUF|         array|
|B_BUF_address0    |  out|    9|   ap_memory|                             B_BUF|         array|
|B_BUF_ce0         |  out|    1|   ap_memory|                             B_BUF|         array|
|B_BUF_d0          |  out|   32|   ap_memory|                             B_BUF|         array|
|B_BUF_q0          |   in|   32|   ap_memory|                             B_BUF|         array|
|B_BUF_we0         |  out|    1|   ap_memory|                             B_BUF|         array|
|B_BUF_address1    |  out|    9|   ap_memory|                             B_BUF|         array|
|B_BUF_ce1         |  out|    1|   ap_memory|                             B_BUF|         array|
|B_BUF_d1          |  out|   32|   ap_memory|                             B_BUF|         array|
|B_BUF_q1          |   in|   32|   ap_memory|                             B_BUF|         array|
|B_BUF_we1         |  out|    1|   ap_memory|                             B_BUF|         array|
|B_BUF_1_address0  |  out|    9|   ap_memory|                           B_BUF_1|         array|
|B_BUF_1_ce0       |  out|    1|   ap_memory|                           B_BUF_1|         array|
|B_BUF_1_d0        |  out|   32|   ap_memory|                           B_BUF_1|         array|
|B_BUF_1_q0        |   in|   32|   ap_memory|                           B_BUF_1|         array|
|B_BUF_1_we0       |  out|    1|   ap_memory|                           B_BUF_1|         array|
|B_BUF_1_address1  |  out|    9|   ap_memory|                           B_BUF_1|         array|
|B_BUF_1_ce1       |  out|    1|   ap_memory|                           B_BUF_1|         array|
|B_BUF_1_d1        |  out|   32|   ap_memory|                           B_BUF_1|         array|
|B_BUF_1_q1        |   in|   32|   ap_memory|                           B_BUF_1|         array|
|B_BUF_1_we1       |  out|    1|   ap_memory|                           B_BUF_1|         array|
|C_BUF_2_address0  |  out|    9|   ap_memory|                           C_BUF_2|         array|
|C_BUF_2_ce0       |  out|    1|   ap_memory|                           C_BUF_2|         array|
|C_BUF_2_d0        |  out|   32|   ap_memory|                           C_BUF_2|         array|
|C_BUF_2_q0        |   in|   32|   ap_memory|                           C_BUF_2|         array|
|C_BUF_2_we0       |  out|    1|   ap_memory|                           C_BUF_2|         array|
|C_BUF_2_address1  |  out|    9|   ap_memory|                           C_BUF_2|         array|
|C_BUF_2_ce1       |  out|    1|   ap_memory|                           C_BUF_2|         array|
|C_BUF_2_d1        |  out|   32|   ap_memory|                           C_BUF_2|         array|
|C_BUF_2_q1        |   in|   32|   ap_memory|                           C_BUF_2|         array|
|C_BUF_2_we1       |  out|    1|   ap_memory|                           C_BUF_2|         array|
|C_BUF_3_address0  |  out|    9|   ap_memory|                           C_BUF_3|         array|
|C_BUF_3_ce0       |  out|    1|   ap_memory|                           C_BUF_3|         array|
|C_BUF_3_d0        |  out|   32|   ap_memory|                           C_BUF_3|         array|
|C_BUF_3_q0        |   in|   32|   ap_memory|                           C_BUF_3|         array|
|C_BUF_3_we0       |  out|    1|   ap_memory|                           C_BUF_3|         array|
|C_BUF_3_address1  |  out|    9|   ap_memory|                           C_BUF_3|         array|
|C_BUF_3_ce1       |  out|    1|   ap_memory|                           C_BUF_3|         array|
|C_BUF_3_d1        |  out|   32|   ap_memory|                           C_BUF_3|         array|
|C_BUF_3_q1        |   in|   32|   ap_memory|                           C_BUF_3|         array|
|C_BUF_3_we1       |  out|    1|   ap_memory|                           C_BUF_3|         array|
|C_BUF_address0    |  out|    9|   ap_memory|                             C_BUF|         array|
|C_BUF_ce0         |  out|    1|   ap_memory|                             C_BUF|         array|
|C_BUF_d0          |  out|   32|   ap_memory|                             C_BUF|         array|
|C_BUF_q0          |   in|   32|   ap_memory|                             C_BUF|         array|
|C_BUF_we0         |  out|    1|   ap_memory|                             C_BUF|         array|
|C_BUF_address1    |  out|    9|   ap_memory|                             C_BUF|         array|
|C_BUF_ce1         |  out|    1|   ap_memory|                             C_BUF|         array|
|C_BUF_d1          |  out|   32|   ap_memory|                             C_BUF|         array|
|C_BUF_q1          |   in|   32|   ap_memory|                             C_BUF|         array|
|C_BUF_we1         |  out|    1|   ap_memory|                             C_BUF|         array|
|C_BUF_1_address0  |  out|    9|   ap_memory|                           C_BUF_1|         array|
|C_BUF_1_ce0       |  out|    1|   ap_memory|                           C_BUF_1|         array|
|C_BUF_1_d0        |  out|   32|   ap_memory|                           C_BUF_1|         array|
|C_BUF_1_q0        |   in|   32|   ap_memory|                           C_BUF_1|         array|
|C_BUF_1_we0       |  out|    1|   ap_memory|                           C_BUF_1|         array|
|C_BUF_1_address1  |  out|    9|   ap_memory|                           C_BUF_1|         array|
|C_BUF_1_ce1       |  out|    1|   ap_memory|                           C_BUF_1|         array|
|C_BUF_1_d1        |  out|   32|   ap_memory|                           C_BUF_1|         array|
|C_BUF_1_q1        |   in|   32|   ap_memory|                           C_BUF_1|         array|
|C_BUF_1_we1       |  out|    1|   ap_memory|                           C_BUF_1|         array|
+------------------+-----+-----+------------+----------------------------------+--------------+

