

================================================================
== Vitis HLS Report for 'gemm2_Pipeline_load_A'
================================================================
* Date:           Fri May 29 17:37:38 2026

* Version:        2023.2 (Build 4023990 on Oct 11 2023)
* Project:        hls_project
* Solution:       gemm2 (Vitis Kernel Flow Target)
* Product family: zynquplus
* Target device:  xczu7ev-ffvc1156-2-e


================================================================
== Performance Estimates
================================================================
+ Timing: 
    * Summary: 
    +--------+---------+----------+------------+
    |  Clock |  Target | Estimated| Uncertainty|
    +--------+---------+----------+------------+
    |ap_clk  |  3.33 ns|  2.433 ns|     0.90 ns|
    +--------+---------+----------+------------+

+ Latency: 
    * Summary: 
    +---------+---------+----------+----------+-----+-----+---------+
    |  Latency (cycles) |  Latency (absolute) |  Interval | Pipeline|
    |   min   |   max   |    min   |    max   | min | max |   Type  |
    +---------+---------+----------+----------+-----+-----+---------+
    |      131|      131|  0.437 us|  0.437 us|  131|  131|       no|
    +---------+---------+----------+----------+-----+-----+---------+

    + Detail: 
        * Instance: 
        N/A

        * Loop: 
        +----------+---------+---------+----------+-----------+-----------+------+----------+
        |          |  Latency (cycles) | Iteration|  Initiation Interval  | Trip |          |
        | Loop Name|   min   |   max   |  Latency |  achieved |   target  | Count| Pipelined|
        +----------+---------+---------+----------+-----------+-----------+------+----------+
        |- load_A  |      129|      129|         6|          4|          1|    32|       yes|
        +----------+---------+---------+----------+-----------+-----------+------+----------+



================================================================
== Utilization Estimates
================================================================
* Summary: 
+-----------------+---------+------+--------+--------+-----+
|       Name      | BRAM_18K|  DSP |   FF   |   LUT  | URAM|
+-----------------+---------+------+--------+--------+-----+
|DSP              |        -|     -|       -|       -|    -|
|Expression       |        -|     -|       0|      89|    -|
|FIFO             |        -|     -|       -|       -|    -|
|Instance         |        -|     -|       -|       -|    -|
|Memory           |        -|     -|       -|       -|    -|
|Multiplexer      |        -|     -|       -|     297|    -|
|Register         |        -|     -|     542|       -|    -|
+-----------------+---------+------+--------+--------+-----+
|Total            |        0|     0|     542|     386|    0|
+-----------------+---------+------+--------+--------+-----+
|Available        |      624|  1728|  460800|  230400|   96|
+-----------------+---------+------+--------+--------+-----+
|Utilization (%)  |        0|     0|      ~0|      ~0|    0|
+-----------------+---------+------+--------+--------+-----+

+ Detail: 
    * Instance: 
    N/A

    * DSP: 
    N/A

    * Memory: 
    N/A

    * FIFO: 
    N/A

    * Expression: 
    +----------------------------------+----------+----+---+----+------------+------------+
    |           Variable Name          | Operation| DSP| FF| LUT| Bitwidth P0| Bitwidth P1|
    +----------------------------------+----------+----+---+----+------------+------------+
    |add_ln19_fu_313_p2                |         +|   0|  0|  13|           6|           1|
    |ap_block_pp0_stage1_11001         |       and|   0|  0|   2|           1|           1|
    |ap_block_state2_pp0_stage1_iter0  |       and|   0|  0|   2|           1|           1|
    |icmp_ln19_fu_307_p2               |      icmp|   0|  0|  14|           6|           7|
    |or_ln21_1_fu_508_p2               |        or|   0|  0|   8|           8|           2|
    |or_ln21_2_fu_519_p2               |        or|   0|  0|   8|           8|           2|
    |or_ln21_3_fu_530_p2               |        or|   0|  0|   8|           8|           3|
    |or_ln21_4_fu_541_p2               |        or|   0|  0|   8|           8|           3|
    |or_ln21_5_fu_552_p2               |        or|   0|  0|   8|           8|           3|
    |or_ln21_6_fu_563_p2               |        or|   0|  0|   8|           8|           3|
    |or_ln21_fu_496_p2                 |        or|   0|  0|   8|           8|           1|
    |ap_enable_pp0                     |       xor|   0|  0|   2|           1|           2|
    +----------------------------------+----------+----+---+----+------------+------------+
    |Total                             |          |   0|  0|  89|          71|          29|
    +----------------------------------+----------+----+---+----+------------+------------+

    * Multiplexer: 
    +-----------------------------+----+-----------+-----+-----------+
    |             Name            | LUT| Input Size| Bits| Total Bits|
    +-----------------------------+----+-----------+-----+-----------+
    |A_BUF_2_address0             |  26|          5|    8|         40|
    |A_BUF_2_address1             |  26|          5|    8|         40|
    |A_BUF_2_d0                   |  26|          5|   32|        160|
    |A_BUF_2_d1                   |  26|          5|   32|        160|
    |A_BUF_address0               |  26|          5|    8|         40|
    |A_BUF_address1               |  26|          5|    8|         40|
    |A_BUF_d0                     |  26|          5|   32|        160|
    |A_BUF_d1                     |  26|          5|   32|        160|
    |ap_NS_fsm                    |  26|          5|    1|          5|
    |ap_done_int                  |   9|          2|    1|          2|
    |ap_enable_reg_pp0_iter0      |   9|          2|    1|          2|
    |ap_enable_reg_pp0_iter0_reg  |   9|          2|    1|          2|
    |ap_enable_reg_pp0_iter1      |   9|          2|    1|          2|
    |ap_sig_allocacmp_i_1         |   9|          2|    6|         12|
    |gmem0_blk_n_R                |   9|          2|    1|          2|
    |i_fu_130                     |   9|          2|    6|         12|
    +-----------------------------+----+-----------+-----+-----------+
    |Total                        | 297|         59|  178|        839|
    +-----------------------------+----+-----------+-----+-----------+

    * Register: 
    +-----------------------------+----+----+-----+-----------+
    |             Name            | FF | LUT| Bits| Const Bits|
    +-----------------------------+----+----+-----+-----------+
    |add_ln19_reg_595             |   6|   0|    6|          0|
    |ap_CS_fsm                    |   4|   0|    4|          0|
    |ap_done_reg                  |   1|   0|    1|          0|
    |ap_enable_reg_pp0_iter0_reg  |   1|   0|    1|          0|
    |ap_enable_reg_pp0_iter1      |   1|   0|    1|          0|
    |empty_reg_586                |   5|   0|    5|          0|
    |i_fu_130                     |   6|   0|    6|          0|
    |icmp_ln19_reg_591            |   1|   0|    1|          0|
    |tmp_reg_680                  |   5|   0|    8|          3|
    |trunc_ln21_10_reg_655        |  32|   0|   32|          0|
    |trunc_ln21_11_reg_660        |  32|   0|   32|          0|
    |trunc_ln21_12_reg_665        |  32|   0|   32|          0|
    |trunc_ln21_13_reg_670        |  32|   0|   32|          0|
    |trunc_ln21_14_reg_675        |  32|   0|   32|          0|
    |trunc_ln21_1_reg_605         |  32|   0|   32|          0|
    |trunc_ln21_2_reg_610         |  32|   0|   32|          0|
    |trunc_ln21_3_reg_615         |  32|   0|   32|          0|
    |trunc_ln21_4_reg_620         |  32|   0|   32|          0|
    |trunc_ln21_5_reg_625         |  32|   0|   32|          0|
    |trunc_ln21_6_reg_630         |  32|   0|   32|          0|
    |trunc_ln21_7_reg_635         |  32|   0|   32|          0|
    |trunc_ln21_8_reg_640         |  32|   0|   32|          0|
    |trunc_ln21_9_reg_645         |  32|   0|   32|          0|
    |trunc_ln21_reg_600           |  32|   0|   32|          0|
    |trunc_ln21_s_reg_650         |  32|   0|   32|          0|
    +-----------------------------+----+----+-----+-----------+
    |Total                        | 542|   0|  545|          3|
    +-----------------------------+----+----+-----+-----------+



================================================================
== Interface
================================================================
* Summary: 
+----------------------+-----+-----+------------+-----------------------+--------------+
|       RTL Ports      | Dir | Bits|  Protocol  |     Source Object     |    C Type    |
+----------------------+-----+-----+------------+-----------------------+--------------+
|ap_clk                |   in|    1|  ap_ctrl_hs|  gemm2_Pipeline_load_A|  return value|
|ap_rst                |   in|    1|  ap_ctrl_hs|  gemm2_Pipeline_load_A|  return value|
|ap_start              |   in|    1|  ap_ctrl_hs|  gemm2_Pipeline_load_A|  return value|
|ap_done               |  out|    1|  ap_ctrl_hs|  gemm2_Pipeline_load_A|  return value|
|ap_idle               |  out|    1|  ap_ctrl_hs|  gemm2_Pipeline_load_A|  return value|
|ap_ready              |  out|    1|  ap_ctrl_hs|  gemm2_Pipeline_load_A|  return value|
|m_axi_gmem0_AWVALID   |  out|    1|       m_axi|                  gmem0|       pointer|
|m_axi_gmem0_AWREADY   |   in|    1|       m_axi|                  gmem0|       pointer|
|m_axi_gmem0_AWADDR    |  out|   64|       m_axi|                  gmem0|       pointer|
|m_axi_gmem0_AWID      |  out|    1|       m_axi|                  gmem0|       pointer|
|m_axi_gmem0_AWLEN     |  out|   32|       m_axi|                  gmem0|       pointer|
|m_axi_gmem0_AWSIZE    |  out|    3|       m_axi|                  gmem0|       pointer|
|m_axi_gmem0_AWBURST   |  out|    2|       m_axi|                  gmem0|       pointer|
|m_axi_gmem0_AWLOCK    |  out|    2|       m_axi|                  gmem0|       pointer|
|m_axi_gmem0_AWCACHE   |  out|    4|       m_axi|                  gmem0|       pointer|
|m_axi_gmem0_AWPROT    |  out|    3|       m_axi|                  gmem0|       pointer|
|m_axi_gmem0_AWQOS     |  out|    4|       m_axi|                  gmem0|       pointer|
|m_axi_gmem0_AWREGION  |  out|    4|       m_axi|                  gmem0|       pointer|
|m_axi_gmem0_AWUSER    |  out|    1|       m_axi|                  gmem0|       pointer|
|m_axi_gmem0_WVALID    |  out|    1|       m_axi|                  gmem0|       pointer|
|m_axi_gmem0_WREADY    |   in|    1|       m_axi|                  gmem0|       pointer|
|m_axi_gmem0_WDATA     |  out|  512|       m_axi|                  gmem0|       pointer|
|m_axi_gmem0_WSTRB     |  out|   64|       m_axi|                  gmem0|       pointer|
|m_axi_gmem0_WLAST     |  out|    1|       m_axi|                  gmem0|       pointer|
|m_axi_gmem0_WID       |  out|    1|       m_axi|                  gmem0|       pointer|
|m_axi_gmem0_WUSER     |  out|    1|       m_axi|                  gmem0|       pointer|
|m_axi_gmem0_ARVALID   |  out|    1|       m_axi|                  gmem0|       pointer|
|m_axi_gmem0_ARREADY   |   in|    1|       m_axi|                  gmem0|       pointer|
|m_axi_gmem0_ARADDR    |  out|   64|       m_axi|                  gmem0|       pointer|
|m_axi_gmem0_ARID      |  out|    1|       m_axi|                  gmem0|       pointer|
|m_axi_gmem0_ARLEN     |  out|   32|       m_axi|                  gmem0|       pointer|
|m_axi_gmem0_ARSIZE    |  out|    3|       m_axi|                  gmem0|       pointer|
|m_axi_gmem0_ARBURST   |  out|    2|       m_axi|                  gmem0|       pointer|
|m_axi_gmem0_ARLOCK    |  out|    2|       m_axi|                  gmem0|       pointer|
|m_axi_gmem0_ARCACHE   |  out|    4|       m_axi|                  gmem0|       pointer|
|m_axi_gmem0_ARPROT    |  out|    3|       m_axi|                  gmem0|       pointer|
|m_axi_gmem0_ARQOS     |  out|    4|       m_axi|                  gmem0|       pointer|
|m_axi_gmem0_ARREGION  |  out|    4|       m_axi|                  gmem0|       pointer|
|m_axi_gmem0_ARUSER    |  out|    1|       m_axi|                  gmem0|       pointer|
|m_axi_gmem0_RVALID    |   in|    1|       m_axi|                  gmem0|       pointer|
|m_axi_gmem0_RREADY    |  out|    1|       m_axi|                  gmem0|       pointer|
|m_axi_gmem0_RDATA     |   in|  512|       m_axi|                  gmem0|       pointer|
|m_axi_gmem0_RLAST     |   in|    1|       m_axi|                  gmem0|       pointer|
|m_axi_gmem0_RID       |   in|    1|       m_axi|                  gmem0|       pointer|
|m_axi_gmem0_RFIFONUM  |   in|    9|       m_axi|                  gmem0|       pointer|
|m_axi_gmem0_RUSER     |   in|    1|       m_axi|                  gmem0|       pointer|
|m_axi_gmem0_RRESP     |   in|    2|       m_axi|                  gmem0|       pointer|
|m_axi_gmem0_BVALID    |   in|    1|       m_axi|                  gmem0|       pointer|
|m_axi_gmem0_BREADY    |  out|    1|       m_axi|                  gmem0|       pointer|
|m_axi_gmem0_BRESP     |   in|    2|       m_axi|                  gmem0|       pointer|
|m_axi_gmem0_BID       |   in|    1|       m_axi|                  gmem0|       pointer|
|m_axi_gmem0_BUSER     |   in|    1|       m_axi|                  gmem0|       pointer|
|sext_ln19             |   in|   58|     ap_none|              sext_ln19|        scalar|
|A_BUF_address0        |  out|    8|   ap_memory|                  A_BUF|         array|
|A_BUF_ce0             |  out|    1|   ap_memory|                  A_BUF|         array|
|A_BUF_we0             |  out|    1|   ap_memory|                  A_BUF|         array|
|A_BUF_d0              |  out|   32|   ap_memory|                  A_BUF|         array|
|A_BUF_address1        |  out|    8|   ap_memory|                  A_BUF|         array|
|A_BUF_ce1             |  out|    1|   ap_memory|                  A_BUF|         array|
|A_BUF_we1             |  out|    1|   ap_memory|                  A_BUF|         array|
|A_BUF_d1              |  out|   32|   ap_memory|                  A_BUF|         array|
|A_BUF_2_address0      |  out|    8|   ap_memory|                A_BUF_2|         array|
|A_BUF_2_ce0           |  out|    1|   ap_memory|                A_BUF_2|         array|
|A_BUF_2_we0           |  out|    1|   ap_memory|                A_BUF_2|         array|
|A_BUF_2_d0            |  out|   32|   ap_memory|                A_BUF_2|         array|
|A_BUF_2_address1      |  out|    8|   ap_memory|                A_BUF_2|         array|
|A_BUF_2_ce1           |  out|    1|   ap_memory|                A_BUF_2|         array|
|A_BUF_2_we1           |  out|    1|   ap_memory|                A_BUF_2|         array|
|A_BUF_2_d1            |  out|   32|   ap_memory|                A_BUF_2|         array|
+----------------------+-----+-----+------------+-----------------------+--------------+

