

================================================================
== Vitis HLS Report for 'gemm2_Pipeline_store_C_VITIS_LOOP_35_1'
================================================================
* Date:           Fri May 29 17:37:39 2026

* Version:        2023.2 (Build 4023990 on Oct 11 2023)
* Project:        hls_project
* Solution:       gemm2 (Vitis Kernel Flow Target)
* Product family: zynquplus
* Target device:  xczu7ev-ffvc1156-2-e


================================================================
== Performance Estimates
================================================================
+ Timing: 
    * Summary: 
    +--------+---------+----------+------------+
    |  Clock |  Target | Estimated| Uncertainty|
    +--------+---------+----------+------------+
    |ap_clk  |  3.33 ns|  2.829 ns|     0.90 ns|
    +--------+---------+----------+------------+

+ Latency: 
    * Summary: 
    +---------+---------+----------+----------+------+------+---------+
    |  Latency (cycles) |  Latency (absolute) |   Interval  | Pipeline|
    |   min   |   max   |    min   |    max   |  min |  max |   Type  |
    +---------+---------+----------+----------+------+------+---------+
    |     2052|     2052|  6.839 us|  6.839 us|  2052|  2052|       no|
    +---------+---------+----------+----------+------+------+---------+

    + Detail: 
        * Instance: 
        N/A

        * Loop: 
        +---------------------------+---------+---------+----------+-----------+-----------+------+----------+
        |                           |  Latency (cycles) | Iteration|  Initiation Interval  | Trip |          |
        |         Loop Name         |   min   |   max   |  Latency |  achieved |   target  | Count| Pipelined|
        +---------------------------+---------+---------+----------+-----------+-----------+------+----------+
        |- store_C_VITIS_LOOP_35_1  |     2050|     2050|         4|          1|          1|  2048|       yes|
        +---------------------------+---------+---------+----------+-----------+-----------+------+----------+



================================================================
== Utilization Estimates
================================================================
* Summary: 
+-----------------+---------+------+--------+--------+-----+
|       Name      | BRAM_18K|  DSP |   FF   |   LUT  | URAM|
+-----------------+---------+------+--------+--------+-----+
|DSP              |        -|     -|       -|       -|    -|
|Expression       |        -|     -|       0|    1154|    -|
|FIFO             |        -|     -|       -|       -|    -|
|Instance         |        -|     -|       -|       -|    -|
|Memory           |        -|     -|       -|       -|    -|
|Multiplexer      |        -|     -|       -|      90|    -|
|Register         |        -|     -|    1201|      32|    -|
+-----------------+---------+------+--------+--------+-----+
|Total            |        0|     0|    1201|    1276|    0|
+-----------------+---------+------+--------+--------+-----+
|Available        |      624|  1728|  460800|  230400|   96|
+-----------------+---------+------+--------+--------+-----+
|Utilization (%)  |        0|     0|      ~0|      ~0|    0|
+-----------------+---------+------+--------+--------+-----+

+ Detail: 
    * Instance: 
    N/A

    * DSP: 
    N/A

    * Memory: 
    N/A

    * FIFO: 
    N/A

    * Expression: 
    +---------------------------+----------+----+---+-----+------------+------------+
    |       Variable Name       | Operation| DSP| FF| LUT | Bitwidth P0| Bitwidth P1|
    +---------------------------+----------+----+---+-----+------------+------------+
    |add_ln34_1_fu_207_p2       |         +|   0|  0|   19|          12|           1|
    |add_ln34_fu_219_p2         |         +|   0|  0|   13|           6|           1|
    |add_ln35_fu_289_p2         |         +|   0|  0|   14|           7|           1|
    |ap_block_pp0_stage0_11001  |       and|   0|  0|    2|           1|           1|
    |ap_block_state4_io         |       and|   0|  0|    2|           1|           1|
    |icmp_ln34_fu_201_p2        |      icmp|   0|  0|   20|          12|          13|
    |icmp_ln35_fu_225_p2        |      icmp|   0|  0|   15|           7|           8|
    |icmp_ln36_fu_283_p2        |      icmp|   0|  0|   12|           4|           2|
    |select_ln34_1_fu_320_p3    |    select|   0|  0|  473|           1|           1|
    |select_ln34_2_fu_239_p3    |    select|   0|  0|    6|           1|           6|
    |select_ln34_fu_231_p3      |    select|   0|  0|    7|           1|           1|
    |select_ln36_1_fu_334_p3    |    select|   0|  0|   32|           1|          32|
    |select_ln36_2_fu_339_p3    |    select|   0|  0|   32|           1|          32|
    |select_ln36_3_fu_364_p3    |    select|   0|  0|  473|           1|           1|
    |select_ln36_fu_310_p3      |    select|   0|  0|   32|           1|          32|
    |ap_enable_pp0              |       xor|   0|  0|    2|           1|           2|
    +---------------------------+----------+----+---+-----+------------+------------+
    |Total                      |          |   0|  0| 1154|          58|         135|
    +---------------------------+----------+----+---+-----+------------+------------+

    * Multiplexer: 
    +----------------------------------------+----+-----------+-----+-----------+
    |                  Name                  | LUT| Input Size| Bits| Total Bits|
    +----------------------------------------+----+-----------+-----+-----------+
    |ap_done_int                             |   9|          2|    1|          2|
    |ap_enable_reg_pp0_iter1                 |   9|          2|    1|          2|
    |ap_sig_allocacmp_i_load                 |   9|          2|    6|         12|
    |ap_sig_allocacmp_indvar_flatten13_load  |   9|          2|   12|         24|
    |ap_sig_allocacmp_j_load                 |   9|          2|    7|         14|
    |gmem_blk_n_W                            |   9|          2|    1|          2|
    |i_fu_100                                |   9|          2|    6|         12|
    |indvar_flatten13_fu_104                 |   9|          2|   12|         24|
    |j_fu_96                                 |   9|          2|    7|         14|
    |phi_ln36_fu_92                          |   9|          2|  480|        960|
    +----------------------------------------+----+-----------+-----+-----------+
    |Total                                   |  90|         20|  533|       1066|
    +----------------------------------------+----+-----------+-----+-----------+

    * Register: 
    +-------------------------------------+-----+----+-----+-----------+
    |                 Name                |  FF | LUT| Bits| Const Bits|
    +-------------------------------------+-----+----+-----+-----------+
    |C_BUF_2_load_reg_472                 |   32|   0|   32|          0|
    |C_BUF_3_load_reg_477                 |   32|   0|   32|          0|
    |ap_CS_fsm                            |    1|   0|    1|          0|
    |ap_done_reg                          |    1|   0|    1|          0|
    |ap_enable_reg_pp0_iter1              |    1|   0|    1|          0|
    |ap_enable_reg_pp0_iter2              |    1|   0|    1|          0|
    |ap_enable_reg_pp0_iter3              |    1|   0|    1|          0|
    |ap_loop_exit_ready_pp0_iter1_reg     |    1|   0|    1|          0|
    |ap_loop_exit_ready_pp0_iter2_reg     |    1|   0|    1|          0|
    |i_fu_100                             |    6|   0|    6|          0|
    |icmp_ln35_reg_426                    |    1|   0|    1|          0|
    |icmp_ln35_reg_426_pp0_iter1_reg      |    1|   0|    1|          0|
    |icmp_ln36_reg_462                    |    1|   0|    1|          0|
    |indvar_flatten13_fu_104              |   12|   0|   12|          0|
    |j_fu_96                              |    7|   0|    7|          0|
    |phi_ln36_fu_92                       |  480|   0|  480|          0|
    |select_ln34_1_reg_482                |  480|   0|  480|          0|
    |select_ln34_2_reg_431                |    6|   0|    6|          0|
    |select_ln34_2_reg_431_pp0_iter1_reg  |    6|   0|    6|          0|
    |select_ln36_2_reg_487                |   32|   0|   32|          0|
    |select_ln36_reg_467                  |   32|   0|   32|          0|
    |tmp_3_reg_456                        |    1|   0|    1|          0|
    |tmp_3_reg_456_pp0_iter1_reg          |    1|   0|    1|          0|
    |icmp_ln36_reg_462                    |   64|  32|    1|          0|
    +-------------------------------------+-----+----+-----+-----------+
    |Total                                | 1201|  32| 1138|          0|
    +-------------------------------------+-----+----+-----+-----------+



================================================================
== Interface
================================================================
* Summary: 
+---------------------+-----+-----+------------+----------------------------------------+--------------+
|      RTL Ports      | Dir | Bits|  Protocol  |              Source Object             |    C Type    |
+---------------------+-----+-----+------------+----------------------------------------+--------------+
|ap_clk               |   in|    1|  ap_ctrl_hs|  gemm2_Pipeline_store_C_VITIS_LOOP_35_1|  return value|
|ap_rst               |   in|    1|  ap_ctrl_hs|  gemm2_Pipeline_store_C_VITIS_LOOP_35_1|  return value|
|ap_start             |   in|    1|  ap_ctrl_hs|  gemm2_Pipeline_store_C_VITIS_LOOP_35_1|  return value|
|ap_done              |  out|    1|  ap_ctrl_hs|  gemm2_Pipeline_store_C_VITIS_LOOP_35_1|  return value|
|ap_idle              |  out|    1|  ap_ctrl_hs|  gemm2_Pipeline_store_C_VITIS_LOOP_35_1|  return value|
|ap_ready             |  out|    1|  ap_ctrl_hs|  gemm2_Pipeline_store_C_VITIS_LOOP_35_1|  return value|
|m_axi_gmem_AWVALID   |  out|    1|       m_axi|                                    gmem|       pointer|
|m_axi_gmem_AWREADY   |   in|    1|       m_axi|                                    gmem|       pointer|
|m_axi_gmem_AWADDR    |  out|   64|       m_axi|                                    gmem|       pointer|
|m_axi_gmem_AWID      |  out|    1|       m_axi|                                    gmem|       pointer|
|m_axi_gmem_AWLEN     |  out|   32|       m_axi|                                    gmem|       pointer|
|m_axi_gmem_AWSIZE    |  out|    3|       m_axi|                                    gmem|       pointer|
|m_axi_gmem_AWBURST   |  out|    2|       m_axi|                                    gmem|       pointer|
|m_axi_gmem_AWLOCK    |  out|    2|       m_axi|                                    gmem|       pointer|
|m_axi_gmem_AWCACHE   |  out|    4|       m_axi|                                    gmem|       pointer|
|m_axi_gmem_AWPROT    |  out|    3|       m_axi|                                    gmem|       pointer|
|m_axi_gmem_AWQOS     |  out|    4|       m_axi|                                    gmem|       pointer|
|m_axi_gmem_AWREGION  |  out|    4|       m_axi|                                    gmem|       pointer|
|m_axi_gmem_AWUSER    |  out|    1|       m_axi|                                    gmem|       pointer|
|m_axi_gmem_WVALID    |  out|    1|       m_axi|                                    gmem|       pointer|
|m_axi_gmem_WREADY    |   in|    1|       m_axi|                                    gmem|       pointer|
|m_axi_gmem_WDATA     |  out|  512|       m_axi|                                    gmem|       pointer|
|m_axi_gmem_WSTRB     |  out|   64|       m_axi|                                    gmem|       pointer|
|m_axi_gmem_WLAST     |  out|    1|       m_axi|                                    gmem|       pointer|
|m_axi_gmem_WID       |  out|    1|       m_axi|                                    gmem|       pointer|
|m_axi_gmem_WUSER     |  out|    1|       m_axi|                                    gmem|       pointer|
|m_axi_gmem_ARVALID   |  out|    1|       m_axi|                                    gmem|       pointer|
|m_axi_gmem_ARREADY   |   in|    1|       m_axi|                                    gmem|       pointer|
|m_axi_gmem_ARADDR    |  out|   64|       m_axi|                                    gmem|       pointer|
|m_axi_gmem_ARID      |  out|    1|       m_axi|                                    gmem|       pointer|
|m_axi_gmem_ARLEN     |  out|   32|       m_axi|                                    gmem|       pointer|
|m_axi_gmem_ARSIZE    |  out|    3|       m_axi|                                    gmem|       pointer|
|m_axi_gmem_ARBURST   |  out|    2|       m_axi|                                    gmem|       pointer|
|m_axi_gmem_ARLOCK    |  out|    2|       m_axi|                                    gmem|       pointer|
|m_axi_gmem_ARCACHE   |  out|    4|       m_axi|                                    gmem|       pointer|
|m_axi_gmem_ARPROT    |  out|    3|       m_axi|                                    gmem|       pointer|
|m_axi_gmem_ARQOS     |  out|    4|       m_axi|                                    gmem|       pointer|
|m_axi_gmem_ARREGION  |  out|    4|       m_axi|                                    gmem|       pointer|
|m_axi_gmem_ARUSER    |  out|    1|       m_axi|                                    gmem|       pointer|
|m_axi_gmem_RVALID    |   in|    1|       m_axi|                                    gmem|       pointer|
|m_axi_gmem_RREADY    |  out|    1|       m_axi|                                    gmem|       pointer|
|m_axi_gmem_RDATA     |   in|  512|       m_axi|                                    gmem|       pointer|
|m_axi_gmem_RLAST     |   in|    1|       m_axi|                                    gmem|       pointer|
|m_axi_gmem_RID       |   in|    1|       m_axi|                                    gmem|       pointer|
|m_axi_gmem_RFIFONUM  |   in|    9|       m_axi|                                    gmem|       pointer|
|m_axi_gmem_RUSER     |   in|    1|       m_axi|                                    gmem|       pointer|
|m_axi_gmem_RRESP     |   in|    2|       m_axi|                                    gmem|       pointer|
|m_axi_gmem_BVALID    |   in|    1|       m_axi|                                    gmem|       pointer|
|m_axi_gmem_BREADY    |  out|    1|       m_axi|                                    gmem|       pointer|
|m_axi_gmem_BRESP     |   in|    2|       m_axi|                                    gmem|       pointer|
|m_axi_gmem_BID       |   in|    1|       m_axi|                                    gmem|       pointer|
|m_axi_gmem_BUSER     |   in|    1|       m_axi|                                    gmem|       pointer|
|sext_ln34            |   in|   58|     ap_none|                               sext_ln34|        scalar|
|C_BUF_address0       |  out|    9|   ap_memory|                                   C_BUF|         array|
|C_BUF_ce0            |  out|    1|   ap_memory|                                   C_BUF|         array|
|C_BUF_q0             |   in|   32|   ap_memory|                                   C_BUF|         array|
|C_BUF_1_address0     |  out|    9|   ap_memory|                                 C_BUF_1|         array|
|C_BUF_1_ce0          |  out|    1|   ap_memory|                                 C_BUF_1|         array|
|C_BUF_1_q0           |   in|   32|   ap_memory|                                 C_BUF_1|         array|
|C_BUF_2_address0     |  out|    9|   ap_memory|                                 C_BUF_2|         array|
|C_BUF_2_ce0          |  out|    1|   ap_memory|                                 C_BUF_2|         array|
|C_BUF_2_q0           |   in|   32|   ap_memory|                                 C_BUF_2|         array|
|C_BUF_3_address0     |  out|    9|   ap_memory|                                 C_BUF_3|         array|
|C_BUF_3_ce0          |  out|    1|   ap_memory|                                 C_BUF_3|         array|
|C_BUF_3_q0           |   in|   32|   ap_memory|                                 C_BUF_3|         array|
+---------------------+-----+-----+------------+----------------------------------------+--------------+

