

================================================================
== Vitis HLS Report for 'gemm2'
================================================================
* Date:           Fri May 29 17:37:39 2026

* Version:        2023.2 (Build 4023990 on Oct 11 2023)
* Project:        hls_project
* Solution:       gemm2 (Vitis Kernel Flow Target)
* Product family: zynquplus
* Target device:  xczu7ev-ffvc1156-2-e


================================================================
== Performance Estimates
================================================================
+ Timing: 
    * Summary: 
    +--------+---------+----------+------------+
    |  Clock |  Target | Estimated| Uncertainty|
    +--------+---------+----------+------------+
    |ap_clk  |  3.33 ns|  2.829 ns|     0.90 ns|
    +--------+---------+----------+------------+

+ Latency: 
    * Summary: 
    +---------+---------+-----------+-----------+-------+-------+---------+
    |  Latency (cycles) |   Latency (absolute)  |    Interval   | Pipeline|
    |   min   |   max   |    min    |    max    |  min  |  max  |   Type  |
    +---------+---------+-----------+-----------+-------+-------+---------+
    |    14810|    14810|  49.362 us|  49.362 us|  14811|  14811|       no|
    +---------+---------+-----------+-----------+-------+-------+---------+

    + Detail: 
        * Instance: 
        +-------------------------------------------------------+--------------------------------------------+---------+---------+-----------+-----------+------+------+----------+
        |                                                       |                                            |  Latency (cycles) |   Latency (absolute)  |   Interval  | Pipeline |
        |                        Instance                       |                   Module                   |   min   |   max   |    min    |    max    |  min |  max |   Type   |
        +-------------------------------------------------------+--------------------------------------------+---------+---------+-----------+-----------+------+------+----------+
        |grp_gemm2_Pipeline_load_A_fu_209                       |gemm2_Pipeline_load_A                       |      131|      131|   0.437 us|   0.437 us|   131|   131|        no|
        |grp_gemm2_Pipeline_load_B_VITIS_LOOP_26_2_fu_218       |gemm2_Pipeline_load_B_VITIS_LOOP_26_2       |     1027|     1027|   3.423 us|   3.423 us|  1027|  1027|        no|
        |grp_gemm2_Pipeline_load_tile_A_VITIS_LOOP_63_1_fu_227  |gemm2_Pipeline_load_tile_A_VITIS_LOOP_63_1  |      132|      132|   0.440 us|   0.440 us|   132|   132|        no|
        |grp_dataflow_in_loop_VITIS_LOOP_42_1_fu_236            |dataflow_in_loop_VITIS_LOOP_42_1            |     5656|     5656|  18.851 us|  18.851 us|  4104|  4104|  dataflow|
        |grp_gemm2_Pipeline_store_C_VITIS_LOOP_35_1_fu_249      |gemm2_Pipeline_store_C_VITIS_LOOP_35_1      |     2052|     2052|   6.839 us|   6.839 us|  2052|  2052|        no|
        +-------------------------------------------------------+--------------------------------------------+---------+---------+-----------+-----------+------+------+----------+

        * Loop: 
        +--------------------+---------+---------+----------+-----------+-----------+------+----------+
        |                    |  Latency (cycles) | Iteration|  Initiation Interval  | Trip |          |
        |      Loop Name     |   min   |   max   |  Latency |  achieved |   target  | Count| Pipelined|
        +--------------------+---------+---------+----------+-----------+-----------+------+----------+
        |- loop_for_tile_a   |    11586|    11586|      5793|          -|          -|     2|        no|
        | + VITIS_LOOP_42_1  |     5658|     5658|      5658|          -|          -|     1|        no|
        +--------------------+---------+---------+----------+-----------+-----------+------+----------+



================================================================
== Utilization Estimates
================================================================
* Summary: 
+-----------------+---------+------+--------+--------+-----+
|       Name      | BRAM_18K|  DSP |   FF   |   LUT  | URAM|
+-----------------+---------+------+--------+--------+-----+
|DSP              |        -|     -|       -|       -|    -|
|Expression       |        -|     -|       0|      29|    -|
|FIFO             |        -|     -|       -|       -|    -|
|Instance         |      194|    24|   12844|   13182|    0|
|Memory           |       16|     -|       0|       0|    0|
|Multiplexer      |        -|     -|       -|    1454|    -|
|Register         |        -|     -|     405|       -|    -|
+-----------------+---------+------+--------+--------+-----+
|Total            |      210|    24|   13249|   14665|    0|
+-----------------+---------+------+--------+--------+-----+
|Available        |      624|  1728|  460800|  230400|   96|
+-----------------+---------+------+--------+--------+-----+
|Utilization (%)  |       33|     1|       2|       6|    0|
+-----------------+---------+------+--------+--------+-----+

+ Detail: 
    * Instance: 
    +-------------------------------------------------------+--------------------------------------------+---------+----+------+------+-----+
    |                        Instance                       |                   Module                   | BRAM_18K| DSP|  FF  |  LUT | URAM|
    +-------------------------------------------------------+--------------------------------------------+---------+----+------+------+-----+
    |control_s_axi_U                                        |control_s_axi                               |        0|   0|   246|   424|    0|
    |grp_dataflow_in_loop_VITIS_LOOP_42_1_fu_236            |dataflow_in_loop_VITIS_LOOP_42_1            |       20|  24|  4381|  5097|    0|
    |grp_gemm2_Pipeline_load_A_fu_209                       |gemm2_Pipeline_load_A                       |        0|   0|   542|   386|    0|
    |grp_gemm2_Pipeline_load_B_VITIS_LOOP_26_2_fu_218       |gemm2_Pipeline_load_B_VITIS_LOOP_26_2       |        0|   0|  1046|   687|    0|
    |grp_gemm2_Pipeline_load_tile_A_VITIS_LOOP_63_1_fu_227  |gemm2_Pipeline_load_tile_A_VITIS_LOOP_63_1  |        0|   0|   229|   215|    0|
    |grp_gemm2_Pipeline_store_C_VITIS_LOOP_35_1_fu_249      |gemm2_Pipeline_store_C_VITIS_LOOP_35_1      |        0|   0|  1201|  1276|    0|
    |gmem0_m_axi_U                                          |gmem0_m_axi                                 |       58|   0|  1733|  1699|    0|
    |gmem1_m_axi_U                                          |gmem1_m_axi                                 |       58|   0|  1733|  1699|    0|
    |gmem_m_axi_U                                           |gmem_m_axi                                  |       58|   0|  1733|  1699|    0|
    +-------------------------------------------------------+--------------------------------------------+---------+----+------+------+-----+
    |Total                                                  |                                            |      194|  24| 12844| 13182|    0|
    +-------------------------------------------------------+--------------------------------------------+---------+----+------+------+-----+

    * DSP: 
    N/A

    * Memory: 
    +------------+---------------------------+---------+---+----+-----+------+-----+------+-------------+
    |   Memory   |           Module          | BRAM_18K| FF| LUT| URAM| Words| Bits| Banks| W*Bits*Banks|
    +------------+---------------------------+---------+---+----+-----+------+-----+------+-------------+
    |A_BUF_U     |A_BUF_RAM_AUTO_1R1W        |        2|  0|   0|    0|   256|   32|     1|         8192|
    |A_BUF_2_U   |A_BUF_RAM_AUTO_1R1W        |        2|  0|   0|    0|   256|   32|     1|         8192|
    |A_TILE_U    |A_TILE_RAM_1WNR_AUTO_1R1W  |        2|  0|   0|    0|   128|   32|     1|         4096|
    |A_TILE_1_U  |A_TILE_RAM_1WNR_AUTO_1R1W  |        2|  0|   0|    0|   128|   32|     1|         4096|
    |B_BUF_U     |B_BUF_RAM_AUTO_1R1W        |        2|  0|   0|    0|   512|   32|     1|        16384|
    |B_BUF_1_U   |B_BUF_RAM_AUTO_1R1W        |        2|  0|   0|    0|   512|   32|     1|        16384|
    |C_BUF_U     |C_BUF_RAM_AUTO_1R1W        |        1|  0|   0|    0|   512|   32|     1|        16384|
    |C_BUF_1_U   |C_BUF_RAM_AUTO_1R1W        |        1|  0|   0|    0|   512|   32|     1|        16384|
    |C_BUF_2_U   |C_BUF_RAM_AUTO_1R1W        |        1|  0|   0|    0|   512|   32|     1|        16384|
    |C_BUF_3_U   |C_BUF_RAM_AUTO_1R1W        |        1|  0|   0|    0|   512|   32|     1|        16384|
    +------------+---------------------------+---------+---+----+-----+------+-----+------+-------------+
    |Total       |                           |       16|  0|   0|    0|  3840|  320|    10|       122880|
    +------------+---------------------------+---------+---+----+-----+------+-----+------+-------------+

    * FIFO: 
    N/A

    * Expression: 
    +--------------------------------------------------------------+----------+----+---+----+------------+------------+
    |                         Variable Name                        | Operation| DSP| FF| LUT| Bitwidth P0| Bitwidth P1|
    +--------------------------------------------------------------+----------+----+---+----+------------+------------+
    |add_ln39_fu_314_p2                                            |         +|   0|  0|   9|           2|           1|
    |icmp_ln39_fu_308_p2                                           |      icmp|   0|  0|  10|           2|           3|
    |ap_block_state1                                               |        or|   0|  0|   2|           1|           1|
    |ap_block_state2_io                                            |        or|   0|  0|   2|           1|           1|
    |ap_block_state74_on_subcall_done                              |        or|   0|  0|   2|           1|           1|
    |ap_sync_grp_dataflow_in_loop_VITIS_LOOP_42_1_fu_236_ap_done   |        or|   0|  0|   2|           1|           1|
    |ap_sync_grp_dataflow_in_loop_VITIS_LOOP_42_1_fu_236_ap_ready  |        or|   0|  0|   2|           1|           1|
    +--------------------------------------------------------------+----------+----+---+----+------------+------------+
    |Total                                                         |          |   0|  0|  29|           9|           9|
    +--------------------------------------------------------------+----------+----+---+----+------------+------------+

    * Multiplexer: 
    +-------------------+-----+-----------+-----+-----------+
    |        Name       | LUT | Input Size| Bits| Total Bits|
    +-------------------+-----+-----------+-----+-----------+
    |A_BUF_2_address0   |   14|          3|    8|         24|
    |A_BUF_2_ce0        |   14|          3|    1|          3|
    |A_BUF_2_ce1        |    9|          2|    1|          2|
    |A_BUF_2_we0        |    9|          2|    1|          2|
    |A_BUF_2_we1        |    9|          2|    1|          2|
    |A_BUF_address0     |   14|          3|    8|         24|
    |A_BUF_ce0          |   14|          3|    1|          3|
    |A_BUF_ce1          |    9|          2|    1|          2|
    |A_BUF_we0          |    9|          2|    1|          2|
    |A_BUF_we1          |    9|          2|    1|          2|
    |A_TILE_1_address0  |   14|          3|    7|         21|
    |A_TILE_1_ce0       |   14|          3|    1|          3|
    |A_TILE_1_ce1       |    9|          2|    1|          2|
    |A_TILE_1_we0       |    9|          2|    1|          2|
    |A_TILE_address0    |   14|          3|    7|         21|
    |A_TILE_ce0         |   14|          3|    1|          3|
    |A_TILE_ce1         |    9|          2|    1|          2|
    |A_TILE_we0         |    9|          2|    1|          2|
    |B_BUF_1_address0   |   14|          3|    9|         27|
    |B_BUF_1_ce0        |   14|          3|    1|          3|
    |B_BUF_1_ce1        |    9|          2|    1|          2|
    |B_BUF_1_we0        |    9|          2|    1|          2|
    |B_BUF_address0     |   14|          3|    9|         27|
    |B_BUF_ce0          |   14|          3|    1|          3|
    |B_BUF_ce1          |    9|          2|    1|          2|
    |B_BUF_we0          |    9|          2|    1|          2|
    |C_BUF_1_address0   |   14|          3|    9|         27|
    |C_BUF_1_ce0        |   14|          3|    1|          3|
    |C_BUF_1_we0        |    9|          2|    1|          2|
    |C_BUF_2_address0   |   14|          3|    9|         27|
    |C_BUF_2_ce0        |   14|          3|    1|          3|
    |C_BUF_2_we0        |    9|          2|    1|          2|
    |C_BUF_3_address0   |   14|          3|    9|         27|
    |C_BUF_3_ce0        |   14|          3|    1|          3|
    |C_BUF_3_we0        |    9|          2|    1|          2|
    |C_BUF_address0     |   14|          3|    9|         27|
    |C_BUF_ce0          |   14|          3|    1|          3|
    |C_BUF_we0          |    9|          2|    1|          2|
    |ap_NS_fsm          |  791|        150|    1|        150|
    |ap_done            |    9|          2|    1|          2|
    |gmem0_ARADDR       |   14|          3|   64|        192|
    |gmem0_ARLEN        |   14|          3|   32|         96|
    |gmem0_ARVALID      |   14|          3|    1|          3|
    |gmem0_RREADY       |    9|          2|    1|          2|
    |gmem0_blk_n_AR     |    9|          2|    1|          2|
    |gmem1_ARADDR       |   14|          3|   64|        192|
    |gmem1_ARLEN        |   14|          3|   32|         96|
    |gmem1_ARVALID      |   14|          3|    1|          3|
    |gmem1_RREADY       |    9|          2|    1|          2|
    |gmem1_blk_n_AR     |    9|          2|    1|          2|
    |gmem_AWADDR        |   14|          3|   64|        192|
    |gmem_AWLEN         |   14|          3|   32|         96|
    |gmem_AWVALID       |   14|          3|    1|          3|
    |gmem_BREADY        |   14|          3|    1|          3|
    |gmem_WVALID        |    9|          2|    1|          2|
    |gmem_blk_n_AW      |    9|          2|    1|          2|
    |gmem_blk_n_B       |    9|          2|    1|          2|
    |tileA_fu_112       |    9|          2|    2|          4|
    +-------------------+-----+-----------+-----+-----------+
    |Total              | 1454|        294|  415|       1364|
    +-------------------+-----+-----------+-----+-----------+

    * Register: 
    +--------------------------------------------------------------------+-----+----+-----+-----------+
    |                                Name                                |  FF | LUT| Bits| Const Bits|
    +--------------------------------------------------------------------+-----+----+-----+-----------+
    |C_DRAM_read_reg_363                                                 |   64|   0|   64|          0|
    |add_ln39_reg_393                                                    |    2|   0|    2|          0|
    |ap_CS_fsm                                                           |  149|   0|  149|          0|
    |ap_done_reg                                                         |    1|   0|    1|          0|
    |ap_rst_n_inv                                                        |    1|   0|    1|          0|
    |ap_rst_reg_1                                                        |    1|   0|    1|          0|
    |ap_rst_reg_2                                                        |    1|   0|    1|          0|
    |ap_sync_reg_grp_dataflow_in_loop_VITIS_LOOP_42_1_fu_236_ap_done     |    1|   0|    1|          0|
    |ap_sync_reg_grp_dataflow_in_loop_VITIS_LOOP_42_1_fu_236_ap_ready    |    1|   0|    1|          0|
    |grp_dataflow_in_loop_VITIS_LOOP_42_1_fu_236_ap_start_reg            |    1|   0|    1|          0|
    |grp_gemm2_Pipeline_load_A_fu_209_ap_start_reg                       |    1|   0|    1|          0|
    |grp_gemm2_Pipeline_load_B_VITIS_LOOP_26_2_fu_218_ap_start_reg       |    1|   0|    1|          0|
    |grp_gemm2_Pipeline_load_tile_A_VITIS_LOOP_63_1_fu_227_ap_start_reg  |    1|   0|    1|          0|
    |grp_gemm2_Pipeline_store_C_VITIS_LOOP_35_1_fu_249_ap_start_reg      |    1|   0|    1|          0|
    |tileA_fu_112                                                        |    2|   0|    2|          0|
    |tileB_reg_196                                                       |    1|   0|    1|          0|
    |tmp_s_reg_403                                                       |    1|   0|    5|          4|
    |trunc_ln34_1_reg_408                                                |   58|   0|   58|          0|
    |trunc_ln39_reg_398                                                  |    1|   0|    1|          0|
    |trunc_ln3_reg_374                                                   |   58|   0|   58|          0|
    |trunc_ln_reg_368                                                    |   58|   0|   58|          0|
    +--------------------------------------------------------------------+-----+----+-----+-----------+
    |Total                                                               |  405|   0|  409|          4|
    +--------------------------------------------------------------------+-----+----+-----+-----------+



================================================================
== Interface
================================================================
* Summary: 
+-----------------------+-----+-----+---------------+--------------+--------------+
|       RTL Ports       | Dir | Bits|    Protocol   | Source Object|    C Type    |
+-----------------------+-----+-----+---------------+--------------+--------------+
|s_axi_control_AWVALID  |   in|    1|          s_axi|       control|        scalar|
|s_axi_control_AWREADY  |  out|    1|          s_axi|       control|        scalar|
|s_axi_control_AWADDR   |   in|    6|          s_axi|       control|        scalar|
|s_axi_control_WVALID   |   in|    1|          s_axi|       control|        scalar|
|s_axi_control_WREADY   |  out|    1|          s_axi|       control|        scalar|
|s_axi_control_WDATA    |   in|   32|          s_axi|       control|        scalar|
|s_axi_control_WSTRB    |   in|    4|          s_axi|       control|        scalar|
|s_axi_control_ARVALID  |   in|    1|          s_axi|       control|        scalar|
|s_axi_control_ARREADY  |  out|    1|          s_axi|       control|        scalar|
|s_axi_control_ARADDR   |   in|    6|          s_axi|       control|        scalar|
|s_axi_control_RVALID   |  out|    1|          s_axi|       control|        scalar|
|s_axi_control_RREADY   |   in|    1|          s_axi|       control|        scalar|
|s_axi_control_RDATA    |  out|   32|          s_axi|       control|        scalar|
|s_axi_control_RRESP    |  out|    2|          s_axi|       control|        scalar|
|s_axi_control_BVALID   |  out|    1|          s_axi|       control|        scalar|
|s_axi_control_BREADY   |   in|    1|          s_axi|       control|        scalar|
|s_axi_control_BRESP    |  out|    2|          s_axi|       control|        scalar|
|ap_clk                 |   in|    1|  ap_ctrl_chain|         gemm2|  return value|
|ap_rst_n               |   in|    1|  ap_ctrl_chain|         gemm2|  return value|
|interrupt              |  out|    1|  ap_ctrl_chain|         gemm2|  return value|
|m_axi_gmem0_AWVALID    |  out|    1|          m_axi|         gmem0|       pointer|
|m_axi_gmem0_AWREADY    |   in|    1|          m_axi|         gmem0|       pointer|
|m_axi_gmem0_AWADDR     |  out|   64|          m_axi|         gmem0|       pointer|
|m_axi_gmem0_AWID       |  out|    1|          m_axi|         gmem0|       pointer|
|m_axi_gmem0_AWLEN      |  out|    8|          m_axi|         gmem0|       pointer|
|m_axi_gmem0_AWSIZE     |  out|    3|          m_axi|         gmem0|       pointer|
|m_axi_gmem0_AWBURST    |  out|    2|          m_axi|         gmem0|       pointer|
|m_axi_gmem0_AWLOCK     |  out|    2|          m_axi|         gmem0|       pointer|
|m_axi_gmem0_AWCACHE    |  out|    4|          m_axi|         gmem0|       pointer|
|m_axi_gmem0_AWPROT     |  out|    3|          m_axi|         gmem0|       pointer|
|m_axi_gmem0_AWQOS      |  out|    4|          m_axi|         gmem0|       pointer|
|m_axi_gmem0_AWREGION   |  out|    4|          m_axi|         gmem0|       pointer|
|m_axi_gmem0_AWUSER     |  out|    1|          m_axi|         gmem0|       pointer|
|m_axi_gmem0_WVALID     |  out|    1|          m_axi|         gmem0|       pointer|
|m_axi_gmem0_WREADY     |   in|    1|          m_axi|         gmem0|       pointer|
|m_axi_gmem0_WDATA      |  out|  512|          m_axi|         gmem0|       pointer|
|m_axi_gmem0_WSTRB      |  out|   64|          m_axi|         gmem0|       pointer|
|m_axi_gmem0_WLAST      |  out|    1|          m_axi|         gmem0|       pointer|
|m_axi_gmem0_WID        |  out|    1|          m_axi|         gmem0|       pointer|
|m_axi_gmem0_WUSER      |  out|    1|          m_axi|         gmem0|       pointer|
|m_axi_gmem0_ARVALID    |  out|    1|          m_axi|         gmem0|       pointer|
|m_axi_gmem0_ARREADY    |   in|    1|          m_axi|         gmem0|       pointer|
|m_axi_gmem0_ARADDR     |  out|   64|          m_axi|         gmem0|       pointer|
|m_axi_gmem0_ARID       |  out|    1|          m_axi|         gmem0|       pointer|
|m_axi_gmem0_ARLEN      |  out|    8|          m_axi|         gmem0|       pointer|
|m_axi_gmem0_ARSIZE     |  out|    3|          m_axi|         gmem0|       pointer|
|m_axi_gmem0_ARBURST    |  out|    2|          m_axi|         gmem0|       pointer|
|m_axi_gmem0_ARLOCK     |  out|    2|          m_axi|         gmem0|       pointer|
|m_axi_gmem0_ARCACHE    |  out|    4|          m_axi|         gmem0|       pointer|
|m_axi_gmem0_ARPROT     |  out|    3|          m_axi|         gmem0|       pointer|
|m_axi_gmem0_ARQOS      |  out|    4|          m_axi|         gmem0|       pointer|
|m_axi_gmem0_ARREGION   |  out|    4|          m_axi|         gmem0|       pointer|
|m_axi_gmem0_ARUSER     |  out|    1|          m_axi|         gmem0|       pointer|
|m_axi_gmem0_RVALID     |   in|    1|          m_axi|         gmem0|       pointer|
|m_axi_gmem0_RREADY     |  out|    1|          m_axi|         gmem0|       pointer|
|m_axi_gmem0_RDATA      |   in|  512|          m_axi|         gmem0|       pointer|
|m_axi_gmem0_RLAST      |   in|    1|          m_axi|         gmem0|       pointer|
|m_axi_gmem0_RID        |   in|    1|          m_axi|         gmem0|       pointer|
|m_axi_gmem0_RUSER      |   in|    1|          m_axi|         gmem0|       pointer|
|m_axi_gmem0_RRESP      |   in|    2|          m_axi|         gmem0|       pointer|
|m_axi_gmem0_BVALID     |   in|    1|          m_axi|         gmem0|       pointer|
|m_axi_gmem0_BREADY     |  out|    1|          m_axi|         gmem0|       pointer|
|m_axi_gmem0_BRESP      |   in|    2|          m_axi|         gmem0|       pointer|
|m_axi_gmem0_BID        |   in|    1|          m_axi|         gmem0|       pointer|
|m_axi_gmem0_BUSER      |   in|    1|          m_axi|         gmem0|       pointer|
|m_axi_gmem1_AWVALID    |  out|    1|          m_axi|         gmem1|       pointer|
|m_axi_gmem1_AWREADY    |   in|    1|          m_axi|         gmem1|       pointer|
|m_axi_gmem1_AWADDR     |  out|   64|          m_axi|         gmem1|       pointer|
|m_axi_gmem1_AWID       |  out|    1|          m_axi|         gmem1|       pointer|
|m_axi_gmem1_AWLEN      |  out|    8|          m_axi|         gmem1|       pointer|
|m_axi_gmem1_AWSIZE     |  out|    3|          m_axi|         gmem1|       pointer|
|m_axi_gmem1_AWBURST    |  out|    2|          m_axi|         gmem1|       pointer|
|m_axi_gmem1_AWLOCK     |  out|    2|          m_axi|         gmem1|       pointer|
|m_axi_gmem1_AWCACHE    |  out|    4|          m_axi|         gmem1|       pointer|
|m_axi_gmem1_AWPROT     |  out|    3|          m_axi|         gmem1|       pointer|
|m_axi_gmem1_AWQOS      |  out|    4|          m_axi|         gmem1|       pointer|
|m_axi_gmem1_AWREGION   |  out|    4|          m_axi|         gmem1|       pointer|
|m_axi_gmem1_AWUSER     |  out|    1|          m_axi|         gmem1|       pointer|
|m_axi_gmem1_WVALID     |  out|    1|          m_axi|         gmem1|       pointer|
|m_axi_gmem1_WREADY     |   in|    1|          m_axi|         gmem1|       pointer|
|m_axi_gmem1_WDATA      |  out|  512|          m_axi|         gmem1|       pointer|
|m_axi_gmem1_WSTRB      |  out|   64|          m_axi|         gmem1|       pointer|
|m_axi_gmem1_WLAST      |  out|    1|          m_axi|         gmem1|       pointer|
|m_axi_gmem1_WID        |  out|    1|          m_axi|         gmem1|       pointer|
|m_axi_gmem1_WUSER      |  out|    1|          m_axi|         gmem1|       pointer|
|m_axi_gmem1_ARVALID    |  out|    1|          m_axi|         gmem1|       pointer|
|m_axi_gmem1_ARREADY    |   in|    1|          m_axi|         gmem1|       pointer|
|m_axi_gmem1_ARADDR     |  out|   64|          m_axi|         gmem1|       pointer|
|m_axi_gmem1_ARID       |  out|    1|          m_axi|         gmem1|       pointer|
|m_axi_gmem1_ARLEN      |  out|    8|          m_axi|         gmem1|       pointer|
|m_axi_gmem1_ARSIZE     |  out|    3|          m_axi|         gmem1|       pointer|
|m_axi_gmem1_ARBURST    |  out|    2|          m_axi|         gmem1|       pointer|
|m_axi_gmem1_ARLOCK     |  out|    2|          m_axi|         gmem1|       pointer|
|m_axi_gmem1_ARCACHE    |  out|    4|          m_axi|         gmem1|       pointer|
|m_axi_gmem1_ARPROT     |  out|    3|          m_axi|         gmem1|       pointer|
|m_axi_gmem1_ARQOS      |  out|    4|          m_axi|         gmem1|       pointer|
|m_axi_gmem1_ARREGION   |  out|    4|          m_axi|         gmem1|       pointer|
|m_axi_gmem1_ARUSER     |  out|    1|          m_axi|         gmem1|       pointer|
|m_axi_gmem1_RVALID     |   in|    1|          m_axi|         gmem1|       pointer|
|m_axi_gmem1_RREADY     |  out|    1|          m_axi|         gmem1|       pointer|
|m_axi_gmem1_RDATA      |   in|  512|          m_axi|         gmem1|       pointer|
|m_axi_gmem1_RLAST      |   in|    1|          m_axi|         gmem1|       pointer|
|m_axi_gmem1_RID        |   in|    1|          m_axi|         gmem1|       pointer|
|m_axi_gmem1_RUSER      |   in|    1|          m_axi|         gmem1|       pointer|
|m_axi_gmem1_RRESP      |   in|    2|          m_axi|         gmem1|       pointer|
|m_axi_gmem1_BVALID     |   in|    1|          m_axi|         gmem1|       pointer|
|m_axi_gmem1_BREADY     |  out|    1|          m_axi|         gmem1|       pointer|
|m_axi_gmem1_BRESP      |   in|    2|          m_axi|         gmem1|       pointer|
|m_axi_gmem1_BID        |   in|    1|          m_axi|         gmem1|       pointer|
|m_axi_gmem1_BUSER      |   in|    1|          m_axi|         gmem1|       pointer|
|m_axi_gmem_AWVALID     |  out|    1|          m_axi|          gmem|       pointer|
|m_axi_gmem_AWREADY     |   in|    1|          m_axi|          gmem|       pointer|
|m_axi_gmem_AWADDR      |  out|   64|          m_axi|          gmem|       pointer|
|m_axi_gmem_AWID        |  out|    1|          m_axi|          gmem|       pointer|
|m_axi_gmem_AWLEN       |  out|    8|          m_axi|          gmem|       pointer|
|m_axi_gmem_AWSIZE      |  out|    3|          m_axi|          gmem|       pointer|
|m_axi_gmem_AWBURST     |  out|    2|          m_axi|          gmem|       pointer|
|m_axi_gmem_AWLOCK      |  out|    2|          m_axi|          gmem|       pointer|
|m_axi_gmem_AWCACHE     |  out|    4|          m_axi|          gmem|       pointer|
|m_axi_gmem_AWPROT      |  out|    3|          m_axi|          gmem|       pointer|
|m_axi_gmem_AWQOS       |  out|    4|          m_axi|          gmem|       pointer|
|m_axi_gmem_AWREGION    |  out|    4|          m_axi|          gmem|       pointer|
|m_axi_gmem_AWUSER      |  out|    1|          m_axi|          gmem|       pointer|
|m_axi_gmem_WVALID      |  out|    1|          m_axi|          gmem|       pointer|
|m_axi_gmem_WREADY      |   in|    1|          m_axi|          gmem|       pointer|
|m_axi_gmem_WDATA       |  out|  512|          m_axi|          gmem|       pointer|
|m_axi_gmem_WSTRB       |  out|   64|          m_axi|          gmem|       pointer|
|m_axi_gmem_WLAST       |  out|    1|          m_axi|          gmem|       pointer|
|m_axi_gmem_WID         |  out|    1|          m_axi|          gmem|       pointer|
|m_axi_gmem_WUSER       |  out|    1|          m_axi|          gmem|       pointer|
|m_axi_gmem_ARVALID     |  out|    1|          m_axi|          gmem|       pointer|
|m_axi_gmem_ARREADY     |   in|    1|          m_axi|          gmem|       pointer|
|m_axi_gmem_ARADDR      |  out|   64|          m_axi|          gmem|       pointer|
|m_axi_gmem_ARID        |  out|    1|          m_axi|          gmem|       pointer|
|m_axi_gmem_ARLEN       |  out|    8|          m_axi|          gmem|       pointer|
|m_axi_gmem_ARSIZE      |  out|    3|          m_axi|          gmem|       pointer|
|m_axi_gmem_ARBURST     |  out|    2|          m_axi|          gmem|       pointer|
|m_axi_gmem_ARLOCK      |  out|    2|          m_axi|          gmem|       pointer|
|m_axi_gmem_ARCACHE     |  out|    4|          m_axi|          gmem|       pointer|
|m_axi_gmem_ARPROT      |  out|    3|          m_axi|          gmem|       pointer|
|m_axi_gmem_ARQOS       |  out|    4|          m_axi|          gmem|       pointer|
|m_axi_gmem_ARREGION    |  out|    4|          m_axi|          gmem|       pointer|
|m_axi_gmem_ARUSER      |  out|    1|          m_axi|          gmem|       pointer|
|m_axi_gmem_RVALID      |   in|    1|          m_axi|          gmem|       pointer|
|m_axi_gmem_RREADY      |  out|    1|          m_axi|          gmem|       pointer|
|m_axi_gmem_RDATA       |   in|  512|          m_axi|          gmem|       pointer|
|m_axi_gmem_RLAST       |   in|    1|          m_axi|          gmem|       pointer|
|m_axi_gmem_RID         |   in|    1|          m_axi|          gmem|       pointer|
|m_axi_gmem_RUSER       |   in|    1|          m_axi|          gmem|       pointer|
|m_axi_gmem_RRESP       |   in|    2|          m_axi|          gmem|       pointer|
|m_axi_gmem_BVALID      |   in|    1|          m_axi|          gmem|       pointer|
|m_axi_gmem_BREADY      |  out|    1|          m_axi|          gmem|       pointer|
|m_axi_gmem_BRESP       |   in|    2|          m_axi|          gmem|       pointer|
|m_axi_gmem_BID         |   in|    1|          m_axi|          gmem|       pointer|
|m_axi_gmem_BUSER       |   in|    1|          m_axi|          gmem|       pointer|
+-----------------------+-----+-----+---------------+--------------+--------------+

