

================================================================
== Vitis HLS Report for 'gemm2_Pipeline_load_tile_A_VITIS_LOOP_63_1'
================================================================
* Date:           Fri May 29 17:40:19 2026

* Version:        2023.2 (Build 4023990 on Oct 11 2023)
* Project:        hls_project
* Solution:       gemm2 (Vitis Kernel Flow Target)
* Product family: zynquplus
* Target device:  xczu7ev-ffvc1156-2-e


================================================================
== Performance Estimates
================================================================
+ Timing: 
    * Summary: 
    +--------+---------+----------+------------+
    |  Clock |  Target | Estimated| Uncertainty|
    +--------+---------+----------+------------+
    |ap_clk  |  3.33 ns|  2.419 ns|     0.90 ns|
    +--------+---------+----------+------------+

+ Latency: 
    * Summary: 
    +---------+---------+----------+----------+-----+-----+---------+
    |  Latency (cycles) |  Latency (absolute) |  Interval | Pipeline|
    |   min   |   max   |    min   |    max   | min | max |   Type  |
    +---------+---------+----------+----------+-----+-----+---------+
    |      132|      132|  0.440 us|  0.440 us|  132|  132|       no|
    +---------+---------+----------+----------+-----+-----+---------+

    + Detail: 
        * Instance: 
        N/A

        * Loop: 
        +-------------------------------+---------+---------+----------+-----------+-----------+------+----------+
        |                               |  Latency (cycles) | Iteration|  Initiation Interval  | Trip |          |
        |           Loop Name           |   min   |   max   |  Latency |  achieved |   target  | Count| Pipelined|
        +-------------------------------+---------+---------+----------+-----------+-----------+------+----------+
        |- load_tile_A_VITIS_LOOP_63_1  |      130|      130|         4|          1|          1|   128|       yes|
        +-------------------------------+---------+---------+----------+-----------+-----------+------+----------+



================================================================
== Utilization Estimates
================================================================
* Summary: 
+-----------------+---------+------+--------+--------+-----+
|       Name      | BRAM_18K|  DSP |   FF   |   LUT  | URAM|
+-----------------+---------+------+--------+--------+-----+
|DSP              |        -|     -|       -|       -|    -|
|Expression       |        -|     -|       0|      79|    -|
|FIFO             |        -|     -|       -|       -|    -|
|Instance         |        -|     -|       -|       -|    -|
|Memory           |        -|     -|       -|       -|    -|
|Multiplexer      |        -|     -|       -|      72|    -|
|Register         |        -|     -|     229|      64|    -|
+-----------------+---------+------+--------+--------+-----+
|Total            |        0|     0|     229|     215|    0|
+-----------------+---------+------+--------+--------+-----+
|Available        |      624|  1728|  460800|  230400|   96|
+-----------------+---------+------+--------+--------+-----+
|Utilization (%)  |        0|     0|      ~0|      ~0|    0|
+-----------------+---------+------+--------+--------+-----+

+ Detail: 
    * Instance: 
    N/A

    * DSP: 
    N/A

    * Memory: 
    N/A

    * FIFO: 
    N/A

    * Expression: 
    +-------------------------+----------+----+---+----+------------+------------+
    |      Variable Name      | Operation| DSP| FF| LUT| Bitwidth P0| Bitwidth P1|
    +-------------------------+----------+----+---+----+------------+------------+
    |add_ln62_1_fu_148_p2     |         +|   0|  0|  15|           8|           1|
    |add_ln62_fu_160_p2       |         +|   0|  0|  12|           5|           1|
    |add_ln63_fu_210_p2       |         +|   0|  0|  12|           5|           2|
    |empty_45_fu_194_p2       |         +|   0|  0|  12|           5|           5|
    |icmp_ln62_fu_142_p2      |      icmp|   0|  0|  16|           8|           9|
    |select_ln62_1_fu_182_p3  |    select|   0|  0|   5|           1|           5|
    |select_ln62_fu_174_p3    |    select|   0|  0|   5|           1|           1|
    |ap_enable_pp0            |       xor|   0|  0|   2|           1|           2|
    +-------------------------+----------+----+---+----+------------+------------+
    |Total                    |          |   0|  0|  79|          34|          26|
    +-------------------------+----------+----+---+----+------------+------------+

    * Multiplexer: 
    +--------------------------------------+----+-----------+-----+-----------+
    |                 Name                 | LUT| Input Size| Bits| Total Bits|
    +--------------------------------------+----+-----------+-----+-----------+
    |ap_done_int                           |   9|          2|    1|          2|
    |ap_enable_reg_pp0_iter1               |   9|          2|    1|          2|
    |ap_sig_allocacmp_i_2_load             |   9|          2|    5|         10|
    |ap_sig_allocacmp_indvar_flatten_load  |   9|          2|    8|         16|
    |ap_sig_allocacmp_k_2_load             |   9|          2|    5|         10|
    |i_2_fu_58                             |   9|          2|    5|         10|
    |indvar_flatten_fu_62                  |   9|          2|    8|         16|
    |k_2_fu_54                             |   9|          2|    5|         10|
    +--------------------------------------+----+-----------+-----+-----------+
    |Total                                 |  72|         16|   38|         76|
    +--------------------------------------+----+-----------+-----+-----------+

    * Register: 
    +----------------------------------+----+----+-----+-----------+
    |               Name               | FF | LUT| Bits| Const Bits|
    +----------------------------------+----+----+-----+-----------+
    |A_BUF_2_load_reg_311              |  32|   0|   32|          0|
    |A_BUF_load_reg_306                |  32|   0|   32|          0|
    |ap_CS_fsm                         |   1|   0|    1|          0|
    |ap_done_reg                       |   1|   0|    1|          0|
    |ap_enable_reg_pp0_iter1           |   1|   0|    1|          0|
    |ap_enable_reg_pp0_iter2           |   1|   0|    1|          0|
    |ap_enable_reg_pp0_iter3           |   1|   0|    1|          0|
    |ap_loop_exit_ready_pp0_iter1_reg  |   1|   0|    1|          0|
    |ap_loop_exit_ready_pp0_iter2_reg  |   1|   0|    1|          0|
    |empty_45_reg_285                  |   5|   0|    5|          0|
    |empty_reg_280                     |   4|   0|    4|          0|
    |i_2_fu_58                         |   5|   0|    5|          0|
    |indvar_flatten_fu_62              |   8|   0|    8|          0|
    |k_2_fu_54                         |   5|   0|    5|          0|
    |lshr_ln2_reg_290                  |   3|   0|    3|          0|
    |empty_reg_280                     |  64|  32|    4|          0|
    |lshr_ln2_reg_290                  |  64|  32|    3|          0|
    +----------------------------------+----+----+-----+-----------+
    |Total                             | 229|  64|  108|          0|
    +----------------------------------+----+----+-----+-----------+



================================================================
== Interface
================================================================
* Summary: 
+-------------------+-----+-----+------------+--------------------------------------------+--------------+
|     RTL Ports     | Dir | Bits|  Protocol  |                Source Object               |    C Type    |
+-------------------+-----+-----+------------+--------------------------------------------+--------------+
|ap_clk             |   in|    1|  ap_ctrl_hs|  gemm2_Pipeline_load_tile_A_VITIS_LOOP_63_1|  return value|
|ap_rst             |   in|    1|  ap_ctrl_hs|  gemm2_Pipeline_load_tile_A_VITIS_LOOP_63_1|  return value|
|ap_start           |   in|    1|  ap_ctrl_hs|  gemm2_Pipeline_load_tile_A_VITIS_LOOP_63_1|  return value|
|ap_done            |  out|    1|  ap_ctrl_hs|  gemm2_Pipeline_load_tile_A_VITIS_LOOP_63_1|  return value|
|ap_idle            |  out|    1|  ap_ctrl_hs|  gemm2_Pipeline_load_tile_A_VITIS_LOOP_63_1|  return value|
|ap_ready           |  out|    1|  ap_ctrl_hs|  gemm2_Pipeline_load_tile_A_VITIS_LOOP_63_1|  return value|
|tmp_11             |   in|    5|     ap_none|                                      tmp_11|        scalar|
|A_BUF_address0     |  out|    8|   ap_memory|                                       A_BUF|         array|
|A_BUF_ce0          |  out|    1|   ap_memory|                                       A_BUF|         array|
|A_BUF_q0           |   in|   32|   ap_memory|                                       A_BUF|         array|
|A_BUF_2_address0   |  out|    8|   ap_memory|                                     A_BUF_2|         array|
|A_BUF_2_ce0        |  out|    1|   ap_memory|                                     A_BUF_2|         array|
|A_BUF_2_q0         |   in|   32|   ap_memory|                                     A_BUF_2|         array|
|A_TILE_address0    |  out|    7|   ap_memory|                                      A_TILE|         array|
|A_TILE_ce0         |  out|    1|   ap_memory|                                      A_TILE|         array|
|A_TILE_we0         |  out|    1|   ap_memory|                                      A_TILE|         array|
|A_TILE_d0          |  out|   32|   ap_memory|                                      A_TILE|         array|
|A_TILE_1_address0  |  out|    7|   ap_memory|                                    A_TILE_1|         array|
|A_TILE_1_ce0       |  out|    1|   ap_memory|                                    A_TILE_1|         array|
|A_TILE_1_we0       |  out|    1|   ap_memory|                                    A_TILE_1|         array|
|A_TILE_1_d0        |  out|   32|   ap_memory|                                    A_TILE_1|         array|
+-------------------+-----+-----+------------+--------------------------------------------+--------------+

