

================================================================
== Vitis HLS Report for 'loader_A_tiles5'
================================================================
* Date:           Tue Jun  2 20:38:05 2026

* Version:        2023.2 (Build 4023990 on Oct 11 2023)
* Project:        hls_project
* Solution:       gemm2 (Vitis Kernel Flow Target)
* Product family: versalaicore
* Target device:  xcvc1902-vsva2197-2MP-e-S


================================================================
== Performance Estimates
================================================================
+ Timing: 
    * Summary: 
    +--------+---------+----------+------------+
    |  Clock |  Target | Estimated| Uncertainty|
    +--------+---------+----------+------------+
    |ap_clk  |  3.33 ns|  2.504 ns|     0.90 ns|
    +--------+---------+----------+------------+

+ Latency: 
    * Summary: 
    +---------+---------+----------+----------+-----+-----+---------+
    |  Latency (cycles) |  Latency (absolute) |  Interval | Pipeline|
    |   min   |   max   |    min   |    max   | min | max |   Type  |
    +---------+---------+----------+----------+-----+-----+---------+
    |      258|      258|  0.860 us|  0.860 us|  258|  258|       no|
    +---------+---------+----------+----------+-----+-----+---------+

    + Detail: 
        * Instance: 
        N/A

        * Loop: 
        +----------------------------------+---------+---------+----------+-----------+-----------+------+----------+
        |                                  |  Latency (cycles) | Iteration|  Initiation Interval  | Trip |          |
        |             Loop Name            |   min   |   max   |  Latency |  achieved |   target  | Count| Pipelined|
        +----------------------------------+---------+---------+----------+-----------+-----------+------+----------+
        |- VITIS_LOOP_9_1_VITIS_LOOP_10_2  |      256|      256|         2|          1|          1|   256|       yes|
        +----------------------------------+---------+---------+----------+-----------+-----------+------+----------+



================================================================
== Utilization Estimates
================================================================
* Summary: 
+-----------------+---------+------+---------+--------+-----+
|       Name      | BRAM_18K|  DSP |    FF   |   LUT  | URAM|
+-----------------+---------+------+---------+--------+-----+
|DSP              |        -|     -|        -|       -|    -|
|Expression       |        -|     -|        0|      79|    -|
|FIFO             |        -|     -|        -|       -|    -|
|Instance         |        -|     -|        -|       -|    -|
|Memory           |        -|     -|        -|       -|    -|
|Multiplexer      |        -|     -|        -|     106|    -|
|Register         |        -|     -|       28|       -|    -|
+-----------------+---------+------+---------+--------+-----+
|Total            |        0|     0|       28|     185|    0|
+-----------------+---------+------+---------+--------+-----+
|Available        |     1934|  1968|  1799680|  899840|  463|
+-----------------+---------+------+---------+--------+-----+
|Utilization (%)  |        0|     0|       ~0|      ~0|    0|
+-----------------+---------+------+---------+--------+-----+

+ Detail: 
    * Instance: 
    N/A

    * DSP: 
    N/A

    * Memory: 
    N/A

    * FIFO: 
    N/A

    * Expression: 
    +----------------------------------+----------+----+---+----+------------+------------+
    |           Variable Name          | Operation| DSP| FF| LUT| Bitwidth P0| Bitwidth P1|
    +----------------------------------+----------+----+---+----+------------+------------+
    |add_ln10_fu_556_p2                |         +|   0|  0|   5|           5|           1|
    |add_ln9_1_fu_460_p2               |         +|   0|  0|   9|           9|           1|
    |add_ln9_fu_484_p2                 |         +|   0|  0|   5|           5|           1|
    |ap_condition_509                  |       and|   0|  0|   2|           1|           1|
    |icmp_ln10_fu_490_p2               |      icmp|   0|  0|   6|           5|           6|
    |icmp_ln9_fu_466_p2                |      icmp|   0|  0|  10|           9|          10|
    |ap_block_pp0_stage0_01001         |        or|   0|  0|   2|           1|           1|
    |ap_block_state2_pp0_stage0_iter1  |        or|   0|  0|   2|           1|           1|
    |select_ln13_fu_598_p3             |    select|   0|  0|  26|           1|          32|
    |select_ln9_1_fu_504_p3            |    select|   0|  0|   5|           1|           5|
    |select_ln9_fu_496_p3              |    select|   0|  0|   5|           1|           1|
    |ap_enable_pp0                     |       xor|   0|  0|   2|           1|           2|
    +----------------------------------+----------+----+---+----+------------+------------+
    |Total                             |          |   0|  0|  79|          40|          62|
    +----------------------------------+----------+----+---+----+------------+------------+

    * Multiplexer: 
    +--------------------------------------+----+-----------+-----+-----------+
    |                 Name                 | LUT| Input Size| Bits| Total Bits|
    +--------------------------------------+----+-----------+-----+-----------+
    |A_streams_0_0_blk_n                   |   2|          2|    1|          2|
    |A_streams_0_10_blk_n                  |   2|          2|    1|          2|
    |A_streams_0_11_blk_n                  |   2|          2|    1|          2|
    |A_streams_0_12_blk_n                  |   2|          2|    1|          2|
    |A_streams_0_13_blk_n                  |   2|          2|    1|          2|
    |A_streams_0_14_blk_n                  |   2|          2|    1|          2|
    |A_streams_0_15_blk_n                  |   2|          2|    1|          2|
    |A_streams_0_1_blk_n                   |   2|          2|    1|          2|
    |A_streams_0_2_blk_n                   |   2|          2|    1|          2|
    |A_streams_0_3_blk_n                   |   2|          2|    1|          2|
    |A_streams_0_4_blk_n                   |   2|          2|    1|          2|
    |A_streams_0_5_blk_n                   |   2|          2|    1|          2|
    |A_streams_0_6_blk_n                   |   2|          2|    1|          2|
    |A_streams_0_7_blk_n                   |   2|          2|    1|          2|
    |A_streams_0_8_blk_n                   |   2|          2|    1|          2|
    |A_streams_0_9_blk_n                   |   2|          2|    1|          2|
    |A_streams_1_0_blk_n                   |   2|          2|    1|          2|
    |A_streams_1_10_blk_n                  |   2|          2|    1|          2|
    |A_streams_1_11_blk_n                  |   2|          2|    1|          2|
    |A_streams_1_12_blk_n                  |   2|          2|    1|          2|
    |A_streams_1_13_blk_n                  |   2|          2|    1|          2|
    |A_streams_1_14_blk_n                  |   2|          2|    1|          2|
    |A_streams_1_15_blk_n                  |   2|          2|    1|          2|
    |A_streams_1_1_blk_n                   |   2|          2|    1|          2|
    |A_streams_1_2_blk_n                   |   2|          2|    1|          2|
    |A_streams_1_3_blk_n                   |   2|          2|    1|          2|
    |A_streams_1_4_blk_n                   |   2|          2|    1|          2|
    |A_streams_1_5_blk_n                   |   2|          2|    1|          2|
    |A_streams_1_6_blk_n                   |   2|          2|    1|          2|
    |A_streams_1_7_blk_n                   |   2|          2|    1|          2|
    |A_streams_1_8_blk_n                   |   2|          2|    1|          2|
    |A_streams_1_9_blk_n                   |   2|          2|    1|          2|
    |ap_done_int                           |   2|          2|    1|          2|
    |ap_enable_reg_pp0_iter1               |   2|          2|    1|          2|
    |ap_sig_allocacmp_i_load               |   5|          2|    5|         10|
    |ap_sig_allocacmp_indvar_flatten_load  |   8|          2|    9|         18|
    |ap_sig_allocacmp_k_load               |   5|          2|    5|         10|
    |i_fu_154                              |   5|          2|    5|         10|
    |indvar_flatten_fu_158                 |   8|          2|    9|         18|
    |k_fu_150                              |   5|          2|    5|         10|
    |real_start                            |   2|          2|    1|          2|
    +--------------------------------------+----+-----------+-----+-----------+
    |Total                                 | 106|         82|   73|        146|
    +--------------------------------------+----+-----------+-----+-----------+

    * Register: 
    +-------------------------+---+----+-----+-----------+
    |           Name          | FF| LUT| Bits| Const Bits|
    +-------------------------+---+----+-----+-----------+
    |ap_CS_fsm                |  1|   0|    1|          0|
    |ap_done_reg              |  1|   0|    1|          0|
    |ap_enable_reg_pp0_iter1  |  1|   0|    1|          0|
    |i_fu_154                 |  5|   0|    5|          0|
    |indvar_flatten_fu_158    |  9|   0|    9|          0|
    |k_fu_150                 |  5|   0|    5|          0|
    |start_once_reg           |  1|   0|    1|          0|
    |trunc_ln10_1_reg_672     |  4|   0|    4|          0|
    |trunc_ln10_2_reg_676     |  1|   0|    1|          0|
    +-------------------------+---+----+-----+-----------+
    |Total                    | 28|   0|   28|          0|
    +-------------------------+---+----+-----+-----------+



================================================================
== Interface
================================================================
* Summary: 
+-------------------------------+-----+-----+------------+-----------------+--------------+
|           RTL Ports           | Dir | Bits|  Protocol  |  Source Object  |    C Type    |
+-------------------------------+-----+-----+------------+-----------------+--------------+
|ap_clk                         |   in|    1|  ap_ctrl_hs|  loader_A_tiles5|  return value|
|ap_rst                         |   in|    1|  ap_ctrl_hs|  loader_A_tiles5|  return value|
|ap_start                       |   in|    1|  ap_ctrl_hs|  loader_A_tiles5|  return value|
|start_full_n                   |   in|    1|  ap_ctrl_hs|  loader_A_tiles5|  return value|
|ap_done                        |  out|    1|  ap_ctrl_hs|  loader_A_tiles5|  return value|
|ap_continue                    |   in|    1|  ap_ctrl_hs|  loader_A_tiles5|  return value|
|ap_idle                        |  out|    1|  ap_ctrl_hs|  loader_A_tiles5|  return value|
|ap_ready                       |  out|    1|  ap_ctrl_hs|  loader_A_tiles5|  return value|
|start_out                      |  out|    1|  ap_ctrl_hs|  loader_A_tiles5|  return value|
|start_write                    |  out|    1|  ap_ctrl_hs|  loader_A_tiles5|  return value|
|A_streams_0_14_din             |  out|   32|     ap_fifo|   A_streams_0_14|       pointer|
|A_streams_0_14_num_data_valid  |   in|    3|     ap_fifo|   A_streams_0_14|       pointer|
|A_streams_0_14_fifo_cap        |   in|    3|     ap_fifo|   A_streams_0_14|       pointer|
|A_streams_0_14_full_n          |   in|    1|     ap_fifo|   A_streams_0_14|       pointer|
|A_streams_0_14_write           |  out|    1|     ap_fifo|   A_streams_0_14|       pointer|
|A_streams_1_14_din             |  out|   32|     ap_fifo|   A_streams_1_14|       pointer|
|A_streams_1_14_num_data_valid  |   in|    3|     ap_fifo|   A_streams_1_14|       pointer|
|A_streams_1_14_fifo_cap        |   in|    3|     ap_fifo|   A_streams_1_14|       pointer|
|A_streams_1_14_full_n          |   in|    1|     ap_fifo|   A_streams_1_14|       pointer|
|A_streams_1_14_write           |  out|    1|     ap_fifo|   A_streams_1_14|       pointer|
|A_streams_0_13_din             |  out|   32|     ap_fifo|   A_streams_0_13|       pointer|
|A_streams_0_13_num_data_valid  |   in|    3|     ap_fifo|   A_streams_0_13|       pointer|
|A_streams_0_13_fifo_cap        |   in|    3|     ap_fifo|   A_streams_0_13|       pointer|
|A_streams_0_13_full_n          |   in|    1|     ap_fifo|   A_streams_0_13|       pointer|
|A_streams_0_13_write           |  out|    1|     ap_fifo|   A_streams_0_13|       pointer|
|A_streams_1_13_din             |  out|   32|     ap_fifo|   A_streams_1_13|       pointer|
|A_streams_1_13_num_data_valid  |   in|    3|     ap_fifo|   A_streams_1_13|       pointer|
|A_streams_1_13_fifo_cap        |   in|    3|     ap_fifo|   A_streams_1_13|       pointer|
|A_streams_1_13_full_n          |   in|    1|     ap_fifo|   A_streams_1_13|       pointer|
|A_streams_1_13_write           |  out|    1|     ap_fifo|   A_streams_1_13|       pointer|
|A_streams_0_12_din             |  out|   32|     ap_fifo|   A_streams_0_12|       pointer|
|A_streams_0_12_num_data_valid  |   in|    3|     ap_fifo|   A_streams_0_12|       pointer|
|A_streams_0_12_fifo_cap        |   in|    3|     ap_fifo|   A_streams_0_12|       pointer|
|A_streams_0_12_full_n          |   in|    1|     ap_fifo|   A_streams_0_12|       pointer|
|A_streams_0_12_write           |  out|    1|     ap_fifo|   A_streams_0_12|       pointer|
|A_streams_1_12_din             |  out|   32|     ap_fifo|   A_streams_1_12|       pointer|
|A_streams_1_12_num_data_valid  |   in|    3|     ap_fifo|   A_streams_1_12|       pointer|
|A_streams_1_12_fifo_cap        |   in|    3|     ap_fifo|   A_streams_1_12|       pointer|
|A_streams_1_12_full_n          |   in|    1|     ap_fifo|   A_streams_1_12|       pointer|
|A_streams_1_12_write           |  out|    1|     ap_fifo|   A_streams_1_12|       pointer|
|A_streams_0_11_din             |  out|   32|     ap_fifo|   A_streams_0_11|       pointer|
|A_streams_0_11_num_data_valid  |   in|    3|     ap_fifo|   A_streams_0_11|       pointer|
|A_streams_0_11_fifo_cap        |   in|    3|     ap_fifo|   A_streams_0_11|       pointer|
|A_streams_0_11_full_n          |   in|    1|     ap_fifo|   A_streams_0_11|       pointer|
|A_streams_0_11_write           |  out|    1|     ap_fifo|   A_streams_0_11|       pointer|
|A_streams_1_11_din             |  out|   32|     ap_fifo|   A_streams_1_11|       pointer|
|A_streams_1_11_num_data_valid  |   in|    3|     ap_fifo|   A_streams_1_11|       pointer|
|A_streams_1_11_fifo_cap        |   in|    3|     ap_fifo|   A_streams_1_11|       pointer|
|A_streams_1_11_full_n          |   in|    1|     ap_fifo|   A_streams_1_11|       pointer|
|A_streams_1_11_write           |  out|    1|     ap_fifo|   A_streams_1_11|       pointer|
|A_streams_0_10_din             |  out|   32|     ap_fifo|   A_streams_0_10|       pointer|
|A_streams_0_10_num_data_valid  |   in|    3|     ap_fifo|   A_streams_0_10|       pointer|
|A_streams_0_10_fifo_cap        |   in|    3|     ap_fifo|   A_streams_0_10|       pointer|
|A_streams_0_10_full_n          |   in|    1|     ap_fifo|   A_streams_0_10|       pointer|
|A_streams_0_10_write           |  out|    1|     ap_fifo|   A_streams_0_10|       pointer|
|A_streams_1_10_din             |  out|   32|     ap_fifo|   A_streams_1_10|       pointer|
|A_streams_1_10_num_data_valid  |   in|    3|     ap_fifo|   A_streams_1_10|       pointer|
|A_streams_1_10_fifo_cap        |   in|    3|     ap_fifo|   A_streams_1_10|       pointer|
|A_streams_1_10_full_n          |   in|    1|     ap_fifo|   A_streams_1_10|       pointer|
|A_streams_1_10_write           |  out|    1|     ap_fifo|   A_streams_1_10|       pointer|
|A_streams_0_9_din              |  out|   32|     ap_fifo|    A_streams_0_9|       pointer|
|A_streams_0_9_num_data_valid   |   in|    3|     ap_fifo|    A_streams_0_9|       pointer|
|A_streams_0_9_fifo_cap         |   in|    3|     ap_fifo|    A_streams_0_9|       pointer|
|A_streams_0_9_full_n           |   in|    1|     ap_fifo|    A_streams_0_9|       pointer|
|A_streams_0_9_write            |  out|    1|     ap_fifo|    A_streams_0_9|       pointer|
|A_streams_1_9_din              |  out|   32|     ap_fifo|    A_streams_1_9|       pointer|
|A_streams_1_9_num_data_valid   |   in|    3|     ap_fifo|    A_streams_1_9|       pointer|
|A_streams_1_9_fifo_cap         |   in|    3|     ap_fifo|    A_streams_1_9|       pointer|
|A_streams_1_9_full_n           |   in|    1|     ap_fifo|    A_streams_1_9|       pointer|
|A_streams_1_9_write            |  out|    1|     ap_fifo|    A_streams_1_9|       pointer|
|A_streams_0_8_din              |  out|   32|     ap_fifo|    A_streams_0_8|       pointer|
|A_streams_0_8_num_data_valid   |   in|    3|     ap_fifo|    A_streams_0_8|       pointer|
|A_streams_0_8_fifo_cap         |   in|    3|     ap_fifo|    A_streams_0_8|       pointer|
|A_streams_0_8_full_n           |   in|    1|     ap_fifo|    A_streams_0_8|       pointer|
|A_streams_0_8_write            |  out|    1|     ap_fifo|    A_streams_0_8|       pointer|
|A_streams_1_8_din              |  out|   32|     ap_fifo|    A_streams_1_8|       pointer|
|A_streams_1_8_num_data_valid   |   in|    3|     ap_fifo|    A_streams_1_8|       pointer|
|A_streams_1_8_fifo_cap         |   in|    3|     ap_fifo|    A_streams_1_8|       pointer|
|A_streams_1_8_full_n           |   in|    1|     ap_fifo|    A_streams_1_8|       pointer|
|A_streams_1_8_write            |  out|    1|     ap_fifo|    A_streams_1_8|       pointer|
|A_streams_0_7_din              |  out|   32|     ap_fifo|    A_streams_0_7|       pointer|
|A_streams_0_7_num_data_valid   |   in|    3|     ap_fifo|    A_streams_0_7|       pointer|
|A_streams_0_7_fifo_cap         |   in|    3|     ap_fifo|    A_streams_0_7|       pointer|
|A_streams_0_7_full_n           |   in|    1|     ap_fifo|    A_streams_0_7|       pointer|
|A_streams_0_7_write            |  out|    1|     ap_fifo|    A_streams_0_7|       pointer|
|A_streams_1_7_din              |  out|   32|     ap_fifo|    A_streams_1_7|       pointer|
|A_streams_1_7_num_data_valid   |   in|    3|     ap_fifo|    A_streams_1_7|       pointer|
|A_streams_1_7_fifo_cap         |   in|    3|     ap_fifo|    A_streams_1_7|       pointer|
|A_streams_1_7_full_n           |   in|    1|     ap_fifo|    A_streams_1_7|       pointer|
|A_streams_1_7_write            |  out|    1|     ap_fifo|    A_streams_1_7|       pointer|
|A_streams_0_6_din              |  out|   32|     ap_fifo|    A_streams_0_6|       pointer|
|A_streams_0_6_num_data_valid   |   in|    3|     ap_fifo|    A_streams_0_6|       pointer|
|A_streams_0_6_fifo_cap         |   in|    3|     ap_fifo|    A_streams_0_6|       pointer|
|A_streams_0_6_full_n           |   in|    1|     ap_fifo|    A_streams_0_6|       pointer|
|A_streams_0_6_write            |  out|    1|     ap_fifo|    A_streams_0_6|       pointer|
|A_streams_1_6_din              |  out|   32|     ap_fifo|    A_streams_1_6|       pointer|
|A_streams_1_6_num_data_valid   |   in|    3|     ap_fifo|    A_streams_1_6|       pointer|
|A_streams_1_6_fifo_cap         |   in|    3|     ap_fifo|    A_streams_1_6|       pointer|
|A_streams_1_6_full_n           |   in|    1|     ap_fifo|    A_streams_1_6|       pointer|
|A_streams_1_6_write            |  out|    1|     ap_fifo|    A_streams_1_6|       pointer|
|A_streams_0_5_din              |  out|   32|     ap_fifo|    A_streams_0_5|       pointer|
|A_streams_0_5_num_data_valid   |   in|    3|     ap_fifo|    A_streams_0_5|       pointer|
|A_streams_0_5_fifo_cap         |   in|    3|     ap_fifo|    A_streams_0_5|       pointer|
|A_streams_0_5_full_n           |   in|    1|     ap_fifo|    A_streams_0_5|       pointer|
|A_streams_0_5_write            |  out|    1|     ap_fifo|    A_streams_0_5|       pointer|
|A_streams_1_5_din              |  out|   32|     ap_fifo|    A_streams_1_5|       pointer|
|A_streams_1_5_num_data_valid   |   in|    3|     ap_fifo|    A_streams_1_5|       pointer|
|A_streams_1_5_fifo_cap         |   in|    3|     ap_fifo|    A_streams_1_5|       pointer|
|A_streams_1_5_full_n           |   in|    1|     ap_fifo|    A_streams_1_5|       pointer|
|A_streams_1_5_write            |  out|    1|     ap_fifo|    A_streams_1_5|       pointer|
|A_streams_0_4_din              |  out|   32|     ap_fifo|    A_streams_0_4|       pointer|
|A_streams_0_4_num_data_valid   |   in|    3|     ap_fifo|    A_streams_0_4|       pointer|
|A_streams_0_4_fifo_cap         |   in|    3|     ap_fifo|    A_streams_0_4|       pointer|
|A_streams_0_4_full_n           |   in|    1|     ap_fifo|    A_streams_0_4|       pointer|
|A_streams_0_4_write            |  out|    1|     ap_fifo|    A_streams_0_4|       pointer|
|A_streams_1_4_din              |  out|   32|     ap_fifo|    A_streams_1_4|       pointer|
|A_streams_1_4_num_data_valid   |   in|    3|     ap_fifo|    A_streams_1_4|       pointer|
|A_streams_1_4_fifo_cap         |   in|    3|     ap_fifo|    A_streams_1_4|       pointer|
|A_streams_1_4_full_n           |   in|    1|     ap_fifo|    A_streams_1_4|       pointer|
|A_streams_1_4_write            |  out|    1|     ap_fifo|    A_streams_1_4|       pointer|
|A_streams_0_3_din              |  out|   32|     ap_fifo|    A_streams_0_3|       pointer|
|A_streams_0_3_num_data_valid   |   in|    3|     ap_fifo|    A_streams_0_3|       pointer|
|A_streams_0_3_fifo_cap         |   in|    3|     ap_fifo|    A_streams_0_3|       pointer|
|A_streams_0_3_full_n           |   in|    1|     ap_fifo|    A_streams_0_3|       pointer|
|A_streams_0_3_write            |  out|    1|     ap_fifo|    A_streams_0_3|       pointer|
|A_streams_1_3_din              |  out|   32|     ap_fifo|    A_streams_1_3|       pointer|
|A_streams_1_3_num_data_valid   |   in|    3|     ap_fifo|    A_streams_1_3|       pointer|
|A_streams_1_3_fifo_cap         |   in|    3|     ap_fifo|    A_streams_1_3|       pointer|
|A_streams_1_3_full_n           |   in|    1|     ap_fifo|    A_streams_1_3|       pointer|
|A_streams_1_3_write            |  out|    1|     ap_fifo|    A_streams_1_3|       pointer|
|A_streams_0_2_din              |  out|   32|     ap_fifo|    A_streams_0_2|       pointer|
|A_streams_0_2_num_data_valid   |   in|    3|     ap_fifo|    A_streams_0_2|       pointer|
|A_streams_0_2_fifo_cap         |   in|    3|     ap_fifo|    A_streams_0_2|       pointer|
|A_streams_0_2_full_n           |   in|    1|     ap_fifo|    A_streams_0_2|       pointer|
|A_streams_0_2_write            |  out|    1|     ap_fifo|    A_streams_0_2|       pointer|
|A_streams_1_2_din              |  out|   32|     ap_fifo|    A_streams_1_2|       pointer|
|A_streams_1_2_num_data_valid   |   in|    3|     ap_fifo|    A_streams_1_2|       pointer|
|A_streams_1_2_fifo_cap         |   in|    3|     ap_fifo|    A_streams_1_2|       pointer|
|A_streams_1_2_full_n           |   in|    1|     ap_fifo|    A_streams_1_2|       pointer|
|A_streams_1_2_write            |  out|    1|     ap_fifo|    A_streams_1_2|       pointer|
|A_streams_0_1_din              |  out|   32|     ap_fifo|    A_streams_0_1|       pointer|
|A_streams_0_1_num_data_valid   |   in|    3|     ap_fifo|    A_streams_0_1|       pointer|
|A_streams_0_1_fifo_cap         |   in|    3|     ap_fifo|    A_streams_0_1|       pointer|
|A_streams_0_1_full_n           |   in|    1|     ap_fifo|    A_streams_0_1|       pointer|
|A_streams_0_1_write            |  out|    1|     ap_fifo|    A_streams_0_1|       pointer|
|A_streams_1_1_din              |  out|   32|     ap_fifo|    A_streams_1_1|       pointer|
|A_streams_1_1_num_data_valid   |   in|    3|     ap_fifo|    A_streams_1_1|       pointer|
|A_streams_1_1_fifo_cap         |   in|    3|     ap_fifo|    A_streams_1_1|       pointer|
|A_streams_1_1_full_n           |   in|    1|     ap_fifo|    A_streams_1_1|       pointer|
|A_streams_1_1_write            |  out|    1|     ap_fifo|    A_streams_1_1|       pointer|
|A_streams_0_0_din              |  out|   32|     ap_fifo|    A_streams_0_0|       pointer|
|A_streams_0_0_num_data_valid   |   in|    3|     ap_fifo|    A_streams_0_0|       pointer|
|A_streams_0_0_fifo_cap         |   in|    3|     ap_fifo|    A_streams_0_0|       pointer|
|A_streams_0_0_full_n           |   in|    1|     ap_fifo|    A_streams_0_0|       pointer|
|A_streams_0_0_write            |  out|    1|     ap_fifo|    A_streams_0_0|       pointer|
|A_streams_1_0_din              |  out|   32|     ap_fifo|    A_streams_1_0|       pointer|
|A_streams_1_0_num_data_valid   |   in|    3|     ap_fifo|    A_streams_1_0|       pointer|
|A_streams_1_0_fifo_cap         |   in|    3|     ap_fifo|    A_streams_1_0|       pointer|
|A_streams_1_0_full_n           |   in|    1|     ap_fifo|    A_streams_1_0|       pointer|
|A_streams_1_0_write            |  out|    1|     ap_fifo|    A_streams_1_0|       pointer|
|A_streams_0_15_din             |  out|   32|     ap_fifo|   A_streams_0_15|       pointer|
|A_streams_0_15_num_data_valid  |   in|    3|     ap_fifo|   A_streams_0_15|       pointer|
|A_streams_0_15_fifo_cap        |   in|    3|     ap_fifo|   A_streams_0_15|       pointer|
|A_streams_0_15_full_n          |   in|    1|     ap_fifo|   A_streams_0_15|       pointer|
|A_streams_0_15_write           |  out|    1|     ap_fifo|   A_streams_0_15|       pointer|
|A_streams_1_15_din             |  out|   32|     ap_fifo|   A_streams_1_15|       pointer|
|A_streams_1_15_num_data_valid  |   in|    3|     ap_fifo|   A_streams_1_15|       pointer|
|A_streams_1_15_fifo_cap        |   in|    3|     ap_fifo|   A_streams_1_15|       pointer|
|A_streams_1_15_full_n          |   in|    1|     ap_fifo|   A_streams_1_15|       pointer|
|A_streams_1_15_write           |  out|    1|     ap_fifo|   A_streams_1_15|       pointer|
|A_0_address0                   |  out|    7|   ap_memory|              A_0|         array|
|A_0_ce0                        |  out|    1|   ap_memory|              A_0|         array|
|A_0_q0                         |   in|   32|   ap_memory|              A_0|         array|
|A_1_address0                   |  out|    7|   ap_memory|              A_1|         array|
|A_1_ce0                        |  out|    1|   ap_memory|              A_1|         array|
|A_1_q0                         |   in|   32|   ap_memory|              A_1|         array|
+-------------------------------+-----+-----+------------+-----------------+--------------+

