

================================================================
== Vitis HLS Report for 'loadTileBFromDRAM143'
================================================================
* Date:           Fri May 29 17:37:38 2026

* Version:        2023.2 (Build 4023990 on Oct 11 2023)
* Project:        hls_project
* Solution:       gemm2 (Vitis Kernel Flow Target)
* Product family: zynquplus
* Target device:  xczu7ev-ffvc1156-2-e


================================================================
== Performance Estimates
================================================================
+ Timing: 
    * Summary: 
    +--------+---------+----------+------------+
    |  Clock |  Target | Estimated| Uncertainty|
    +--------+---------+----------+------------+
    |ap_clk  |  3.33 ns|  2.800 ns|     0.90 ns|
    +--------+---------+----------+------------+

+ Latency: 
    * Summary: 
    +---------+---------+----------+----------+-----+-----+---------+
    |  Latency (cycles) |  Latency (absolute) |  Interval | Pipeline|
    |   min   |   max   |    min   |    max   | min | max |   Type  |
    +---------+---------+----------+----------+-----+-----+---------+
    |      516|      516|  1.720 us|  1.720 us|  516|  516|       no|
    +---------+---------+----------+----------+-----+-----+---------+

    + Detail: 
        * Instance: 
        N/A

        * Loop: 
        +-------------------------------+---------+---------+----------+-----------+-----------+------+----------+
        |                               |  Latency (cycles) | Iteration|  Initiation Interval  | Trip |          |
        |           Loop Name           |   min   |   max   |  Latency |  achieved |   target  | Count| Pipelined|
        +-------------------------------+---------+---------+----------+-----------+-----------+------+----------+
        |- load_tile_B_VITIS_LOOP_74_1  |      514|      514|         4|          1|          1|   512|       yes|
        +-------------------------------+---------+---------+----------+-----------+-----------+------+----------+



================================================================
== Utilization Estimates
================================================================
* Summary: 
+-----------------+---------+------+--------+--------+-----+
|       Name      | BRAM_18K|  DSP |   FF   |   LUT  | URAM|
+-----------------+---------+------+--------+--------+-----+
|DSP              |        -|     -|       -|       -|    -|
|Expression       |        -|     -|       0|     138|    -|
|FIFO             |        -|     -|       -|       -|    -|
|Instance         |        -|     -|       -|       -|    -|
|Memory           |        -|     -|       -|       -|    -|
|Multiplexer      |        -|     -|       -|      72|    -|
|Register         |        -|     -|     161|      32|    -|
+-----------------+---------+------+--------+--------+-----+
|Total            |        0|     0|     161|     242|    0|
+-----------------+---------+------+--------+--------+-----+
|Available        |      624|  1728|  460800|  230400|   96|
+-----------------+---------+------+--------+--------+-----+
|Utilization (%)  |        0|     0|      ~0|      ~0|    0|
+-----------------+---------+------+--------+--------+-----+

+ Detail: 
    * Instance: 
    N/A

    * DSP: 
    N/A

    * Memory: 
    N/A

    * FIFO: 
    N/A

    * Expression: 
    +---------------------------+----------+----+---+----+------------+------------+
    |       Variable Name       | Operation| DSP| FF| LUT| Bitwidth P0| Bitwidth P1|
    +---------------------------+----------+----+---+----+------------+------------+
    |add_ln73_1_fu_150_p2       |         +|   0|  0|  17|          10|           1|
    |add_ln73_fu_162_p2         |         +|   0|  0|  12|           5|           1|
    |add_ln74_fu_220_p2         |         +|   0|  0|  13|           6|           1|
    |add_ln75_fu_251_p2         |         +|   0|  0|  15|           8|           8|
    |ap_condition_142           |       and|   0|  0|   2|           1|           1|
    |icmp_ln73_fu_144_p2        |      icmp|   0|  0|  18|          10|          11|
    |icmp_ln74_fu_168_p2        |      icmp|   0|  0|  14|           6|           7|
    |ap_block_pp0_stage0_11001  |        or|   0|  0|   2|           1|           1|
    |select_ln73_1_fu_182_p3    |    select|   0|  0|   5|           1|           5|
    |select_ln73_fu_174_p3      |    select|   0|  0|   6|           1|           1|
    |select_ln75_fu_269_p3      |    select|   0|  0|  32|           1|          32|
    |ap_enable_pp0              |       xor|   0|  0|   2|           1|           2|
    +---------------------------+----------+----+---+----+------------+------------+
    |Total                      |          |   0|  0| 138|          51|          71|
    +---------------------------+----------+----+---+----+------------+------------+

    * Multiplexer: 
    +--------------------------------------+----+-----------+-----+-----------+
    |                 Name                 | LUT| Input Size| Bits| Total Bits|
    +--------------------------------------+----+-----------+-----+-----------+
    |ap_done_int                           |   9|          2|    1|          2|
    |ap_enable_reg_pp0_iter1               |   9|          2|    1|          2|
    |ap_sig_allocacmp_indvar_flatten_load  |   9|          2|   10|         20|
    |ap_sig_allocacmp_j_load               |   9|          2|    6|         12|
    |ap_sig_allocacmp_k_load               |   9|          2|    5|         10|
    |indvar_flatten_fu_70                  |   9|          2|   10|         20|
    |j_fu_62                               |   9|          2|    6|         12|
    |k_fu_66                               |   9|          2|    5|         10|
    +--------------------------------------+----+-----------+-----+-----------+
    |Total                                 |  72|         16|   44|         88|
    +--------------------------------------+----+-----------+-----+-----------+

    * Register: 
    +----------------------------------+----+----+-----+-----------+
    |               Name               | FF | LUT| Bits| Const Bits|
    +----------------------------------+----+----+-----+-----------+
    |add_ln75_reg_335                  |   8|   0|    8|          0|
    |add_ln75_reg_335_pp0_iter2_reg    |   8|   0|    8|          0|
    |ap_CS_fsm                         |   1|   0|    1|          0|
    |ap_done_reg                       |   1|   0|    1|          0|
    |ap_enable_reg_pp0_iter1           |   1|   0|    1|          0|
    |ap_enable_reg_pp0_iter2           |   1|   0|    1|          0|
    |ap_enable_reg_pp0_iter3           |   1|   0|    1|          0|
    |ap_loop_exit_ready_pp0_iter1_reg  |   1|   0|    1|          0|
    |ap_loop_exit_ready_pp0_iter2_reg  |   1|   0|    1|          0|
    |indvar_flatten_fu_70              |  10|   0|   10|          0|
    |j_fu_62                           |   6|   0|    6|          0|
    |k_fu_66                           |   5|   0|    5|          0|
    |lshr_ln_reg_320                   |   3|   0|    3|          0|
    |select_ln73_reg_306               |   6|   0|    6|          0|
    |select_ln75_reg_350               |  32|   0|   32|          0|
    |tmp_1_reg_330                     |   1|   0|    1|          0|
    |tmp_1_reg_330_pp0_iter1_reg       |   1|   0|    1|          0|
    |trunc_ln73_1_reg_316              |   1|   0|    1|          0|
    |trunc_ln73_reg_311                |   4|   0|    4|          0|
    |trunc_ln75_reg_325                |   5|   0|    5|          0|
    |trunc_ln73_1_reg_316              |  64|  32|    1|          0|
    +----------------------------------+----+----+-----+-----------+
    |Total                             | 161|  32|   98|          0|
    +----------------------------------+----+----+-----+-----------+



================================================================
== Interface
================================================================
* Summary: 
+-------------------+-----+-----+------------+----------------------+--------------+
|     RTL Ports     | Dir | Bits|  Protocol  |     Source Object    |    C Type    |
+-------------------+-----+-----+------------+----------------------+--------------+
|ap_clk             |   in|    1|  ap_ctrl_hs|  loadTileBFromDRAM143|  return value|
|ap_rst             |   in|    1|  ap_ctrl_hs|  loadTileBFromDRAM143|  return value|
|ap_start           |   in|    1|  ap_ctrl_hs|  loadTileBFromDRAM143|  return value|
|ap_done            |  out|    1|  ap_ctrl_hs|  loadTileBFromDRAM143|  return value|
|ap_continue        |   in|    1|  ap_ctrl_hs|  loadTileBFromDRAM143|  return value|
|ap_idle            |  out|    1|  ap_ctrl_hs|  loadTileBFromDRAM143|  return value|
|ap_ready           |  out|    1|  ap_ctrl_hs|  loadTileBFromDRAM143|  return value|
|B_DRAM_0_address0  |  out|    9|   ap_memory|              B_DRAM_0|         array|
|B_DRAM_0_ce0       |  out|    1|   ap_memory|              B_DRAM_0|         array|
|B_DRAM_0_q0        |   in|   32|   ap_memory|              B_DRAM_0|         array|
|B_DRAM_1_address0  |  out|    9|   ap_memory|              B_DRAM_1|         array|
|B_DRAM_1_ce0       |  out|    1|   ap_memory|              B_DRAM_1|         array|
|B_DRAM_1_q0        |   in|   32|   ap_memory|              B_DRAM_1|         array|
|B_TILE_0_address0  |  out|    8|   ap_memory|              B_TILE_0|         array|
|B_TILE_0_ce0       |  out|    1|   ap_memory|              B_TILE_0|         array|
|B_TILE_0_we0       |  out|    1|   ap_memory|              B_TILE_0|         array|
|B_TILE_0_d0        |  out|   32|   ap_memory|              B_TILE_0|         array|
|B_TILE_1_address0  |  out|    8|   ap_memory|              B_TILE_1|         array|
|B_TILE_1_ce0       |  out|    1|   ap_memory|              B_TILE_1|         array|
|B_TILE_1_we0       |  out|    1|   ap_memory|              B_TILE_1|         array|
|B_TILE_1_d0        |  out|   32|   ap_memory|              B_TILE_1|         array|
+-------------------+-----+-----+------------+----------------------+--------------+

