

================================================================
== Vitis HLS Report for 'loader_A_tiles4_Pipeline_VITIS_LOOP_5_1_VITIS_LOOP_6_2'
================================================================
* Date:           Fri Jul  3 13:55:35 2026

* Version:        2023.2 (Build 4023990 on Oct 11 2023)
* Project:        hls_project
* Solution:       gemm2 (Vitis Kernel Flow Target)
* Product family: versalaicore
* Target device:  xcvc1902-vsva2197-2MP-e-S


================================================================
== Performance Estimates
================================================================
+ Timing: 
    * Summary: 
    +--------+---------+----------+------------+
    |  Clock |  Target | Estimated| Uncertainty|
    +--------+---------+----------+------------+
    |ap_clk  |  3.33 ns|  2.559 ns|     0.90 ns|
    +--------+---------+----------+------------+

+ Latency: 
    * Summary: 
    +---------+---------+----------+----------+-----+-----+---------+
    |  Latency (cycles) |  Latency (absolute) |  Interval | Pipeline|
    |   min   |   max   |    min   |    max   | min | max |   Type  |
    +---------+---------+----------+----------+-----+-----+---------+
    |      258|      258|  0.860 us|  0.860 us|  258|  258|       no|
    +---------+---------+----------+----------+-----+-----+---------+

    + Detail: 
        * Instance: 
        N/A

        * Loop: 
        +---------------------------------+---------+---------+----------+-----------+-----------+------+----------+
        |                                 |  Latency (cycles) | Iteration|  Initiation Interval  | Trip |          |
        |            Loop Name            |   min   |   max   |  Latency |  achieved |   target  | Count| Pipelined|
        +---------------------------------+---------+---------+----------+-----------+-----------+------+----------+
        |- VITIS_LOOP_5_1_VITIS_LOOP_6_2  |      256|      256|         2|          1|          1|   256|       yes|
        +---------------------------------+---------+---------+----------+-----------+-----------+------+----------+



================================================================
== Utilization Estimates
================================================================
* Summary: 
+-----------------+---------+------+---------+--------+-----+
|       Name      | BRAM_18K|  DSP |    FF   |   LUT  | URAM|
+-----------------+---------+------+---------+--------+-----+
|DSP              |        -|     -|        -|       -|    -|
|Expression       |        -|     -|        0|      51|    -|
|FIFO             |        -|     -|        -|       -|    -|
|Instance         |        -|     -|        0|    5472|    -|
|Memory           |        -|     -|        -|       -|    -|
|Multiplexer      |        -|     -|        -|      44|    -|
|Register         |        -|     -|     1050|       -|    -|
+-----------------+---------+------+---------+--------+-----+
|Total            |        0|     0|     1050|    5567|    0|
+-----------------+---------+------+---------+--------+-----+
|Available        |     1934|  1968|  1799680|  899840|  463|
+-----------------+---------+------+---------+--------+-----+
|Utilization (%)  |        0|     0|       ~0|      ~0|    0|
+-----------------+---------+------+---------+--------+-----+

+ Detail: 
    * Instance: 
    +-----------------------------+-----------------------+---------+----+---+-----+-----+
    |           Instance          |         Module        | BRAM_18K| DSP| FF| LUT | URAM|
    +-----------------------------+-----------------------+---------+----+---+-----+-----+
    |sparsemux_33_4_32_1_1_U2567  |sparsemux_33_4_32_1_1  |        0|   0|  0|  160|    0|
    |sparsemux_33_4_32_1_1_U2568  |sparsemux_33_4_32_1_1  |        0|   0|  0|  160|    0|
    |sparsemux_33_4_32_1_1_U2569  |sparsemux_33_4_32_1_1  |        0|   0|  0|  160|    0|
    |sparsemux_33_4_32_1_1_U2570  |sparsemux_33_4_32_1_1  |        0|   0|  0|  160|    0|
    |sparsemux_33_4_32_1_1_U2571  |sparsemux_33_4_32_1_1  |        0|   0|  0|  160|    0|
    |sparsemux_33_4_32_1_1_U2572  |sparsemux_33_4_32_1_1  |        0|   0|  0|  160|    0|
    |sparsemux_33_4_32_1_1_U2573  |sparsemux_33_4_32_1_1  |        0|   0|  0|  160|    0|
    |sparsemux_33_4_32_1_1_U2574  |sparsemux_33_4_32_1_1  |        0|   0|  0|  160|    0|
    |sparsemux_33_4_32_1_1_U2575  |sparsemux_33_4_32_1_1  |        0|   0|  0|  160|    0|
    |sparsemux_33_4_32_1_1_U2576  |sparsemux_33_4_32_1_1  |        0|   0|  0|  160|    0|
    |sparsemux_33_4_32_1_1_U2577  |sparsemux_33_4_32_1_1  |        0|   0|  0|  160|    0|
    |sparsemux_33_4_32_1_1_U2578  |sparsemux_33_4_32_1_1  |        0|   0|  0|  160|    0|
    |sparsemux_33_4_32_1_1_U2579  |sparsemux_33_4_32_1_1  |        0|   0|  0|  160|    0|
    |sparsemux_33_4_32_1_1_U2580  |sparsemux_33_4_32_1_1  |        0|   0|  0|  160|    0|
    |sparsemux_33_4_32_1_1_U2581  |sparsemux_33_4_32_1_1  |        0|   0|  0|  160|    0|
    |sparsemux_33_4_32_1_1_U2582  |sparsemux_33_4_32_1_1  |        0|   0|  0|  160|    0|
    |sparsemux_33_4_32_1_1_U2583  |sparsemux_33_4_32_1_1  |        0|   0|  0|  160|    0|
    |sparsemux_33_4_32_1_1_U2584  |sparsemux_33_4_32_1_1  |        0|   0|  0|  160|    0|
    |sparsemux_33_4_32_1_1_U2585  |sparsemux_33_4_32_1_1  |        0|   0|  0|  160|    0|
    |sparsemux_33_4_32_1_1_U2586  |sparsemux_33_4_32_1_1  |        0|   0|  0|  160|    0|
    |sparsemux_33_4_32_1_1_U2587  |sparsemux_33_4_32_1_1  |        0|   0|  0|  160|    0|
    |sparsemux_33_4_32_1_1_U2588  |sparsemux_33_4_32_1_1  |        0|   0|  0|  160|    0|
    |sparsemux_33_4_32_1_1_U2589  |sparsemux_33_4_32_1_1  |        0|   0|  0|  160|    0|
    |sparsemux_33_4_32_1_1_U2590  |sparsemux_33_4_32_1_1  |        0|   0|  0|  160|    0|
    |sparsemux_33_4_32_1_1_U2591  |sparsemux_33_4_32_1_1  |        0|   0|  0|  160|    0|
    |sparsemux_33_4_32_1_1_U2592  |sparsemux_33_4_32_1_1  |        0|   0|  0|  160|    0|
    |sparsemux_33_4_32_1_1_U2593  |sparsemux_33_4_32_1_1  |        0|   0|  0|  160|    0|
    |sparsemux_33_4_32_1_1_U2594  |sparsemux_33_4_32_1_1  |        0|   0|  0|  160|    0|
    |sparsemux_33_4_32_1_1_U2595  |sparsemux_33_4_32_1_1  |        0|   0|  0|  160|    0|
    |sparsemux_33_4_32_1_1_U2596  |sparsemux_33_4_32_1_1  |        0|   0|  0|  160|    0|
    |sparsemux_33_4_32_1_1_U2597  |sparsemux_33_4_32_1_1  |        0|   0|  0|  160|    0|
    |sparsemux_33_4_32_1_1_U2598  |sparsemux_33_4_32_1_1  |        0|   0|  0|  160|    0|
    |sparsemux_65_5_32_1_1_U2599  |sparsemux_65_5_32_1_1  |        0|   0|  0|  352|    0|
    +-----------------------------+-----------------------+---------+----+---+-----+-----+
    |Total                        |                       |        0|   0|  0| 5472|    0|
    +-----------------------------+-----------------------+---------+----+---+-----+-----+

    * DSP: 
    N/A

    * Memory: 
    N/A

    * FIFO: 
    N/A

    * Expression: 
    +----------------------------------+----------+----+---+----+------------+------------+
    |           Variable Name          | Operation| DSP| FF| LUT| Bitwidth P0| Bitwidth P1|
    +----------------------------------+----------+----+---+----+------------+------------+
    |add_ln5_1_fu_5378_p2              |         +|   0|  0|   5|           5|           1|
    |add_ln5_fu_5340_p2                |         +|   0|  0|   9|           9|           1|
    |add_ln6_fu_7704_p2                |         +|   0|  0|   5|           5|           1|
    |ap_block_pp0_stage0_01001         |       and|   0|  0|   2|           1|           1|
    |icmp_ln5_fu_5346_p2               |      icmp|   0|  0|  10|           9|          10|
    |icmp_ln6_fu_5364_p2               |      icmp|   0|  0|   6|           5|           6|
    |ap_block_state2_pp0_stage0_iter1  |        or|   0|  0|   2|           1|           1|
    |select_ln5_1_fu_5384_p3           |    select|   0|  0|   5|           1|           5|
    |select_ln5_fu_5370_p3             |    select|   0|  0|   5|           1|           1|
    |ap_enable_pp0                     |       xor|   0|  0|   2|           1|           2|
    +----------------------------------+----------+----+---+----+------------+------------+
    |Total                             |          |   0|  0|  51|          38|          29|
    +----------------------------------+----------+----+---+----+------------+------------+

    * Multiplexer: 
    +----------------------------------------+----+-----------+-----+-----------+
    |                  Name                  | LUT| Input Size| Bits| Total Bits|
    +----------------------------------------+----+-----------+-----+-----------+
    |A_streams_1_blk_n                       |   2|          2|    1|          2|
    |A_streams_blk_n                         |   2|          2|    1|          2|
    |ap_done_int                             |   2|          2|    1|          2|
    |ap_enable_reg_pp0_iter1                 |   2|          2|    1|          2|
    |ap_sig_allocacmp_i_load                 |   5|          2|    5|         10|
    |ap_sig_allocacmp_indvar_flatten_i_load  |   8|          2|    9|         18|
    |ap_sig_allocacmp_k_load                 |   5|          2|    5|         10|
    |i_fu_1172                               |   5|          2|    5|         10|
    |indvar_flatten_i_fu_1176                |   8|          2|    9|         18|
    |k_fu_1168                               |   5|          2|    5|         10|
    +----------------------------------------+----+-----------+-----+-----------+
    |Total                                   |  44|         20|   42|         84|
    +----------------------------------------+----+-----------+-----+-----------+

    * Register: 
    +--------------------------+----+----+-----+-----------+
    |           Name           | FF | LUT| Bits| Const Bits|
    +--------------------------+----+----+-----+-----------+
    |ap_CS_fsm                 |   1|   0|    1|          0|
    |ap_done_reg               |   1|   0|    1|          0|
    |ap_enable_reg_pp0_iter1   |   1|   0|    1|          0|
    |empty_34_reg_7904         |   4|   0|    4|          0|
    |i_fu_1172                 |   5|   0|    5|          0|
    |indvar_flatten_i_fu_1176  |   9|   0|    9|          0|
    |k_fu_1168                 |   5|   0|    5|          0|
    |tmp_61_i_i_reg_7919       |  32|   0|   32|          0|
    |tmp_62_i_i_reg_7924       |  32|   0|   32|          0|
    |tmp_63_i_i_reg_7929       |  32|   0|   32|          0|
    |tmp_64_i_i_reg_7934       |  32|   0|   32|          0|
    |tmp_65_i_i_reg_7939       |  32|   0|   32|          0|
    |tmp_66_i_i_reg_7944       |  32|   0|   32|          0|
    |tmp_67_i_i_reg_7949       |  32|   0|   32|          0|
    |tmp_68_i_i_reg_7954       |  32|   0|   32|          0|
    |tmp_69_i_i_reg_7959       |  32|   0|   32|          0|
    |tmp_70_i_i_reg_7964       |  32|   0|   32|          0|
    |tmp_71_i_i_reg_7969       |  32|   0|   32|          0|
    |tmp_72_i_i_reg_7974       |  32|   0|   32|          0|
    |tmp_73_i_i_reg_7979       |  32|   0|   32|          0|
    |tmp_74_i_i_reg_7984       |  32|   0|   32|          0|
    |tmp_75_i_i_reg_7989       |  32|   0|   32|          0|
    |tmp_76_i_i_reg_7994       |  32|   0|   32|          0|
    |tmp_77_i_i_reg_7999       |  32|   0|   32|          0|
    |tmp_78_i_i_reg_8004       |  32|   0|   32|          0|
    |tmp_79_i_i_reg_8009       |  32|   0|   32|          0|
    |tmp_80_i_i_reg_8014       |  32|   0|   32|          0|
    |tmp_81_i_i_reg_8019       |  32|   0|   32|          0|
    |tmp_82_i_i_reg_8024       |  32|   0|   32|          0|
    |tmp_83_i_i_reg_8029       |  32|   0|   32|          0|
    |tmp_84_i_i_reg_8034       |  32|   0|   32|          0|
    |tmp_85_i_i_reg_8039       |  32|   0|   32|          0|
    |tmp_86_i_i_reg_8044       |  32|   0|   32|          0|
    |tmp_87_i_i_reg_8049       |  32|   0|   32|          0|
    |tmp_88_i_i_reg_8054       |  32|   0|   32|          0|
    |tmp_89_i_i_reg_8059       |  32|   0|   32|          0|
    |tmp_90_i_i_reg_8064       |  32|   0|   32|          0|
    |tmp_i_i_35_reg_7914       |  32|   0|   32|          0|
    |tmp_i_i_reg_7909          |  32|   0|   32|          0|
    +--------------------------+----+----+-----+-----------+
    |Total                     |1050|   0| 1050|          0|
    +--------------------------+----+----+-----+-----------+



================================================================
== Interface
================================================================
* Summary: 
+----------------------------+-----+-----+------------+--------------------------------------------------------+--------------+
|          RTL Ports         | Dir | Bits|  Protocol  |                      Source Object                     |    C Type    |
+----------------------------+-----+-----+------------+--------------------------------------------------------+--------------+
|ap_clk                      |   in|    1|  ap_ctrl_hs|  loader_A_tiles4_Pipeline_VITIS_LOOP_5_1_VITIS_LOOP_6_2|  return value|
|ap_rst                      |   in|    1|  ap_ctrl_hs|  loader_A_tiles4_Pipeline_VITIS_LOOP_5_1_VITIS_LOOP_6_2|  return value|
|ap_start                    |   in|    1|  ap_ctrl_hs|  loader_A_tiles4_Pipeline_VITIS_LOOP_5_1_VITIS_LOOP_6_2|  return value|
|ap_done                     |  out|    1|  ap_ctrl_hs|  loader_A_tiles4_Pipeline_VITIS_LOOP_5_1_VITIS_LOOP_6_2|  return value|
|ap_idle                     |  out|    1|  ap_ctrl_hs|  loader_A_tiles4_Pipeline_VITIS_LOOP_5_1_VITIS_LOOP_6_2|  return value|
|ap_ready                    |  out|    1|  ap_ctrl_hs|  loader_A_tiles4_Pipeline_VITIS_LOOP_5_1_VITIS_LOOP_6_2|  return value|
|A_streams_1_din             |  out|   32|     ap_fifo|                                             A_streams_1|       pointer|
|A_streams_1_num_data_valid  |   in|    3|     ap_fifo|                                             A_streams_1|       pointer|
|A_streams_1_fifo_cap        |   in|    3|     ap_fifo|                                             A_streams_1|       pointer|
|A_streams_1_full_n          |   in|    1|     ap_fifo|                                             A_streams_1|       pointer|
|A_streams_1_write           |  out|    1|     ap_fifo|                                             A_streams_1|       pointer|
|A_streams_din               |  out|   32|     ap_fifo|                                               A_streams|       pointer|
|A_streams_num_data_valid    |   in|    3|     ap_fifo|                                               A_streams|       pointer|
|A_streams_fifo_cap          |   in|    3|     ap_fifo|                                               A_streams|       pointer|
|A_streams_full_n            |   in|    1|     ap_fifo|                                               A_streams|       pointer|
|A_streams_write             |  out|    1|     ap_fifo|                                               A_streams|       pointer|
|empty                       |   in|    1|     ap_none|                                                   empty|        scalar|
|A_BUF_load_i                |   in|   32|   ap_stable|                                            A_BUF_load_i|        scalar|
|A_BUF_1_load_i              |   in|   32|   ap_stable|                                          A_BUF_1_load_i|        scalar|
|A_BUF_2_load_i              |   in|   32|   ap_stable|                                          A_BUF_2_load_i|        scalar|
|A_BUF_3_load_i              |   in|   32|   ap_stable|                                          A_BUF_3_load_i|        scalar|
|A_BUF_4_load_i              |   in|   32|   ap_stable|                                          A_BUF_4_load_i|        scalar|
|A_BUF_5_load_i              |   in|   32|   ap_stable|                                          A_BUF_5_load_i|        scalar|
|A_BUF_6_load_i              |   in|   32|   ap_stable|                                          A_BUF_6_load_i|        scalar|
|A_BUF_7_load_i              |   in|   32|   ap_stable|                                          A_BUF_7_load_i|        scalar|
|A_BUF_8_load_i              |   in|   32|   ap_stable|                                          A_BUF_8_load_i|        scalar|
|A_BUF_9_load_i              |   in|   32|   ap_stable|                                          A_BUF_9_load_i|        scalar|
|A_BUF_10_load_i             |   in|   32|   ap_stable|                                         A_BUF_10_load_i|        scalar|
|A_BUF_11_load_i             |   in|   32|   ap_stable|                                         A_BUF_11_load_i|        scalar|
|A_BUF_12_load_i             |   in|   32|   ap_stable|                                         A_BUF_12_load_i|        scalar|
|A_BUF_13_load_i             |   in|   32|   ap_stable|                                         A_BUF_13_load_i|        scalar|
|A_BUF_14_load_i             |   in|   32|   ap_stable|                                         A_BUF_14_load_i|        scalar|
|A_BUF_15_load_i             |   in|   32|   ap_stable|                                         A_BUF_15_load_i|        scalar|
|A_BUF_16_load_i             |   in|   32|   ap_stable|                                         A_BUF_16_load_i|        scalar|
|A_BUF_17_load_i             |   in|   32|   ap_stable|                                         A_BUF_17_load_i|        scalar|
|A_BUF_18_load_i             |   in|   32|   ap_stable|                                         A_BUF_18_load_i|        scalar|
|A_BUF_19_load_i             |   in|   32|   ap_stable|                                         A_BUF_19_load_i|        scalar|
|A_BUF_20_load_i             |   in|   32|   ap_stable|                                         A_BUF_20_load_i|        scalar|
|A_BUF_21_load_i             |   in|   32|   ap_stable|                                         A_BUF_21_load_i|        scalar|
|A_BUF_22_load_i             |   in|   32|   ap_stable|                                         A_BUF_22_load_i|        scalar|
|A_BUF_23_load_i             |   in|   32|   ap_stable|                                         A_BUF_23_load_i|        scalar|
|A_BUF_24_load_i             |   in|   32|   ap_stable|                                         A_BUF_24_load_i|        scalar|
|A_BUF_25_load_i             |   in|   32|   ap_stable|                                         A_BUF_25_load_i|        scalar|
|A_BUF_26_load_i             |   in|   32|   ap_stable|                                         A_BUF_26_load_i|        scalar|
|A_BUF_27_load_i             |   in|   32|   ap_stable|                                         A_BUF_27_load_i|        scalar|
|A_BUF_28_load_i             |   in|   32|   ap_stable|                                         A_BUF_28_load_i|        scalar|
|A_BUF_29_load_i             |   in|   32|   ap_stable|                                         A_BUF_29_load_i|        scalar|
|A_BUF_30_load_i             |   in|   32|   ap_stable|                                         A_BUF_30_load_i|        scalar|
|A_BUF_31_load_i             |   in|   32|   ap_stable|                                         A_BUF_31_load_i|        scalar|
|A_BUF_32_load_i             |   in|   32|   ap_stable|                                         A_BUF_32_load_i|        scalar|
|A_BUF_33_load_i             |   in|   32|   ap_stable|                                         A_BUF_33_load_i|        scalar|
|A_BUF_34_load_i             |   in|   32|   ap_stable|                                         A_BUF_34_load_i|        scalar|
|A_BUF_35_load_i             |   in|   32|   ap_stable|                                         A_BUF_35_load_i|        scalar|
|A_BUF_36_load_i             |   in|   32|   ap_stable|                                         A_BUF_36_load_i|        scalar|
|A_BUF_37_load_i             |   in|   32|   ap_stable|                                         A_BUF_37_load_i|        scalar|
|A_BUF_38_load_i             |   in|   32|   ap_stable|                                         A_BUF_38_load_i|        scalar|
|A_BUF_39_load_i             |   in|   32|   ap_stable|                                         A_BUF_39_load_i|        scalar|
|A_BUF_40_load_i             |   in|   32|   ap_stable|                                         A_BUF_40_load_i|        scalar|
|A_BUF_41_load_i             |   in|   32|   ap_stable|                                         A_BUF_41_load_i|        scalar|
|A_BUF_42_load_i             |   in|   32|   ap_stable|                                         A_BUF_42_load_i|        scalar|
|A_BUF_43_load_i             |   in|   32|   ap_stable|                                         A_BUF_43_load_i|        scalar|
|A_BUF_44_load_i             |   in|   32|   ap_stable|                                         A_BUF_44_load_i|        scalar|
|A_BUF_45_load_i             |   in|   32|   ap_stable|                                         A_BUF_45_load_i|        scalar|
|A_BUF_46_load_i             |   in|   32|   ap_stable|                                         A_BUF_46_load_i|        scalar|
|A_BUF_47_load_i             |   in|   32|   ap_stable|                                         A_BUF_47_load_i|        scalar|
|A_BUF_48_load_i             |   in|   32|   ap_stable|                                         A_BUF_48_load_i|        scalar|
|A_BUF_49_load_i             |   in|   32|   ap_stable|                                         A_BUF_49_load_i|        scalar|
|A_BUF_50_load_i             |   in|   32|   ap_stable|                                         A_BUF_50_load_i|        scalar|
|A_BUF_51_load_i             |   in|   32|   ap_stable|                                         A_BUF_51_load_i|        scalar|
|A_BUF_52_load_i             |   in|   32|   ap_stable|                                         A_BUF_52_load_i|        scalar|
|A_BUF_53_load_i             |   in|   32|   ap_stable|                                         A_BUF_53_load_i|        scalar|
|A_BUF_54_load_i             |   in|   32|   ap_stable|                                         A_BUF_54_load_i|        scalar|
|A_BUF_55_load_i             |   in|   32|   ap_stable|                                         A_BUF_55_load_i|        scalar|
|A_BUF_56_load_i             |   in|   32|   ap_stable|                                         A_BUF_56_load_i|        scalar|
|A_BUF_57_load_i             |   in|   32|   ap_stable|                                         A_BUF_57_load_i|        scalar|
|A_BUF_58_load_i             |   in|   32|   ap_stable|                                         A_BUF_58_load_i|        scalar|
|A_BUF_59_load_i             |   in|   32|   ap_stable|                                         A_BUF_59_load_i|        scalar|
|A_BUF_60_load_i             |   in|   32|   ap_stable|                                         A_BUF_60_load_i|        scalar|
|A_BUF_61_load_i             |   in|   32|   ap_stable|                                         A_BUF_61_load_i|        scalar|
|A_BUF_62_load_i             |   in|   32|   ap_stable|                                         A_BUF_62_load_i|        scalar|
|A_BUF_63_load_i             |   in|   32|   ap_stable|                                         A_BUF_63_load_i|        scalar|
|A_BUF_64_load_i             |   in|   32|   ap_stable|                                         A_BUF_64_load_i|        scalar|
|A_BUF_65_load_i             |   in|   32|   ap_stable|                                         A_BUF_65_load_i|        scalar|
|A_BUF_66_load_i             |   in|   32|   ap_stable|                                         A_BUF_66_load_i|        scalar|
|A_BUF_67_load_i             |   in|   32|   ap_stable|                                         A_BUF_67_load_i|        scalar|
|A_BUF_68_load_i             |   in|   32|   ap_stable|                                         A_BUF_68_load_i|        scalar|
|A_BUF_69_load_i             |   in|   32|   ap_stable|                                         A_BUF_69_load_i|        scalar|
|A_BUF_70_load_i             |   in|   32|   ap_stable|                                         A_BUF_70_load_i|        scalar|
|A_BUF_71_load_i             |   in|   32|   ap_stable|                                         A_BUF_71_load_i|        scalar|
|A_BUF_72_load_i             |   in|   32|   ap_stable|                                         A_BUF_72_load_i|        scalar|
|A_BUF_73_load_i             |   in|   32|   ap_stable|                                         A_BUF_73_load_i|        scalar|
|A_BUF_74_load_i             |   in|   32|   ap_stable|                                         A_BUF_74_load_i|        scalar|
|A_BUF_75_load_i             |   in|   32|   ap_stable|                                         A_BUF_75_load_i|        scalar|
|A_BUF_76_load_i             |   in|   32|   ap_stable|                                         A_BUF_76_load_i|        scalar|
|A_BUF_77_load_i             |   in|   32|   ap_stable|                                         A_BUF_77_load_i|        scalar|
|A_BUF_78_load_i             |   in|   32|   ap_stable|                                         A_BUF_78_load_i|        scalar|
|A_BUF_79_load_i             |   in|   32|   ap_stable|                                         A_BUF_79_load_i|        scalar|
|A_BUF_80_load_i             |   in|   32|   ap_stable|                                         A_BUF_80_load_i|        scalar|
|A_BUF_81_load_i             |   in|   32|   ap_stable|                                         A_BUF_81_load_i|        scalar|
|A_BUF_82_load_i             |   in|   32|   ap_stable|                                         A_BUF_82_load_i|        scalar|
|A_BUF_83_load_i             |   in|   32|   ap_stable|                                         A_BUF_83_load_i|        scalar|
|A_BUF_84_load_i             |   in|   32|   ap_stable|                                         A_BUF_84_load_i|        scalar|
|A_BUF_85_load_i             |   in|   32|   ap_stable|                                         A_BUF_85_load_i|        scalar|
|A_BUF_86_load_i             |   in|   32|   ap_stable|                                         A_BUF_86_load_i|        scalar|
|A_BUF_87_load_i             |   in|   32|   ap_stable|                                         A_BUF_87_load_i|        scalar|
|A_BUF_88_load_i             |   in|   32|   ap_stable|                                         A_BUF_88_load_i|        scalar|
|A_BUF_89_load_i             |   in|   32|   ap_stable|                                         A_BUF_89_load_i|        scalar|
|A_BUF_90_load_i             |   in|   32|   ap_stable|                                         A_BUF_90_load_i|        scalar|
|A_BUF_91_load_i             |   in|   32|   ap_stable|                                         A_BUF_91_load_i|        scalar|
|A_BUF_92_load_i             |   in|   32|   ap_stable|                                         A_BUF_92_load_i|        scalar|
|A_BUF_93_load_i             |   in|   32|   ap_stable|                                         A_BUF_93_load_i|        scalar|
|A_BUF_94_load_i             |   in|   32|   ap_stable|                                         A_BUF_94_load_i|        scalar|
|A_BUF_95_load_i             |   in|   32|   ap_stable|                                         A_BUF_95_load_i|        scalar|
|A_BUF_96_load_i             |   in|   32|   ap_stable|                                         A_BUF_96_load_i|        scalar|
|A_BUF_97_load_i             |   in|   32|   ap_stable|                                         A_BUF_97_load_i|        scalar|
|A_BUF_98_load_i             |   in|   32|   ap_stable|                                         A_BUF_98_load_i|        scalar|
|A_BUF_99_load_i             |   in|   32|   ap_stable|                                         A_BUF_99_load_i|        scalar|
|A_BUF_100_load_i            |   in|   32|   ap_stable|                                        A_BUF_100_load_i|        scalar|
|A_BUF_101_load_i            |   in|   32|   ap_stable|                                        A_BUF_101_load_i|        scalar|
|A_BUF_102_load_i            |   in|   32|   ap_stable|                                        A_BUF_102_load_i|        scalar|
|A_BUF_103_load_i            |   in|   32|   ap_stable|                                        A_BUF_103_load_i|        scalar|
|A_BUF_104_load_i            |   in|   32|   ap_stable|                                        A_BUF_104_load_i|        scalar|
|A_BUF_105_load_i            |   in|   32|   ap_stable|                                        A_BUF_105_load_i|        scalar|
|A_BUF_106_load_i            |   in|   32|   ap_stable|                                        A_BUF_106_load_i|        scalar|
|A_BUF_107_load_i            |   in|   32|   ap_stable|                                        A_BUF_107_load_i|        scalar|
|A_BUF_108_load_i            |   in|   32|   ap_stable|                                        A_BUF_108_load_i|        scalar|
|A_BUF_109_load_i            |   in|   32|   ap_stable|                                        A_BUF_109_load_i|        scalar|
|A_BUF_110_load_i            |   in|   32|   ap_stable|                                        A_BUF_110_load_i|        scalar|
|A_BUF_111_load_i            |   in|   32|   ap_stable|                                        A_BUF_111_load_i|        scalar|
|A_BUF_112_load_i            |   in|   32|   ap_stable|                                        A_BUF_112_load_i|        scalar|
|A_BUF_113_load_i            |   in|   32|   ap_stable|                                        A_BUF_113_load_i|        scalar|
|A_BUF_114_load_i            |   in|   32|   ap_stable|                                        A_BUF_114_load_i|        scalar|
|A_BUF_115_load_i            |   in|   32|   ap_stable|                                        A_BUF_115_load_i|        scalar|
|A_BUF_116_load_i            |   in|   32|   ap_stable|                                        A_BUF_116_load_i|        scalar|
|A_BUF_117_load_i            |   in|   32|   ap_stable|                                        A_BUF_117_load_i|        scalar|
|A_BUF_118_load_i            |   in|   32|   ap_stable|                                        A_BUF_118_load_i|        scalar|
|A_BUF_119_load_i            |   in|   32|   ap_stable|                                        A_BUF_119_load_i|        scalar|
|A_BUF_120_load_i            |   in|   32|   ap_stable|                                        A_BUF_120_load_i|        scalar|
|A_BUF_121_load_i            |   in|   32|   ap_stable|                                        A_BUF_121_load_i|        scalar|
|A_BUF_122_load_i            |   in|   32|   ap_stable|                                        A_BUF_122_load_i|        scalar|
|A_BUF_123_load_i            |   in|   32|   ap_stable|                                        A_BUF_123_load_i|        scalar|
|A_BUF_124_load_i            |   in|   32|   ap_stable|                                        A_BUF_124_load_i|        scalar|
|A_BUF_125_load_i            |   in|   32|   ap_stable|                                        A_BUF_125_load_i|        scalar|
|A_BUF_126_load_i            |   in|   32|   ap_stable|                                        A_BUF_126_load_i|        scalar|
|A_BUF_127_load_i            |   in|   32|   ap_stable|                                        A_BUF_127_load_i|        scalar|
|A_BUF_128_load_i            |   in|   32|   ap_stable|                                        A_BUF_128_load_i|        scalar|
|A_BUF_129_load_i            |   in|   32|   ap_stable|                                        A_BUF_129_load_i|        scalar|
|A_BUF_130_load_i            |   in|   32|   ap_stable|                                        A_BUF_130_load_i|        scalar|
|A_BUF_131_load_i            |   in|   32|   ap_stable|                                        A_BUF_131_load_i|        scalar|
|A_BUF_132_load_i            |   in|   32|   ap_stable|                                        A_BUF_132_load_i|        scalar|
|A_BUF_133_load_i            |   in|   32|   ap_stable|                                        A_BUF_133_load_i|        scalar|
|A_BUF_134_load_i            |   in|   32|   ap_stable|                                        A_BUF_134_load_i|        scalar|
|A_BUF_135_load_i            |   in|   32|   ap_stable|                                        A_BUF_135_load_i|        scalar|
|A_BUF_136_load_i            |   in|   32|   ap_stable|                                        A_BUF_136_load_i|        scalar|
|A_BUF_137_load_i            |   in|   32|   ap_stable|                                        A_BUF_137_load_i|        scalar|
|A_BUF_138_load_i            |   in|   32|   ap_stable|                                        A_BUF_138_load_i|        scalar|
|A_BUF_139_load_i            |   in|   32|   ap_stable|                                        A_BUF_139_load_i|        scalar|
|A_BUF_140_load_i            |   in|   32|   ap_stable|                                        A_BUF_140_load_i|        scalar|
|A_BUF_141_load_i            |   in|   32|   ap_stable|                                        A_BUF_141_load_i|        scalar|
|A_BUF_142_load_i            |   in|   32|   ap_stable|                                        A_BUF_142_load_i|        scalar|
|A_BUF_143_load_i            |   in|   32|   ap_stable|                                        A_BUF_143_load_i|        scalar|
|A_BUF_144_load_i            |   in|   32|   ap_stable|                                        A_BUF_144_load_i|        scalar|
|A_BUF_145_load_i            |   in|   32|   ap_stable|                                        A_BUF_145_load_i|        scalar|
|A_BUF_146_load_i            |   in|   32|   ap_stable|                                        A_BUF_146_load_i|        scalar|
|A_BUF_147_load_i            |   in|   32|   ap_stable|                                        A_BUF_147_load_i|        scalar|
|A_BUF_148_load_i            |   in|   32|   ap_stable|                                        A_BUF_148_load_i|        scalar|
|A_BUF_149_load_i            |   in|   32|   ap_stable|                                        A_BUF_149_load_i|        scalar|
|A_BUF_150_load_i            |   in|   32|   ap_stable|                                        A_BUF_150_load_i|        scalar|
|A_BUF_151_load_i            |   in|   32|   ap_stable|                                        A_BUF_151_load_i|        scalar|
|A_BUF_152_load_i            |   in|   32|   ap_stable|                                        A_BUF_152_load_i|        scalar|
|A_BUF_153_load_i            |   in|   32|   ap_stable|                                        A_BUF_153_load_i|        scalar|
|A_BUF_154_load_i            |   in|   32|   ap_stable|                                        A_BUF_154_load_i|        scalar|
|A_BUF_155_load_i            |   in|   32|   ap_stable|                                        A_BUF_155_load_i|        scalar|
|A_BUF_156_load_i            |   in|   32|   ap_stable|                                        A_BUF_156_load_i|        scalar|
|A_BUF_157_load_i            |   in|   32|   ap_stable|                                        A_BUF_157_load_i|        scalar|
|A_BUF_158_load_i            |   in|   32|   ap_stable|                                        A_BUF_158_load_i|        scalar|
|A_BUF_159_load_i            |   in|   32|   ap_stable|                                        A_BUF_159_load_i|        scalar|
|A_BUF_160_load_i            |   in|   32|   ap_stable|                                        A_BUF_160_load_i|        scalar|
|A_BUF_161_load_i            |   in|   32|   ap_stable|                                        A_BUF_161_load_i|        scalar|
|A_BUF_162_load_i            |   in|   32|   ap_stable|                                        A_BUF_162_load_i|        scalar|
|A_BUF_163_load_i            |   in|   32|   ap_stable|                                        A_BUF_163_load_i|        scalar|
|A_BUF_164_load_i            |   in|   32|   ap_stable|                                        A_BUF_164_load_i|        scalar|
|A_BUF_165_load_i            |   in|   32|   ap_stable|                                        A_BUF_165_load_i|        scalar|
|A_BUF_166_load_i            |   in|   32|   ap_stable|                                        A_BUF_166_load_i|        scalar|
|A_BUF_167_load_i            |   in|   32|   ap_stable|                                        A_BUF_167_load_i|        scalar|
|A_BUF_168_load_i            |   in|   32|   ap_stable|                                        A_BUF_168_load_i|        scalar|
|A_BUF_169_load_i            |   in|   32|   ap_stable|                                        A_BUF_169_load_i|        scalar|
|A_BUF_170_load_i            |   in|   32|   ap_stable|                                        A_BUF_170_load_i|        scalar|
|A_BUF_171_load_i            |   in|   32|   ap_stable|                                        A_BUF_171_load_i|        scalar|
|A_BUF_172_load_i            |   in|   32|   ap_stable|                                        A_BUF_172_load_i|        scalar|
|A_BUF_173_load_i            |   in|   32|   ap_stable|                                        A_BUF_173_load_i|        scalar|
|A_BUF_174_load_i            |   in|   32|   ap_stable|                                        A_BUF_174_load_i|        scalar|
|A_BUF_175_load_i            |   in|   32|   ap_stable|                                        A_BUF_175_load_i|        scalar|
|A_BUF_176_load_i            |   in|   32|   ap_stable|                                        A_BUF_176_load_i|        scalar|
|A_BUF_177_load_i            |   in|   32|   ap_stable|                                        A_BUF_177_load_i|        scalar|
|A_BUF_178_load_i            |   in|   32|   ap_stable|                                        A_BUF_178_load_i|        scalar|
|A_BUF_179_load_i            |   in|   32|   ap_stable|                                        A_BUF_179_load_i|        scalar|
|A_BUF_180_load_i            |   in|   32|   ap_stable|                                        A_BUF_180_load_i|        scalar|
|A_BUF_181_load_i            |   in|   32|   ap_stable|                                        A_BUF_181_load_i|        scalar|
|A_BUF_182_load_i            |   in|   32|   ap_stable|                                        A_BUF_182_load_i|        scalar|
|A_BUF_183_load_i            |   in|   32|   ap_stable|                                        A_BUF_183_load_i|        scalar|
|A_BUF_184_load_i            |   in|   32|   ap_stable|                                        A_BUF_184_load_i|        scalar|
|A_BUF_185_load_i            |   in|   32|   ap_stable|                                        A_BUF_185_load_i|        scalar|
|A_BUF_186_load_i            |   in|   32|   ap_stable|                                        A_BUF_186_load_i|        scalar|
|A_BUF_187_load_i            |   in|   32|   ap_stable|                                        A_BUF_187_load_i|        scalar|
|A_BUF_188_load_i            |   in|   32|   ap_stable|                                        A_BUF_188_load_i|        scalar|
|A_BUF_189_load_i            |   in|   32|   ap_stable|                                        A_BUF_189_load_i|        scalar|
|A_BUF_190_load_i            |   in|   32|   ap_stable|                                        A_BUF_190_load_i|        scalar|
|A_BUF_191_load_i            |   in|   32|   ap_stable|                                        A_BUF_191_load_i|        scalar|
|A_BUF_192_load_i            |   in|   32|   ap_stable|                                        A_BUF_192_load_i|        scalar|
|A_BUF_193_load_i            |   in|   32|   ap_stable|                                        A_BUF_193_load_i|        scalar|
|A_BUF_194_load_i            |   in|   32|   ap_stable|                                        A_BUF_194_load_i|        scalar|
|A_BUF_195_load_i            |   in|   32|   ap_stable|                                        A_BUF_195_load_i|        scalar|
|A_BUF_196_load_i            |   in|   32|   ap_stable|                                        A_BUF_196_load_i|        scalar|
|A_BUF_197_load_i            |   in|   32|   ap_stable|                                        A_BUF_197_load_i|        scalar|
|A_BUF_198_load_i            |   in|   32|   ap_stable|                                        A_BUF_198_load_i|        scalar|
|A_BUF_199_load_i            |   in|   32|   ap_stable|                                        A_BUF_199_load_i|        scalar|
|A_BUF_200_load_i            |   in|   32|   ap_stable|                                        A_BUF_200_load_i|        scalar|
|A_BUF_201_load_i            |   in|   32|   ap_stable|                                        A_BUF_201_load_i|        scalar|
|A_BUF_202_load_i            |   in|   32|   ap_stable|                                        A_BUF_202_load_i|        scalar|
|A_BUF_203_load_i            |   in|   32|   ap_stable|                                        A_BUF_203_load_i|        scalar|
|A_BUF_204_load_i            |   in|   32|   ap_stable|                                        A_BUF_204_load_i|        scalar|
|A_BUF_205_load_i            |   in|   32|   ap_stable|                                        A_BUF_205_load_i|        scalar|
|A_BUF_206_load_i            |   in|   32|   ap_stable|                                        A_BUF_206_load_i|        scalar|
|A_BUF_207_load_i            |   in|   32|   ap_stable|                                        A_BUF_207_load_i|        scalar|
|A_BUF_208_load_i            |   in|   32|   ap_stable|                                        A_BUF_208_load_i|        scalar|
|A_BUF_209_load_i            |   in|   32|   ap_stable|                                        A_BUF_209_load_i|        scalar|
|A_BUF_210_load_i            |   in|   32|   ap_stable|                                        A_BUF_210_load_i|        scalar|
|A_BUF_211_load_i            |   in|   32|   ap_stable|                                        A_BUF_211_load_i|        scalar|
|A_BUF_212_load_i            |   in|   32|   ap_stable|                                        A_BUF_212_load_i|        scalar|
|A_BUF_213_load_i            |   in|   32|   ap_stable|                                        A_BUF_213_load_i|        scalar|
|A_BUF_214_load_i            |   in|   32|   ap_stable|                                        A_BUF_214_load_i|        scalar|
|A_BUF_215_load_i            |   in|   32|   ap_stable|                                        A_BUF_215_load_i|        scalar|
|A_BUF_216_load_i            |   in|   32|   ap_stable|                                        A_BUF_216_load_i|        scalar|
|A_BUF_217_load_i            |   in|   32|   ap_stable|                                        A_BUF_217_load_i|        scalar|
|A_BUF_218_load_i            |   in|   32|   ap_stable|                                        A_BUF_218_load_i|        scalar|
|A_BUF_219_load_i            |   in|   32|   ap_stable|                                        A_BUF_219_load_i|        scalar|
|A_BUF_220_load_i            |   in|   32|   ap_stable|                                        A_BUF_220_load_i|        scalar|
|A_BUF_221_load_i            |   in|   32|   ap_stable|                                        A_BUF_221_load_i|        scalar|
|A_BUF_222_load_i            |   in|   32|   ap_stable|                                        A_BUF_222_load_i|        scalar|
|A_BUF_223_load_i            |   in|   32|   ap_stable|                                        A_BUF_223_load_i|        scalar|
|A_BUF_224_load_i            |   in|   32|   ap_stable|                                        A_BUF_224_load_i|        scalar|
|A_BUF_225_load_i            |   in|   32|   ap_stable|                                        A_BUF_225_load_i|        scalar|
|A_BUF_226_load_i            |   in|   32|   ap_stable|                                        A_BUF_226_load_i|        scalar|
|A_BUF_227_load_i            |   in|   32|   ap_stable|                                        A_BUF_227_load_i|        scalar|
|A_BUF_228_load_i            |   in|   32|   ap_stable|                                        A_BUF_228_load_i|        scalar|
|A_BUF_229_load_i            |   in|   32|   ap_stable|                                        A_BUF_229_load_i|        scalar|
|A_BUF_230_load_i            |   in|   32|   ap_stable|                                        A_BUF_230_load_i|        scalar|
|A_BUF_231_load_i            |   in|   32|   ap_stable|                                        A_BUF_231_load_i|        scalar|
|A_BUF_232_load_i            |   in|   32|   ap_stable|                                        A_BUF_232_load_i|        scalar|
|A_BUF_233_load_i            |   in|   32|   ap_stable|                                        A_BUF_233_load_i|        scalar|
|A_BUF_234_load_i            |   in|   32|   ap_stable|                                        A_BUF_234_load_i|        scalar|
|A_BUF_235_load_i            |   in|   32|   ap_stable|                                        A_BUF_235_load_i|        scalar|
|A_BUF_236_load_i            |   in|   32|   ap_stable|                                        A_BUF_236_load_i|        scalar|
|A_BUF_237_load_i            |   in|   32|   ap_stable|                                        A_BUF_237_load_i|        scalar|
|A_BUF_238_load_i            |   in|   32|   ap_stable|                                        A_BUF_238_load_i|        scalar|
|A_BUF_239_load_i            |   in|   32|   ap_stable|                                        A_BUF_239_load_i|        scalar|
|A_BUF_240_load_i            |   in|   32|   ap_stable|                                        A_BUF_240_load_i|        scalar|
|A_BUF_241_load_i            |   in|   32|   ap_stable|                                        A_BUF_241_load_i|        scalar|
|A_BUF_242_load_i            |   in|   32|   ap_stable|                                        A_BUF_242_load_i|        scalar|
|A_BUF_243_load_i            |   in|   32|   ap_stable|                                        A_BUF_243_load_i|        scalar|
|A_BUF_244_load_i            |   in|   32|   ap_stable|                                        A_BUF_244_load_i|        scalar|
|A_BUF_245_load_i            |   in|   32|   ap_stable|                                        A_BUF_245_load_i|        scalar|
|A_BUF_246_load_i            |   in|   32|   ap_stable|                                        A_BUF_246_load_i|        scalar|
|A_BUF_247_load_i            |   in|   32|   ap_stable|                                        A_BUF_247_load_i|        scalar|
|A_BUF_248_load_i            |   in|   32|   ap_stable|                                        A_BUF_248_load_i|        scalar|
|A_BUF_249_load_i            |   in|   32|   ap_stable|                                        A_BUF_249_load_i|        scalar|
|A_BUF_250_load_i            |   in|   32|   ap_stable|                                        A_BUF_250_load_i|        scalar|
|A_BUF_251_load_i            |   in|   32|   ap_stable|                                        A_BUF_251_load_i|        scalar|
|A_BUF_252_load_i            |   in|   32|   ap_stable|                                        A_BUF_252_load_i|        scalar|
|A_BUF_253_load_i            |   in|   32|   ap_stable|                                        A_BUF_253_load_i|        scalar|
|A_BUF_254_load_i            |   in|   32|   ap_stable|                                        A_BUF_254_load_i|        scalar|
|A_BUF_255_load_i            |   in|   32|   ap_stable|                                        A_BUF_255_load_i|        scalar|
|A_BUF_256_load_i            |   in|   32|   ap_stable|                                        A_BUF_256_load_i|        scalar|
|A_BUF_257_load_i            |   in|   32|   ap_stable|                                        A_BUF_257_load_i|        scalar|
|A_BUF_258_load_i            |   in|   32|   ap_stable|                                        A_BUF_258_load_i|        scalar|
|A_BUF_259_load_i            |   in|   32|   ap_stable|                                        A_BUF_259_load_i|        scalar|
|A_BUF_260_load_i            |   in|   32|   ap_stable|                                        A_BUF_260_load_i|        scalar|
|A_BUF_261_load_i            |   in|   32|   ap_stable|                                        A_BUF_261_load_i|        scalar|
|A_BUF_262_load_i            |   in|   32|   ap_stable|                                        A_BUF_262_load_i|        scalar|
|A_BUF_263_load_i            |   in|   32|   ap_stable|                                        A_BUF_263_load_i|        scalar|
|A_BUF_264_load_i            |   in|   32|   ap_stable|                                        A_BUF_264_load_i|        scalar|
|A_BUF_265_load_i            |   in|   32|   ap_stable|                                        A_BUF_265_load_i|        scalar|
|A_BUF_266_load_i            |   in|   32|   ap_stable|                                        A_BUF_266_load_i|        scalar|
|A_BUF_267_load_i            |   in|   32|   ap_stable|                                        A_BUF_267_load_i|        scalar|
|A_BUF_268_load_i            |   in|   32|   ap_stable|                                        A_BUF_268_load_i|        scalar|
|A_BUF_269_load_i            |   in|   32|   ap_stable|                                        A_BUF_269_load_i|        scalar|
|A_BUF_270_load_i            |   in|   32|   ap_stable|                                        A_BUF_270_load_i|        scalar|
|A_BUF_271_load_i            |   in|   32|   ap_stable|                                        A_BUF_271_load_i|        scalar|
|A_BUF_272_load_i            |   in|   32|   ap_stable|                                        A_BUF_272_load_i|        scalar|
|A_BUF_273_load_i            |   in|   32|   ap_stable|                                        A_BUF_273_load_i|        scalar|
|A_BUF_274_load_i            |   in|   32|   ap_stable|                                        A_BUF_274_load_i|        scalar|
|A_BUF_275_load_i            |   in|   32|   ap_stable|                                        A_BUF_275_load_i|        scalar|
|A_BUF_276_load_i            |   in|   32|   ap_stable|                                        A_BUF_276_load_i|        scalar|
|A_BUF_277_load_i            |   in|   32|   ap_stable|                                        A_BUF_277_load_i|        scalar|
|A_BUF_278_load_i            |   in|   32|   ap_stable|                                        A_BUF_278_load_i|        scalar|
|A_BUF_279_load_i            |   in|   32|   ap_stable|                                        A_BUF_279_load_i|        scalar|
|A_BUF_280_load_i            |   in|   32|   ap_stable|                                        A_BUF_280_load_i|        scalar|
|A_BUF_281_load_i            |   in|   32|   ap_stable|                                        A_BUF_281_load_i|        scalar|
|A_BUF_282_load_i            |   in|   32|   ap_stable|                                        A_BUF_282_load_i|        scalar|
|A_BUF_283_load_i            |   in|   32|   ap_stable|                                        A_BUF_283_load_i|        scalar|
|A_BUF_284_load_i            |   in|   32|   ap_stable|                                        A_BUF_284_load_i|        scalar|
|A_BUF_285_load_i            |   in|   32|   ap_stable|                                        A_BUF_285_load_i|        scalar|
|A_BUF_286_load_i            |   in|   32|   ap_stable|                                        A_BUF_286_load_i|        scalar|
|A_BUF_287_load_i            |   in|   32|   ap_stable|                                        A_BUF_287_load_i|        scalar|
|A_BUF_288_load_i            |   in|   32|   ap_stable|                                        A_BUF_288_load_i|        scalar|
|A_BUF_289_load_i            |   in|   32|   ap_stable|                                        A_BUF_289_load_i|        scalar|
|A_BUF_290_load_i            |   in|   32|   ap_stable|                                        A_BUF_290_load_i|        scalar|
|A_BUF_291_load_i            |   in|   32|   ap_stable|                                        A_BUF_291_load_i|        scalar|
|A_BUF_292_load_i            |   in|   32|   ap_stable|                                        A_BUF_292_load_i|        scalar|
|A_BUF_293_load_i            |   in|   32|   ap_stable|                                        A_BUF_293_load_i|        scalar|
|A_BUF_294_load_i            |   in|   32|   ap_stable|                                        A_BUF_294_load_i|        scalar|
|A_BUF_295_load_i            |   in|   32|   ap_stable|                                        A_BUF_295_load_i|        scalar|
|A_BUF_296_load_i            |   in|   32|   ap_stable|                                        A_BUF_296_load_i|        scalar|
|A_BUF_297_load_i            |   in|   32|   ap_stable|                                        A_BUF_297_load_i|        scalar|
|A_BUF_298_load_i            |   in|   32|   ap_stable|                                        A_BUF_298_load_i|        scalar|
|A_BUF_299_load_i            |   in|   32|   ap_stable|                                        A_BUF_299_load_i|        scalar|
|A_BUF_300_load_i            |   in|   32|   ap_stable|                                        A_BUF_300_load_i|        scalar|
|A_BUF_301_load_i            |   in|   32|   ap_stable|                                        A_BUF_301_load_i|        scalar|
|A_BUF_302_load_i            |   in|   32|   ap_stable|                                        A_BUF_302_load_i|        scalar|
|A_BUF_303_load_i            |   in|   32|   ap_stable|                                        A_BUF_303_load_i|        scalar|
|A_BUF_304_load_i            |   in|   32|   ap_stable|                                        A_BUF_304_load_i|        scalar|
|A_BUF_305_load_i            |   in|   32|   ap_stable|                                        A_BUF_305_load_i|        scalar|
|A_BUF_306_load_i            |   in|   32|   ap_stable|                                        A_BUF_306_load_i|        scalar|
|A_BUF_307_load_i            |   in|   32|   ap_stable|                                        A_BUF_307_load_i|        scalar|
|A_BUF_308_load_i            |   in|   32|   ap_stable|                                        A_BUF_308_load_i|        scalar|
|A_BUF_309_load_i            |   in|   32|   ap_stable|                                        A_BUF_309_load_i|        scalar|
|A_BUF_310_load_i            |   in|   32|   ap_stable|                                        A_BUF_310_load_i|        scalar|
|A_BUF_311_load_i            |   in|   32|   ap_stable|                                        A_BUF_311_load_i|        scalar|
|A_BUF_312_load_i            |   in|   32|   ap_stable|                                        A_BUF_312_load_i|        scalar|
|A_BUF_313_load_i            |   in|   32|   ap_stable|                                        A_BUF_313_load_i|        scalar|
|A_BUF_314_load_i            |   in|   32|   ap_stable|                                        A_BUF_314_load_i|        scalar|
|A_BUF_315_load_i            |   in|   32|   ap_stable|                                        A_BUF_315_load_i|        scalar|
|A_BUF_316_load_i            |   in|   32|   ap_stable|                                        A_BUF_316_load_i|        scalar|
|A_BUF_317_load_i            |   in|   32|   ap_stable|                                        A_BUF_317_load_i|        scalar|
|A_BUF_318_load_i            |   in|   32|   ap_stable|                                        A_BUF_318_load_i|        scalar|
|A_BUF_319_load_i            |   in|   32|   ap_stable|                                        A_BUF_319_load_i|        scalar|
|A_BUF_320_load_i            |   in|   32|   ap_stable|                                        A_BUF_320_load_i|        scalar|
|A_BUF_321_load_i            |   in|   32|   ap_stable|                                        A_BUF_321_load_i|        scalar|
|A_BUF_322_load_i            |   in|   32|   ap_stable|                                        A_BUF_322_load_i|        scalar|
|A_BUF_323_load_i            |   in|   32|   ap_stable|                                        A_BUF_323_load_i|        scalar|
|A_BUF_324_load_i            |   in|   32|   ap_stable|                                        A_BUF_324_load_i|        scalar|
|A_BUF_325_load_i            |   in|   32|   ap_stable|                                        A_BUF_325_load_i|        scalar|
|A_BUF_326_load_i            |   in|   32|   ap_stable|                                        A_BUF_326_load_i|        scalar|
|A_BUF_327_load_i            |   in|   32|   ap_stable|                                        A_BUF_327_load_i|        scalar|
|A_BUF_328_load_i            |   in|   32|   ap_stable|                                        A_BUF_328_load_i|        scalar|
|A_BUF_329_load_i            |   in|   32|   ap_stable|                                        A_BUF_329_load_i|        scalar|
|A_BUF_330_load_i            |   in|   32|   ap_stable|                                        A_BUF_330_load_i|        scalar|
|A_BUF_331_load_i            |   in|   32|   ap_stable|                                        A_BUF_331_load_i|        scalar|
|A_BUF_332_load_i            |   in|   32|   ap_stable|                                        A_BUF_332_load_i|        scalar|
|A_BUF_333_load_i            |   in|   32|   ap_stable|                                        A_BUF_333_load_i|        scalar|
|A_BUF_334_load_i            |   in|   32|   ap_stable|                                        A_BUF_334_load_i|        scalar|
|A_BUF_335_load_i            |   in|   32|   ap_stable|                                        A_BUF_335_load_i|        scalar|
|A_BUF_336_load_i            |   in|   32|   ap_stable|                                        A_BUF_336_load_i|        scalar|
|A_BUF_337_load_i            |   in|   32|   ap_stable|                                        A_BUF_337_load_i|        scalar|
|A_BUF_338_load_i            |   in|   32|   ap_stable|                                        A_BUF_338_load_i|        scalar|
|A_BUF_339_load_i            |   in|   32|   ap_stable|                                        A_BUF_339_load_i|        scalar|
|A_BUF_340_load_i            |   in|   32|   ap_stable|                                        A_BUF_340_load_i|        scalar|
|A_BUF_341_load_i            |   in|   32|   ap_stable|                                        A_BUF_341_load_i|        scalar|
|A_BUF_342_load_i            |   in|   32|   ap_stable|                                        A_BUF_342_load_i|        scalar|
|A_BUF_343_load_i            |   in|   32|   ap_stable|                                        A_BUF_343_load_i|        scalar|
|A_BUF_344_load_i            |   in|   32|   ap_stable|                                        A_BUF_344_load_i|        scalar|
|A_BUF_345_load_i            |   in|   32|   ap_stable|                                        A_BUF_345_load_i|        scalar|
|A_BUF_346_load_i            |   in|   32|   ap_stable|                                        A_BUF_346_load_i|        scalar|
|A_BUF_347_load_i            |   in|   32|   ap_stable|                                        A_BUF_347_load_i|        scalar|
|A_BUF_348_load_i            |   in|   32|   ap_stable|                                        A_BUF_348_load_i|        scalar|
|A_BUF_349_load_i            |   in|   32|   ap_stable|                                        A_BUF_349_load_i|        scalar|
|A_BUF_350_load_i            |   in|   32|   ap_stable|                                        A_BUF_350_load_i|        scalar|
|A_BUF_351_load_i            |   in|   32|   ap_stable|                                        A_BUF_351_load_i|        scalar|
|A_BUF_352_load_i            |   in|   32|   ap_stable|                                        A_BUF_352_load_i|        scalar|
|A_BUF_353_load_i            |   in|   32|   ap_stable|                                        A_BUF_353_load_i|        scalar|
|A_BUF_354_load_i            |   in|   32|   ap_stable|                                        A_BUF_354_load_i|        scalar|
|A_BUF_355_load_i            |   in|   32|   ap_stable|                                        A_BUF_355_load_i|        scalar|
|A_BUF_356_load_i            |   in|   32|   ap_stable|                                        A_BUF_356_load_i|        scalar|
|A_BUF_357_load_i            |   in|   32|   ap_stable|                                        A_BUF_357_load_i|        scalar|
|A_BUF_358_load_i            |   in|   32|   ap_stable|                                        A_BUF_358_load_i|        scalar|
|A_BUF_359_load_i            |   in|   32|   ap_stable|                                        A_BUF_359_load_i|        scalar|
|A_BUF_360_load_i            |   in|   32|   ap_stable|                                        A_BUF_360_load_i|        scalar|
|A_BUF_361_load_i            |   in|   32|   ap_stable|                                        A_BUF_361_load_i|        scalar|
|A_BUF_362_load_i            |   in|   32|   ap_stable|                                        A_BUF_362_load_i|        scalar|
|A_BUF_363_load_i            |   in|   32|   ap_stable|                                        A_BUF_363_load_i|        scalar|
|A_BUF_364_load_i            |   in|   32|   ap_stable|                                        A_BUF_364_load_i|        scalar|
|A_BUF_365_load_i            |   in|   32|   ap_stable|                                        A_BUF_365_load_i|        scalar|
|A_BUF_366_load_i            |   in|   32|   ap_stable|                                        A_BUF_366_load_i|        scalar|
|A_BUF_367_load_i            |   in|   32|   ap_stable|                                        A_BUF_367_load_i|        scalar|
|A_BUF_368_load_i            |   in|   32|   ap_stable|                                        A_BUF_368_load_i|        scalar|
|A_BUF_369_load_i            |   in|   32|   ap_stable|                                        A_BUF_369_load_i|        scalar|
|A_BUF_370_load_i            |   in|   32|   ap_stable|                                        A_BUF_370_load_i|        scalar|
|A_BUF_371_load_i            |   in|   32|   ap_stable|                                        A_BUF_371_load_i|        scalar|
|A_BUF_372_load_i            |   in|   32|   ap_stable|                                        A_BUF_372_load_i|        scalar|
|A_BUF_373_load_i            |   in|   32|   ap_stable|                                        A_BUF_373_load_i|        scalar|
|A_BUF_374_load_i            |   in|   32|   ap_stable|                                        A_BUF_374_load_i|        scalar|
|A_BUF_375_load_i            |   in|   32|   ap_stable|                                        A_BUF_375_load_i|        scalar|
|A_BUF_376_load_i            |   in|   32|   ap_stable|                                        A_BUF_376_load_i|        scalar|
|A_BUF_377_load_i            |   in|   32|   ap_stable|                                        A_BUF_377_load_i|        scalar|
|A_BUF_378_load_i            |   in|   32|   ap_stable|                                        A_BUF_378_load_i|        scalar|
|A_BUF_379_load_i            |   in|   32|   ap_stable|                                        A_BUF_379_load_i|        scalar|
|A_BUF_380_load_i            |   in|   32|   ap_stable|                                        A_BUF_380_load_i|        scalar|
|A_BUF_381_load_i            |   in|   32|   ap_stable|                                        A_BUF_381_load_i|        scalar|
|A_BUF_382_load_i            |   in|   32|   ap_stable|                                        A_BUF_382_load_i|        scalar|
|A_BUF_383_load_i            |   in|   32|   ap_stable|                                        A_BUF_383_load_i|        scalar|
|A_BUF_384_load_i            |   in|   32|   ap_stable|                                        A_BUF_384_load_i|        scalar|
|A_BUF_385_load_i            |   in|   32|   ap_stable|                                        A_BUF_385_load_i|        scalar|
|A_BUF_386_load_i            |   in|   32|   ap_stable|                                        A_BUF_386_load_i|        scalar|
|A_BUF_387_load_i            |   in|   32|   ap_stable|                                        A_BUF_387_load_i|        scalar|
|A_BUF_388_load_i            |   in|   32|   ap_stable|                                        A_BUF_388_load_i|        scalar|
|A_BUF_389_load_i            |   in|   32|   ap_stable|                                        A_BUF_389_load_i|        scalar|
|A_BUF_390_load_i            |   in|   32|   ap_stable|                                        A_BUF_390_load_i|        scalar|
|A_BUF_391_load_i            |   in|   32|   ap_stable|                                        A_BUF_391_load_i|        scalar|
|A_BUF_392_load_i            |   in|   32|   ap_stable|                                        A_BUF_392_load_i|        scalar|
|A_BUF_393_load_i            |   in|   32|   ap_stable|                                        A_BUF_393_load_i|        scalar|
|A_BUF_394_load_i            |   in|   32|   ap_stable|                                        A_BUF_394_load_i|        scalar|
|A_BUF_395_load_i            |   in|   32|   ap_stable|                                        A_BUF_395_load_i|        scalar|
|A_BUF_396_load_i            |   in|   32|   ap_stable|                                        A_BUF_396_load_i|        scalar|
|A_BUF_397_load_i            |   in|   32|   ap_stable|                                        A_BUF_397_load_i|        scalar|
|A_BUF_398_load_i            |   in|   32|   ap_stable|                                        A_BUF_398_load_i|        scalar|
|A_BUF_399_load_i            |   in|   32|   ap_stable|                                        A_BUF_399_load_i|        scalar|
|A_BUF_400_load_i            |   in|   32|   ap_stable|                                        A_BUF_400_load_i|        scalar|
|A_BUF_401_load_i            |   in|   32|   ap_stable|                                        A_BUF_401_load_i|        scalar|
|A_BUF_402_load_i            |   in|   32|   ap_stable|                                        A_BUF_402_load_i|        scalar|
|A_BUF_403_load_i            |   in|   32|   ap_stable|                                        A_BUF_403_load_i|        scalar|
|A_BUF_404_load_i            |   in|   32|   ap_stable|                                        A_BUF_404_load_i|        scalar|
|A_BUF_405_load_i            |   in|   32|   ap_stable|                                        A_BUF_405_load_i|        scalar|
|A_BUF_406_load_i            |   in|   32|   ap_stable|                                        A_BUF_406_load_i|        scalar|
|A_BUF_407_load_i            |   in|   32|   ap_stable|                                        A_BUF_407_load_i|        scalar|
|A_BUF_408_load_i            |   in|   32|   ap_stable|                                        A_BUF_408_load_i|        scalar|
|A_BUF_409_load_i            |   in|   32|   ap_stable|                                        A_BUF_409_load_i|        scalar|
|A_BUF_410_load_i            |   in|   32|   ap_stable|                                        A_BUF_410_load_i|        scalar|
|A_BUF_411_load_i            |   in|   32|   ap_stable|                                        A_BUF_411_load_i|        scalar|
|A_BUF_412_load_i            |   in|   32|   ap_stable|                                        A_BUF_412_load_i|        scalar|
|A_BUF_413_load_i            |   in|   32|   ap_stable|                                        A_BUF_413_load_i|        scalar|
|A_BUF_414_load_i            |   in|   32|   ap_stable|                                        A_BUF_414_load_i|        scalar|
|A_BUF_415_load_i            |   in|   32|   ap_stable|                                        A_BUF_415_load_i|        scalar|
|A_BUF_416_load_i            |   in|   32|   ap_stable|                                        A_BUF_416_load_i|        scalar|
|A_BUF_417_load_i            |   in|   32|   ap_stable|                                        A_BUF_417_load_i|        scalar|
|A_BUF_418_load_i            |   in|   32|   ap_stable|                                        A_BUF_418_load_i|        scalar|
|A_BUF_419_load_i            |   in|   32|   ap_stable|                                        A_BUF_419_load_i|        scalar|
|A_BUF_420_load_i            |   in|   32|   ap_stable|                                        A_BUF_420_load_i|        scalar|
|A_BUF_421_load_i            |   in|   32|   ap_stable|                                        A_BUF_421_load_i|        scalar|
|A_BUF_422_load_i            |   in|   32|   ap_stable|                                        A_BUF_422_load_i|        scalar|
|A_BUF_423_load_i            |   in|   32|   ap_stable|                                        A_BUF_423_load_i|        scalar|
|A_BUF_424_load_i            |   in|   32|   ap_stable|                                        A_BUF_424_load_i|        scalar|
|A_BUF_425_load_i            |   in|   32|   ap_stable|                                        A_BUF_425_load_i|        scalar|
|A_BUF_426_load_i            |   in|   32|   ap_stable|                                        A_BUF_426_load_i|        scalar|
|A_BUF_427_load_i            |   in|   32|   ap_stable|                                        A_BUF_427_load_i|        scalar|
|A_BUF_428_load_i            |   in|   32|   ap_stable|                                        A_BUF_428_load_i|        scalar|
|A_BUF_429_load_i            |   in|   32|   ap_stable|                                        A_BUF_429_load_i|        scalar|
|A_BUF_430_load_i            |   in|   32|   ap_stable|                                        A_BUF_430_load_i|        scalar|
|A_BUF_431_load_i            |   in|   32|   ap_stable|                                        A_BUF_431_load_i|        scalar|
|A_BUF_432_load_i            |   in|   32|   ap_stable|                                        A_BUF_432_load_i|        scalar|
|A_BUF_433_load_i            |   in|   32|   ap_stable|                                        A_BUF_433_load_i|        scalar|
|A_BUF_434_load_i            |   in|   32|   ap_stable|                                        A_BUF_434_load_i|        scalar|
|A_BUF_435_load_i            |   in|   32|   ap_stable|                                        A_BUF_435_load_i|        scalar|
|A_BUF_436_load_i            |   in|   32|   ap_stable|                                        A_BUF_436_load_i|        scalar|
|A_BUF_437_load_i            |   in|   32|   ap_stable|                                        A_BUF_437_load_i|        scalar|
|A_BUF_438_load_i            |   in|   32|   ap_stable|                                        A_BUF_438_load_i|        scalar|
|A_BUF_439_load_i            |   in|   32|   ap_stable|                                        A_BUF_439_load_i|        scalar|
|A_BUF_440_load_i            |   in|   32|   ap_stable|                                        A_BUF_440_load_i|        scalar|
|A_BUF_441_load_i            |   in|   32|   ap_stable|                                        A_BUF_441_load_i|        scalar|
|A_BUF_442_load_i            |   in|   32|   ap_stable|                                        A_BUF_442_load_i|        scalar|
|A_BUF_443_load_i            |   in|   32|   ap_stable|                                        A_BUF_443_load_i|        scalar|
|A_BUF_444_load_i            |   in|   32|   ap_stable|                                        A_BUF_444_load_i|        scalar|
|A_BUF_445_load_i            |   in|   32|   ap_stable|                                        A_BUF_445_load_i|        scalar|
|A_BUF_446_load_i            |   in|   32|   ap_stable|                                        A_BUF_446_load_i|        scalar|
|A_BUF_447_load_i            |   in|   32|   ap_stable|                                        A_BUF_447_load_i|        scalar|
|A_BUF_448_load_i            |   in|   32|   ap_stable|                                        A_BUF_448_load_i|        scalar|
|A_BUF_449_load_i            |   in|   32|   ap_stable|                                        A_BUF_449_load_i|        scalar|
|A_BUF_450_load_i            |   in|   32|   ap_stable|                                        A_BUF_450_load_i|        scalar|
|A_BUF_451_load_i            |   in|   32|   ap_stable|                                        A_BUF_451_load_i|        scalar|
|A_BUF_452_load_i            |   in|   32|   ap_stable|                                        A_BUF_452_load_i|        scalar|
|A_BUF_453_load_i            |   in|   32|   ap_stable|                                        A_BUF_453_load_i|        scalar|
|A_BUF_454_load_i            |   in|   32|   ap_stable|                                        A_BUF_454_load_i|        scalar|
|A_BUF_455_load_i            |   in|   32|   ap_stable|                                        A_BUF_455_load_i|        scalar|
|A_BUF_456_load_i            |   in|   32|   ap_stable|                                        A_BUF_456_load_i|        scalar|
|A_BUF_457_load_i            |   in|   32|   ap_stable|                                        A_BUF_457_load_i|        scalar|
|A_BUF_458_load_i            |   in|   32|   ap_stable|                                        A_BUF_458_load_i|        scalar|
|A_BUF_459_load_i            |   in|   32|   ap_stable|                                        A_BUF_459_load_i|        scalar|
|A_BUF_460_load_i            |   in|   32|   ap_stable|                                        A_BUF_460_load_i|        scalar|
|A_BUF_461_load_i            |   in|   32|   ap_stable|                                        A_BUF_461_load_i|        scalar|
|A_BUF_462_load_i            |   in|   32|   ap_stable|                                        A_BUF_462_load_i|        scalar|
|A_BUF_463_load_i            |   in|   32|   ap_stable|                                        A_BUF_463_load_i|        scalar|
|A_BUF_464_load_i            |   in|   32|   ap_stable|                                        A_BUF_464_load_i|        scalar|
|A_BUF_465_load_i            |   in|   32|   ap_stable|                                        A_BUF_465_load_i|        scalar|
|A_BUF_466_load_i            |   in|   32|   ap_stable|                                        A_BUF_466_load_i|        scalar|
|A_BUF_467_load_i            |   in|   32|   ap_stable|                                        A_BUF_467_load_i|        scalar|
|A_BUF_468_load_i            |   in|   32|   ap_stable|                                        A_BUF_468_load_i|        scalar|
|A_BUF_469_load_i            |   in|   32|   ap_stable|                                        A_BUF_469_load_i|        scalar|
|A_BUF_470_load_i            |   in|   32|   ap_stable|                                        A_BUF_470_load_i|        scalar|
|A_BUF_471_load_i            |   in|   32|   ap_stable|                                        A_BUF_471_load_i|        scalar|
|A_BUF_472_load_i            |   in|   32|   ap_stable|                                        A_BUF_472_load_i|        scalar|
|A_BUF_473_load_i            |   in|   32|   ap_stable|                                        A_BUF_473_load_i|        scalar|
|A_BUF_474_load_i            |   in|   32|   ap_stable|                                        A_BUF_474_load_i|        scalar|
|A_BUF_475_load_i            |   in|   32|   ap_stable|                                        A_BUF_475_load_i|        scalar|
|A_BUF_476_load_i            |   in|   32|   ap_stable|                                        A_BUF_476_load_i|        scalar|
|A_BUF_477_load_i            |   in|   32|   ap_stable|                                        A_BUF_477_load_i|        scalar|
|A_BUF_478_load_i            |   in|   32|   ap_stable|                                        A_BUF_478_load_i|        scalar|
|A_BUF_479_load_i            |   in|   32|   ap_stable|                                        A_BUF_479_load_i|        scalar|
|A_BUF_480_load_i            |   in|   32|   ap_stable|                                        A_BUF_480_load_i|        scalar|
|A_BUF_481_load_i            |   in|   32|   ap_stable|                                        A_BUF_481_load_i|        scalar|
|A_BUF_482_load_i            |   in|   32|   ap_stable|                                        A_BUF_482_load_i|        scalar|
|A_BUF_483_load_i            |   in|   32|   ap_stable|                                        A_BUF_483_load_i|        scalar|
|A_BUF_484_load_i            |   in|   32|   ap_stable|                                        A_BUF_484_load_i|        scalar|
|A_BUF_485_load_i            |   in|   32|   ap_stable|                                        A_BUF_485_load_i|        scalar|
|A_BUF_486_load_i            |   in|   32|   ap_stable|                                        A_BUF_486_load_i|        scalar|
|A_BUF_487_load_i            |   in|   32|   ap_stable|                                        A_BUF_487_load_i|        scalar|
|A_BUF_488_load_i            |   in|   32|   ap_stable|                                        A_BUF_488_load_i|        scalar|
|A_BUF_489_load_i            |   in|   32|   ap_stable|                                        A_BUF_489_load_i|        scalar|
|A_BUF_490_load_i            |   in|   32|   ap_stable|                                        A_BUF_490_load_i|        scalar|
|A_BUF_491_load_i            |   in|   32|   ap_stable|                                        A_BUF_491_load_i|        scalar|
|A_BUF_492_load_i            |   in|   32|   ap_stable|                                        A_BUF_492_load_i|        scalar|
|A_BUF_493_load_i            |   in|   32|   ap_stable|                                        A_BUF_493_load_i|        scalar|
|A_BUF_494_load_i            |   in|   32|   ap_stable|                                        A_BUF_494_load_i|        scalar|
|A_BUF_495_load_i            |   in|   32|   ap_stable|                                        A_BUF_495_load_i|        scalar|
|A_BUF_496_load_i            |   in|   32|   ap_stable|                                        A_BUF_496_load_i|        scalar|
|A_BUF_497_load_i            |   in|   32|   ap_stable|                                        A_BUF_497_load_i|        scalar|
|A_BUF_498_load_i            |   in|   32|   ap_stable|                                        A_BUF_498_load_i|        scalar|
|A_BUF_499_load_i            |   in|   32|   ap_stable|                                        A_BUF_499_load_i|        scalar|
|A_BUF_500_load_i            |   in|   32|   ap_stable|                                        A_BUF_500_load_i|        scalar|
|A_BUF_501_load_i            |   in|   32|   ap_stable|                                        A_BUF_501_load_i|        scalar|
|A_BUF_502_load_i            |   in|   32|   ap_stable|                                        A_BUF_502_load_i|        scalar|
|A_BUF_503_load_i            |   in|   32|   ap_stable|                                        A_BUF_503_load_i|        scalar|
|A_BUF_504_load_i            |   in|   32|   ap_stable|                                        A_BUF_504_load_i|        scalar|
|A_BUF_505_load_i            |   in|   32|   ap_stable|                                        A_BUF_505_load_i|        scalar|
|A_BUF_506_load_i            |   in|   32|   ap_stable|                                        A_BUF_506_load_i|        scalar|
|A_BUF_507_load_i            |   in|   32|   ap_stable|                                        A_BUF_507_load_i|        scalar|
|A_BUF_508_load_i            |   in|   32|   ap_stable|                                        A_BUF_508_load_i|        scalar|
|A_BUF_509_load_i            |   in|   32|   ap_stable|                                        A_BUF_509_load_i|        scalar|
|A_BUF_510_load_i            |   in|   32|   ap_stable|                                        A_BUF_510_load_i|        scalar|
|A_BUF_511_load_i            |   in|   32|   ap_stable|                                        A_BUF_511_load_i|        scalar|
+----------------------------+-----+-----+------------+--------------------------------------------------------+--------------+

