

================================================================
== Vitis HLS Report for 'loader_C_tile_512'
================================================================
* Date:           Thu Jul  2 10:51:46 2026

* Version:        2023.2 (Build 4023990 on Oct 11 2023)
* Project:        hls_project
* Solution:       gemm2 (Vitis Kernel Flow Target)
* Product family: versalaicore
* Target device:  xcvc1902-vsva2197-2MP-e-S


================================================================
== Performance Estimates
================================================================
+ Timing: 
    * Summary: 
    +--------+---------+----------+------------+
    |  Clock |  Target | Estimated| Uncertainty|
    +--------+---------+----------+------------+
    |ap_clk  |  3.33 ns|  2.991 ns|     0.90 ns|
    +--------+---------+----------+------------+

+ Latency: 
    * Summary: 
    +---------+---------+----------+----------+-----+-----+---------+
    |  Latency (cycles) |  Latency (absolute) |  Interval | Pipeline|
    |   min   |   max   |    min   |    max   | min | max |   Type  |
    +---------+---------+----------+----------+-----+-----+---------+
    |      514|      514|  1.713 us|  1.713 us|  514|  514|       no|
    +---------+---------+----------+----------+-----+-----+---------+

    + Detail: 
        * Instance: 
        N/A

        * Loop: 
        +-----------------------------------+---------+---------+----------+-----------+-----------+------+----------+
        |                                   |  Latency (cycles) | Iteration|  Initiation Interval  | Trip |          |
        |             Loop Name             |   min   |   max   |  Latency |  achieved |   target  | Count| Pipelined|
        +-----------------------------------+---------+---------+----------+-----------+-----------+------+----------+
        |- VITIS_LOOP_48_1_VITIS_LOOP_49_2  |      512|      512|         2|          1|          1|   512|       yes|
        +-----------------------------------+---------+---------+----------+-----------+-----------+------+----------+



================================================================
== Utilization Estimates
================================================================
* Summary: 
+-----------------+---------+------+---------+--------+-----+
|       Name      | BRAM_18K|  DSP |    FF   |   LUT  | URAM|
+-----------------+---------+------+---------+--------+-----+
|DSP              |        -|     -|        -|       -|    -|
|Expression       |        -|     -|        0|     124|    -|
|FIFO             |        -|     -|        -|       -|    -|
|Instance         |        -|     -|        -|       -|    -|
|Memory           |        -|     -|        -|       -|    -|
|Multiplexer      |        -|     -|        -|     108|    -|
|Register         |        -|     -|     1055|       -|    -|
+-----------------+---------+------+---------+--------+-----+
|Total            |        0|     0|     1055|     232|    0|
+-----------------+---------+------+---------+--------+-----+
|Available        |     1934|  1968|  1799680|  899840|  463|
+-----------------+---------+------+---------+--------+-----+
|Utilization (%)  |        0|     0|       ~0|      ~0|    0|
+-----------------+---------+------+---------+--------+-----+

+ Detail: 
    * Instance: 
    N/A

    * DSP: 
    N/A

    * Memory: 
    N/A

    * FIFO: 
    N/A

    * Expression: 
    +----------------------------------+----------+----+---+----+------------+------------+
    |           Variable Name          | Operation| DSP| FF| LUT| Bitwidth P0| Bitwidth P1|
    +----------------------------------+----------+----+---+----+------------+------------+
    |add_ln48_2_fu_972_p2              |         +|   0|  0|   5|           5|           1|
    |add_ln48_fu_900_p2                |         +|   0|  0|  10|          10|           1|
    |add_ln49_fu_936_p2                |         +|   0|  0|   6|           6|           1|
    |ap_condition_1422                 |       and|   0|  0|   2|           1|           1|
    |ap_condition_1435                 |       and|   0|  0|   2|           1|           1|
    |ap_predicate_op100_read_state1    |       and|   0|  0|   2|           1|           1|
    |ap_predicate_op102_read_state1    |       and|   0|  0|   2|           1|           1|
    |ap_predicate_op104_read_state1    |       and|   0|  0|   2|           1|           1|
    |ap_predicate_op106_read_state1    |       and|   0|  0|   2|           1|           1|
    |ap_predicate_op108_read_state1    |       and|   0|  0|   2|           1|           1|
    |ap_predicate_op110_read_state1    |       and|   0|  0|   2|           1|           1|
    |ap_predicate_op112_read_state1    |       and|   0|  0|   2|           1|           1|
    |ap_predicate_op114_read_state1    |       and|   0|  0|   2|           1|           1|
    |ap_predicate_op116_read_state1    |       and|   0|  0|   2|           1|           1|
    |ap_predicate_op118_read_state1    |       and|   0|  0|   2|           1|           1|
    |ap_predicate_op120_read_state1    |       and|   0|  0|   2|           1|           1|
    |ap_predicate_op122_read_state1    |       and|   0|  0|   2|           1|           1|
    |ap_predicate_op124_read_state1    |       and|   0|  0|   2|           1|           1|
    |ap_predicate_op126_read_state1    |       and|   0|  0|   2|           1|           1|
    |ap_predicate_op128_read_state1    |       and|   0|  0|   2|           1|           1|
    |ap_predicate_op130_read_state1    |       and|   0|  0|   2|           1|           1|
    |ap_predicate_op132_read_state1    |       and|   0|  0|   2|           1|           1|
    |ap_predicate_op134_read_state1    |       and|   0|  0|   2|           1|           1|
    |ap_predicate_op136_read_state1    |       and|   0|  0|   2|           1|           1|
    |ap_predicate_op138_read_state1    |       and|   0|  0|   2|           1|           1|
    |ap_predicate_op140_read_state1    |       and|   0|  0|   2|           1|           1|
    |ap_predicate_op142_read_state1    |       and|   0|  0|   2|           1|           1|
    |ap_predicate_op144_read_state1    |       and|   0|  0|   2|           1|           1|
    |ap_predicate_op146_read_state1    |       and|   0|  0|   2|           1|           1|
    |ap_predicate_op148_read_state1    |       and|   0|  0|   2|           1|           1|
    |ap_predicate_op150_read_state1    |       and|   0|  0|   2|           1|           1|
    |ap_predicate_op152_read_state1    |       and|   0|  0|   2|           1|           1|
    |ap_predicate_op154_read_state1    |       and|   0|  0|   2|           1|           1|
    |ap_predicate_op156_read_state1    |       and|   0|  0|   2|           1|           1|
    |ap_predicate_op94_read_state1     |       and|   0|  0|   2|           1|           1|
    |ap_predicate_op96_read_state1     |       and|   0|  0|   2|           1|           1|
    |ap_predicate_op98_read_state1     |       and|   0|  0|   2|           1|           1|
    |icmp_ln48_fu_906_p2               |      icmp|   0|  0|  11|          10|          11|
    |icmp_ln49_fu_918_p2               |      icmp|   0|  0|   7|           6|           7|
    |ap_block_pp0_stage0_11001         |        or|   0|  0|   2|           1|           1|
    |ap_block_state1_pp0_stage0_iter0  |        or|   0|  0|   2|           1|           1|
    |select_ln48_2_fu_978_p3           |    select|   0|  0|   5|           1|           5|
    |select_ln48_fu_924_p3             |    select|   0|  0|   6|           1|           1|
    |ap_enable_pp0                     |       xor|   0|  0|   2|           1|           2|
    +----------------------------------+----------+----+---+----+------------+------------+
    |Total                             |          |   0|  0| 124|          76|          65|
    +----------------------------------+----------+----+---+----+------------+------------+

    * Multiplexer: 
    +--------------------------------------+----+-----------+-----+-----------+
    |                 Name                 | LUT| Input Size| Bits| Total Bits|
    +--------------------------------------+----+-----------+-----+-----------+
    |C_streams_1_0_blk_n                   |   2|          2|    1|          2|
    |C_streams_1_10_blk_n                  |   2|          2|    1|          2|
    |C_streams_1_11_blk_n                  |   2|          2|    1|          2|
    |C_streams_1_12_blk_n                  |   2|          2|    1|          2|
    |C_streams_1_13_blk_n                  |   2|          2|    1|          2|
    |C_streams_1_14_blk_n                  |   2|          2|    1|          2|
    |C_streams_1_15_blk_n                  |   2|          2|    1|          2|
    |C_streams_1_16_blk_n                  |   2|          2|    1|          2|
    |C_streams_1_17_blk_n                  |   2|          2|    1|          2|
    |C_streams_1_18_blk_n                  |   2|          2|    1|          2|
    |C_streams_1_19_blk_n                  |   2|          2|    1|          2|
    |C_streams_1_1_blk_n                   |   2|          2|    1|          2|
    |C_streams_1_20_blk_n                  |   2|          2|    1|          2|
    |C_streams_1_21_blk_n                  |   2|          2|    1|          2|
    |C_streams_1_22_blk_n                  |   2|          2|    1|          2|
    |C_streams_1_23_blk_n                  |   2|          2|    1|          2|
    |C_streams_1_24_blk_n                  |   2|          2|    1|          2|
    |C_streams_1_25_blk_n                  |   2|          2|    1|          2|
    |C_streams_1_26_blk_n                  |   2|          2|    1|          2|
    |C_streams_1_27_blk_n                  |   2|          2|    1|          2|
    |C_streams_1_28_blk_n                  |   2|          2|    1|          2|
    |C_streams_1_29_blk_n                  |   2|          2|    1|          2|
    |C_streams_1_2_blk_n                   |   2|          2|    1|          2|
    |C_streams_1_30_blk_n                  |   2|          2|    1|          2|
    |C_streams_1_31_blk_n                  |   2|          2|    1|          2|
    |C_streams_1_3_blk_n                   |   2|          2|    1|          2|
    |C_streams_1_4_blk_n                   |   2|          2|    1|          2|
    |C_streams_1_5_blk_n                   |   2|          2|    1|          2|
    |C_streams_1_6_blk_n                   |   2|          2|    1|          2|
    |C_streams_1_7_blk_n                   |   2|          2|    1|          2|
    |C_streams_1_8_blk_n                   |   2|          2|    1|          2|
    |C_streams_1_9_blk_n                   |   2|          2|    1|          2|
    |ap_done_int                           |   2|          2|    1|          2|
    |ap_enable_reg_pp0_iter1               |   2|          2|    1|          2|
    |ap_sig_allocacmp_i_load               |   5|          2|    5|         10|
    |ap_sig_allocacmp_indvar_flatten_load  |  10|          2|   10|         20|
    |ap_sig_allocacmp_j_load               |   5|          2|    6|         12|
    |i_fu_240                              |   5|          2|    5|         10|
    |indvar_flatten_fu_244                 |  10|          2|   10|         20|
    |j_fu_236                              |   5|          2|    6|         12|
    +--------------------------------------+----+-----------+-----+-----------+
    |Total                                 | 108|         80|   76|        152|
    +--------------------------------------+----+-----------+-----+-----------+

    * Register: 
    +------------------------------+----+----+-----+-----------+
    |             Name             | FF | LUT| Bits| Const Bits|
    +------------------------------+----+----+-----+-----------+
    |C_streams_1_0_read_reg_1479   |  32|   0|   32|          0|
    |C_streams_1_10_read_reg_1419  |  32|   0|   32|          0|
    |C_streams_1_11_read_reg_1413  |  32|   0|   32|          0|
    |C_streams_1_12_read_reg_1407  |  32|   0|   32|          0|
    |C_streams_1_13_read_reg_1401  |  32|   0|   32|          0|
    |C_streams_1_14_read_reg_1395  |  32|   0|   32|          0|
    |C_streams_1_15_read_reg_1389  |  32|   0|   32|          0|
    |C_streams_1_16_read_reg_1383  |  32|   0|   32|          0|
    |C_streams_1_17_read_reg_1377  |  32|   0|   32|          0|
    |C_streams_1_18_read_reg_1371  |  32|   0|   32|          0|
    |C_streams_1_19_read_reg_1365  |  32|   0|   32|          0|
    |C_streams_1_1_read_reg_1473   |  32|   0|   32|          0|
    |C_streams_1_20_read_reg_1359  |  32|   0|   32|          0|
    |C_streams_1_21_read_reg_1353  |  32|   0|   32|          0|
    |C_streams_1_22_read_reg_1347  |  32|   0|   32|          0|
    |C_streams_1_23_read_reg_1341  |  32|   0|   32|          0|
    |C_streams_1_24_read_reg_1335  |  32|   0|   32|          0|
    |C_streams_1_25_read_reg_1329  |  32|   0|   32|          0|
    |C_streams_1_26_read_reg_1323  |  32|   0|   32|          0|
    |C_streams_1_27_read_reg_1317  |  32|   0|   32|          0|
    |C_streams_1_28_read_reg_1311  |  32|   0|   32|          0|
    |C_streams_1_29_read_reg_1305  |  32|   0|   32|          0|
    |C_streams_1_2_read_reg_1467   |  32|   0|   32|          0|
    |C_streams_1_30_read_reg_1299  |  32|   0|   32|          0|
    |C_streams_1_31_read_reg_1485  |  32|   0|   32|          0|
    |C_streams_1_3_read_reg_1461   |  32|   0|   32|          0|
    |C_streams_1_4_read_reg_1455   |  32|   0|   32|          0|
    |C_streams_1_5_read_reg_1449   |  32|   0|   32|          0|
    |C_streams_1_6_read_reg_1443   |  32|   0|   32|          0|
    |C_streams_1_7_read_reg_1437   |  32|   0|   32|          0|
    |C_streams_1_8_read_reg_1431   |  32|   0|   32|          0|
    |C_streams_1_9_read_reg_1425   |  32|   0|   32|          0|
    |ap_CS_fsm                     |   1|   0|    1|          0|
    |ap_done_reg                   |   1|   0|    1|          0|
    |ap_enable_reg_pp0_iter1       |   1|   0|    1|          0|
    |ap_loop_init_pp0_iter1_reg    |   1|   0|    1|          0|
    |i_fu_240                      |   5|   0|    5|          0|
    |icmp_ln49_reg_1290            |   1|   0|    1|          0|
    |indvar_flatten_fu_244         |  10|   0|   10|          0|
    |j_fu_236                      |   6|   0|    6|          0|
    |trunc_ln49_reg_1295           |   5|   0|    5|          0|
    +------------------------------+----+----+-----+-----------+
    |Total                         |1055|   0| 1055|          0|
    +------------------------------+----+----+-----+-----------+



================================================================
== Interface
================================================================
* Summary: 
+-------------------------------+-----+-----+------------+-------------------+--------------+
|           RTL Ports           | Dir | Bits|  Protocol  |   Source Object   |    C Type    |
+-------------------------------+-----+-----+------------+-------------------+--------------+
|ap_clk                         |   in|    1|  ap_ctrl_hs|  loader_C_tile.512|  return value|
|ap_rst                         |   in|    1|  ap_ctrl_hs|  loader_C_tile.512|  return value|
|ap_start                       |   in|    1|  ap_ctrl_hs|  loader_C_tile.512|  return value|
|ap_done                        |  out|    1|  ap_ctrl_hs|  loader_C_tile.512|  return value|
|ap_continue                    |   in|    1|  ap_ctrl_hs|  loader_C_tile.512|  return value|
|ap_idle                        |  out|    1|  ap_ctrl_hs|  loader_C_tile.512|  return value|
|ap_ready                       |  out|    1|  ap_ctrl_hs|  loader_C_tile.512|  return value|
|C_streams_1_30_dout            |   in|   32|     ap_fifo|     C_streams_1_30|       pointer|
|C_streams_1_30_num_data_valid  |   in|    3|     ap_fifo|     C_streams_1_30|       pointer|
|C_streams_1_30_fifo_cap        |   in|    3|     ap_fifo|     C_streams_1_30|       pointer|
|C_streams_1_30_empty_n         |   in|    1|     ap_fifo|     C_streams_1_30|       pointer|
|C_streams_1_30_read            |  out|    1|     ap_fifo|     C_streams_1_30|       pointer|
|C_streams_1_29_dout            |   in|   32|     ap_fifo|     C_streams_1_29|       pointer|
|C_streams_1_29_num_data_valid  |   in|    3|     ap_fifo|     C_streams_1_29|       pointer|
|C_streams_1_29_fifo_cap        |   in|    3|     ap_fifo|     C_streams_1_29|       pointer|
|C_streams_1_29_empty_n         |   in|    1|     ap_fifo|     C_streams_1_29|       pointer|
|C_streams_1_29_read            |  out|    1|     ap_fifo|     C_streams_1_29|       pointer|
|C_streams_1_28_dout            |   in|   32|     ap_fifo|     C_streams_1_28|       pointer|
|C_streams_1_28_num_data_valid  |   in|    3|     ap_fifo|     C_streams_1_28|       pointer|
|C_streams_1_28_fifo_cap        |   in|    3|     ap_fifo|     C_streams_1_28|       pointer|
|C_streams_1_28_empty_n         |   in|    1|     ap_fifo|     C_streams_1_28|       pointer|
|C_streams_1_28_read            |  out|    1|     ap_fifo|     C_streams_1_28|       pointer|
|C_streams_1_27_dout            |   in|   32|     ap_fifo|     C_streams_1_27|       pointer|
|C_streams_1_27_num_data_valid  |   in|    3|     ap_fifo|     C_streams_1_27|       pointer|
|C_streams_1_27_fifo_cap        |   in|    3|     ap_fifo|     C_streams_1_27|       pointer|
|C_streams_1_27_empty_n         |   in|    1|     ap_fifo|     C_streams_1_27|       pointer|
|C_streams_1_27_read            |  out|    1|     ap_fifo|     C_streams_1_27|       pointer|
|C_streams_1_26_dout            |   in|   32|     ap_fifo|     C_streams_1_26|       pointer|
|C_streams_1_26_num_data_valid  |   in|    3|     ap_fifo|     C_streams_1_26|       pointer|
|C_streams_1_26_fifo_cap        |   in|    3|     ap_fifo|     C_streams_1_26|       pointer|
|C_streams_1_26_empty_n         |   in|    1|     ap_fifo|     C_streams_1_26|       pointer|
|C_streams_1_26_read            |  out|    1|     ap_fifo|     C_streams_1_26|       pointer|
|C_streams_1_25_dout            |   in|   32|     ap_fifo|     C_streams_1_25|       pointer|
|C_streams_1_25_num_data_valid  |   in|    3|     ap_fifo|     C_streams_1_25|       pointer|
|C_streams_1_25_fifo_cap        |   in|    3|     ap_fifo|     C_streams_1_25|       pointer|
|C_streams_1_25_empty_n         |   in|    1|     ap_fifo|     C_streams_1_25|       pointer|
|C_streams_1_25_read            |  out|    1|     ap_fifo|     C_streams_1_25|       pointer|
|C_streams_1_24_dout            |   in|   32|     ap_fifo|     C_streams_1_24|       pointer|
|C_streams_1_24_num_data_valid  |   in|    3|     ap_fifo|     C_streams_1_24|       pointer|
|C_streams_1_24_fifo_cap        |   in|    3|     ap_fifo|     C_streams_1_24|       pointer|
|C_streams_1_24_empty_n         |   in|    1|     ap_fifo|     C_streams_1_24|       pointer|
|C_streams_1_24_read            |  out|    1|     ap_fifo|     C_streams_1_24|       pointer|
|C_streams_1_23_dout            |   in|   32|     ap_fifo|     C_streams_1_23|       pointer|
|C_streams_1_23_num_data_valid  |   in|    3|     ap_fifo|     C_streams_1_23|       pointer|
|C_streams_1_23_fifo_cap        |   in|    3|     ap_fifo|     C_streams_1_23|       pointer|
|C_streams_1_23_empty_n         |   in|    1|     ap_fifo|     C_streams_1_23|       pointer|
|C_streams_1_23_read            |  out|    1|     ap_fifo|     C_streams_1_23|       pointer|
|C_streams_1_22_dout            |   in|   32|     ap_fifo|     C_streams_1_22|       pointer|
|C_streams_1_22_num_data_valid  |   in|    3|     ap_fifo|     C_streams_1_22|       pointer|
|C_streams_1_22_fifo_cap        |   in|    3|     ap_fifo|     C_streams_1_22|       pointer|
|C_streams_1_22_empty_n         |   in|    1|     ap_fifo|     C_streams_1_22|       pointer|
|C_streams_1_22_read            |  out|    1|     ap_fifo|     C_streams_1_22|       pointer|
|C_streams_1_21_dout            |   in|   32|     ap_fifo|     C_streams_1_21|       pointer|
|C_streams_1_21_num_data_valid  |   in|    3|     ap_fifo|     C_streams_1_21|       pointer|
|C_streams_1_21_fifo_cap        |   in|    3|     ap_fifo|     C_streams_1_21|       pointer|
|C_streams_1_21_empty_n         |   in|    1|     ap_fifo|     C_streams_1_21|       pointer|
|C_streams_1_21_read            |  out|    1|     ap_fifo|     C_streams_1_21|       pointer|
|C_streams_1_20_dout            |   in|   32|     ap_fifo|     C_streams_1_20|       pointer|
|C_streams_1_20_num_data_valid  |   in|    3|     ap_fifo|     C_streams_1_20|       pointer|
|C_streams_1_20_fifo_cap        |   in|    3|     ap_fifo|     C_streams_1_20|       pointer|
|C_streams_1_20_empty_n         |   in|    1|     ap_fifo|     C_streams_1_20|       pointer|
|C_streams_1_20_read            |  out|    1|     ap_fifo|     C_streams_1_20|       pointer|
|C_streams_1_19_dout            |   in|   32|     ap_fifo|     C_streams_1_19|       pointer|
|C_streams_1_19_num_data_valid  |   in|    3|     ap_fifo|     C_streams_1_19|       pointer|
|C_streams_1_19_fifo_cap        |   in|    3|     ap_fifo|     C_streams_1_19|       pointer|
|C_streams_1_19_empty_n         |   in|    1|     ap_fifo|     C_streams_1_19|       pointer|
|C_streams_1_19_read            |  out|    1|     ap_fifo|     C_streams_1_19|       pointer|
|C_streams_1_18_dout            |   in|   32|     ap_fifo|     C_streams_1_18|       pointer|
|C_streams_1_18_num_data_valid  |   in|    3|     ap_fifo|     C_streams_1_18|       pointer|
|C_streams_1_18_fifo_cap        |   in|    3|     ap_fifo|     C_streams_1_18|       pointer|
|C_streams_1_18_empty_n         |   in|    1|     ap_fifo|     C_streams_1_18|       pointer|
|C_streams_1_18_read            |  out|    1|     ap_fifo|     C_streams_1_18|       pointer|
|C_streams_1_17_dout            |   in|   32|     ap_fifo|     C_streams_1_17|       pointer|
|C_streams_1_17_num_data_valid  |   in|    3|     ap_fifo|     C_streams_1_17|       pointer|
|C_streams_1_17_fifo_cap        |   in|    3|     ap_fifo|     C_streams_1_17|       pointer|
|C_streams_1_17_empty_n         |   in|    1|     ap_fifo|     C_streams_1_17|       pointer|
|C_streams_1_17_read            |  out|    1|     ap_fifo|     C_streams_1_17|       pointer|
|C_streams_1_16_dout            |   in|   32|     ap_fifo|     C_streams_1_16|       pointer|
|C_streams_1_16_num_data_valid  |   in|    3|     ap_fifo|     C_streams_1_16|       pointer|
|C_streams_1_16_fifo_cap        |   in|    3|     ap_fifo|     C_streams_1_16|       pointer|
|C_streams_1_16_empty_n         |   in|    1|     ap_fifo|     C_streams_1_16|       pointer|
|C_streams_1_16_read            |  out|    1|     ap_fifo|     C_streams_1_16|       pointer|
|C_streams_1_15_dout            |   in|   32|     ap_fifo|     C_streams_1_15|       pointer|
|C_streams_1_15_num_data_valid  |   in|    3|     ap_fifo|     C_streams_1_15|       pointer|
|C_streams_1_15_fifo_cap        |   in|    3|     ap_fifo|     C_streams_1_15|       pointer|
|C_streams_1_15_empty_n         |   in|    1|     ap_fifo|     C_streams_1_15|       pointer|
|C_streams_1_15_read            |  out|    1|     ap_fifo|     C_streams_1_15|       pointer|
|C_streams_1_14_dout            |   in|   32|     ap_fifo|     C_streams_1_14|       pointer|
|C_streams_1_14_num_data_valid  |   in|    3|     ap_fifo|     C_streams_1_14|       pointer|
|C_streams_1_14_fifo_cap        |   in|    3|     ap_fifo|     C_streams_1_14|       pointer|
|C_streams_1_14_empty_n         |   in|    1|     ap_fifo|     C_streams_1_14|       pointer|
|C_streams_1_14_read            |  out|    1|     ap_fifo|     C_streams_1_14|       pointer|
|C_streams_1_13_dout            |   in|   32|     ap_fifo|     C_streams_1_13|       pointer|
|C_streams_1_13_num_data_valid  |   in|    3|     ap_fifo|     C_streams_1_13|       pointer|
|C_streams_1_13_fifo_cap        |   in|    3|     ap_fifo|     C_streams_1_13|       pointer|
|C_streams_1_13_empty_n         |   in|    1|     ap_fifo|     C_streams_1_13|       pointer|
|C_streams_1_13_read            |  out|    1|     ap_fifo|     C_streams_1_13|       pointer|
|C_streams_1_12_dout            |   in|   32|     ap_fifo|     C_streams_1_12|       pointer|
|C_streams_1_12_num_data_valid  |   in|    3|     ap_fifo|     C_streams_1_12|       pointer|
|C_streams_1_12_fifo_cap        |   in|    3|     ap_fifo|     C_streams_1_12|       pointer|
|C_streams_1_12_empty_n         |   in|    1|     ap_fifo|     C_streams_1_12|       pointer|
|C_streams_1_12_read            |  out|    1|     ap_fifo|     C_streams_1_12|       pointer|
|C_streams_1_11_dout            |   in|   32|     ap_fifo|     C_streams_1_11|       pointer|
|C_streams_1_11_num_data_valid  |   in|    3|     ap_fifo|     C_streams_1_11|       pointer|
|C_streams_1_11_fifo_cap        |   in|    3|     ap_fifo|     C_streams_1_11|       pointer|
|C_streams_1_11_empty_n         |   in|    1|     ap_fifo|     C_streams_1_11|       pointer|
|C_streams_1_11_read            |  out|    1|     ap_fifo|     C_streams_1_11|       pointer|
|C_streams_1_10_dout            |   in|   32|     ap_fifo|     C_streams_1_10|       pointer|
|C_streams_1_10_num_data_valid  |   in|    3|     ap_fifo|     C_streams_1_10|       pointer|
|C_streams_1_10_fifo_cap        |   in|    3|     ap_fifo|     C_streams_1_10|       pointer|
|C_streams_1_10_empty_n         |   in|    1|     ap_fifo|     C_streams_1_10|       pointer|
|C_streams_1_10_read            |  out|    1|     ap_fifo|     C_streams_1_10|       pointer|
|C_streams_1_9_dout             |   in|   32|     ap_fifo|      C_streams_1_9|       pointer|
|C_streams_1_9_num_data_valid   |   in|    3|     ap_fifo|      C_streams_1_9|       pointer|
|C_streams_1_9_fifo_cap         |   in|    3|     ap_fifo|      C_streams_1_9|       pointer|
|C_streams_1_9_empty_n          |   in|    1|     ap_fifo|      C_streams_1_9|       pointer|
|C_streams_1_9_read             |  out|    1|     ap_fifo|      C_streams_1_9|       pointer|
|C_streams_1_8_dout             |   in|   32|     ap_fifo|      C_streams_1_8|       pointer|
|C_streams_1_8_num_data_valid   |   in|    3|     ap_fifo|      C_streams_1_8|       pointer|
|C_streams_1_8_fifo_cap         |   in|    3|     ap_fifo|      C_streams_1_8|       pointer|
|C_streams_1_8_empty_n          |   in|    1|     ap_fifo|      C_streams_1_8|       pointer|
|C_streams_1_8_read             |  out|    1|     ap_fifo|      C_streams_1_8|       pointer|
|C_streams_1_7_dout             |   in|   32|     ap_fifo|      C_streams_1_7|       pointer|
|C_streams_1_7_num_data_valid   |   in|    3|     ap_fifo|      C_streams_1_7|       pointer|
|C_streams_1_7_fifo_cap         |   in|    3|     ap_fifo|      C_streams_1_7|       pointer|
|C_streams_1_7_empty_n          |   in|    1|     ap_fifo|      C_streams_1_7|       pointer|
|C_streams_1_7_read             |  out|    1|     ap_fifo|      C_streams_1_7|       pointer|
|C_streams_1_6_dout             |   in|   32|     ap_fifo|      C_streams_1_6|       pointer|
|C_streams_1_6_num_data_valid   |   in|    3|     ap_fifo|      C_streams_1_6|       pointer|
|C_streams_1_6_fifo_cap         |   in|    3|     ap_fifo|      C_streams_1_6|       pointer|
|C_streams_1_6_empty_n          |   in|    1|     ap_fifo|      C_streams_1_6|       pointer|
|C_streams_1_6_read             |  out|    1|     ap_fifo|      C_streams_1_6|       pointer|
|C_streams_1_5_dout             |   in|   32|     ap_fifo|      C_streams_1_5|       pointer|
|C_streams_1_5_num_data_valid   |   in|    3|     ap_fifo|      C_streams_1_5|       pointer|
|C_streams_1_5_fifo_cap         |   in|    3|     ap_fifo|      C_streams_1_5|       pointer|
|C_streams_1_5_empty_n          |   in|    1|     ap_fifo|      C_streams_1_5|       pointer|
|C_streams_1_5_read             |  out|    1|     ap_fifo|      C_streams_1_5|       pointer|
|C_streams_1_4_dout             |   in|   32|     ap_fifo|      C_streams_1_4|       pointer|
|C_streams_1_4_num_data_valid   |   in|    3|     ap_fifo|      C_streams_1_4|       pointer|
|C_streams_1_4_fifo_cap         |   in|    3|     ap_fifo|      C_streams_1_4|       pointer|
|C_streams_1_4_empty_n          |   in|    1|     ap_fifo|      C_streams_1_4|       pointer|
|C_streams_1_4_read             |  out|    1|     ap_fifo|      C_streams_1_4|       pointer|
|C_streams_1_3_dout             |   in|   32|     ap_fifo|      C_streams_1_3|       pointer|
|C_streams_1_3_num_data_valid   |   in|    3|     ap_fifo|      C_streams_1_3|       pointer|
|C_streams_1_3_fifo_cap         |   in|    3|     ap_fifo|      C_streams_1_3|       pointer|
|C_streams_1_3_empty_n          |   in|    1|     ap_fifo|      C_streams_1_3|       pointer|
|C_streams_1_3_read             |  out|    1|     ap_fifo|      C_streams_1_3|       pointer|
|C_streams_1_2_dout             |   in|   32|     ap_fifo|      C_streams_1_2|       pointer|
|C_streams_1_2_num_data_valid   |   in|    3|     ap_fifo|      C_streams_1_2|       pointer|
|C_streams_1_2_fifo_cap         |   in|    3|     ap_fifo|      C_streams_1_2|       pointer|
|C_streams_1_2_empty_n          |   in|    1|     ap_fifo|      C_streams_1_2|       pointer|
|C_streams_1_2_read             |  out|    1|     ap_fifo|      C_streams_1_2|       pointer|
|C_streams_1_1_dout             |   in|   32|     ap_fifo|      C_streams_1_1|       pointer|
|C_streams_1_1_num_data_valid   |   in|    3|     ap_fifo|      C_streams_1_1|       pointer|
|C_streams_1_1_fifo_cap         |   in|    3|     ap_fifo|      C_streams_1_1|       pointer|
|C_streams_1_1_empty_n          |   in|    1|     ap_fifo|      C_streams_1_1|       pointer|
|C_streams_1_1_read             |  out|    1|     ap_fifo|      C_streams_1_1|       pointer|
|C_streams_1_0_dout             |   in|   32|     ap_fifo|      C_streams_1_0|       pointer|
|C_streams_1_0_num_data_valid   |   in|    3|     ap_fifo|      C_streams_1_0|       pointer|
|C_streams_1_0_fifo_cap         |   in|    3|     ap_fifo|      C_streams_1_0|       pointer|
|C_streams_1_0_empty_n          |   in|    1|     ap_fifo|      C_streams_1_0|       pointer|
|C_streams_1_0_read             |  out|    1|     ap_fifo|      C_streams_1_0|       pointer|
|C_streams_1_31_dout            |   in|   32|     ap_fifo|     C_streams_1_31|       pointer|
|C_streams_1_31_num_data_valid  |   in|    3|     ap_fifo|     C_streams_1_31|       pointer|
|C_streams_1_31_fifo_cap        |   in|    3|     ap_fifo|     C_streams_1_31|       pointer|
|C_streams_1_31_empty_n         |   in|    1|     ap_fifo|     C_streams_1_31|       pointer|
|C_streams_1_31_read            |  out|    1|     ap_fifo|     C_streams_1_31|       pointer|
|C_0_address0                   |  out|    4|   ap_memory|                C_0|         array|
|C_0_ce0                        |  out|    1|   ap_memory|                C_0|         array|
|C_0_we0                        |  out|    1|   ap_memory|                C_0|         array|
|C_0_d0                         |  out|   32|   ap_memory|                C_0|         array|
|C_1_address0                   |  out|    4|   ap_memory|                C_1|         array|
|C_1_ce0                        |  out|    1|   ap_memory|                C_1|         array|
|C_1_we0                        |  out|    1|   ap_memory|                C_1|         array|
|C_1_d0                         |  out|   32|   ap_memory|                C_1|         array|
|C_2_address0                   |  out|    4|   ap_memory|                C_2|         array|
|C_2_ce0                        |  out|    1|   ap_memory|                C_2|         array|
|C_2_we0                        |  out|    1|   ap_memory|                C_2|         array|
|C_2_d0                         |  out|   32|   ap_memory|                C_2|         array|
|C_3_address0                   |  out|    4|   ap_memory|                C_3|         array|
|C_3_ce0                        |  out|    1|   ap_memory|                C_3|         array|
|C_3_we0                        |  out|    1|   ap_memory|                C_3|         array|
|C_3_d0                         |  out|   32|   ap_memory|                C_3|         array|
|C_4_address0                   |  out|    4|   ap_memory|                C_4|         array|
|C_4_ce0                        |  out|    1|   ap_memory|                C_4|         array|
|C_4_we0                        |  out|    1|   ap_memory|                C_4|         array|
|C_4_d0                         |  out|   32|   ap_memory|                C_4|         array|
|C_5_address0                   |  out|    4|   ap_memory|                C_5|         array|
|C_5_ce0                        |  out|    1|   ap_memory|                C_5|         array|
|C_5_we0                        |  out|    1|   ap_memory|                C_5|         array|
|C_5_d0                         |  out|   32|   ap_memory|                C_5|         array|
|C_6_address0                   |  out|    4|   ap_memory|                C_6|         array|
|C_6_ce0                        |  out|    1|   ap_memory|                C_6|         array|
|C_6_we0                        |  out|    1|   ap_memory|                C_6|         array|
|C_6_d0                         |  out|   32|   ap_memory|                C_6|         array|
|C_7_address0                   |  out|    4|   ap_memory|                C_7|         array|
|C_7_ce0                        |  out|    1|   ap_memory|                C_7|         array|
|C_7_we0                        |  out|    1|   ap_memory|                C_7|         array|
|C_7_d0                         |  out|   32|   ap_memory|                C_7|         array|
|C_8_address0                   |  out|    4|   ap_memory|                C_8|         array|
|C_8_ce0                        |  out|    1|   ap_memory|                C_8|         array|
|C_8_we0                        |  out|    1|   ap_memory|                C_8|         array|
|C_8_d0                         |  out|   32|   ap_memory|                C_8|         array|
|C_9_address0                   |  out|    4|   ap_memory|                C_9|         array|
|C_9_ce0                        |  out|    1|   ap_memory|                C_9|         array|
|C_9_we0                        |  out|    1|   ap_memory|                C_9|         array|
|C_9_d0                         |  out|   32|   ap_memory|                C_9|         array|
|C_10_address0                  |  out|    4|   ap_memory|               C_10|         array|
|C_10_ce0                       |  out|    1|   ap_memory|               C_10|         array|
|C_10_we0                       |  out|    1|   ap_memory|               C_10|         array|
|C_10_d0                        |  out|   32|   ap_memory|               C_10|         array|
|C_11_address0                  |  out|    4|   ap_memory|               C_11|         array|
|C_11_ce0                       |  out|    1|   ap_memory|               C_11|         array|
|C_11_we0                       |  out|    1|   ap_memory|               C_11|         array|
|C_11_d0                        |  out|   32|   ap_memory|               C_11|         array|
|C_12_address0                  |  out|    4|   ap_memory|               C_12|         array|
|C_12_ce0                       |  out|    1|   ap_memory|               C_12|         array|
|C_12_we0                       |  out|    1|   ap_memory|               C_12|         array|
|C_12_d0                        |  out|   32|   ap_memory|               C_12|         array|
|C_13_address0                  |  out|    4|   ap_memory|               C_13|         array|
|C_13_ce0                       |  out|    1|   ap_memory|               C_13|         array|
|C_13_we0                       |  out|    1|   ap_memory|               C_13|         array|
|C_13_d0                        |  out|   32|   ap_memory|               C_13|         array|
|C_14_address0                  |  out|    4|   ap_memory|               C_14|         array|
|C_14_ce0                       |  out|    1|   ap_memory|               C_14|         array|
|C_14_we0                       |  out|    1|   ap_memory|               C_14|         array|
|C_14_d0                        |  out|   32|   ap_memory|               C_14|         array|
|C_15_address0                  |  out|    4|   ap_memory|               C_15|         array|
|C_15_ce0                       |  out|    1|   ap_memory|               C_15|         array|
|C_15_we0                       |  out|    1|   ap_memory|               C_15|         array|
|C_15_d0                        |  out|   32|   ap_memory|               C_15|         array|
|C_16_address0                  |  out|    4|   ap_memory|               C_16|         array|
|C_16_ce0                       |  out|    1|   ap_memory|               C_16|         array|
|C_16_we0                       |  out|    1|   ap_memory|               C_16|         array|
|C_16_d0                        |  out|   32|   ap_memory|               C_16|         array|
|C_17_address0                  |  out|    4|   ap_memory|               C_17|         array|
|C_17_ce0                       |  out|    1|   ap_memory|               C_17|         array|
|C_17_we0                       |  out|    1|   ap_memory|               C_17|         array|
|C_17_d0                        |  out|   32|   ap_memory|               C_17|         array|
|C_18_address0                  |  out|    4|   ap_memory|               C_18|         array|
|C_18_ce0                       |  out|    1|   ap_memory|               C_18|         array|
|C_18_we0                       |  out|    1|   ap_memory|               C_18|         array|
|C_18_d0                        |  out|   32|   ap_memory|               C_18|         array|
|C_19_address0                  |  out|    4|   ap_memory|               C_19|         array|
|C_19_ce0                       |  out|    1|   ap_memory|               C_19|         array|
|C_19_we0                       |  out|    1|   ap_memory|               C_19|         array|
|C_19_d0                        |  out|   32|   ap_memory|               C_19|         array|
|C_20_address0                  |  out|    4|   ap_memory|               C_20|         array|
|C_20_ce0                       |  out|    1|   ap_memory|               C_20|         array|
|C_20_we0                       |  out|    1|   ap_memory|               C_20|         array|
|C_20_d0                        |  out|   32|   ap_memory|               C_20|         array|
|C_21_address0                  |  out|    4|   ap_memory|               C_21|         array|
|C_21_ce0                       |  out|    1|   ap_memory|               C_21|         array|
|C_21_we0                       |  out|    1|   ap_memory|               C_21|         array|
|C_21_d0                        |  out|   32|   ap_memory|               C_21|         array|
|C_22_address0                  |  out|    4|   ap_memory|               C_22|         array|
|C_22_ce0                       |  out|    1|   ap_memory|               C_22|         array|
|C_22_we0                       |  out|    1|   ap_memory|               C_22|         array|
|C_22_d0                        |  out|   32|   ap_memory|               C_22|         array|
|C_23_address0                  |  out|    4|   ap_memory|               C_23|         array|
|C_23_ce0                       |  out|    1|   ap_memory|               C_23|         array|
|C_23_we0                       |  out|    1|   ap_memory|               C_23|         array|
|C_23_d0                        |  out|   32|   ap_memory|               C_23|         array|
|C_24_address0                  |  out|    4|   ap_memory|               C_24|         array|
|C_24_ce0                       |  out|    1|   ap_memory|               C_24|         array|
|C_24_we0                       |  out|    1|   ap_memory|               C_24|         array|
|C_24_d0                        |  out|   32|   ap_memory|               C_24|         array|
|C_25_address0                  |  out|    4|   ap_memory|               C_25|         array|
|C_25_ce0                       |  out|    1|   ap_memory|               C_25|         array|
|C_25_we0                       |  out|    1|   ap_memory|               C_25|         array|
|C_25_d0                        |  out|   32|   ap_memory|               C_25|         array|
|C_26_address0                  |  out|    4|   ap_memory|               C_26|         array|
|C_26_ce0                       |  out|    1|   ap_memory|               C_26|         array|
|C_26_we0                       |  out|    1|   ap_memory|               C_26|         array|
|C_26_d0                        |  out|   32|   ap_memory|               C_26|         array|
|C_27_address0                  |  out|    4|   ap_memory|               C_27|         array|
|C_27_ce0                       |  out|    1|   ap_memory|               C_27|         array|
|C_27_we0                       |  out|    1|   ap_memory|               C_27|         array|
|C_27_d0                        |  out|   32|   ap_memory|               C_27|         array|
|C_28_address0                  |  out|    4|   ap_memory|               C_28|         array|
|C_28_ce0                       |  out|    1|   ap_memory|               C_28|         array|
|C_28_we0                       |  out|    1|   ap_memory|               C_28|         array|
|C_28_d0                        |  out|   32|   ap_memory|               C_28|         array|
|C_29_address0                  |  out|    4|   ap_memory|               C_29|         array|
|C_29_ce0                       |  out|    1|   ap_memory|               C_29|         array|
|C_29_we0                       |  out|    1|   ap_memory|               C_29|         array|
|C_29_d0                        |  out|   32|   ap_memory|               C_29|         array|
|C_30_address0                  |  out|    4|   ap_memory|               C_30|         array|
|C_30_ce0                       |  out|    1|   ap_memory|               C_30|         array|
|C_30_we0                       |  out|    1|   ap_memory|               C_30|         array|
|C_30_d0                        |  out|   32|   ap_memory|               C_30|         array|
|C_31_address0                  |  out|    4|   ap_memory|               C_31|         array|
|C_31_ce0                       |  out|    1|   ap_memory|               C_31|         array|
|C_31_we0                       |  out|    1|   ap_memory|               C_31|         array|
|C_31_d0                        |  out|   32|   ap_memory|               C_31|         array|
+-------------------------------+-----+-----+------------+-------------------+--------------+

