

================================================================
== Vitis HLS Report for 'loader_C_tiles9'
================================================================
* Date:           Tue Jun  2 18:37:16 2026

* Version:        2023.2 (Build 4023990 on Oct 11 2023)
* Project:        hls_project
* Solution:       gemm2 (Vitis Kernel Flow Target)
* Product family: versalaicore
* Target device:  xcvc1902-vsva2197-2MP-e-S


================================================================
== Performance Estimates
================================================================
+ Timing: 
    * Summary: 
    +--------+---------+----------+------------+
    |  Clock |  Target | Estimated| Uncertainty|
    +--------+---------+----------+------------+
    |ap_clk  |  3.33 ns|  2.991 ns|     0.90 ns|
    +--------+---------+----------+------------+

+ Latency: 
    * Summary: 
    +---------+---------+----------+----------+-----+-----+----------+
    |  Latency (cycles) |  Latency (absolute) |  Interval | Pipeline |
    |   min   |   max   |    min   |    max   | min | max |   Type   |
    +---------+---------+----------+----------+-----+-----+----------+
    |      514|      514|  1.713 us|  1.713 us|  515|  515|  dataflow|
    +---------+---------+----------+----------+-----+-----+----------+

    + Detail: 
        * Instance: 
        +----------------------+-------------------+---------+---------+----------+----------+-----+-----+---------+
        |                      |                   |  Latency (cycles) |  Latency (absolute) |  Interval | Pipeline|
        |       Instance       |       Module      |   min   |   max   |    min   |    max   | min | max |   Type  |
        +----------------------+-------------------+---------+---------+----------+----------+-----+-----+---------+
        |loader_C_tile17_U0    |loader_C_tile17    |      514|      514|  1.713 us|  1.713 us|  514|  514|       no|
        |loader_C_tile_518_U0  |loader_C_tile_518  |      514|      514|  1.713 us|  1.713 us|  514|  514|       no|
        +----------------------+-------------------+---------+---------+----------+----------+-----+-----+---------+

        * Loop: 
        N/A



================================================================
== Utilization Estimates
================================================================
* Summary: 
+-----------------+---------+------+---------+--------+-----+
|       Name      | BRAM_18K|  DSP |    FF   |   LUT  | URAM|
+-----------------+---------+------+---------+--------+-----+
|DSP              |        -|     -|        -|       -|    -|
|Expression       |        -|     -|        0|      16|    -|
|FIFO             |        -|     -|        -|       -|    -|
|Instance         |        -|     -|     2124|    1826|    -|
|Memory           |        -|     -|        -|       -|    -|
|Multiplexer      |        -|     -|        -|       4|    -|
|Register         |        -|     -|        2|       -|    -|
+-----------------+---------+------+---------+--------+-----+
|Total            |        0|     0|     2126|    1846|    0|
+-----------------+---------+------+---------+--------+-----+
|Available        |     1934|  1968|  1799680|  899840|  463|
+-----------------+---------+------+---------+--------+-----+
|Utilization (%)  |        0|     0|       ~0|      ~0|    0|
+-----------------+---------+------+---------+--------+-----+

+ Detail: 
    * Instance: 
    +----------------------+-------------------+---------+----+------+-----+-----+
    |       Instance       |       Module      | BRAM_18K| DSP|  FF  | LUT | URAM|
    +----------------------+-------------------+---------+----+------+-----+-----+
    |loader_C_tile17_U0    |loader_C_tile17    |        0|   0|  1062|  913|    0|
    |loader_C_tile_518_U0  |loader_C_tile_518  |        0|   0|  1062|  913|    0|
    +----------------------+-------------------+---------+----+------+-----+-----+
    |Total                 |                   |        0|   0|  2124| 1826|    0|
    +----------------------+-------------------+---------+----+------+-----+-----+

    * DSP: 
    N/A

    * Memory: 
    N/A

    * FIFO: 
    N/A

    * Expression: 
    +---------------------------------------+----------+----+---+----+------------+------------+
    |             Variable Name             | Operation| DSP| FF| LUT| Bitwidth P0| Bitwidth P1|
    +---------------------------------------+----------+----+---+----+------------+------------+
    |ap_idle                                |       and|   0|  0|   2|           1|           1|
    |ap_sync_continue                       |       and|   0|  0|   2|           1|           1|
    |ap_sync_done                           |       and|   0|  0|   2|           1|           1|
    |ap_sync_ready                          |       and|   0|  0|   2|           1|           1|
    |loader_C_tile17_U0_ap_start            |       and|   0|  0|   2|           1|           1|
    |loader_C_tile_518_U0_ap_start          |       and|   0|  0|   2|           1|           1|
    |ap_sync_loader_C_tile17_U0_ap_ready    |        or|   0|  0|   2|           1|           1|
    |ap_sync_loader_C_tile_518_U0_ap_ready  |        or|   0|  0|   2|           1|           1|
    +---------------------------------------+----------+----+---+----+------------+------------+
    |Total                                  |          |   0|  0|  16|           8|           8|
    +---------------------------------------+----------+----+---+----+------------+------------+

    * Multiplexer: 
    +-------------------------------------------+----+-----------+-----+-----------+
    |                    Name                   | LUT| Input Size| Bits| Total Bits|
    +-------------------------------------------+----+-----------+-----+-----------+
    |ap_sync_reg_loader_C_tile17_U0_ap_ready    |   2|          2|    1|          2|
    |ap_sync_reg_loader_C_tile_518_U0_ap_ready  |   2|          2|    1|          2|
    +-------------------------------------------+----+-----------+-----+-----------+
    |Total                                      |   4|          4|    2|          4|
    +-------------------------------------------+----+-----------+-----+-----------+

    * Register: 
    +-------------------------------------------+---+----+-----+-----------+
    |                    Name                   | FF| LUT| Bits| Const Bits|
    +-------------------------------------------+---+----+-----+-----------+
    |ap_sync_reg_loader_C_tile17_U0_ap_ready    |  1|   0|    1|          0|
    |ap_sync_reg_loader_C_tile_518_U0_ap_ready  |  1|   0|    1|          0|
    +-------------------------------------------+---+----+-----+-----------+
    |Total                                      |  2|   0|    2|          0|
    +-------------------------------------------+---+----+-----+-----------+



================================================================
== Interface
================================================================
* Summary: 
+------------------------+-----+-----+------------+-----------------+--------------+
|        RTL Ports       | Dir | Bits|  Protocol  |  Source Object  |    C Type    |
+------------------------+-----+-----+------------+-----------------+--------------+
|C_streams_0_0_dout      |   in|   32|     ap_fifo|    C_streams_0_0|       pointer|
|C_streams_0_0_empty_n   |   in|    1|     ap_fifo|    C_streams_0_0|       pointer|
|C_streams_0_0_read      |  out|    1|     ap_fifo|    C_streams_0_0|       pointer|
|C_streams_0_1_dout      |   in|   32|     ap_fifo|    C_streams_0_1|       pointer|
|C_streams_0_1_empty_n   |   in|    1|     ap_fifo|    C_streams_0_1|       pointer|
|C_streams_0_1_read      |  out|    1|     ap_fifo|    C_streams_0_1|       pointer|
|C_streams_0_2_dout      |   in|   32|     ap_fifo|    C_streams_0_2|       pointer|
|C_streams_0_2_empty_n   |   in|    1|     ap_fifo|    C_streams_0_2|       pointer|
|C_streams_0_2_read      |  out|    1|     ap_fifo|    C_streams_0_2|       pointer|
|C_streams_0_3_dout      |   in|   32|     ap_fifo|    C_streams_0_3|       pointer|
|C_streams_0_3_empty_n   |   in|    1|     ap_fifo|    C_streams_0_3|       pointer|
|C_streams_0_3_read      |  out|    1|     ap_fifo|    C_streams_0_3|       pointer|
|C_streams_0_4_dout      |   in|   32|     ap_fifo|    C_streams_0_4|       pointer|
|C_streams_0_4_empty_n   |   in|    1|     ap_fifo|    C_streams_0_4|       pointer|
|C_streams_0_4_read      |  out|    1|     ap_fifo|    C_streams_0_4|       pointer|
|C_streams_0_5_dout      |   in|   32|     ap_fifo|    C_streams_0_5|       pointer|
|C_streams_0_5_empty_n   |   in|    1|     ap_fifo|    C_streams_0_5|       pointer|
|C_streams_0_5_read      |  out|    1|     ap_fifo|    C_streams_0_5|       pointer|
|C_streams_0_6_dout      |   in|   32|     ap_fifo|    C_streams_0_6|       pointer|
|C_streams_0_6_empty_n   |   in|    1|     ap_fifo|    C_streams_0_6|       pointer|
|C_streams_0_6_read      |  out|    1|     ap_fifo|    C_streams_0_6|       pointer|
|C_streams_0_7_dout      |   in|   32|     ap_fifo|    C_streams_0_7|       pointer|
|C_streams_0_7_empty_n   |   in|    1|     ap_fifo|    C_streams_0_7|       pointer|
|C_streams_0_7_read      |  out|    1|     ap_fifo|    C_streams_0_7|       pointer|
|C_streams_0_8_dout      |   in|   32|     ap_fifo|    C_streams_0_8|       pointer|
|C_streams_0_8_empty_n   |   in|    1|     ap_fifo|    C_streams_0_8|       pointer|
|C_streams_0_8_read      |  out|    1|     ap_fifo|    C_streams_0_8|       pointer|
|C_streams_0_9_dout      |   in|   32|     ap_fifo|    C_streams_0_9|       pointer|
|C_streams_0_9_empty_n   |   in|    1|     ap_fifo|    C_streams_0_9|       pointer|
|C_streams_0_9_read      |  out|    1|     ap_fifo|    C_streams_0_9|       pointer|
|C_streams_0_10_dout     |   in|   32|     ap_fifo|   C_streams_0_10|       pointer|
|C_streams_0_10_empty_n  |   in|    1|     ap_fifo|   C_streams_0_10|       pointer|
|C_streams_0_10_read     |  out|    1|     ap_fifo|   C_streams_0_10|       pointer|
|C_streams_0_11_dout     |   in|   32|     ap_fifo|   C_streams_0_11|       pointer|
|C_streams_0_11_empty_n  |   in|    1|     ap_fifo|   C_streams_0_11|       pointer|
|C_streams_0_11_read     |  out|    1|     ap_fifo|   C_streams_0_11|       pointer|
|C_streams_0_12_dout     |   in|   32|     ap_fifo|   C_streams_0_12|       pointer|
|C_streams_0_12_empty_n  |   in|    1|     ap_fifo|   C_streams_0_12|       pointer|
|C_streams_0_12_read     |  out|    1|     ap_fifo|   C_streams_0_12|       pointer|
|C_streams_0_13_dout     |   in|   32|     ap_fifo|   C_streams_0_13|       pointer|
|C_streams_0_13_empty_n  |   in|    1|     ap_fifo|   C_streams_0_13|       pointer|
|C_streams_0_13_read     |  out|    1|     ap_fifo|   C_streams_0_13|       pointer|
|C_streams_0_14_dout     |   in|   32|     ap_fifo|   C_streams_0_14|       pointer|
|C_streams_0_14_empty_n  |   in|    1|     ap_fifo|   C_streams_0_14|       pointer|
|C_streams_0_14_read     |  out|    1|     ap_fifo|   C_streams_0_14|       pointer|
|C_streams_0_15_dout     |   in|   32|     ap_fifo|   C_streams_0_15|       pointer|
|C_streams_0_15_empty_n  |   in|    1|     ap_fifo|   C_streams_0_15|       pointer|
|C_streams_0_15_read     |  out|    1|     ap_fifo|   C_streams_0_15|       pointer|
|C_streams_0_16_dout     |   in|   32|     ap_fifo|   C_streams_0_16|       pointer|
|C_streams_0_16_empty_n  |   in|    1|     ap_fifo|   C_streams_0_16|       pointer|
|C_streams_0_16_read     |  out|    1|     ap_fifo|   C_streams_0_16|       pointer|
|C_streams_0_17_dout     |   in|   32|     ap_fifo|   C_streams_0_17|       pointer|
|C_streams_0_17_empty_n  |   in|    1|     ap_fifo|   C_streams_0_17|       pointer|
|C_streams_0_17_read     |  out|    1|     ap_fifo|   C_streams_0_17|       pointer|
|C_streams_0_18_dout     |   in|   32|     ap_fifo|   C_streams_0_18|       pointer|
|C_streams_0_18_empty_n  |   in|    1|     ap_fifo|   C_streams_0_18|       pointer|
|C_streams_0_18_read     |  out|    1|     ap_fifo|   C_streams_0_18|       pointer|
|C_streams_0_19_dout     |   in|   32|     ap_fifo|   C_streams_0_19|       pointer|
|C_streams_0_19_empty_n  |   in|    1|     ap_fifo|   C_streams_0_19|       pointer|
|C_streams_0_19_read     |  out|    1|     ap_fifo|   C_streams_0_19|       pointer|
|C_streams_0_20_dout     |   in|   32|     ap_fifo|   C_streams_0_20|       pointer|
|C_streams_0_20_empty_n  |   in|    1|     ap_fifo|   C_streams_0_20|       pointer|
|C_streams_0_20_read     |  out|    1|     ap_fifo|   C_streams_0_20|       pointer|
|C_streams_0_21_dout     |   in|   32|     ap_fifo|   C_streams_0_21|       pointer|
|C_streams_0_21_empty_n  |   in|    1|     ap_fifo|   C_streams_0_21|       pointer|
|C_streams_0_21_read     |  out|    1|     ap_fifo|   C_streams_0_21|       pointer|
|C_streams_0_22_dout     |   in|   32|     ap_fifo|   C_streams_0_22|       pointer|
|C_streams_0_22_empty_n  |   in|    1|     ap_fifo|   C_streams_0_22|       pointer|
|C_streams_0_22_read     |  out|    1|     ap_fifo|   C_streams_0_22|       pointer|
|C_streams_0_23_dout     |   in|   32|     ap_fifo|   C_streams_0_23|       pointer|
|C_streams_0_23_empty_n  |   in|    1|     ap_fifo|   C_streams_0_23|       pointer|
|C_streams_0_23_read     |  out|    1|     ap_fifo|   C_streams_0_23|       pointer|
|C_streams_0_24_dout     |   in|   32|     ap_fifo|   C_streams_0_24|       pointer|
|C_streams_0_24_empty_n  |   in|    1|     ap_fifo|   C_streams_0_24|       pointer|
|C_streams_0_24_read     |  out|    1|     ap_fifo|   C_streams_0_24|       pointer|
|C_streams_0_25_dout     |   in|   32|     ap_fifo|   C_streams_0_25|       pointer|
|C_streams_0_25_empty_n  |   in|    1|     ap_fifo|   C_streams_0_25|       pointer|
|C_streams_0_25_read     |  out|    1|     ap_fifo|   C_streams_0_25|       pointer|
|C_streams_0_26_dout     |   in|   32|     ap_fifo|   C_streams_0_26|       pointer|
|C_streams_0_26_empty_n  |   in|    1|     ap_fifo|   C_streams_0_26|       pointer|
|C_streams_0_26_read     |  out|    1|     ap_fifo|   C_streams_0_26|       pointer|
|C_streams_0_27_dout     |   in|   32|     ap_fifo|   C_streams_0_27|       pointer|
|C_streams_0_27_empty_n  |   in|    1|     ap_fifo|   C_streams_0_27|       pointer|
|C_streams_0_27_read     |  out|    1|     ap_fifo|   C_streams_0_27|       pointer|
|C_streams_0_28_dout     |   in|   32|     ap_fifo|   C_streams_0_28|       pointer|
|C_streams_0_28_empty_n  |   in|    1|     ap_fifo|   C_streams_0_28|       pointer|
|C_streams_0_28_read     |  out|    1|     ap_fifo|   C_streams_0_28|       pointer|
|C_streams_0_29_dout     |   in|   32|     ap_fifo|   C_streams_0_29|       pointer|
|C_streams_0_29_empty_n  |   in|    1|     ap_fifo|   C_streams_0_29|       pointer|
|C_streams_0_29_read     |  out|    1|     ap_fifo|   C_streams_0_29|       pointer|
|C_streams_0_30_dout     |   in|   32|     ap_fifo|   C_streams_0_30|       pointer|
|C_streams_0_30_empty_n  |   in|    1|     ap_fifo|   C_streams_0_30|       pointer|
|C_streams_0_30_read     |  out|    1|     ap_fifo|   C_streams_0_30|       pointer|
|C_streams_0_31_dout     |   in|   32|     ap_fifo|   C_streams_0_31|       pointer|
|C_streams_0_31_empty_n  |   in|    1|     ap_fifo|   C_streams_0_31|       pointer|
|C_streams_0_31_read     |  out|    1|     ap_fifo|   C_streams_0_31|       pointer|
|C_streams_1_0_dout      |   in|   32|     ap_fifo|    C_streams_1_0|       pointer|
|C_streams_1_0_empty_n   |   in|    1|     ap_fifo|    C_streams_1_0|       pointer|
|C_streams_1_0_read      |  out|    1|     ap_fifo|    C_streams_1_0|       pointer|
|C_streams_1_1_dout      |   in|   32|     ap_fifo|    C_streams_1_1|       pointer|
|C_streams_1_1_empty_n   |   in|    1|     ap_fifo|    C_streams_1_1|       pointer|
|C_streams_1_1_read      |  out|    1|     ap_fifo|    C_streams_1_1|       pointer|
|C_streams_1_2_dout      |   in|   32|     ap_fifo|    C_streams_1_2|       pointer|
|C_streams_1_2_empty_n   |   in|    1|     ap_fifo|    C_streams_1_2|       pointer|
|C_streams_1_2_read      |  out|    1|     ap_fifo|    C_streams_1_2|       pointer|
|C_streams_1_3_dout      |   in|   32|     ap_fifo|    C_streams_1_3|       pointer|
|C_streams_1_3_empty_n   |   in|    1|     ap_fifo|    C_streams_1_3|       pointer|
|C_streams_1_3_read      |  out|    1|     ap_fifo|    C_streams_1_3|       pointer|
|C_streams_1_4_dout      |   in|   32|     ap_fifo|    C_streams_1_4|       pointer|
|C_streams_1_4_empty_n   |   in|    1|     ap_fifo|    C_streams_1_4|       pointer|
|C_streams_1_4_read      |  out|    1|     ap_fifo|    C_streams_1_4|       pointer|
|C_streams_1_5_dout      |   in|   32|     ap_fifo|    C_streams_1_5|       pointer|
|C_streams_1_5_empty_n   |   in|    1|     ap_fifo|    C_streams_1_5|       pointer|
|C_streams_1_5_read      |  out|    1|     ap_fifo|    C_streams_1_5|       pointer|
|C_streams_1_6_dout      |   in|   32|     ap_fifo|    C_streams_1_6|       pointer|
|C_streams_1_6_empty_n   |   in|    1|     ap_fifo|    C_streams_1_6|       pointer|
|C_streams_1_6_read      |  out|    1|     ap_fifo|    C_streams_1_6|       pointer|
|C_streams_1_7_dout      |   in|   32|     ap_fifo|    C_streams_1_7|       pointer|
|C_streams_1_7_empty_n   |   in|    1|     ap_fifo|    C_streams_1_7|       pointer|
|C_streams_1_7_read      |  out|    1|     ap_fifo|    C_streams_1_7|       pointer|
|C_streams_1_8_dout      |   in|   32|     ap_fifo|    C_streams_1_8|       pointer|
|C_streams_1_8_empty_n   |   in|    1|     ap_fifo|    C_streams_1_8|       pointer|
|C_streams_1_8_read      |  out|    1|     ap_fifo|    C_streams_1_8|       pointer|
|C_streams_1_9_dout      |   in|   32|     ap_fifo|    C_streams_1_9|       pointer|
|C_streams_1_9_empty_n   |   in|    1|     ap_fifo|    C_streams_1_9|       pointer|
|C_streams_1_9_read      |  out|    1|     ap_fifo|    C_streams_1_9|       pointer|
|C_streams_1_10_dout     |   in|   32|     ap_fifo|   C_streams_1_10|       pointer|
|C_streams_1_10_empty_n  |   in|    1|     ap_fifo|   C_streams_1_10|       pointer|
|C_streams_1_10_read     |  out|    1|     ap_fifo|   C_streams_1_10|       pointer|
|C_streams_1_11_dout     |   in|   32|     ap_fifo|   C_streams_1_11|       pointer|
|C_streams_1_11_empty_n  |   in|    1|     ap_fifo|   C_streams_1_11|       pointer|
|C_streams_1_11_read     |  out|    1|     ap_fifo|   C_streams_1_11|       pointer|
|C_streams_1_12_dout     |   in|   32|     ap_fifo|   C_streams_1_12|       pointer|
|C_streams_1_12_empty_n  |   in|    1|     ap_fifo|   C_streams_1_12|       pointer|
|C_streams_1_12_read     |  out|    1|     ap_fifo|   C_streams_1_12|       pointer|
|C_streams_1_13_dout     |   in|   32|     ap_fifo|   C_streams_1_13|       pointer|
|C_streams_1_13_empty_n  |   in|    1|     ap_fifo|   C_streams_1_13|       pointer|
|C_streams_1_13_read     |  out|    1|     ap_fifo|   C_streams_1_13|       pointer|
|C_streams_1_14_dout     |   in|   32|     ap_fifo|   C_streams_1_14|       pointer|
|C_streams_1_14_empty_n  |   in|    1|     ap_fifo|   C_streams_1_14|       pointer|
|C_streams_1_14_read     |  out|    1|     ap_fifo|   C_streams_1_14|       pointer|
|C_streams_1_15_dout     |   in|   32|     ap_fifo|   C_streams_1_15|       pointer|
|C_streams_1_15_empty_n  |   in|    1|     ap_fifo|   C_streams_1_15|       pointer|
|C_streams_1_15_read     |  out|    1|     ap_fifo|   C_streams_1_15|       pointer|
|C_streams_1_16_dout     |   in|   32|     ap_fifo|   C_streams_1_16|       pointer|
|C_streams_1_16_empty_n  |   in|    1|     ap_fifo|   C_streams_1_16|       pointer|
|C_streams_1_16_read     |  out|    1|     ap_fifo|   C_streams_1_16|       pointer|
|C_streams_1_17_dout     |   in|   32|     ap_fifo|   C_streams_1_17|       pointer|
|C_streams_1_17_empty_n  |   in|    1|     ap_fifo|   C_streams_1_17|       pointer|
|C_streams_1_17_read     |  out|    1|     ap_fifo|   C_streams_1_17|       pointer|
|C_streams_1_18_dout     |   in|   32|     ap_fifo|   C_streams_1_18|       pointer|
|C_streams_1_18_empty_n  |   in|    1|     ap_fifo|   C_streams_1_18|       pointer|
|C_streams_1_18_read     |  out|    1|     ap_fifo|   C_streams_1_18|       pointer|
|C_streams_1_19_dout     |   in|   32|     ap_fifo|   C_streams_1_19|       pointer|
|C_streams_1_19_empty_n  |   in|    1|     ap_fifo|   C_streams_1_19|       pointer|
|C_streams_1_19_read     |  out|    1|     ap_fifo|   C_streams_1_19|       pointer|
|C_streams_1_20_dout     |   in|   32|     ap_fifo|   C_streams_1_20|       pointer|
|C_streams_1_20_empty_n  |   in|    1|     ap_fifo|   C_streams_1_20|       pointer|
|C_streams_1_20_read     |  out|    1|     ap_fifo|   C_streams_1_20|       pointer|
|C_streams_1_21_dout     |   in|   32|     ap_fifo|   C_streams_1_21|       pointer|
|C_streams_1_21_empty_n  |   in|    1|     ap_fifo|   C_streams_1_21|       pointer|
|C_streams_1_21_read     |  out|    1|     ap_fifo|   C_streams_1_21|       pointer|
|C_streams_1_22_dout     |   in|   32|     ap_fifo|   C_streams_1_22|       pointer|
|C_streams_1_22_empty_n  |   in|    1|     ap_fifo|   C_streams_1_22|       pointer|
|C_streams_1_22_read     |  out|    1|     ap_fifo|   C_streams_1_22|       pointer|
|C_streams_1_23_dout     |   in|   32|     ap_fifo|   C_streams_1_23|       pointer|
|C_streams_1_23_empty_n  |   in|    1|     ap_fifo|   C_streams_1_23|       pointer|
|C_streams_1_23_read     |  out|    1|     ap_fifo|   C_streams_1_23|       pointer|
|C_streams_1_24_dout     |   in|   32|     ap_fifo|   C_streams_1_24|       pointer|
|C_streams_1_24_empty_n  |   in|    1|     ap_fifo|   C_streams_1_24|       pointer|
|C_streams_1_24_read     |  out|    1|     ap_fifo|   C_streams_1_24|       pointer|
|C_streams_1_25_dout     |   in|   32|     ap_fifo|   C_streams_1_25|       pointer|
|C_streams_1_25_empty_n  |   in|    1|     ap_fifo|   C_streams_1_25|       pointer|
|C_streams_1_25_read     |  out|    1|     ap_fifo|   C_streams_1_25|       pointer|
|C_streams_1_26_dout     |   in|   32|     ap_fifo|   C_streams_1_26|       pointer|
|C_streams_1_26_empty_n  |   in|    1|     ap_fifo|   C_streams_1_26|       pointer|
|C_streams_1_26_read     |  out|    1|     ap_fifo|   C_streams_1_26|       pointer|
|C_streams_1_27_dout     |   in|   32|     ap_fifo|   C_streams_1_27|       pointer|
|C_streams_1_27_empty_n  |   in|    1|     ap_fifo|   C_streams_1_27|       pointer|
|C_streams_1_27_read     |  out|    1|     ap_fifo|   C_streams_1_27|       pointer|
|C_streams_1_28_dout     |   in|   32|     ap_fifo|   C_streams_1_28|       pointer|
|C_streams_1_28_empty_n  |   in|    1|     ap_fifo|   C_streams_1_28|       pointer|
|C_streams_1_28_read     |  out|    1|     ap_fifo|   C_streams_1_28|       pointer|
|C_streams_1_29_dout     |   in|   32|     ap_fifo|   C_streams_1_29|       pointer|
|C_streams_1_29_empty_n  |   in|    1|     ap_fifo|   C_streams_1_29|       pointer|
|C_streams_1_29_read     |  out|    1|     ap_fifo|   C_streams_1_29|       pointer|
|C_streams_1_30_dout     |   in|   32|     ap_fifo|   C_streams_1_30|       pointer|
|C_streams_1_30_empty_n  |   in|    1|     ap_fifo|   C_streams_1_30|       pointer|
|C_streams_1_30_read     |  out|    1|     ap_fifo|   C_streams_1_30|       pointer|
|C_streams_1_31_dout     |   in|   32|     ap_fifo|   C_streams_1_31|       pointer|
|C_streams_1_31_empty_n  |   in|    1|     ap_fifo|   C_streams_1_31|       pointer|
|C_streams_1_31_read     |  out|    1|     ap_fifo|   C_streams_1_31|       pointer|
|C_TILES_0_address0      |  out|    9|   ap_memory|        C_TILES_0|         array|
|C_TILES_0_ce0           |  out|    1|   ap_memory|        C_TILES_0|         array|
|C_TILES_0_d0            |  out|   32|   ap_memory|        C_TILES_0|         array|
|C_TILES_0_q0            |   in|   32|   ap_memory|        C_TILES_0|         array|
|C_TILES_0_we0           |  out|    1|   ap_memory|        C_TILES_0|         array|
|C_TILES_0_address1      |  out|    9|   ap_memory|        C_TILES_0|         array|
|C_TILES_0_ce1           |  out|    1|   ap_memory|        C_TILES_0|         array|
|C_TILES_0_d1            |  out|   32|   ap_memory|        C_TILES_0|         array|
|C_TILES_0_q1            |   in|   32|   ap_memory|        C_TILES_0|         array|
|C_TILES_0_we1           |  out|    1|   ap_memory|        C_TILES_0|         array|
|C_TILES_0_address2      |  out|    9|   ap_memory|        C_TILES_0|         array|
|C_TILES_0_ce2           |  out|    1|   ap_memory|        C_TILES_0|         array|
|C_TILES_0_d2            |  out|   32|   ap_memory|        C_TILES_0|         array|
|C_TILES_0_q2            |   in|   32|   ap_memory|        C_TILES_0|         array|
|C_TILES_0_we2           |  out|    1|   ap_memory|        C_TILES_0|         array|
|C_TILES_0_address3      |  out|    9|   ap_memory|        C_TILES_0|         array|
|C_TILES_0_ce3           |  out|    1|   ap_memory|        C_TILES_0|         array|
|C_TILES_0_d3            |  out|   32|   ap_memory|        C_TILES_0|         array|
|C_TILES_0_q3            |   in|   32|   ap_memory|        C_TILES_0|         array|
|C_TILES_0_we3           |  out|    1|   ap_memory|        C_TILES_0|         array|
|C_TILES_0_address4      |  out|    9|   ap_memory|        C_TILES_0|         array|
|C_TILES_0_ce4           |  out|    1|   ap_memory|        C_TILES_0|         array|
|C_TILES_0_d4            |  out|   32|   ap_memory|        C_TILES_0|         array|
|C_TILES_0_q4            |   in|   32|   ap_memory|        C_TILES_0|         array|
|C_TILES_0_we4           |  out|    1|   ap_memory|        C_TILES_0|         array|
|C_TILES_0_address5      |  out|    9|   ap_memory|        C_TILES_0|         array|
|C_TILES_0_ce5           |  out|    1|   ap_memory|        C_TILES_0|         array|
|C_TILES_0_d5            |  out|   32|   ap_memory|        C_TILES_0|         array|
|C_TILES_0_q5            |   in|   32|   ap_memory|        C_TILES_0|         array|
|C_TILES_0_we5           |  out|    1|   ap_memory|        C_TILES_0|         array|
|C_TILES_0_address6      |  out|    9|   ap_memory|        C_TILES_0|         array|
|C_TILES_0_ce6           |  out|    1|   ap_memory|        C_TILES_0|         array|
|C_TILES_0_d6            |  out|   32|   ap_memory|        C_TILES_0|         array|
|C_TILES_0_q6            |   in|   32|   ap_memory|        C_TILES_0|         array|
|C_TILES_0_we6           |  out|    1|   ap_memory|        C_TILES_0|         array|
|C_TILES_0_address7      |  out|    9|   ap_memory|        C_TILES_0|         array|
|C_TILES_0_ce7           |  out|    1|   ap_memory|        C_TILES_0|         array|
|C_TILES_0_d7            |  out|   32|   ap_memory|        C_TILES_0|         array|
|C_TILES_0_q7            |   in|   32|   ap_memory|        C_TILES_0|         array|
|C_TILES_0_we7           |  out|    1|   ap_memory|        C_TILES_0|         array|
|C_TILES_0_address8      |  out|    9|   ap_memory|        C_TILES_0|         array|
|C_TILES_0_ce8           |  out|    1|   ap_memory|        C_TILES_0|         array|
|C_TILES_0_d8            |  out|   32|   ap_memory|        C_TILES_0|         array|
|C_TILES_0_q8            |   in|   32|   ap_memory|        C_TILES_0|         array|
|C_TILES_0_we8           |  out|    1|   ap_memory|        C_TILES_0|         array|
|C_TILES_0_address9      |  out|    9|   ap_memory|        C_TILES_0|         array|
|C_TILES_0_ce9           |  out|    1|   ap_memory|        C_TILES_0|         array|
|C_TILES_0_d9            |  out|   32|   ap_memory|        C_TILES_0|         array|
|C_TILES_0_q9            |   in|   32|   ap_memory|        C_TILES_0|         array|
|C_TILES_0_we9           |  out|    1|   ap_memory|        C_TILES_0|         array|
|C_TILES_0_address10     |  out|    9|   ap_memory|        C_TILES_0|         array|
|C_TILES_0_ce10          |  out|    1|   ap_memory|        C_TILES_0|         array|
|C_TILES_0_d10           |  out|   32|   ap_memory|        C_TILES_0|         array|
|C_TILES_0_q10           |   in|   32|   ap_memory|        C_TILES_0|         array|
|C_TILES_0_we10          |  out|    1|   ap_memory|        C_TILES_0|         array|
|C_TILES_0_address11     |  out|    9|   ap_memory|        C_TILES_0|         array|
|C_TILES_0_ce11          |  out|    1|   ap_memory|        C_TILES_0|         array|
|C_TILES_0_d11           |  out|   32|   ap_memory|        C_TILES_0|         array|
|C_TILES_0_q11           |   in|   32|   ap_memory|        C_TILES_0|         array|
|C_TILES_0_we11          |  out|    1|   ap_memory|        C_TILES_0|         array|
|C_TILES_0_address12     |  out|    9|   ap_memory|        C_TILES_0|         array|
|C_TILES_0_ce12          |  out|    1|   ap_memory|        C_TILES_0|         array|
|C_TILES_0_d12           |  out|   32|   ap_memory|        C_TILES_0|         array|
|C_TILES_0_q12           |   in|   32|   ap_memory|        C_TILES_0|         array|
|C_TILES_0_we12          |  out|    1|   ap_memory|        C_TILES_0|         array|
|C_TILES_0_address13     |  out|    9|   ap_memory|        C_TILES_0|         array|
|C_TILES_0_ce13          |  out|    1|   ap_memory|        C_TILES_0|         array|
|C_TILES_0_d13           |  out|   32|   ap_memory|        C_TILES_0|         array|
|C_TILES_0_q13           |   in|   32|   ap_memory|        C_TILES_0|         array|
|C_TILES_0_we13          |  out|    1|   ap_memory|        C_TILES_0|         array|
|C_TILES_0_address14     |  out|    9|   ap_memory|        C_TILES_0|         array|
|C_TILES_0_ce14          |  out|    1|   ap_memory|        C_TILES_0|         array|
|C_TILES_0_d14           |  out|   32|   ap_memory|        C_TILES_0|         array|
|C_TILES_0_q14           |   in|   32|   ap_memory|        C_TILES_0|         array|
|C_TILES_0_we14          |  out|    1|   ap_memory|        C_TILES_0|         array|
|C_TILES_0_address15     |  out|    9|   ap_memory|        C_TILES_0|         array|
|C_TILES_0_ce15          |  out|    1|   ap_memory|        C_TILES_0|         array|
|C_TILES_0_d15           |  out|   32|   ap_memory|        C_TILES_0|         array|
|C_TILES_0_q15           |   in|   32|   ap_memory|        C_TILES_0|         array|
|C_TILES_0_we15          |  out|    1|   ap_memory|        C_TILES_0|         array|
|C_TILES_0_address16     |  out|    9|   ap_memory|        C_TILES_0|         array|
|C_TILES_0_ce16          |  out|    1|   ap_memory|        C_TILES_0|         array|
|C_TILES_0_d16           |  out|   32|   ap_memory|        C_TILES_0|         array|
|C_TILES_0_q16           |   in|   32|   ap_memory|        C_TILES_0|         array|
|C_TILES_0_we16          |  out|    1|   ap_memory|        C_TILES_0|         array|
|C_TILES_1_address0      |  out|    9|   ap_memory|        C_TILES_1|         array|
|C_TILES_1_ce0           |  out|    1|   ap_memory|        C_TILES_1|         array|
|C_TILES_1_d0            |  out|   32|   ap_memory|        C_TILES_1|         array|
|C_TILES_1_q0            |   in|   32|   ap_memory|        C_TILES_1|         array|
|C_TILES_1_we0           |  out|    1|   ap_memory|        C_TILES_1|         array|
|C_TILES_1_address1      |  out|    9|   ap_memory|        C_TILES_1|         array|
|C_TILES_1_ce1           |  out|    1|   ap_memory|        C_TILES_1|         array|
|C_TILES_1_d1            |  out|   32|   ap_memory|        C_TILES_1|         array|
|C_TILES_1_q1            |   in|   32|   ap_memory|        C_TILES_1|         array|
|C_TILES_1_we1           |  out|    1|   ap_memory|        C_TILES_1|         array|
|C_TILES_1_address2      |  out|    9|   ap_memory|        C_TILES_1|         array|
|C_TILES_1_ce2           |  out|    1|   ap_memory|        C_TILES_1|         array|
|C_TILES_1_d2            |  out|   32|   ap_memory|        C_TILES_1|         array|
|C_TILES_1_q2            |   in|   32|   ap_memory|        C_TILES_1|         array|
|C_TILES_1_we2           |  out|    1|   ap_memory|        C_TILES_1|         array|
|C_TILES_1_address3      |  out|    9|   ap_memory|        C_TILES_1|         array|
|C_TILES_1_ce3           |  out|    1|   ap_memory|        C_TILES_1|         array|
|C_TILES_1_d3            |  out|   32|   ap_memory|        C_TILES_1|         array|
|C_TILES_1_q3            |   in|   32|   ap_memory|        C_TILES_1|         array|
|C_TILES_1_we3           |  out|    1|   ap_memory|        C_TILES_1|         array|
|C_TILES_1_address4      |  out|    9|   ap_memory|        C_TILES_1|         array|
|C_TILES_1_ce4           |  out|    1|   ap_memory|        C_TILES_1|         array|
|C_TILES_1_d4            |  out|   32|   ap_memory|        C_TILES_1|         array|
|C_TILES_1_q4            |   in|   32|   ap_memory|        C_TILES_1|         array|
|C_TILES_1_we4           |  out|    1|   ap_memory|        C_TILES_1|         array|
|C_TILES_1_address5      |  out|    9|   ap_memory|        C_TILES_1|         array|
|C_TILES_1_ce5           |  out|    1|   ap_memory|        C_TILES_1|         array|
|C_TILES_1_d5            |  out|   32|   ap_memory|        C_TILES_1|         array|
|C_TILES_1_q5            |   in|   32|   ap_memory|        C_TILES_1|         array|
|C_TILES_1_we5           |  out|    1|   ap_memory|        C_TILES_1|         array|
|C_TILES_1_address6      |  out|    9|   ap_memory|        C_TILES_1|         array|
|C_TILES_1_ce6           |  out|    1|   ap_memory|        C_TILES_1|         array|
|C_TILES_1_d6            |  out|   32|   ap_memory|        C_TILES_1|         array|
|C_TILES_1_q6            |   in|   32|   ap_memory|        C_TILES_1|         array|
|C_TILES_1_we6           |  out|    1|   ap_memory|        C_TILES_1|         array|
|C_TILES_1_address7      |  out|    9|   ap_memory|        C_TILES_1|         array|
|C_TILES_1_ce7           |  out|    1|   ap_memory|        C_TILES_1|         array|
|C_TILES_1_d7            |  out|   32|   ap_memory|        C_TILES_1|         array|
|C_TILES_1_q7            |   in|   32|   ap_memory|        C_TILES_1|         array|
|C_TILES_1_we7           |  out|    1|   ap_memory|        C_TILES_1|         array|
|C_TILES_1_address8      |  out|    9|   ap_memory|        C_TILES_1|         array|
|C_TILES_1_ce8           |  out|    1|   ap_memory|        C_TILES_1|         array|
|C_TILES_1_d8            |  out|   32|   ap_memory|        C_TILES_1|         array|
|C_TILES_1_q8            |   in|   32|   ap_memory|        C_TILES_1|         array|
|C_TILES_1_we8           |  out|    1|   ap_memory|        C_TILES_1|         array|
|C_TILES_1_address9      |  out|    9|   ap_memory|        C_TILES_1|         array|
|C_TILES_1_ce9           |  out|    1|   ap_memory|        C_TILES_1|         array|
|C_TILES_1_d9            |  out|   32|   ap_memory|        C_TILES_1|         array|
|C_TILES_1_q9            |   in|   32|   ap_memory|        C_TILES_1|         array|
|C_TILES_1_we9           |  out|    1|   ap_memory|        C_TILES_1|         array|
|C_TILES_1_address10     |  out|    9|   ap_memory|        C_TILES_1|         array|
|C_TILES_1_ce10          |  out|    1|   ap_memory|        C_TILES_1|         array|
|C_TILES_1_d10           |  out|   32|   ap_memory|        C_TILES_1|         array|
|C_TILES_1_q10           |   in|   32|   ap_memory|        C_TILES_1|         array|
|C_TILES_1_we10          |  out|    1|   ap_memory|        C_TILES_1|         array|
|C_TILES_1_address11     |  out|    9|   ap_memory|        C_TILES_1|         array|
|C_TILES_1_ce11          |  out|    1|   ap_memory|        C_TILES_1|         array|
|C_TILES_1_d11           |  out|   32|   ap_memory|        C_TILES_1|         array|
|C_TILES_1_q11           |   in|   32|   ap_memory|        C_TILES_1|         array|
|C_TILES_1_we11          |  out|    1|   ap_memory|        C_TILES_1|         array|
|C_TILES_1_address12     |  out|    9|   ap_memory|        C_TILES_1|         array|
|C_TILES_1_ce12          |  out|    1|   ap_memory|        C_TILES_1|         array|
|C_TILES_1_d12           |  out|   32|   ap_memory|        C_TILES_1|         array|
|C_TILES_1_q12           |   in|   32|   ap_memory|        C_TILES_1|         array|
|C_TILES_1_we12          |  out|    1|   ap_memory|        C_TILES_1|         array|
|C_TILES_1_address13     |  out|    9|   ap_memory|        C_TILES_1|         array|
|C_TILES_1_ce13          |  out|    1|   ap_memory|        C_TILES_1|         array|
|C_TILES_1_d13           |  out|   32|   ap_memory|        C_TILES_1|         array|
|C_TILES_1_q13           |   in|   32|   ap_memory|        C_TILES_1|         array|
|C_TILES_1_we13          |  out|    1|   ap_memory|        C_TILES_1|         array|
|C_TILES_1_address14     |  out|    9|   ap_memory|        C_TILES_1|         array|
|C_TILES_1_ce14          |  out|    1|   ap_memory|        C_TILES_1|         array|
|C_TILES_1_d14           |  out|   32|   ap_memory|        C_TILES_1|         array|
|C_TILES_1_q14           |   in|   32|   ap_memory|        C_TILES_1|         array|
|C_TILES_1_we14          |  out|    1|   ap_memory|        C_TILES_1|         array|
|C_TILES_1_address15     |  out|    9|   ap_memory|        C_TILES_1|         array|
|C_TILES_1_ce15          |  out|    1|   ap_memory|        C_TILES_1|         array|
|C_TILES_1_d15           |  out|   32|   ap_memory|        C_TILES_1|         array|
|C_TILES_1_q15           |   in|   32|   ap_memory|        C_TILES_1|         array|
|C_TILES_1_we15          |  out|    1|   ap_memory|        C_TILES_1|         array|
|C_TILES_1_address16     |  out|    9|   ap_memory|        C_TILES_1|         array|
|C_TILES_1_ce16          |  out|    1|   ap_memory|        C_TILES_1|         array|
|C_TILES_1_d16           |  out|   32|   ap_memory|        C_TILES_1|         array|
|C_TILES_1_q16           |   in|   32|   ap_memory|        C_TILES_1|         array|
|C_TILES_1_we16          |  out|    1|   ap_memory|        C_TILES_1|         array|
|ap_clk                  |   in|    1|  ap_ctrl_hs|  loader_C_tiles9|  return value|
|ap_rst                  |   in|    1|  ap_ctrl_hs|  loader_C_tiles9|  return value|
|C_TILES_0_full_n        |   in|    1|  ap_ctrl_hs|  loader_C_tiles9|  return value|
|C_TILES_0_write         |  out|    1|  ap_ctrl_hs|  loader_C_tiles9|  return value|
|ap_start                |   in|    1|  ap_ctrl_hs|  loader_C_tiles9|  return value|
|ap_done                 |  out|    1|  ap_ctrl_hs|  loader_C_tiles9|  return value|
|C_TILES_1_full_n        |   in|    1|  ap_ctrl_hs|  loader_C_tiles9|  return value|
|C_TILES_1_write         |  out|    1|  ap_ctrl_hs|  loader_C_tiles9|  return value|
|ap_ready                |  out|    1|  ap_ctrl_hs|  loader_C_tiles9|  return value|
|ap_idle                 |  out|    1|  ap_ctrl_hs|  loader_C_tiles9|  return value|
|ap_continue             |   in|    1|  ap_ctrl_hs|  loader_C_tiles9|  return value|
+------------------------+-----+-----+------------+-----------------+--------------+

