

================================================================
== Vitis HLS Report for 'loadTileBFromDRAM_210'
================================================================
* Date:           Thu Jun 11 13:51:50 2026

* Version:        2023.2 (Build 4023990 on Oct 11 2023)
* Project:        hls_project
* Solution:       gemm2 (Vitis Kernel Flow Target)
* Product family: versalaicore
* Target device:  xcvc1902-vsva2197-2MP-e-S


================================================================
== Performance Estimates
================================================================
+ Timing: 
    * Summary: 
    +--------+---------+----------+------------+
    |  Clock |  Target | Estimated| Uncertainty|
    +--------+---------+----------+------------+
    |ap_clk  |  3.33 ns|  1.953 ns|     0.90 ns|
    +--------+---------+----------+------------+

+ Latency: 
    * Summary: 
    +---------+---------+----------+----------+------+------+---------+
    |  Latency (cycles) |  Latency (absolute) |   Interval  | Pipeline|
    |   min   |   max   |    min   |    max   |  min |  max |   Type  |
    +---------+---------+----------+----------+------+------+---------+
    |     1057|     1057|  3.523 us|  3.523 us|  1057|  1057|       no|
    +---------+---------+----------+----------+------+------+---------+

    + Detail: 
        * Instance: 
        N/A

        * Loop: 
        +--------------------+---------+---------+----------+-----------+-----------+------+----------+
        |                    |  Latency (cycles) | Iteration|  Initiation Interval  | Trip |          |
        |      Loop Name     |   min   |   max   |  Latency |  achieved |   target  | Count| Pipelined|
        +--------------------+---------+---------+----------+-----------+-----------+------+----------+
        |- load_tile_B       |     1056|     1056|        66|          -|          -|    16|        no|
        | + VITIS_LOOP_19_1  |       64|       64|         4|          -|          -|    16|        no|
        +--------------------+---------+---------+----------+-----------+-----------+------+----------+



================================================================
== Utilization Estimates
================================================================
* Summary: 
+-----------------+---------+------+---------+--------+-----+
|       Name      | BRAM_18K|  DSP |    FF   |   LUT  | URAM|
+-----------------+---------+------+---------+--------+-----+
|DSP              |        -|     -|        -|       -|    -|
|Expression       |        -|     -|        0|      33|    -|
|FIFO             |        -|     -|        -|       -|    -|
|Instance         |        -|     -|        0|     160|    -|
|Memory           |        -|     -|        -|       -|    -|
|Multiplexer      |        -|     -|        -|     107|    -|
|Register         |        -|     -|       87|       -|    -|
+-----------------+---------+------+---------+--------+-----+
|Total            |        0|     0|       87|     300|    0|
+-----------------+---------+------+---------+--------+-----+
|Available        |     1934|  1968|  1799680|  899840|  463|
+-----------------+---------+------+---------+--------+-----+
|Utilization (%)  |        0|     0|       ~0|      ~0|    0|
+-----------------+---------+------+---------+--------+-----+

+ Detail: 
    * Instance: 
    +----------------------------+-----------------------+---------+----+---+-----+-----+
    |          Instance          |         Module        | BRAM_18K| DSP| FF| LUT | URAM|
    +----------------------------+-----------------------+---------+----+---+-----+-----+
    |sparsemux_33_4_32_1_1_U104  |sparsemux_33_4_32_1_1  |        0|   0|  0|  160|    0|
    +----------------------------+-----------------------+---------+----+---+-----+-----+
    |Total                       |                       |        0|   0|  0|  160|    0|
    +----------------------------+-----------------------+---------+----+---+-----+-----+

    * DSP: 
    N/A

    * Memory: 
    N/A

    * FIFO: 
    N/A

    * Expression: 
    +---------------------+----------+----+---+----+------------+------------+
    |    Variable Name    | Operation| DSP| FF| LUT| Bitwidth P0| Bitwidth P1|
    +---------------------+----------+----+---+----+------------+------------+
    |add_ln18_fu_578_p2   |         +|   0|  0|   5|           5|           1|
    |add_ln19_fu_610_p2   |         +|   0|  0|   6|           6|           2|
    |add_ln21_fu_640_p2   |         +|   0|  0|   9|           9|           9|
    |icmp_ln18_fu_588_p2  |      icmp|   0|  0|   6|           5|           6|
    |ap_block_state1      |        or|   0|  0|   2|           1|           1|
    |or_ln19_fu_720_p2    |        or|   0|  0|   5|           5|           1|
    +---------------------+----------+----+---+----+------------+------------+
    |Total                |          |   0|  0|  33|          31|          20|
    +---------------------+----------+----+---+----+------------+------------+

    * Multiplexer: 
    +--------------------+----+-----------+-----+-----------+
    |        Name        | LUT| Input Size| Bits| Total Bits|
    +--------------------+----+-----------+-----+-----------+
    |B_DRAM_0_address0   |   5|          3|    5|         15|
    |B_DRAM_10_address0  |   5|          3|    5|         15|
    |B_DRAM_11_address0  |   5|          3|    5|         15|
    |B_DRAM_12_address0  |   5|          3|    5|         15|
    |B_DRAM_13_address0  |   5|          3|    5|         15|
    |B_DRAM_14_address0  |   5|          3|    5|         15|
    |B_DRAM_15_address0  |   5|          3|    5|         15|
    |B_DRAM_1_address0   |   5|          3|    5|         15|
    |B_DRAM_2_address0   |   5|          3|    5|         15|
    |B_DRAM_3_address0   |   5|          3|    5|         15|
    |B_DRAM_4_address0   |   5|          3|    5|         15|
    |B_DRAM_5_address0   |   5|          3|    5|         15|
    |B_DRAM_6_address0   |   5|          3|    5|         15|
    |B_DRAM_7_address0   |   5|          3|    5|         15|
    |B_DRAM_8_address0   |   5|          3|    5|         15|
    |B_DRAM_9_address0   |   5|          3|    5|         15|
    |B_TILE_address0     |   9|          3|    9|         27|
    |ap_NS_fsm           |   6|          7|    1|          7|
    |ap_done             |   2|          2|    1|          2|
    |j_reg_469           |   5|          2|    6|         12|
    |k_fu_108            |   5|          2|    5|         10|
    +--------------------+----+-----------+-----+-----------+
    |Total               | 107|         64|  102|        298|
    +--------------------+----+-----------+-----+-----------+

    * Register: 
    +--------------------+----+----+-----+-----------+
    |        Name        | FF | LUT| Bits| Const Bits|
    +--------------------+----+----+-----+-----------+
    |add_ln18_reg_841    |   5|   0|    5|          0|
    |add_ln19_reg_864    |   6|   0|    6|          0|
    |add_ln21_reg_869    |   9|   0|    9|          0|
    |ap_CS_fsm           |   6|   0|    6|          0|
    |ap_done_reg         |   1|   0|    1|          0|
    |j_reg_469           |   6|   0|    6|          0|
    |k_fu_108            |   5|   0|    5|          0|
    |or_ln19_reg_959     |   4|   0|    5|          1|
    |reg_554             |  32|   0|   32|          0|
    |tmp_19_reg_856      |   4|   0|    9|          5|
    |trunc_ln18_reg_847  |   4|   0|    4|          0|
    |trunc_ln19_reg_874  |   5|   0|    5|          0|
    +--------------------+----+----+-----+-----------+
    |Total               |  87|   0|   93|          6|
    +--------------------+----+----+-----+-----------+



================================================================
== Interface
================================================================
* Summary: 
+--------------------+-----+-----+------------+-----------------------+--------------+
|      RTL Ports     | Dir | Bits|  Protocol  |     Source Object     |    C Type    |
+--------------------+-----+-----+------------+-----------------------+--------------+
|ap_clk              |   in|    1|  ap_ctrl_hs|  loadTileBFromDRAM.210|  return value|
|ap_rst              |   in|    1|  ap_ctrl_hs|  loadTileBFromDRAM.210|  return value|
|ap_start            |   in|    1|  ap_ctrl_hs|  loadTileBFromDRAM.210|  return value|
|ap_done             |  out|    1|  ap_ctrl_hs|  loadTileBFromDRAM.210|  return value|
|ap_continue         |   in|    1|  ap_ctrl_hs|  loadTileBFromDRAM.210|  return value|
|ap_idle             |  out|    1|  ap_ctrl_hs|  loadTileBFromDRAM.210|  return value|
|ap_ready            |  out|    1|  ap_ctrl_hs|  loadTileBFromDRAM.210|  return value|
|B_DRAM_0_address0   |  out|    5|   ap_memory|               B_DRAM_0|         array|
|B_DRAM_0_ce0        |  out|    1|   ap_memory|               B_DRAM_0|         array|
|B_DRAM_0_q0         |   in|   32|   ap_memory|               B_DRAM_0|         array|
|B_DRAM_1_address0   |  out|    5|   ap_memory|               B_DRAM_1|         array|
|B_DRAM_1_ce0        |  out|    1|   ap_memory|               B_DRAM_1|         array|
|B_DRAM_1_q0         |   in|   32|   ap_memory|               B_DRAM_1|         array|
|B_DRAM_2_address0   |  out|    5|   ap_memory|               B_DRAM_2|         array|
|B_DRAM_2_ce0        |  out|    1|   ap_memory|               B_DRAM_2|         array|
|B_DRAM_2_q0         |   in|   32|   ap_memory|               B_DRAM_2|         array|
|B_DRAM_3_address0   |  out|    5|   ap_memory|               B_DRAM_3|         array|
|B_DRAM_3_ce0        |  out|    1|   ap_memory|               B_DRAM_3|         array|
|B_DRAM_3_q0         |   in|   32|   ap_memory|               B_DRAM_3|         array|
|B_DRAM_4_address0   |  out|    5|   ap_memory|               B_DRAM_4|         array|
|B_DRAM_4_ce0        |  out|    1|   ap_memory|               B_DRAM_4|         array|
|B_DRAM_4_q0         |   in|   32|   ap_memory|               B_DRAM_4|         array|
|B_DRAM_5_address0   |  out|    5|   ap_memory|               B_DRAM_5|         array|
|B_DRAM_5_ce0        |  out|    1|   ap_memory|               B_DRAM_5|         array|
|B_DRAM_5_q0         |   in|   32|   ap_memory|               B_DRAM_5|         array|
|B_DRAM_6_address0   |  out|    5|   ap_memory|               B_DRAM_6|         array|
|B_DRAM_6_ce0        |  out|    1|   ap_memory|               B_DRAM_6|         array|
|B_DRAM_6_q0         |   in|   32|   ap_memory|               B_DRAM_6|         array|
|B_DRAM_7_address0   |  out|    5|   ap_memory|               B_DRAM_7|         array|
|B_DRAM_7_ce0        |  out|    1|   ap_memory|               B_DRAM_7|         array|
|B_DRAM_7_q0         |   in|   32|   ap_memory|               B_DRAM_7|         array|
|B_DRAM_8_address0   |  out|    5|   ap_memory|               B_DRAM_8|         array|
|B_DRAM_8_ce0        |  out|    1|   ap_memory|               B_DRAM_8|         array|
|B_DRAM_8_q0         |   in|   32|   ap_memory|               B_DRAM_8|         array|
|B_DRAM_9_address0   |  out|    5|   ap_memory|               B_DRAM_9|         array|
|B_DRAM_9_ce0        |  out|    1|   ap_memory|               B_DRAM_9|         array|
|B_DRAM_9_q0         |   in|   32|   ap_memory|               B_DRAM_9|         array|
|B_DRAM_10_address0  |  out|    5|   ap_memory|              B_DRAM_10|         array|
|B_DRAM_10_ce0       |  out|    1|   ap_memory|              B_DRAM_10|         array|
|B_DRAM_10_q0        |   in|   32|   ap_memory|              B_DRAM_10|         array|
|B_DRAM_11_address0  |  out|    5|   ap_memory|              B_DRAM_11|         array|
|B_DRAM_11_ce0       |  out|    1|   ap_memory|              B_DRAM_11|         array|
|B_DRAM_11_q0        |   in|   32|   ap_memory|              B_DRAM_11|         array|
|B_DRAM_12_address0  |  out|    5|   ap_memory|              B_DRAM_12|         array|
|B_DRAM_12_ce0       |  out|    1|   ap_memory|              B_DRAM_12|         array|
|B_DRAM_12_q0        |   in|   32|   ap_memory|              B_DRAM_12|         array|
|B_DRAM_13_address0  |  out|    5|   ap_memory|              B_DRAM_13|         array|
|B_DRAM_13_ce0       |  out|    1|   ap_memory|              B_DRAM_13|         array|
|B_DRAM_13_q0        |   in|   32|   ap_memory|              B_DRAM_13|         array|
|B_DRAM_14_address0  |  out|    5|   ap_memory|              B_DRAM_14|         array|
|B_DRAM_14_ce0       |  out|    1|   ap_memory|              B_DRAM_14|         array|
|B_DRAM_14_q0        |   in|   32|   ap_memory|              B_DRAM_14|         array|
|B_DRAM_15_address0  |  out|    5|   ap_memory|              B_DRAM_15|         array|
|B_DRAM_15_ce0       |  out|    1|   ap_memory|              B_DRAM_15|         array|
|B_DRAM_15_q0        |   in|   32|   ap_memory|              B_DRAM_15|         array|
|B_TILE_address0     |  out|    9|   ap_memory|                 B_TILE|         array|
|B_TILE_ce0          |  out|    1|   ap_memory|                 B_TILE|         array|
|B_TILE_we0          |  out|    1|   ap_memory|                 B_TILE|         array|
|B_TILE_d0           |  out|   32|   ap_memory|                 B_TILE|         array|
+--------------------+-----+-----+------------+-----------------------+--------------+

