

================================================================
== Vitis HLS Report for 'loadTileBFromDRAM146'
================================================================
* Date:           Fri May 29 17:54:56 2026

* Version:        2023.2 (Build 4023990 on Oct 11 2023)
* Project:        hls_project
* Solution:       gemm2 (Vitis Kernel Flow Target)
* Product family: zynquplus
* Target device:  xczu7ev-ffvc1156-2-e


================================================================
== Performance Estimates
================================================================
+ Timing: 
    * Summary: 
    +--------+---------+----------+------------+
    |  Clock |  Target | Estimated| Uncertainty|
    +--------+---------+----------+------------+
    |ap_clk  |  3.33 ns|  1.237 ns|     0.90 ns|
    +--------+---------+----------+------------+

+ Latency: 
    * Summary: 
    +---------+---------+----------+----------+------+------+---------+
    |  Latency (cycles) |  Latency (absolute) |   Interval  | Pipeline|
    |   min   |   max   |    min   |    max   |  min |  max |   Type  |
    +---------+---------+----------+----------+------+------+---------+
    |     1569|     1569|  5.229 us|  5.229 us|  1569|  1569|       no|
    +---------+---------+----------+----------+------+------+---------+

    + Detail: 
        * Instance: 
        N/A

        * Loop: 
        +--------------------+---------+---------+----------+-----------+-----------+------+----------+
        |                    |  Latency (cycles) | Iteration|  Initiation Interval  | Trip |          |
        |      Loop Name     |   min   |   max   |  Latency |  achieved |   target  | Count| Pipelined|
        +--------------------+---------+---------+----------+-----------+-----------+------+----------+
        |- load_tile_B       |     1568|     1568|        98|          -|          -|    16|        no|
        | + VITIS_LOOP_19_1  |       96|       96|         3|          -|          -|    32|        no|
        +--------------------+---------+---------+----------+-----------+-----------+------+----------+



================================================================
== Utilization Estimates
================================================================
* Summary: 
+-----------------+---------+------+--------+--------+-----+
|       Name      | BRAM_18K|  DSP |   FF   |   LUT  | URAM|
+-----------------+---------+------+--------+--------+-----+
|DSP              |        -|     -|       -|       -|    -|
|Expression       |        -|     -|       0|      69|    -|
|FIFO             |        -|     -|       -|       -|    -|
|Instance         |        -|     -|       -|       -|    -|
|Memory           |        -|     -|       -|       -|    -|
|Multiplexer      |        -|     -|       -|      58|    -|
|Register         |        -|     -|      76|       -|    -|
+-----------------+---------+------+--------+--------+-----+
|Total            |        0|     0|      76|     127|    0|
+-----------------+---------+------+--------+--------+-----+
|Available        |      624|  1728|  460800|  230400|   96|
+-----------------+---------+------+--------+--------+-----+
|Utilization (%)  |        0|     0|      ~0|      ~0|    0|
+-----------------+---------+------+--------+--------+-----+

+ Detail: 
    * Instance: 
    N/A

    * DSP: 
    N/A

    * Memory: 
    N/A

    * FIFO: 
    N/A

    * Expression: 
    +---------------------+----------+----+---+----+------------+------------+
    |    Variable Name    | Operation| DSP| FF| LUT| Bitwidth P0| Bitwidth P1|
    +---------------------+----------+----+---+----+------------+------------+
    |add_ln18_fu_124_p2   |         +|   0|  0|  12|           5|           1|
    |add_ln19_fu_158_p2   |         +|   0|  0|  13|           6|           1|
    |add_ln20_fu_168_p2   |         +|   0|  0|  15|           8|           8|
    |icmp_ln18_fu_118_p2  |      icmp|   0|  0|  13|           5|           6|
    |icmp_ln19_fu_152_p2  |      icmp|   0|  0|  14|           6|           7|
    |ap_block_state1      |        or|   0|  0|   2|           1|           1|
    +---------------------+----------+----+---+----+------------+------------+
    |Total                |          |   0|  0|  69|          31|          24|
    +---------------------+----------+----+---+----+------------+------------+

    * Multiplexer: 
    +-----------+----+-----------+-----+-----------+
    |    Name   | LUT| Input Size| Bits| Total Bits|
    +-----------+----+-----------+-----+-----------+
    |ap_NS_fsm  |  31|          6|    1|          6|
    |ap_done    |   9|          2|    1|          2|
    |j_reg_95   |   9|          2|    6|         12|
    |k_fu_52    |   9|          2|    5|         10|
    +-----------+----+-----------+-----+-----------+
    |Total      |  58|         12|   13|         30|
    +-----------+----+-----------+-----+-----------+

    * Register: 
    +-----------------------+----+----+-----+-----------+
    |          Name         | FF | LUT| Bits| Const Bits|
    +-----------------------+----+----+-----+-----------+
    |B_DRAM_0_load_reg_245  |  32|   0|   32|          0|
    |add_ln18_reg_213       |   5|   0|    5|          0|
    |add_ln19_reg_230       |   6|   0|    6|          0|
    |add_ln20_reg_235       |   8|   0|    8|          0|
    |ap_CS_fsm              |   5|   0|    5|          0|
    |ap_done_reg            |   1|   0|    1|          0|
    |j_reg_95               |   6|   0|    6|          0|
    |k_fu_52                |   5|   0|    5|          0|
    |tmp_reg_222            |   3|   0|    8|          5|
    |trunc_ln18_1_reg_218   |   1|   0|    1|          0|
    |trunc_ln18_reg_205     |   4|   0|    4|          0|
    +-----------------------+----+----+-----+-----------+
    |Total                  |  76|   0|   81|          5|
    +-----------------------+----+----+-----+-----------+



================================================================
== Interface
================================================================
* Summary: 
+-------------------+-----+-----+------------+----------------------+--------------+
|     RTL Ports     | Dir | Bits|  Protocol  |     Source Object    |    C Type    |
+-------------------+-----+-----+------------+----------------------+--------------+
|ap_clk             |   in|    1|  ap_ctrl_hs|  loadTileBFromDRAM146|  return value|
|ap_rst             |   in|    1|  ap_ctrl_hs|  loadTileBFromDRAM146|  return value|
|ap_start           |   in|    1|  ap_ctrl_hs|  loadTileBFromDRAM146|  return value|
|ap_done            |  out|    1|  ap_ctrl_hs|  loadTileBFromDRAM146|  return value|
|ap_continue        |   in|    1|  ap_ctrl_hs|  loadTileBFromDRAM146|  return value|
|ap_idle            |  out|    1|  ap_ctrl_hs|  loadTileBFromDRAM146|  return value|
|ap_ready           |  out|    1|  ap_ctrl_hs|  loadTileBFromDRAM146|  return value|
|B_DRAM_0_address0  |  out|    9|   ap_memory|              B_DRAM_0|         array|
|B_DRAM_0_ce0       |  out|    1|   ap_memory|              B_DRAM_0|         array|
|B_DRAM_0_q0        |   in|   32|   ap_memory|              B_DRAM_0|         array|
|B_TILE_0_address0  |  out|    8|   ap_memory|              B_TILE_0|         array|
|B_TILE_0_ce0       |  out|    1|   ap_memory|              B_TILE_0|         array|
|B_TILE_0_we0       |  out|    1|   ap_memory|              B_TILE_0|         array|
|B_TILE_0_d0        |  out|   32|   ap_memory|              B_TILE_0|         array|
|B_TILE_1_address0  |  out|    8|   ap_memory|              B_TILE_1|         array|
|B_TILE_1_ce0       |  out|    1|   ap_memory|              B_TILE_1|         array|
|B_TILE_1_we0       |  out|    1|   ap_memory|              B_TILE_1|         array|
|B_TILE_1_d0        |  out|   32|   ap_memory|              B_TILE_1|         array|
+-------------------+-----+-----+------------+----------------------+--------------+

