

================================================================
== Vitis HLS Report for 'loader_B_tile_211'
================================================================
* Date:           Wed Jul  1 18:24:18 2026

* Version:        2023.2 (Build 4023990 on Oct 11 2023)
* Project:        hls_project
* Solution:       gemm2 (Vitis Kernel Flow Target)
* Product family: versalaicore
* Target device:  xcvc1902-vsva2197-2MP-e-S


================================================================
== Performance Estimates
================================================================
+ Timing: 
    * Summary: 
    +--------+---------+----------+------------+
    |  Clock |  Target | Estimated| Uncertainty|
    +--------+---------+----------+------------+
    |ap_clk  |  3.33 ns|  2.559 ns|     0.90 ns|
    +--------+---------+----------+------------+

+ Latency: 
    * Summary: 
    +---------+---------+----------+----------+-----+-----+---------+
    |  Latency (cycles) |  Latency (absolute) |  Interval | Pipeline|
    |   min   |   max   |    min   |    max   | min | max |   Type  |
    +---------+---------+----------+----------+-----+-----+---------+
    |      258|      258|  0.860 us|  0.860 us|  258|  258|       no|
    +---------+---------+----------+----------+-----+-----+---------+

    + Detail: 
        * Instance: 
        N/A

        * Loop: 
        +-----------------------------------+---------+---------+----------+-----------+-----------+------+----------+
        |                                   |  Latency (cycles) | Iteration|  Initiation Interval  | Trip |          |
        |             Loop Name             |   min   |   max   |  Latency |  achieved |   target  | Count| Pipelined|
        +-----------------------------------+---------+---------+----------+-----------+-----------+------+----------+
        |- VITIS_LOOP_34_1_VITIS_LOOP_35_2  |      256|      256|         2|          1|          1|   256|       yes|
        +-----------------------------------+---------+---------+----------+-----------+-----------+------+----------+



================================================================
== Utilization Estimates
================================================================
* Summary: 
+-----------------+---------+------+---------+--------+-----+
|       Name      | BRAM_18K|  DSP |    FF   |   LUT  | URAM|
+-----------------+---------+------+---------+--------+-----+
|DSP              |        -|     -|        -|       -|    -|
|Expression       |        -|     -|        0|      43|    -|
|FIFO             |        -|     -|        -|       -|    -|
|Instance         |        -|     -|        0|    5120|    -|
|Memory           |        -|     -|        -|       -|    -|
|Multiplexer      |        -|     -|        -|      94|    -|
|Register         |        -|     -|     1041|       -|    -|
+-----------------+---------+------+---------+--------+-----+
|Total            |        0|     0|     1041|    5257|    0|
+-----------------+---------+------+---------+--------+-----+
|Available        |     1934|  1968|  1799680|  899840|  463|
+-----------------+---------+------+---------+--------+-----+
|Utilization (%)  |        0|     0|       ~0|      ~0|    0|
+-----------------+---------+------+---------+--------+-----+

+ Detail: 
    * Instance: 
    +-----------------------------+-----------------------+---------+----+---+-----+-----+
    |           Instance          |         Module        | BRAM_18K| DSP| FF| LUT | URAM|
    +-----------------------------+-----------------------+---------+----+---+-----+-----+
    |sparsemux_33_4_32_1_1_U4401  |sparsemux_33_4_32_1_1  |        0|   0|  0|  160|    0|
    |sparsemux_33_4_32_1_1_U4402  |sparsemux_33_4_32_1_1  |        0|   0|  0|  160|    0|
    |sparsemux_33_4_32_1_1_U4403  |sparsemux_33_4_32_1_1  |        0|   0|  0|  160|    0|
    |sparsemux_33_4_32_1_1_U4404  |sparsemux_33_4_32_1_1  |        0|   0|  0|  160|    0|
    |sparsemux_33_4_32_1_1_U4405  |sparsemux_33_4_32_1_1  |        0|   0|  0|  160|    0|
    |sparsemux_33_4_32_1_1_U4406  |sparsemux_33_4_32_1_1  |        0|   0|  0|  160|    0|
    |sparsemux_33_4_32_1_1_U4407  |sparsemux_33_4_32_1_1  |        0|   0|  0|  160|    0|
    |sparsemux_33_4_32_1_1_U4408  |sparsemux_33_4_32_1_1  |        0|   0|  0|  160|    0|
    |sparsemux_33_4_32_1_1_U4409  |sparsemux_33_4_32_1_1  |        0|   0|  0|  160|    0|
    |sparsemux_33_4_32_1_1_U4410  |sparsemux_33_4_32_1_1  |        0|   0|  0|  160|    0|
    |sparsemux_33_4_32_1_1_U4411  |sparsemux_33_4_32_1_1  |        0|   0|  0|  160|    0|
    |sparsemux_33_4_32_1_1_U4412  |sparsemux_33_4_32_1_1  |        0|   0|  0|  160|    0|
    |sparsemux_33_4_32_1_1_U4413  |sparsemux_33_4_32_1_1  |        0|   0|  0|  160|    0|
    |sparsemux_33_4_32_1_1_U4414  |sparsemux_33_4_32_1_1  |        0|   0|  0|  160|    0|
    |sparsemux_33_4_32_1_1_U4415  |sparsemux_33_4_32_1_1  |        0|   0|  0|  160|    0|
    |sparsemux_33_4_32_1_1_U4416  |sparsemux_33_4_32_1_1  |        0|   0|  0|  160|    0|
    |sparsemux_33_4_32_1_1_U4417  |sparsemux_33_4_32_1_1  |        0|   0|  0|  160|    0|
    |sparsemux_33_4_32_1_1_U4418  |sparsemux_33_4_32_1_1  |        0|   0|  0|  160|    0|
    |sparsemux_33_4_32_1_1_U4419  |sparsemux_33_4_32_1_1  |        0|   0|  0|  160|    0|
    |sparsemux_33_4_32_1_1_U4420  |sparsemux_33_4_32_1_1  |        0|   0|  0|  160|    0|
    |sparsemux_33_4_32_1_1_U4421  |sparsemux_33_4_32_1_1  |        0|   0|  0|  160|    0|
    |sparsemux_33_4_32_1_1_U4422  |sparsemux_33_4_32_1_1  |        0|   0|  0|  160|    0|
    |sparsemux_33_4_32_1_1_U4423  |sparsemux_33_4_32_1_1  |        0|   0|  0|  160|    0|
    |sparsemux_33_4_32_1_1_U4424  |sparsemux_33_4_32_1_1  |        0|   0|  0|  160|    0|
    |sparsemux_33_4_32_1_1_U4425  |sparsemux_33_4_32_1_1  |        0|   0|  0|  160|    0|
    |sparsemux_33_4_32_1_1_U4426  |sparsemux_33_4_32_1_1  |        0|   0|  0|  160|    0|
    |sparsemux_33_4_32_1_1_U4427  |sparsemux_33_4_32_1_1  |        0|   0|  0|  160|    0|
    |sparsemux_33_4_32_1_1_U4428  |sparsemux_33_4_32_1_1  |        0|   0|  0|  160|    0|
    |sparsemux_33_4_32_1_1_U4429  |sparsemux_33_4_32_1_1  |        0|   0|  0|  160|    0|
    |sparsemux_33_4_32_1_1_U4430  |sparsemux_33_4_32_1_1  |        0|   0|  0|  160|    0|
    |sparsemux_33_4_32_1_1_U4431  |sparsemux_33_4_32_1_1  |        0|   0|  0|  160|    0|
    |sparsemux_33_4_32_1_1_U4432  |sparsemux_33_4_32_1_1  |        0|   0|  0|  160|    0|
    +-----------------------------+-----------------------+---------+----+---+-----+-----+
    |Total                        |                       |        0|   0|  0| 5120|    0|
    +-----------------------------+-----------------------+---------+----+---+-----+-----+

    * DSP: 
    N/A

    * Memory: 
    N/A

    * FIFO: 
    N/A

    * Expression: 
    +----------------------------------+----------+----+---+----+------------+------------+
    |           Variable Name          | Operation| DSP| FF| LUT| Bitwidth P0| Bitwidth P1|
    +----------------------------------+----------+----+---+----+------------+------------+
    |add_ln34_fu_5520_p2               |         +|   0|  0|   9|           9|           1|
    |add_ln35_fu_7860_p2               |         +|   0|  0|   5|           5|           1|
    |ap_condition_936                  |       and|   0|  0|   2|           1|           1|
    |icmp_ln34_fu_5526_p2              |      icmp|   0|  0|  10|           9|          10|
    |icmp_ln35_fu_5538_p2              |      icmp|   0|  0|   6|           5|           6|
    |ap_block_pp0_stage0_01001         |        or|   0|  0|   2|           1|           1|
    |ap_block_state2_pp0_stage0_iter1  |        or|   0|  0|   2|           1|           1|
    |select_ln34_fu_5544_p3            |    select|   0|  0|   5|           1|           1|
    |ap_enable_pp0                     |       xor|   0|  0|   2|           1|           2|
    +----------------------------------+----------+----+---+----+------------+------------+
    |Total                             |          |   0|  0|  43|          33|          24|
    +----------------------------------+----------+----+---+----+------------+------------+

    * Multiplexer: 
    +----------------------------------------+----+-----------+-----+-----------+
    |                  Name                  | LUT| Input Size| Bits| Total Bits|
    +----------------------------------------+----+-----------+-----+-----------+
    |B_streams_1_0_blk_n                     |   2|          2|    1|          2|
    |B_streams_1_10_blk_n                    |   2|          2|    1|          2|
    |B_streams_1_11_blk_n                    |   2|          2|    1|          2|
    |B_streams_1_12_blk_n                    |   2|          2|    1|          2|
    |B_streams_1_13_blk_n                    |   2|          2|    1|          2|
    |B_streams_1_14_blk_n                    |   2|          2|    1|          2|
    |B_streams_1_15_blk_n                    |   2|          2|    1|          2|
    |B_streams_1_16_blk_n                    |   2|          2|    1|          2|
    |B_streams_1_17_blk_n                    |   2|          2|    1|          2|
    |B_streams_1_18_blk_n                    |   2|          2|    1|          2|
    |B_streams_1_19_blk_n                    |   2|          2|    1|          2|
    |B_streams_1_1_blk_n                     |   2|          2|    1|          2|
    |B_streams_1_20_blk_n                    |   2|          2|    1|          2|
    |B_streams_1_21_blk_n                    |   2|          2|    1|          2|
    |B_streams_1_22_blk_n                    |   2|          2|    1|          2|
    |B_streams_1_23_blk_n                    |   2|          2|    1|          2|
    |B_streams_1_24_blk_n                    |   2|          2|    1|          2|
    |B_streams_1_25_blk_n                    |   2|          2|    1|          2|
    |B_streams_1_26_blk_n                    |   2|          2|    1|          2|
    |B_streams_1_27_blk_n                    |   2|          2|    1|          2|
    |B_streams_1_28_blk_n                    |   2|          2|    1|          2|
    |B_streams_1_29_blk_n                    |   2|          2|    1|          2|
    |B_streams_1_2_blk_n                     |   2|          2|    1|          2|
    |B_streams_1_30_blk_n                    |   2|          2|    1|          2|
    |B_streams_1_31_blk_n                    |   2|          2|    1|          2|
    |B_streams_1_3_blk_n                     |   2|          2|    1|          2|
    |B_streams_1_4_blk_n                     |   2|          2|    1|          2|
    |B_streams_1_5_blk_n                     |   2|          2|    1|          2|
    |B_streams_1_6_blk_n                     |   2|          2|    1|          2|
    |B_streams_1_7_blk_n                     |   2|          2|    1|          2|
    |B_streams_1_8_blk_n                     |   2|          2|    1|          2|
    |B_streams_1_9_blk_n                     |   2|          2|    1|          2|
    |ap_done_int                             |   2|          2|    1|          2|
    |ap_enable_reg_pp0_iter1                 |   2|          2|    1|          2|
    |ap_sig_allocacmp_indvar_flatten_i_load  |   8|          2|    9|         18|
    |ap_sig_allocacmp_k_load                 |   5|          2|    5|         10|
    |indvar_flatten_i_fu_1166                |   8|          2|    9|         18|
    |k_fu_1162                               |   5|          2|    5|         10|
    +----------------------------------------+----+-----------+-----+-----------+
    |Total                                   |  94|         76|   62|        124|
    +----------------------------------------+----+-----------+-----+-----------+

    * Register: 
    +--------------------------+----+----+-----+-----------+
    |           Name           | FF | LUT| Bits| Const Bits|
    +--------------------------+----+----+-----+-----------+
    |ap_CS_fsm                 |   1|   0|    1|          0|
    |ap_done_reg               |   1|   0|    1|          0|
    |ap_enable_reg_pp0_iter1   |   1|   0|    1|          0|
    |indvar_flatten_i_fu_1166  |   9|   0|    9|          0|
    |k_fu_1162                 |   5|   0|    5|          0|
    |tmp_10_i_reg_8075         |  32|   0|   32|          0|
    |tmp_11_i_reg_8081         |  32|   0|   32|          0|
    |tmp_12_i_reg_8087         |  32|   0|   32|          0|
    |tmp_13_i_reg_8093         |  32|   0|   32|          0|
    |tmp_14_i_reg_8099         |  32|   0|   32|          0|
    |tmp_15_i_reg_8105         |  32|   0|   32|          0|
    |tmp_16_i_reg_8111         |  32|   0|   32|          0|
    |tmp_17_i_reg_8117         |  32|   0|   32|          0|
    |tmp_18_i_reg_8123         |  32|   0|   32|          0|
    |tmp_19_i_reg_8129         |  32|   0|   32|          0|
    |tmp_1_i_reg_8021          |  32|   0|   32|          0|
    |tmp_20_i_reg_8135         |  32|   0|   32|          0|
    |tmp_21_i_reg_8141         |  32|   0|   32|          0|
    |tmp_22_i_reg_8147         |  32|   0|   32|          0|
    |tmp_23_i_reg_8153         |  32|   0|   32|          0|
    |tmp_24_i_reg_8159         |  32|   0|   32|          0|
    |tmp_25_i_reg_8165         |  32|   0|   32|          0|
    |tmp_26_i_reg_8171         |  32|   0|   32|          0|
    |tmp_27_i_reg_8177         |  32|   0|   32|          0|
    |tmp_28_i_reg_8183         |  32|   0|   32|          0|
    |tmp_29_i_reg_8189         |  32|   0|   32|          0|
    |tmp_2_i_reg_8027          |  32|   0|   32|          0|
    |tmp_30_i_reg_8195         |  32|   0|   32|          0|
    |tmp_3_i_reg_8033          |  32|   0|   32|          0|
    |tmp_4_i_reg_8039          |  32|   0|   32|          0|
    |tmp_5_i_reg_8045          |  32|   0|   32|          0|
    |tmp_6_i_reg_8051          |  32|   0|   32|          0|
    |tmp_7_i_reg_8057          |  32|   0|   32|          0|
    |tmp_8_i_reg_8063          |  32|   0|   32|          0|
    |tmp_9_i_reg_8069          |  32|   0|   32|          0|
    |tmp_i_36_reg_8015         |  32|   0|   32|          0|
    |tmp_i_reg_8009            |  32|   0|   32|          0|
    +--------------------------+----+----+-----+-----------+
    |Total                     |1041|   0| 1041|          0|
    +--------------------------+----+----+-----+-----------+



================================================================
== Interface
================================================================
* Summary: 
+-------------------------------+-----+-----+------------+-------------------+--------------+
|           RTL Ports           | Dir | Bits|  Protocol  |   Source Object   |    C Type    |
+-------------------------------+-----+-----+------------+-------------------+--------------+
|ap_clk                         |   in|    1|  ap_ctrl_hs|  loader_B_tile.211|  return value|
|ap_rst                         |   in|    1|  ap_ctrl_hs|  loader_B_tile.211|  return value|
|ap_start                       |   in|    1|  ap_ctrl_hs|  loader_B_tile.211|  return value|
|ap_done                        |  out|    1|  ap_ctrl_hs|  loader_B_tile.211|  return value|
|ap_continue                    |   in|    1|  ap_ctrl_hs|  loader_B_tile.211|  return value|
|ap_idle                        |  out|    1|  ap_ctrl_hs|  loader_B_tile.211|  return value|
|ap_ready                       |  out|    1|  ap_ctrl_hs|  loader_B_tile.211|  return value|
|B_streams_1_0_din              |  out|   32|     ap_fifo|      B_streams_1_0|       pointer|
|B_streams_1_0_num_data_valid   |   in|    3|     ap_fifo|      B_streams_1_0|       pointer|
|B_streams_1_0_fifo_cap         |   in|    3|     ap_fifo|      B_streams_1_0|       pointer|
|B_streams_1_0_full_n           |   in|    1|     ap_fifo|      B_streams_1_0|       pointer|
|B_streams_1_0_write            |  out|    1|     ap_fifo|      B_streams_1_0|       pointer|
|B_streams_1_1_din              |  out|   32|     ap_fifo|      B_streams_1_1|       pointer|
|B_streams_1_1_num_data_valid   |   in|    3|     ap_fifo|      B_streams_1_1|       pointer|
|B_streams_1_1_fifo_cap         |   in|    3|     ap_fifo|      B_streams_1_1|       pointer|
|B_streams_1_1_full_n           |   in|    1|     ap_fifo|      B_streams_1_1|       pointer|
|B_streams_1_1_write            |  out|    1|     ap_fifo|      B_streams_1_1|       pointer|
|B_streams_1_2_din              |  out|   32|     ap_fifo|      B_streams_1_2|       pointer|
|B_streams_1_2_num_data_valid   |   in|    3|     ap_fifo|      B_streams_1_2|       pointer|
|B_streams_1_2_fifo_cap         |   in|    3|     ap_fifo|      B_streams_1_2|       pointer|
|B_streams_1_2_full_n           |   in|    1|     ap_fifo|      B_streams_1_2|       pointer|
|B_streams_1_2_write            |  out|    1|     ap_fifo|      B_streams_1_2|       pointer|
|B_streams_1_3_din              |  out|   32|     ap_fifo|      B_streams_1_3|       pointer|
|B_streams_1_3_num_data_valid   |   in|    3|     ap_fifo|      B_streams_1_3|       pointer|
|B_streams_1_3_fifo_cap         |   in|    3|     ap_fifo|      B_streams_1_3|       pointer|
|B_streams_1_3_full_n           |   in|    1|     ap_fifo|      B_streams_1_3|       pointer|
|B_streams_1_3_write            |  out|    1|     ap_fifo|      B_streams_1_3|       pointer|
|B_streams_1_4_din              |  out|   32|     ap_fifo|      B_streams_1_4|       pointer|
|B_streams_1_4_num_data_valid   |   in|    3|     ap_fifo|      B_streams_1_4|       pointer|
|B_streams_1_4_fifo_cap         |   in|    3|     ap_fifo|      B_streams_1_4|       pointer|
|B_streams_1_4_full_n           |   in|    1|     ap_fifo|      B_streams_1_4|       pointer|
|B_streams_1_4_write            |  out|    1|     ap_fifo|      B_streams_1_4|       pointer|
|B_streams_1_5_din              |  out|   32|     ap_fifo|      B_streams_1_5|       pointer|
|B_streams_1_5_num_data_valid   |   in|    3|     ap_fifo|      B_streams_1_5|       pointer|
|B_streams_1_5_fifo_cap         |   in|    3|     ap_fifo|      B_streams_1_5|       pointer|
|B_streams_1_5_full_n           |   in|    1|     ap_fifo|      B_streams_1_5|       pointer|
|B_streams_1_5_write            |  out|    1|     ap_fifo|      B_streams_1_5|       pointer|
|B_streams_1_6_din              |  out|   32|     ap_fifo|      B_streams_1_6|       pointer|
|B_streams_1_6_num_data_valid   |   in|    3|     ap_fifo|      B_streams_1_6|       pointer|
|B_streams_1_6_fifo_cap         |   in|    3|     ap_fifo|      B_streams_1_6|       pointer|
|B_streams_1_6_full_n           |   in|    1|     ap_fifo|      B_streams_1_6|       pointer|
|B_streams_1_6_write            |  out|    1|     ap_fifo|      B_streams_1_6|       pointer|
|B_streams_1_7_din              |  out|   32|     ap_fifo|      B_streams_1_7|       pointer|
|B_streams_1_7_num_data_valid   |   in|    3|     ap_fifo|      B_streams_1_7|       pointer|
|B_streams_1_7_fifo_cap         |   in|    3|     ap_fifo|      B_streams_1_7|       pointer|
|B_streams_1_7_full_n           |   in|    1|     ap_fifo|      B_streams_1_7|       pointer|
|B_streams_1_7_write            |  out|    1|     ap_fifo|      B_streams_1_7|       pointer|
|B_streams_1_8_din              |  out|   32|     ap_fifo|      B_streams_1_8|       pointer|
|B_streams_1_8_num_data_valid   |   in|    3|     ap_fifo|      B_streams_1_8|       pointer|
|B_streams_1_8_fifo_cap         |   in|    3|     ap_fifo|      B_streams_1_8|       pointer|
|B_streams_1_8_full_n           |   in|    1|     ap_fifo|      B_streams_1_8|       pointer|
|B_streams_1_8_write            |  out|    1|     ap_fifo|      B_streams_1_8|       pointer|
|B_streams_1_9_din              |  out|   32|     ap_fifo|      B_streams_1_9|       pointer|
|B_streams_1_9_num_data_valid   |   in|    3|     ap_fifo|      B_streams_1_9|       pointer|
|B_streams_1_9_fifo_cap         |   in|    3|     ap_fifo|      B_streams_1_9|       pointer|
|B_streams_1_9_full_n           |   in|    1|     ap_fifo|      B_streams_1_9|       pointer|
|B_streams_1_9_write            |  out|    1|     ap_fifo|      B_streams_1_9|       pointer|
|B_streams_1_10_din             |  out|   32|     ap_fifo|     B_streams_1_10|       pointer|
|B_streams_1_10_num_data_valid  |   in|    3|     ap_fifo|     B_streams_1_10|       pointer|
|B_streams_1_10_fifo_cap        |   in|    3|     ap_fifo|     B_streams_1_10|       pointer|
|B_streams_1_10_full_n          |   in|    1|     ap_fifo|     B_streams_1_10|       pointer|
|B_streams_1_10_write           |  out|    1|     ap_fifo|     B_streams_1_10|       pointer|
|B_streams_1_11_din             |  out|   32|     ap_fifo|     B_streams_1_11|       pointer|
|B_streams_1_11_num_data_valid  |   in|    3|     ap_fifo|     B_streams_1_11|       pointer|
|B_streams_1_11_fifo_cap        |   in|    3|     ap_fifo|     B_streams_1_11|       pointer|
|B_streams_1_11_full_n          |   in|    1|     ap_fifo|     B_streams_1_11|       pointer|
|B_streams_1_11_write           |  out|    1|     ap_fifo|     B_streams_1_11|       pointer|
|B_streams_1_12_din             |  out|   32|     ap_fifo|     B_streams_1_12|       pointer|
|B_streams_1_12_num_data_valid  |   in|    3|     ap_fifo|     B_streams_1_12|       pointer|
|B_streams_1_12_fifo_cap        |   in|    3|     ap_fifo|     B_streams_1_12|       pointer|
|B_streams_1_12_full_n          |   in|    1|     ap_fifo|     B_streams_1_12|       pointer|
|B_streams_1_12_write           |  out|    1|     ap_fifo|     B_streams_1_12|       pointer|
|B_streams_1_13_din             |  out|   32|     ap_fifo|     B_streams_1_13|       pointer|
|B_streams_1_13_num_data_valid  |   in|    3|     ap_fifo|     B_streams_1_13|       pointer|
|B_streams_1_13_fifo_cap        |   in|    3|     ap_fifo|     B_streams_1_13|       pointer|
|B_streams_1_13_full_n          |   in|    1|     ap_fifo|     B_streams_1_13|       pointer|
|B_streams_1_13_write           |  out|    1|     ap_fifo|     B_streams_1_13|       pointer|
|B_streams_1_14_din             |  out|   32|     ap_fifo|     B_streams_1_14|       pointer|
|B_streams_1_14_num_data_valid  |   in|    3|     ap_fifo|     B_streams_1_14|       pointer|
|B_streams_1_14_fifo_cap        |   in|    3|     ap_fifo|     B_streams_1_14|       pointer|
|B_streams_1_14_full_n          |   in|    1|     ap_fifo|     B_streams_1_14|       pointer|
|B_streams_1_14_write           |  out|    1|     ap_fifo|     B_streams_1_14|       pointer|
|B_streams_1_15_din             |  out|   32|     ap_fifo|     B_streams_1_15|       pointer|
|B_streams_1_15_num_data_valid  |   in|    3|     ap_fifo|     B_streams_1_15|       pointer|
|B_streams_1_15_fifo_cap        |   in|    3|     ap_fifo|     B_streams_1_15|       pointer|
|B_streams_1_15_full_n          |   in|    1|     ap_fifo|     B_streams_1_15|       pointer|
|B_streams_1_15_write           |  out|    1|     ap_fifo|     B_streams_1_15|       pointer|
|B_streams_1_16_din             |  out|   32|     ap_fifo|     B_streams_1_16|       pointer|
|B_streams_1_16_num_data_valid  |   in|    3|     ap_fifo|     B_streams_1_16|       pointer|
|B_streams_1_16_fifo_cap        |   in|    3|     ap_fifo|     B_streams_1_16|       pointer|
|B_streams_1_16_full_n          |   in|    1|     ap_fifo|     B_streams_1_16|       pointer|
|B_streams_1_16_write           |  out|    1|     ap_fifo|     B_streams_1_16|       pointer|
|B_streams_1_17_din             |  out|   32|     ap_fifo|     B_streams_1_17|       pointer|
|B_streams_1_17_num_data_valid  |   in|    3|     ap_fifo|     B_streams_1_17|       pointer|
|B_streams_1_17_fifo_cap        |   in|    3|     ap_fifo|     B_streams_1_17|       pointer|
|B_streams_1_17_full_n          |   in|    1|     ap_fifo|     B_streams_1_17|       pointer|
|B_streams_1_17_write           |  out|    1|     ap_fifo|     B_streams_1_17|       pointer|
|B_streams_1_18_din             |  out|   32|     ap_fifo|     B_streams_1_18|       pointer|
|B_streams_1_18_num_data_valid  |   in|    3|     ap_fifo|     B_streams_1_18|       pointer|
|B_streams_1_18_fifo_cap        |   in|    3|     ap_fifo|     B_streams_1_18|       pointer|
|B_streams_1_18_full_n          |   in|    1|     ap_fifo|     B_streams_1_18|       pointer|
|B_streams_1_18_write           |  out|    1|     ap_fifo|     B_streams_1_18|       pointer|
|B_streams_1_19_din             |  out|   32|     ap_fifo|     B_streams_1_19|       pointer|
|B_streams_1_19_num_data_valid  |   in|    3|     ap_fifo|     B_streams_1_19|       pointer|
|B_streams_1_19_fifo_cap        |   in|    3|     ap_fifo|     B_streams_1_19|       pointer|
|B_streams_1_19_full_n          |   in|    1|     ap_fifo|     B_streams_1_19|       pointer|
|B_streams_1_19_write           |  out|    1|     ap_fifo|     B_streams_1_19|       pointer|
|B_streams_1_20_din             |  out|   32|     ap_fifo|     B_streams_1_20|       pointer|
|B_streams_1_20_num_data_valid  |   in|    3|     ap_fifo|     B_streams_1_20|       pointer|
|B_streams_1_20_fifo_cap        |   in|    3|     ap_fifo|     B_streams_1_20|       pointer|
|B_streams_1_20_full_n          |   in|    1|     ap_fifo|     B_streams_1_20|       pointer|
|B_streams_1_20_write           |  out|    1|     ap_fifo|     B_streams_1_20|       pointer|
|B_streams_1_21_din             |  out|   32|     ap_fifo|     B_streams_1_21|       pointer|
|B_streams_1_21_num_data_valid  |   in|    3|     ap_fifo|     B_streams_1_21|       pointer|
|B_streams_1_21_fifo_cap        |   in|    3|     ap_fifo|     B_streams_1_21|       pointer|
|B_streams_1_21_full_n          |   in|    1|     ap_fifo|     B_streams_1_21|       pointer|
|B_streams_1_21_write           |  out|    1|     ap_fifo|     B_streams_1_21|       pointer|
|B_streams_1_22_din             |  out|   32|     ap_fifo|     B_streams_1_22|       pointer|
|B_streams_1_22_num_data_valid  |   in|    3|     ap_fifo|     B_streams_1_22|       pointer|
|B_streams_1_22_fifo_cap        |   in|    3|     ap_fifo|     B_streams_1_22|       pointer|
|B_streams_1_22_full_n          |   in|    1|     ap_fifo|     B_streams_1_22|       pointer|
|B_streams_1_22_write           |  out|    1|     ap_fifo|     B_streams_1_22|       pointer|
|B_streams_1_23_din             |  out|   32|     ap_fifo|     B_streams_1_23|       pointer|
|B_streams_1_23_num_data_valid  |   in|    3|     ap_fifo|     B_streams_1_23|       pointer|
|B_streams_1_23_fifo_cap        |   in|    3|     ap_fifo|     B_streams_1_23|       pointer|
|B_streams_1_23_full_n          |   in|    1|     ap_fifo|     B_streams_1_23|       pointer|
|B_streams_1_23_write           |  out|    1|     ap_fifo|     B_streams_1_23|       pointer|
|B_streams_1_24_din             |  out|   32|     ap_fifo|     B_streams_1_24|       pointer|
|B_streams_1_24_num_data_valid  |   in|    3|     ap_fifo|     B_streams_1_24|       pointer|
|B_streams_1_24_fifo_cap        |   in|    3|     ap_fifo|     B_streams_1_24|       pointer|
|B_streams_1_24_full_n          |   in|    1|     ap_fifo|     B_streams_1_24|       pointer|
|B_streams_1_24_write           |  out|    1|     ap_fifo|     B_streams_1_24|       pointer|
|B_streams_1_25_din             |  out|   32|     ap_fifo|     B_streams_1_25|       pointer|
|B_streams_1_25_num_data_valid  |   in|    3|     ap_fifo|     B_streams_1_25|       pointer|
|B_streams_1_25_fifo_cap        |   in|    3|     ap_fifo|     B_streams_1_25|       pointer|
|B_streams_1_25_full_n          |   in|    1|     ap_fifo|     B_streams_1_25|       pointer|
|B_streams_1_25_write           |  out|    1|     ap_fifo|     B_streams_1_25|       pointer|
|B_streams_1_26_din             |  out|   32|     ap_fifo|     B_streams_1_26|       pointer|
|B_streams_1_26_num_data_valid  |   in|    3|     ap_fifo|     B_streams_1_26|       pointer|
|B_streams_1_26_fifo_cap        |   in|    3|     ap_fifo|     B_streams_1_26|       pointer|
|B_streams_1_26_full_n          |   in|    1|     ap_fifo|     B_streams_1_26|       pointer|
|B_streams_1_26_write           |  out|    1|     ap_fifo|     B_streams_1_26|       pointer|
|B_streams_1_27_din             |  out|   32|     ap_fifo|     B_streams_1_27|       pointer|
|B_streams_1_27_num_data_valid  |   in|    3|     ap_fifo|     B_streams_1_27|       pointer|
|B_streams_1_27_fifo_cap        |   in|    3|     ap_fifo|     B_streams_1_27|       pointer|
|B_streams_1_27_full_n          |   in|    1|     ap_fifo|     B_streams_1_27|       pointer|
|B_streams_1_27_write           |  out|    1|     ap_fifo|     B_streams_1_27|       pointer|
|B_streams_1_28_din             |  out|   32|     ap_fifo|     B_streams_1_28|       pointer|
|B_streams_1_28_num_data_valid  |   in|    3|     ap_fifo|     B_streams_1_28|       pointer|
|B_streams_1_28_fifo_cap        |   in|    3|     ap_fifo|     B_streams_1_28|       pointer|
|B_streams_1_28_full_n          |   in|    1|     ap_fifo|     B_streams_1_28|       pointer|
|B_streams_1_28_write           |  out|    1|     ap_fifo|     B_streams_1_28|       pointer|
|B_streams_1_29_din             |  out|   32|     ap_fifo|     B_streams_1_29|       pointer|
|B_streams_1_29_num_data_valid  |   in|    3|     ap_fifo|     B_streams_1_29|       pointer|
|B_streams_1_29_fifo_cap        |   in|    3|     ap_fifo|     B_streams_1_29|       pointer|
|B_streams_1_29_full_n          |   in|    1|     ap_fifo|     B_streams_1_29|       pointer|
|B_streams_1_29_write           |  out|    1|     ap_fifo|     B_streams_1_29|       pointer|
|B_streams_1_30_din             |  out|   32|     ap_fifo|     B_streams_1_30|       pointer|
|B_streams_1_30_num_data_valid  |   in|    3|     ap_fifo|     B_streams_1_30|       pointer|
|B_streams_1_30_fifo_cap        |   in|    3|     ap_fifo|     B_streams_1_30|       pointer|
|B_streams_1_30_full_n          |   in|    1|     ap_fifo|     B_streams_1_30|       pointer|
|B_streams_1_30_write           |  out|    1|     ap_fifo|     B_streams_1_30|       pointer|
|B_streams_1_31_din             |  out|   32|     ap_fifo|     B_streams_1_31|       pointer|
|B_streams_1_31_num_data_valid  |   in|    3|     ap_fifo|     B_streams_1_31|       pointer|
|B_streams_1_31_fifo_cap        |   in|    3|     ap_fifo|     B_streams_1_31|       pointer|
|B_streams_1_31_full_n          |   in|    1|     ap_fifo|     B_streams_1_31|       pointer|
|B_streams_1_31_write           |  out|    1|     ap_fifo|     B_streams_1_31|       pointer|
|B_TILES_1_0_0                  |   in|   32|     ap_none|      B_TILES_1_0_0|       pointer|
|B_TILES_1_0_1                  |   in|   32|     ap_none|      B_TILES_1_0_1|       pointer|
|B_TILES_1_0_2                  |   in|   32|     ap_none|      B_TILES_1_0_2|       pointer|
|B_TILES_1_0_3                  |   in|   32|     ap_none|      B_TILES_1_0_3|       pointer|
|B_TILES_1_0_4                  |   in|   32|     ap_none|      B_TILES_1_0_4|       pointer|
|B_TILES_1_0_5                  |   in|   32|     ap_none|      B_TILES_1_0_5|       pointer|
|B_TILES_1_0_6                  |   in|   32|     ap_none|      B_TILES_1_0_6|       pointer|
|B_TILES_1_0_7                  |   in|   32|     ap_none|      B_TILES_1_0_7|       pointer|
|B_TILES_1_0_8                  |   in|   32|     ap_none|      B_TILES_1_0_8|       pointer|
|B_TILES_1_0_9                  |   in|   32|     ap_none|      B_TILES_1_0_9|       pointer|
|B_TILES_1_0_10                 |   in|   32|     ap_none|     B_TILES_1_0_10|       pointer|
|B_TILES_1_0_11                 |   in|   32|     ap_none|     B_TILES_1_0_11|       pointer|
|B_TILES_1_0_12                 |   in|   32|     ap_none|     B_TILES_1_0_12|       pointer|
|B_TILES_1_0_13                 |   in|   32|     ap_none|     B_TILES_1_0_13|       pointer|
|B_TILES_1_0_14                 |   in|   32|     ap_none|     B_TILES_1_0_14|       pointer|
|B_TILES_1_0_15                 |   in|   32|     ap_none|     B_TILES_1_0_15|       pointer|
|B_TILES_1_0_16                 |   in|   32|     ap_none|     B_TILES_1_0_16|       pointer|
|B_TILES_1_0_17                 |   in|   32|     ap_none|     B_TILES_1_0_17|       pointer|
|B_TILES_1_0_18                 |   in|   32|     ap_none|     B_TILES_1_0_18|       pointer|
|B_TILES_1_0_19                 |   in|   32|     ap_none|     B_TILES_1_0_19|       pointer|
|B_TILES_1_0_20                 |   in|   32|     ap_none|     B_TILES_1_0_20|       pointer|
|B_TILES_1_0_21                 |   in|   32|     ap_none|     B_TILES_1_0_21|       pointer|
|B_TILES_1_0_22                 |   in|   32|     ap_none|     B_TILES_1_0_22|       pointer|
|B_TILES_1_0_23                 |   in|   32|     ap_none|     B_TILES_1_0_23|       pointer|
|B_TILES_1_0_24                 |   in|   32|     ap_none|     B_TILES_1_0_24|       pointer|
|B_TILES_1_0_25                 |   in|   32|     ap_none|     B_TILES_1_0_25|       pointer|
|B_TILES_1_0_26                 |   in|   32|     ap_none|     B_TILES_1_0_26|       pointer|
|B_TILES_1_0_27                 |   in|   32|     ap_none|     B_TILES_1_0_27|       pointer|
|B_TILES_1_0_28                 |   in|   32|     ap_none|     B_TILES_1_0_28|       pointer|
|B_TILES_1_0_29                 |   in|   32|     ap_none|     B_TILES_1_0_29|       pointer|
|B_TILES_1_0_30                 |   in|   32|     ap_none|     B_TILES_1_0_30|       pointer|
|B_TILES_1_0_31                 |   in|   32|     ap_none|     B_TILES_1_0_31|       pointer|
|B_TILES_1_1_0                  |   in|   32|     ap_none|      B_TILES_1_1_0|       pointer|
|B_TILES_1_1_1                  |   in|   32|     ap_none|      B_TILES_1_1_1|       pointer|
|B_TILES_1_1_2                  |   in|   32|     ap_none|      B_TILES_1_1_2|       pointer|
|B_TILES_1_1_3                  |   in|   32|     ap_none|      B_TILES_1_1_3|       pointer|
|B_TILES_1_1_4                  |   in|   32|     ap_none|      B_TILES_1_1_4|       pointer|
|B_TILES_1_1_5                  |   in|   32|     ap_none|      B_TILES_1_1_5|       pointer|
|B_TILES_1_1_6                  |   in|   32|     ap_none|      B_TILES_1_1_6|       pointer|
|B_TILES_1_1_7                  |   in|   32|     ap_none|      B_TILES_1_1_7|       pointer|
|B_TILES_1_1_8                  |   in|   32|     ap_none|      B_TILES_1_1_8|       pointer|
|B_TILES_1_1_9                  |   in|   32|     ap_none|      B_TILES_1_1_9|       pointer|
|B_TILES_1_1_10                 |   in|   32|     ap_none|     B_TILES_1_1_10|       pointer|
|B_TILES_1_1_11                 |   in|   32|     ap_none|     B_TILES_1_1_11|       pointer|
|B_TILES_1_1_12                 |   in|   32|     ap_none|     B_TILES_1_1_12|       pointer|
|B_TILES_1_1_13                 |   in|   32|     ap_none|     B_TILES_1_1_13|       pointer|
|B_TILES_1_1_14                 |   in|   32|     ap_none|     B_TILES_1_1_14|       pointer|
|B_TILES_1_1_15                 |   in|   32|     ap_none|     B_TILES_1_1_15|       pointer|
|B_TILES_1_1_16                 |   in|   32|     ap_none|     B_TILES_1_1_16|       pointer|
|B_TILES_1_1_17                 |   in|   32|     ap_none|     B_TILES_1_1_17|       pointer|
|B_TILES_1_1_18                 |   in|   32|     ap_none|     B_TILES_1_1_18|       pointer|
|B_TILES_1_1_19                 |   in|   32|     ap_none|     B_TILES_1_1_19|       pointer|
|B_TILES_1_1_20                 |   in|   32|     ap_none|     B_TILES_1_1_20|       pointer|
|B_TILES_1_1_21                 |   in|   32|     ap_none|     B_TILES_1_1_21|       pointer|
|B_TILES_1_1_22                 |   in|   32|     ap_none|     B_TILES_1_1_22|       pointer|
|B_TILES_1_1_23                 |   in|   32|     ap_none|     B_TILES_1_1_23|       pointer|
|B_TILES_1_1_24                 |   in|   32|     ap_none|     B_TILES_1_1_24|       pointer|
|B_TILES_1_1_25                 |   in|   32|     ap_none|     B_TILES_1_1_25|       pointer|
|B_TILES_1_1_26                 |   in|   32|     ap_none|     B_TILES_1_1_26|       pointer|
|B_TILES_1_1_27                 |   in|   32|     ap_none|     B_TILES_1_1_27|       pointer|
|B_TILES_1_1_28                 |   in|   32|     ap_none|     B_TILES_1_1_28|       pointer|
|B_TILES_1_1_29                 |   in|   32|     ap_none|     B_TILES_1_1_29|       pointer|
|B_TILES_1_1_30                 |   in|   32|     ap_none|     B_TILES_1_1_30|       pointer|
|B_TILES_1_1_31                 |   in|   32|     ap_none|     B_TILES_1_1_31|       pointer|
|B_TILES_1_2_0                  |   in|   32|     ap_none|      B_TILES_1_2_0|       pointer|
|B_TILES_1_2_1                  |   in|   32|     ap_none|      B_TILES_1_2_1|       pointer|
|B_TILES_1_2_2                  |   in|   32|     ap_none|      B_TILES_1_2_2|       pointer|
|B_TILES_1_2_3                  |   in|   32|     ap_none|      B_TILES_1_2_3|       pointer|
|B_TILES_1_2_4                  |   in|   32|     ap_none|      B_TILES_1_2_4|       pointer|
|B_TILES_1_2_5                  |   in|   32|     ap_none|      B_TILES_1_2_5|       pointer|
|B_TILES_1_2_6                  |   in|   32|     ap_none|      B_TILES_1_2_6|       pointer|
|B_TILES_1_2_7                  |   in|   32|     ap_none|      B_TILES_1_2_7|       pointer|
|B_TILES_1_2_8                  |   in|   32|     ap_none|      B_TILES_1_2_8|       pointer|
|B_TILES_1_2_9                  |   in|   32|     ap_none|      B_TILES_1_2_9|       pointer|
|B_TILES_1_2_10                 |   in|   32|     ap_none|     B_TILES_1_2_10|       pointer|
|B_TILES_1_2_11                 |   in|   32|     ap_none|     B_TILES_1_2_11|       pointer|
|B_TILES_1_2_12                 |   in|   32|     ap_none|     B_TILES_1_2_12|       pointer|
|B_TILES_1_2_13                 |   in|   32|     ap_none|     B_TILES_1_2_13|       pointer|
|B_TILES_1_2_14                 |   in|   32|     ap_none|     B_TILES_1_2_14|       pointer|
|B_TILES_1_2_15                 |   in|   32|     ap_none|     B_TILES_1_2_15|       pointer|
|B_TILES_1_2_16                 |   in|   32|     ap_none|     B_TILES_1_2_16|       pointer|
|B_TILES_1_2_17                 |   in|   32|     ap_none|     B_TILES_1_2_17|       pointer|
|B_TILES_1_2_18                 |   in|   32|     ap_none|     B_TILES_1_2_18|       pointer|
|B_TILES_1_2_19                 |   in|   32|     ap_none|     B_TILES_1_2_19|       pointer|
|B_TILES_1_2_20                 |   in|   32|     ap_none|     B_TILES_1_2_20|       pointer|
|B_TILES_1_2_21                 |   in|   32|     ap_none|     B_TILES_1_2_21|       pointer|
|B_TILES_1_2_22                 |   in|   32|     ap_none|     B_TILES_1_2_22|       pointer|
|B_TILES_1_2_23                 |   in|   32|     ap_none|     B_TILES_1_2_23|       pointer|
|B_TILES_1_2_24                 |   in|   32|     ap_none|     B_TILES_1_2_24|       pointer|
|B_TILES_1_2_25                 |   in|   32|     ap_none|     B_TILES_1_2_25|       pointer|
|B_TILES_1_2_26                 |   in|   32|     ap_none|     B_TILES_1_2_26|       pointer|
|B_TILES_1_2_27                 |   in|   32|     ap_none|     B_TILES_1_2_27|       pointer|
|B_TILES_1_2_28                 |   in|   32|     ap_none|     B_TILES_1_2_28|       pointer|
|B_TILES_1_2_29                 |   in|   32|     ap_none|     B_TILES_1_2_29|       pointer|
|B_TILES_1_2_30                 |   in|   32|     ap_none|     B_TILES_1_2_30|       pointer|
|B_TILES_1_2_31                 |   in|   32|     ap_none|     B_TILES_1_2_31|       pointer|
|B_TILES_1_3_0                  |   in|   32|     ap_none|      B_TILES_1_3_0|       pointer|
|B_TILES_1_3_1                  |   in|   32|     ap_none|      B_TILES_1_3_1|       pointer|
|B_TILES_1_3_2                  |   in|   32|     ap_none|      B_TILES_1_3_2|       pointer|
|B_TILES_1_3_3                  |   in|   32|     ap_none|      B_TILES_1_3_3|       pointer|
|B_TILES_1_3_4                  |   in|   32|     ap_none|      B_TILES_1_3_4|       pointer|
|B_TILES_1_3_5                  |   in|   32|     ap_none|      B_TILES_1_3_5|       pointer|
|B_TILES_1_3_6                  |   in|   32|     ap_none|      B_TILES_1_3_6|       pointer|
|B_TILES_1_3_7                  |   in|   32|     ap_none|      B_TILES_1_3_7|       pointer|
|B_TILES_1_3_8                  |   in|   32|     ap_none|      B_TILES_1_3_8|       pointer|
|B_TILES_1_3_9                  |   in|   32|     ap_none|      B_TILES_1_3_9|       pointer|
|B_TILES_1_3_10                 |   in|   32|     ap_none|     B_TILES_1_3_10|       pointer|
|B_TILES_1_3_11                 |   in|   32|     ap_none|     B_TILES_1_3_11|       pointer|
|B_TILES_1_3_12                 |   in|   32|     ap_none|     B_TILES_1_3_12|       pointer|
|B_TILES_1_3_13                 |   in|   32|     ap_none|     B_TILES_1_3_13|       pointer|
|B_TILES_1_3_14                 |   in|   32|     ap_none|     B_TILES_1_3_14|       pointer|
|B_TILES_1_3_15                 |   in|   32|     ap_none|     B_TILES_1_3_15|       pointer|
|B_TILES_1_3_16                 |   in|   32|     ap_none|     B_TILES_1_3_16|       pointer|
|B_TILES_1_3_17                 |   in|   32|     ap_none|     B_TILES_1_3_17|       pointer|
|B_TILES_1_3_18                 |   in|   32|     ap_none|     B_TILES_1_3_18|       pointer|
|B_TILES_1_3_19                 |   in|   32|     ap_none|     B_TILES_1_3_19|       pointer|
|B_TILES_1_3_20                 |   in|   32|     ap_none|     B_TILES_1_3_20|       pointer|
|B_TILES_1_3_21                 |   in|   32|     ap_none|     B_TILES_1_3_21|       pointer|
|B_TILES_1_3_22                 |   in|   32|     ap_none|     B_TILES_1_3_22|       pointer|
|B_TILES_1_3_23                 |   in|   32|     ap_none|     B_TILES_1_3_23|       pointer|
|B_TILES_1_3_24                 |   in|   32|     ap_none|     B_TILES_1_3_24|       pointer|
|B_TILES_1_3_25                 |   in|   32|     ap_none|     B_TILES_1_3_25|       pointer|
|B_TILES_1_3_26                 |   in|   32|     ap_none|     B_TILES_1_3_26|       pointer|
|B_TILES_1_3_27                 |   in|   32|     ap_none|     B_TILES_1_3_27|       pointer|
|B_TILES_1_3_28                 |   in|   32|     ap_none|     B_TILES_1_3_28|       pointer|
|B_TILES_1_3_29                 |   in|   32|     ap_none|     B_TILES_1_3_29|       pointer|
|B_TILES_1_3_30                 |   in|   32|     ap_none|     B_TILES_1_3_30|       pointer|
|B_TILES_1_3_31                 |   in|   32|     ap_none|     B_TILES_1_3_31|       pointer|
|B_TILES_1_4_0                  |   in|   32|     ap_none|      B_TILES_1_4_0|       pointer|
|B_TILES_1_4_1                  |   in|   32|     ap_none|      B_TILES_1_4_1|       pointer|
|B_TILES_1_4_2                  |   in|   32|     ap_none|      B_TILES_1_4_2|       pointer|
|B_TILES_1_4_3                  |   in|   32|     ap_none|      B_TILES_1_4_3|       pointer|
|B_TILES_1_4_4                  |   in|   32|     ap_none|      B_TILES_1_4_4|       pointer|
|B_TILES_1_4_5                  |   in|   32|     ap_none|      B_TILES_1_4_5|       pointer|
|B_TILES_1_4_6                  |   in|   32|     ap_none|      B_TILES_1_4_6|       pointer|
|B_TILES_1_4_7                  |   in|   32|     ap_none|      B_TILES_1_4_7|       pointer|
|B_TILES_1_4_8                  |   in|   32|     ap_none|      B_TILES_1_4_8|       pointer|
|B_TILES_1_4_9                  |   in|   32|     ap_none|      B_TILES_1_4_9|       pointer|
|B_TILES_1_4_10                 |   in|   32|     ap_none|     B_TILES_1_4_10|       pointer|
|B_TILES_1_4_11                 |   in|   32|     ap_none|     B_TILES_1_4_11|       pointer|
|B_TILES_1_4_12                 |   in|   32|     ap_none|     B_TILES_1_4_12|       pointer|
|B_TILES_1_4_13                 |   in|   32|     ap_none|     B_TILES_1_4_13|       pointer|
|B_TILES_1_4_14                 |   in|   32|     ap_none|     B_TILES_1_4_14|       pointer|
|B_TILES_1_4_15                 |   in|   32|     ap_none|     B_TILES_1_4_15|       pointer|
|B_TILES_1_4_16                 |   in|   32|     ap_none|     B_TILES_1_4_16|       pointer|
|B_TILES_1_4_17                 |   in|   32|     ap_none|     B_TILES_1_4_17|       pointer|
|B_TILES_1_4_18                 |   in|   32|     ap_none|     B_TILES_1_4_18|       pointer|
|B_TILES_1_4_19                 |   in|   32|     ap_none|     B_TILES_1_4_19|       pointer|
|B_TILES_1_4_20                 |   in|   32|     ap_none|     B_TILES_1_4_20|       pointer|
|B_TILES_1_4_21                 |   in|   32|     ap_none|     B_TILES_1_4_21|       pointer|
|B_TILES_1_4_22                 |   in|   32|     ap_none|     B_TILES_1_4_22|       pointer|
|B_TILES_1_4_23                 |   in|   32|     ap_none|     B_TILES_1_4_23|       pointer|
|B_TILES_1_4_24                 |   in|   32|     ap_none|     B_TILES_1_4_24|       pointer|
|B_TILES_1_4_25                 |   in|   32|     ap_none|     B_TILES_1_4_25|       pointer|
|B_TILES_1_4_26                 |   in|   32|     ap_none|     B_TILES_1_4_26|       pointer|
|B_TILES_1_4_27                 |   in|   32|     ap_none|     B_TILES_1_4_27|       pointer|
|B_TILES_1_4_28                 |   in|   32|     ap_none|     B_TILES_1_4_28|       pointer|
|B_TILES_1_4_29                 |   in|   32|     ap_none|     B_TILES_1_4_29|       pointer|
|B_TILES_1_4_30                 |   in|   32|     ap_none|     B_TILES_1_4_30|       pointer|
|B_TILES_1_4_31                 |   in|   32|     ap_none|     B_TILES_1_4_31|       pointer|
|B_TILES_1_5_0                  |   in|   32|     ap_none|      B_TILES_1_5_0|       pointer|
|B_TILES_1_5_1                  |   in|   32|     ap_none|      B_TILES_1_5_1|       pointer|
|B_TILES_1_5_2                  |   in|   32|     ap_none|      B_TILES_1_5_2|       pointer|
|B_TILES_1_5_3                  |   in|   32|     ap_none|      B_TILES_1_5_3|       pointer|
|B_TILES_1_5_4                  |   in|   32|     ap_none|      B_TILES_1_5_4|       pointer|
|B_TILES_1_5_5                  |   in|   32|     ap_none|      B_TILES_1_5_5|       pointer|
|B_TILES_1_5_6                  |   in|   32|     ap_none|      B_TILES_1_5_6|       pointer|
|B_TILES_1_5_7                  |   in|   32|     ap_none|      B_TILES_1_5_7|       pointer|
|B_TILES_1_5_8                  |   in|   32|     ap_none|      B_TILES_1_5_8|       pointer|
|B_TILES_1_5_9                  |   in|   32|     ap_none|      B_TILES_1_5_9|       pointer|
|B_TILES_1_5_10                 |   in|   32|     ap_none|     B_TILES_1_5_10|       pointer|
|B_TILES_1_5_11                 |   in|   32|     ap_none|     B_TILES_1_5_11|       pointer|
|B_TILES_1_5_12                 |   in|   32|     ap_none|     B_TILES_1_5_12|       pointer|
|B_TILES_1_5_13                 |   in|   32|     ap_none|     B_TILES_1_5_13|       pointer|
|B_TILES_1_5_14                 |   in|   32|     ap_none|     B_TILES_1_5_14|       pointer|
|B_TILES_1_5_15                 |   in|   32|     ap_none|     B_TILES_1_5_15|       pointer|
|B_TILES_1_5_16                 |   in|   32|     ap_none|     B_TILES_1_5_16|       pointer|
|B_TILES_1_5_17                 |   in|   32|     ap_none|     B_TILES_1_5_17|       pointer|
|B_TILES_1_5_18                 |   in|   32|     ap_none|     B_TILES_1_5_18|       pointer|
|B_TILES_1_5_19                 |   in|   32|     ap_none|     B_TILES_1_5_19|       pointer|
|B_TILES_1_5_20                 |   in|   32|     ap_none|     B_TILES_1_5_20|       pointer|
|B_TILES_1_5_21                 |   in|   32|     ap_none|     B_TILES_1_5_21|       pointer|
|B_TILES_1_5_22                 |   in|   32|     ap_none|     B_TILES_1_5_22|       pointer|
|B_TILES_1_5_23                 |   in|   32|     ap_none|     B_TILES_1_5_23|       pointer|
|B_TILES_1_5_24                 |   in|   32|     ap_none|     B_TILES_1_5_24|       pointer|
|B_TILES_1_5_25                 |   in|   32|     ap_none|     B_TILES_1_5_25|       pointer|
|B_TILES_1_5_26                 |   in|   32|     ap_none|     B_TILES_1_5_26|       pointer|
|B_TILES_1_5_27                 |   in|   32|     ap_none|     B_TILES_1_5_27|       pointer|
|B_TILES_1_5_28                 |   in|   32|     ap_none|     B_TILES_1_5_28|       pointer|
|B_TILES_1_5_29                 |   in|   32|     ap_none|     B_TILES_1_5_29|       pointer|
|B_TILES_1_5_30                 |   in|   32|     ap_none|     B_TILES_1_5_30|       pointer|
|B_TILES_1_5_31                 |   in|   32|     ap_none|     B_TILES_1_5_31|       pointer|
|B_TILES_1_6_0                  |   in|   32|     ap_none|      B_TILES_1_6_0|       pointer|
|B_TILES_1_6_1                  |   in|   32|     ap_none|      B_TILES_1_6_1|       pointer|
|B_TILES_1_6_2                  |   in|   32|     ap_none|      B_TILES_1_6_2|       pointer|
|B_TILES_1_6_3                  |   in|   32|     ap_none|      B_TILES_1_6_3|       pointer|
|B_TILES_1_6_4                  |   in|   32|     ap_none|      B_TILES_1_6_4|       pointer|
|B_TILES_1_6_5                  |   in|   32|     ap_none|      B_TILES_1_6_5|       pointer|
|B_TILES_1_6_6                  |   in|   32|     ap_none|      B_TILES_1_6_6|       pointer|
|B_TILES_1_6_7                  |   in|   32|     ap_none|      B_TILES_1_6_7|       pointer|
|B_TILES_1_6_8                  |   in|   32|     ap_none|      B_TILES_1_6_8|       pointer|
|B_TILES_1_6_9                  |   in|   32|     ap_none|      B_TILES_1_6_9|       pointer|
|B_TILES_1_6_10                 |   in|   32|     ap_none|     B_TILES_1_6_10|       pointer|
|B_TILES_1_6_11                 |   in|   32|     ap_none|     B_TILES_1_6_11|       pointer|
|B_TILES_1_6_12                 |   in|   32|     ap_none|     B_TILES_1_6_12|       pointer|
|B_TILES_1_6_13                 |   in|   32|     ap_none|     B_TILES_1_6_13|       pointer|
|B_TILES_1_6_14                 |   in|   32|     ap_none|     B_TILES_1_6_14|       pointer|
|B_TILES_1_6_15                 |   in|   32|     ap_none|     B_TILES_1_6_15|       pointer|
|B_TILES_1_6_16                 |   in|   32|     ap_none|     B_TILES_1_6_16|       pointer|
|B_TILES_1_6_17                 |   in|   32|     ap_none|     B_TILES_1_6_17|       pointer|
|B_TILES_1_6_18                 |   in|   32|     ap_none|     B_TILES_1_6_18|       pointer|
|B_TILES_1_6_19                 |   in|   32|     ap_none|     B_TILES_1_6_19|       pointer|
|B_TILES_1_6_20                 |   in|   32|     ap_none|     B_TILES_1_6_20|       pointer|
|B_TILES_1_6_21                 |   in|   32|     ap_none|     B_TILES_1_6_21|       pointer|
|B_TILES_1_6_22                 |   in|   32|     ap_none|     B_TILES_1_6_22|       pointer|
|B_TILES_1_6_23                 |   in|   32|     ap_none|     B_TILES_1_6_23|       pointer|
|B_TILES_1_6_24                 |   in|   32|     ap_none|     B_TILES_1_6_24|       pointer|
|B_TILES_1_6_25                 |   in|   32|     ap_none|     B_TILES_1_6_25|       pointer|
|B_TILES_1_6_26                 |   in|   32|     ap_none|     B_TILES_1_6_26|       pointer|
|B_TILES_1_6_27                 |   in|   32|     ap_none|     B_TILES_1_6_27|       pointer|
|B_TILES_1_6_28                 |   in|   32|     ap_none|     B_TILES_1_6_28|       pointer|
|B_TILES_1_6_29                 |   in|   32|     ap_none|     B_TILES_1_6_29|       pointer|
|B_TILES_1_6_30                 |   in|   32|     ap_none|     B_TILES_1_6_30|       pointer|
|B_TILES_1_6_31                 |   in|   32|     ap_none|     B_TILES_1_6_31|       pointer|
|B_TILES_1_7_0                  |   in|   32|     ap_none|      B_TILES_1_7_0|       pointer|
|B_TILES_1_7_1                  |   in|   32|     ap_none|      B_TILES_1_7_1|       pointer|
|B_TILES_1_7_2                  |   in|   32|     ap_none|      B_TILES_1_7_2|       pointer|
|B_TILES_1_7_3                  |   in|   32|     ap_none|      B_TILES_1_7_3|       pointer|
|B_TILES_1_7_4                  |   in|   32|     ap_none|      B_TILES_1_7_4|       pointer|
|B_TILES_1_7_5                  |   in|   32|     ap_none|      B_TILES_1_7_5|       pointer|
|B_TILES_1_7_6                  |   in|   32|     ap_none|      B_TILES_1_7_6|       pointer|
|B_TILES_1_7_7                  |   in|   32|     ap_none|      B_TILES_1_7_7|       pointer|
|B_TILES_1_7_8                  |   in|   32|     ap_none|      B_TILES_1_7_8|       pointer|
|B_TILES_1_7_9                  |   in|   32|     ap_none|      B_TILES_1_7_9|       pointer|
|B_TILES_1_7_10                 |   in|   32|     ap_none|     B_TILES_1_7_10|       pointer|
|B_TILES_1_7_11                 |   in|   32|     ap_none|     B_TILES_1_7_11|       pointer|
|B_TILES_1_7_12                 |   in|   32|     ap_none|     B_TILES_1_7_12|       pointer|
|B_TILES_1_7_13                 |   in|   32|     ap_none|     B_TILES_1_7_13|       pointer|
|B_TILES_1_7_14                 |   in|   32|     ap_none|     B_TILES_1_7_14|       pointer|
|B_TILES_1_7_15                 |   in|   32|     ap_none|     B_TILES_1_7_15|       pointer|
|B_TILES_1_7_16                 |   in|   32|     ap_none|     B_TILES_1_7_16|       pointer|
|B_TILES_1_7_17                 |   in|   32|     ap_none|     B_TILES_1_7_17|       pointer|
|B_TILES_1_7_18                 |   in|   32|     ap_none|     B_TILES_1_7_18|       pointer|
|B_TILES_1_7_19                 |   in|   32|     ap_none|     B_TILES_1_7_19|       pointer|
|B_TILES_1_7_20                 |   in|   32|     ap_none|     B_TILES_1_7_20|       pointer|
|B_TILES_1_7_21                 |   in|   32|     ap_none|     B_TILES_1_7_21|       pointer|
|B_TILES_1_7_22                 |   in|   32|     ap_none|     B_TILES_1_7_22|       pointer|
|B_TILES_1_7_23                 |   in|   32|     ap_none|     B_TILES_1_7_23|       pointer|
|B_TILES_1_7_24                 |   in|   32|     ap_none|     B_TILES_1_7_24|       pointer|
|B_TILES_1_7_25                 |   in|   32|     ap_none|     B_TILES_1_7_25|       pointer|
|B_TILES_1_7_26                 |   in|   32|     ap_none|     B_TILES_1_7_26|       pointer|
|B_TILES_1_7_27                 |   in|   32|     ap_none|     B_TILES_1_7_27|       pointer|
|B_TILES_1_7_28                 |   in|   32|     ap_none|     B_TILES_1_7_28|       pointer|
|B_TILES_1_7_29                 |   in|   32|     ap_none|     B_TILES_1_7_29|       pointer|
|B_TILES_1_7_30                 |   in|   32|     ap_none|     B_TILES_1_7_30|       pointer|
|B_TILES_1_7_31                 |   in|   32|     ap_none|     B_TILES_1_7_31|       pointer|
|B_TILES_1_8_0                  |   in|   32|     ap_none|      B_TILES_1_8_0|       pointer|
|B_TILES_1_8_1                  |   in|   32|     ap_none|      B_TILES_1_8_1|       pointer|
|B_TILES_1_8_2                  |   in|   32|     ap_none|      B_TILES_1_8_2|       pointer|
|B_TILES_1_8_3                  |   in|   32|     ap_none|      B_TILES_1_8_3|       pointer|
|B_TILES_1_8_4                  |   in|   32|     ap_none|      B_TILES_1_8_4|       pointer|
|B_TILES_1_8_5                  |   in|   32|     ap_none|      B_TILES_1_8_5|       pointer|
|B_TILES_1_8_6                  |   in|   32|     ap_none|      B_TILES_1_8_6|       pointer|
|B_TILES_1_8_7                  |   in|   32|     ap_none|      B_TILES_1_8_7|       pointer|
|B_TILES_1_8_8                  |   in|   32|     ap_none|      B_TILES_1_8_8|       pointer|
|B_TILES_1_8_9                  |   in|   32|     ap_none|      B_TILES_1_8_9|       pointer|
|B_TILES_1_8_10                 |   in|   32|     ap_none|     B_TILES_1_8_10|       pointer|
|B_TILES_1_8_11                 |   in|   32|     ap_none|     B_TILES_1_8_11|       pointer|
|B_TILES_1_8_12                 |   in|   32|     ap_none|     B_TILES_1_8_12|       pointer|
|B_TILES_1_8_13                 |   in|   32|     ap_none|     B_TILES_1_8_13|       pointer|
|B_TILES_1_8_14                 |   in|   32|     ap_none|     B_TILES_1_8_14|       pointer|
|B_TILES_1_8_15                 |   in|   32|     ap_none|     B_TILES_1_8_15|       pointer|
|B_TILES_1_8_16                 |   in|   32|     ap_none|     B_TILES_1_8_16|       pointer|
|B_TILES_1_8_17                 |   in|   32|     ap_none|     B_TILES_1_8_17|       pointer|
|B_TILES_1_8_18                 |   in|   32|     ap_none|     B_TILES_1_8_18|       pointer|
|B_TILES_1_8_19                 |   in|   32|     ap_none|     B_TILES_1_8_19|       pointer|
|B_TILES_1_8_20                 |   in|   32|     ap_none|     B_TILES_1_8_20|       pointer|
|B_TILES_1_8_21                 |   in|   32|     ap_none|     B_TILES_1_8_21|       pointer|
|B_TILES_1_8_22                 |   in|   32|     ap_none|     B_TILES_1_8_22|       pointer|
|B_TILES_1_8_23                 |   in|   32|     ap_none|     B_TILES_1_8_23|       pointer|
|B_TILES_1_8_24                 |   in|   32|     ap_none|     B_TILES_1_8_24|       pointer|
|B_TILES_1_8_25                 |   in|   32|     ap_none|     B_TILES_1_8_25|       pointer|
|B_TILES_1_8_26                 |   in|   32|     ap_none|     B_TILES_1_8_26|       pointer|
|B_TILES_1_8_27                 |   in|   32|     ap_none|     B_TILES_1_8_27|       pointer|
|B_TILES_1_8_28                 |   in|   32|     ap_none|     B_TILES_1_8_28|       pointer|
|B_TILES_1_8_29                 |   in|   32|     ap_none|     B_TILES_1_8_29|       pointer|
|B_TILES_1_8_30                 |   in|   32|     ap_none|     B_TILES_1_8_30|       pointer|
|B_TILES_1_8_31                 |   in|   32|     ap_none|     B_TILES_1_8_31|       pointer|
|B_TILES_1_9_0                  |   in|   32|     ap_none|      B_TILES_1_9_0|       pointer|
|B_TILES_1_9_1                  |   in|   32|     ap_none|      B_TILES_1_9_1|       pointer|
|B_TILES_1_9_2                  |   in|   32|     ap_none|      B_TILES_1_9_2|       pointer|
|B_TILES_1_9_3                  |   in|   32|     ap_none|      B_TILES_1_9_3|       pointer|
|B_TILES_1_9_4                  |   in|   32|     ap_none|      B_TILES_1_9_4|       pointer|
|B_TILES_1_9_5                  |   in|   32|     ap_none|      B_TILES_1_9_5|       pointer|
|B_TILES_1_9_6                  |   in|   32|     ap_none|      B_TILES_1_9_6|       pointer|
|B_TILES_1_9_7                  |   in|   32|     ap_none|      B_TILES_1_9_7|       pointer|
|B_TILES_1_9_8                  |   in|   32|     ap_none|      B_TILES_1_9_8|       pointer|
|B_TILES_1_9_9                  |   in|   32|     ap_none|      B_TILES_1_9_9|       pointer|
|B_TILES_1_9_10                 |   in|   32|     ap_none|     B_TILES_1_9_10|       pointer|
|B_TILES_1_9_11                 |   in|   32|     ap_none|     B_TILES_1_9_11|       pointer|
|B_TILES_1_9_12                 |   in|   32|     ap_none|     B_TILES_1_9_12|       pointer|
|B_TILES_1_9_13                 |   in|   32|     ap_none|     B_TILES_1_9_13|       pointer|
|B_TILES_1_9_14                 |   in|   32|     ap_none|     B_TILES_1_9_14|       pointer|
|B_TILES_1_9_15                 |   in|   32|     ap_none|     B_TILES_1_9_15|       pointer|
|B_TILES_1_9_16                 |   in|   32|     ap_none|     B_TILES_1_9_16|       pointer|
|B_TILES_1_9_17                 |   in|   32|     ap_none|     B_TILES_1_9_17|       pointer|
|B_TILES_1_9_18                 |   in|   32|     ap_none|     B_TILES_1_9_18|       pointer|
|B_TILES_1_9_19                 |   in|   32|     ap_none|     B_TILES_1_9_19|       pointer|
|B_TILES_1_9_20                 |   in|   32|     ap_none|     B_TILES_1_9_20|       pointer|
|B_TILES_1_9_21                 |   in|   32|     ap_none|     B_TILES_1_9_21|       pointer|
|B_TILES_1_9_22                 |   in|   32|     ap_none|     B_TILES_1_9_22|       pointer|
|B_TILES_1_9_23                 |   in|   32|     ap_none|     B_TILES_1_9_23|       pointer|
|B_TILES_1_9_24                 |   in|   32|     ap_none|     B_TILES_1_9_24|       pointer|
|B_TILES_1_9_25                 |   in|   32|     ap_none|     B_TILES_1_9_25|       pointer|
|B_TILES_1_9_26                 |   in|   32|     ap_none|     B_TILES_1_9_26|       pointer|
|B_TILES_1_9_27                 |   in|   32|     ap_none|     B_TILES_1_9_27|       pointer|
|B_TILES_1_9_28                 |   in|   32|     ap_none|     B_TILES_1_9_28|       pointer|
|B_TILES_1_9_29                 |   in|   32|     ap_none|     B_TILES_1_9_29|       pointer|
|B_TILES_1_9_30                 |   in|   32|     ap_none|     B_TILES_1_9_30|       pointer|
|B_TILES_1_9_31                 |   in|   32|     ap_none|     B_TILES_1_9_31|       pointer|
|B_TILES_1_10_0                 |   in|   32|     ap_none|     B_TILES_1_10_0|       pointer|
|B_TILES_1_10_1                 |   in|   32|     ap_none|     B_TILES_1_10_1|       pointer|
|B_TILES_1_10_2                 |   in|   32|     ap_none|     B_TILES_1_10_2|       pointer|
|B_TILES_1_10_3                 |   in|   32|     ap_none|     B_TILES_1_10_3|       pointer|
|B_TILES_1_10_4                 |   in|   32|     ap_none|     B_TILES_1_10_4|       pointer|
|B_TILES_1_10_5                 |   in|   32|     ap_none|     B_TILES_1_10_5|       pointer|
|B_TILES_1_10_6                 |   in|   32|     ap_none|     B_TILES_1_10_6|       pointer|
|B_TILES_1_10_7                 |   in|   32|     ap_none|     B_TILES_1_10_7|       pointer|
|B_TILES_1_10_8                 |   in|   32|     ap_none|     B_TILES_1_10_8|       pointer|
|B_TILES_1_10_9                 |   in|   32|     ap_none|     B_TILES_1_10_9|       pointer|
|B_TILES_1_10_10                |   in|   32|     ap_none|    B_TILES_1_10_10|       pointer|
|B_TILES_1_10_11                |   in|   32|     ap_none|    B_TILES_1_10_11|       pointer|
|B_TILES_1_10_12                |   in|   32|     ap_none|    B_TILES_1_10_12|       pointer|
|B_TILES_1_10_13                |   in|   32|     ap_none|    B_TILES_1_10_13|       pointer|
|B_TILES_1_10_14                |   in|   32|     ap_none|    B_TILES_1_10_14|       pointer|
|B_TILES_1_10_15                |   in|   32|     ap_none|    B_TILES_1_10_15|       pointer|
|B_TILES_1_10_16                |   in|   32|     ap_none|    B_TILES_1_10_16|       pointer|
|B_TILES_1_10_17                |   in|   32|     ap_none|    B_TILES_1_10_17|       pointer|
|B_TILES_1_10_18                |   in|   32|     ap_none|    B_TILES_1_10_18|       pointer|
|B_TILES_1_10_19                |   in|   32|     ap_none|    B_TILES_1_10_19|       pointer|
|B_TILES_1_10_20                |   in|   32|     ap_none|    B_TILES_1_10_20|       pointer|
|B_TILES_1_10_21                |   in|   32|     ap_none|    B_TILES_1_10_21|       pointer|
|B_TILES_1_10_22                |   in|   32|     ap_none|    B_TILES_1_10_22|       pointer|
|B_TILES_1_10_23                |   in|   32|     ap_none|    B_TILES_1_10_23|       pointer|
|B_TILES_1_10_24                |   in|   32|     ap_none|    B_TILES_1_10_24|       pointer|
|B_TILES_1_10_25                |   in|   32|     ap_none|    B_TILES_1_10_25|       pointer|
|B_TILES_1_10_26                |   in|   32|     ap_none|    B_TILES_1_10_26|       pointer|
|B_TILES_1_10_27                |   in|   32|     ap_none|    B_TILES_1_10_27|       pointer|
|B_TILES_1_10_28                |   in|   32|     ap_none|    B_TILES_1_10_28|       pointer|
|B_TILES_1_10_29                |   in|   32|     ap_none|    B_TILES_1_10_29|       pointer|
|B_TILES_1_10_30                |   in|   32|     ap_none|    B_TILES_1_10_30|       pointer|
|B_TILES_1_10_31                |   in|   32|     ap_none|    B_TILES_1_10_31|       pointer|
|B_TILES_1_11_0                 |   in|   32|     ap_none|     B_TILES_1_11_0|       pointer|
|B_TILES_1_11_1                 |   in|   32|     ap_none|     B_TILES_1_11_1|       pointer|
|B_TILES_1_11_2                 |   in|   32|     ap_none|     B_TILES_1_11_2|       pointer|
|B_TILES_1_11_3                 |   in|   32|     ap_none|     B_TILES_1_11_3|       pointer|
|B_TILES_1_11_4                 |   in|   32|     ap_none|     B_TILES_1_11_4|       pointer|
|B_TILES_1_11_5                 |   in|   32|     ap_none|     B_TILES_1_11_5|       pointer|
|B_TILES_1_11_6                 |   in|   32|     ap_none|     B_TILES_1_11_6|       pointer|
|B_TILES_1_11_7                 |   in|   32|     ap_none|     B_TILES_1_11_7|       pointer|
|B_TILES_1_11_8                 |   in|   32|     ap_none|     B_TILES_1_11_8|       pointer|
|B_TILES_1_11_9                 |   in|   32|     ap_none|     B_TILES_1_11_9|       pointer|
|B_TILES_1_11_10                |   in|   32|     ap_none|    B_TILES_1_11_10|       pointer|
|B_TILES_1_11_11                |   in|   32|     ap_none|    B_TILES_1_11_11|       pointer|
|B_TILES_1_11_12                |   in|   32|     ap_none|    B_TILES_1_11_12|       pointer|
|B_TILES_1_11_13                |   in|   32|     ap_none|    B_TILES_1_11_13|       pointer|
|B_TILES_1_11_14                |   in|   32|     ap_none|    B_TILES_1_11_14|       pointer|
|B_TILES_1_11_15                |   in|   32|     ap_none|    B_TILES_1_11_15|       pointer|
|B_TILES_1_11_16                |   in|   32|     ap_none|    B_TILES_1_11_16|       pointer|
|B_TILES_1_11_17                |   in|   32|     ap_none|    B_TILES_1_11_17|       pointer|
|B_TILES_1_11_18                |   in|   32|     ap_none|    B_TILES_1_11_18|       pointer|
|B_TILES_1_11_19                |   in|   32|     ap_none|    B_TILES_1_11_19|       pointer|
|B_TILES_1_11_20                |   in|   32|     ap_none|    B_TILES_1_11_20|       pointer|
|B_TILES_1_11_21                |   in|   32|     ap_none|    B_TILES_1_11_21|       pointer|
|B_TILES_1_11_22                |   in|   32|     ap_none|    B_TILES_1_11_22|       pointer|
|B_TILES_1_11_23                |   in|   32|     ap_none|    B_TILES_1_11_23|       pointer|
|B_TILES_1_11_24                |   in|   32|     ap_none|    B_TILES_1_11_24|       pointer|
|B_TILES_1_11_25                |   in|   32|     ap_none|    B_TILES_1_11_25|       pointer|
|B_TILES_1_11_26                |   in|   32|     ap_none|    B_TILES_1_11_26|       pointer|
|B_TILES_1_11_27                |   in|   32|     ap_none|    B_TILES_1_11_27|       pointer|
|B_TILES_1_11_28                |   in|   32|     ap_none|    B_TILES_1_11_28|       pointer|
|B_TILES_1_11_29                |   in|   32|     ap_none|    B_TILES_1_11_29|       pointer|
|B_TILES_1_11_30                |   in|   32|     ap_none|    B_TILES_1_11_30|       pointer|
|B_TILES_1_11_31                |   in|   32|     ap_none|    B_TILES_1_11_31|       pointer|
|B_TILES_1_12_0                 |   in|   32|     ap_none|     B_TILES_1_12_0|       pointer|
|B_TILES_1_12_1                 |   in|   32|     ap_none|     B_TILES_1_12_1|       pointer|
|B_TILES_1_12_2                 |   in|   32|     ap_none|     B_TILES_1_12_2|       pointer|
|B_TILES_1_12_3                 |   in|   32|     ap_none|     B_TILES_1_12_3|       pointer|
|B_TILES_1_12_4                 |   in|   32|     ap_none|     B_TILES_1_12_4|       pointer|
|B_TILES_1_12_5                 |   in|   32|     ap_none|     B_TILES_1_12_5|       pointer|
|B_TILES_1_12_6                 |   in|   32|     ap_none|     B_TILES_1_12_6|       pointer|
|B_TILES_1_12_7                 |   in|   32|     ap_none|     B_TILES_1_12_7|       pointer|
|B_TILES_1_12_8                 |   in|   32|     ap_none|     B_TILES_1_12_8|       pointer|
|B_TILES_1_12_9                 |   in|   32|     ap_none|     B_TILES_1_12_9|       pointer|
|B_TILES_1_12_10                |   in|   32|     ap_none|    B_TILES_1_12_10|       pointer|
|B_TILES_1_12_11                |   in|   32|     ap_none|    B_TILES_1_12_11|       pointer|
|B_TILES_1_12_12                |   in|   32|     ap_none|    B_TILES_1_12_12|       pointer|
|B_TILES_1_12_13                |   in|   32|     ap_none|    B_TILES_1_12_13|       pointer|
|B_TILES_1_12_14                |   in|   32|     ap_none|    B_TILES_1_12_14|       pointer|
|B_TILES_1_12_15                |   in|   32|     ap_none|    B_TILES_1_12_15|       pointer|
|B_TILES_1_12_16                |   in|   32|     ap_none|    B_TILES_1_12_16|       pointer|
|B_TILES_1_12_17                |   in|   32|     ap_none|    B_TILES_1_12_17|       pointer|
|B_TILES_1_12_18                |   in|   32|     ap_none|    B_TILES_1_12_18|       pointer|
|B_TILES_1_12_19                |   in|   32|     ap_none|    B_TILES_1_12_19|       pointer|
|B_TILES_1_12_20                |   in|   32|     ap_none|    B_TILES_1_12_20|       pointer|
|B_TILES_1_12_21                |   in|   32|     ap_none|    B_TILES_1_12_21|       pointer|
|B_TILES_1_12_22                |   in|   32|     ap_none|    B_TILES_1_12_22|       pointer|
|B_TILES_1_12_23                |   in|   32|     ap_none|    B_TILES_1_12_23|       pointer|
|B_TILES_1_12_24                |   in|   32|     ap_none|    B_TILES_1_12_24|       pointer|
|B_TILES_1_12_25                |   in|   32|     ap_none|    B_TILES_1_12_25|       pointer|
|B_TILES_1_12_26                |   in|   32|     ap_none|    B_TILES_1_12_26|       pointer|
|B_TILES_1_12_27                |   in|   32|     ap_none|    B_TILES_1_12_27|       pointer|
|B_TILES_1_12_28                |   in|   32|     ap_none|    B_TILES_1_12_28|       pointer|
|B_TILES_1_12_29                |   in|   32|     ap_none|    B_TILES_1_12_29|       pointer|
|B_TILES_1_12_30                |   in|   32|     ap_none|    B_TILES_1_12_30|       pointer|
|B_TILES_1_12_31                |   in|   32|     ap_none|    B_TILES_1_12_31|       pointer|
|B_TILES_1_13_0                 |   in|   32|     ap_none|     B_TILES_1_13_0|       pointer|
|B_TILES_1_13_1                 |   in|   32|     ap_none|     B_TILES_1_13_1|       pointer|
|B_TILES_1_13_2                 |   in|   32|     ap_none|     B_TILES_1_13_2|       pointer|
|B_TILES_1_13_3                 |   in|   32|     ap_none|     B_TILES_1_13_3|       pointer|
|B_TILES_1_13_4                 |   in|   32|     ap_none|     B_TILES_1_13_4|       pointer|
|B_TILES_1_13_5                 |   in|   32|     ap_none|     B_TILES_1_13_5|       pointer|
|B_TILES_1_13_6                 |   in|   32|     ap_none|     B_TILES_1_13_6|       pointer|
|B_TILES_1_13_7                 |   in|   32|     ap_none|     B_TILES_1_13_7|       pointer|
|B_TILES_1_13_8                 |   in|   32|     ap_none|     B_TILES_1_13_8|       pointer|
|B_TILES_1_13_9                 |   in|   32|     ap_none|     B_TILES_1_13_9|       pointer|
|B_TILES_1_13_10                |   in|   32|     ap_none|    B_TILES_1_13_10|       pointer|
|B_TILES_1_13_11                |   in|   32|     ap_none|    B_TILES_1_13_11|       pointer|
|B_TILES_1_13_12                |   in|   32|     ap_none|    B_TILES_1_13_12|       pointer|
|B_TILES_1_13_13                |   in|   32|     ap_none|    B_TILES_1_13_13|       pointer|
|B_TILES_1_13_14                |   in|   32|     ap_none|    B_TILES_1_13_14|       pointer|
|B_TILES_1_13_15                |   in|   32|     ap_none|    B_TILES_1_13_15|       pointer|
|B_TILES_1_13_16                |   in|   32|     ap_none|    B_TILES_1_13_16|       pointer|
|B_TILES_1_13_17                |   in|   32|     ap_none|    B_TILES_1_13_17|       pointer|
|B_TILES_1_13_18                |   in|   32|     ap_none|    B_TILES_1_13_18|       pointer|
|B_TILES_1_13_19                |   in|   32|     ap_none|    B_TILES_1_13_19|       pointer|
|B_TILES_1_13_20                |   in|   32|     ap_none|    B_TILES_1_13_20|       pointer|
|B_TILES_1_13_21                |   in|   32|     ap_none|    B_TILES_1_13_21|       pointer|
|B_TILES_1_13_22                |   in|   32|     ap_none|    B_TILES_1_13_22|       pointer|
|B_TILES_1_13_23                |   in|   32|     ap_none|    B_TILES_1_13_23|       pointer|
|B_TILES_1_13_24                |   in|   32|     ap_none|    B_TILES_1_13_24|       pointer|
|B_TILES_1_13_25                |   in|   32|     ap_none|    B_TILES_1_13_25|       pointer|
|B_TILES_1_13_26                |   in|   32|     ap_none|    B_TILES_1_13_26|       pointer|
|B_TILES_1_13_27                |   in|   32|     ap_none|    B_TILES_1_13_27|       pointer|
|B_TILES_1_13_28                |   in|   32|     ap_none|    B_TILES_1_13_28|       pointer|
|B_TILES_1_13_29                |   in|   32|     ap_none|    B_TILES_1_13_29|       pointer|
|B_TILES_1_13_30                |   in|   32|     ap_none|    B_TILES_1_13_30|       pointer|
|B_TILES_1_13_31                |   in|   32|     ap_none|    B_TILES_1_13_31|       pointer|
|B_TILES_1_14_0                 |   in|   32|     ap_none|     B_TILES_1_14_0|       pointer|
|B_TILES_1_14_1                 |   in|   32|     ap_none|     B_TILES_1_14_1|       pointer|
|B_TILES_1_14_2                 |   in|   32|     ap_none|     B_TILES_1_14_2|       pointer|
|B_TILES_1_14_3                 |   in|   32|     ap_none|     B_TILES_1_14_3|       pointer|
|B_TILES_1_14_4                 |   in|   32|     ap_none|     B_TILES_1_14_4|       pointer|
|B_TILES_1_14_5                 |   in|   32|     ap_none|     B_TILES_1_14_5|       pointer|
|B_TILES_1_14_6                 |   in|   32|     ap_none|     B_TILES_1_14_6|       pointer|
|B_TILES_1_14_7                 |   in|   32|     ap_none|     B_TILES_1_14_7|       pointer|
|B_TILES_1_14_8                 |   in|   32|     ap_none|     B_TILES_1_14_8|       pointer|
|B_TILES_1_14_9                 |   in|   32|     ap_none|     B_TILES_1_14_9|       pointer|
|B_TILES_1_14_10                |   in|   32|     ap_none|    B_TILES_1_14_10|       pointer|
|B_TILES_1_14_11                |   in|   32|     ap_none|    B_TILES_1_14_11|       pointer|
|B_TILES_1_14_12                |   in|   32|     ap_none|    B_TILES_1_14_12|       pointer|
|B_TILES_1_14_13                |   in|   32|     ap_none|    B_TILES_1_14_13|       pointer|
|B_TILES_1_14_14                |   in|   32|     ap_none|    B_TILES_1_14_14|       pointer|
|B_TILES_1_14_15                |   in|   32|     ap_none|    B_TILES_1_14_15|       pointer|
|B_TILES_1_14_16                |   in|   32|     ap_none|    B_TILES_1_14_16|       pointer|
|B_TILES_1_14_17                |   in|   32|     ap_none|    B_TILES_1_14_17|       pointer|
|B_TILES_1_14_18                |   in|   32|     ap_none|    B_TILES_1_14_18|       pointer|
|B_TILES_1_14_19                |   in|   32|     ap_none|    B_TILES_1_14_19|       pointer|
|B_TILES_1_14_20                |   in|   32|     ap_none|    B_TILES_1_14_20|       pointer|
|B_TILES_1_14_21                |   in|   32|     ap_none|    B_TILES_1_14_21|       pointer|
|B_TILES_1_14_22                |   in|   32|     ap_none|    B_TILES_1_14_22|       pointer|
|B_TILES_1_14_23                |   in|   32|     ap_none|    B_TILES_1_14_23|       pointer|
|B_TILES_1_14_24                |   in|   32|     ap_none|    B_TILES_1_14_24|       pointer|
|B_TILES_1_14_25                |   in|   32|     ap_none|    B_TILES_1_14_25|       pointer|
|B_TILES_1_14_26                |   in|   32|     ap_none|    B_TILES_1_14_26|       pointer|
|B_TILES_1_14_27                |   in|   32|     ap_none|    B_TILES_1_14_27|       pointer|
|B_TILES_1_14_28                |   in|   32|     ap_none|    B_TILES_1_14_28|       pointer|
|B_TILES_1_14_29                |   in|   32|     ap_none|    B_TILES_1_14_29|       pointer|
|B_TILES_1_14_30                |   in|   32|     ap_none|    B_TILES_1_14_30|       pointer|
|B_TILES_1_14_31                |   in|   32|     ap_none|    B_TILES_1_14_31|       pointer|
|B_TILES_1_15_0                 |   in|   32|     ap_none|     B_TILES_1_15_0|       pointer|
|B_TILES_1_15_1                 |   in|   32|     ap_none|     B_TILES_1_15_1|       pointer|
|B_TILES_1_15_2                 |   in|   32|     ap_none|     B_TILES_1_15_2|       pointer|
|B_TILES_1_15_3                 |   in|   32|     ap_none|     B_TILES_1_15_3|       pointer|
|B_TILES_1_15_4                 |   in|   32|     ap_none|     B_TILES_1_15_4|       pointer|
|B_TILES_1_15_5                 |   in|   32|     ap_none|     B_TILES_1_15_5|       pointer|
|B_TILES_1_15_6                 |   in|   32|     ap_none|     B_TILES_1_15_6|       pointer|
|B_TILES_1_15_7                 |   in|   32|     ap_none|     B_TILES_1_15_7|       pointer|
|B_TILES_1_15_8                 |   in|   32|     ap_none|     B_TILES_1_15_8|       pointer|
|B_TILES_1_15_9                 |   in|   32|     ap_none|     B_TILES_1_15_9|       pointer|
|B_TILES_1_15_10                |   in|   32|     ap_none|    B_TILES_1_15_10|       pointer|
|B_TILES_1_15_11                |   in|   32|     ap_none|    B_TILES_1_15_11|       pointer|
|B_TILES_1_15_12                |   in|   32|     ap_none|    B_TILES_1_15_12|       pointer|
|B_TILES_1_15_13                |   in|   32|     ap_none|    B_TILES_1_15_13|       pointer|
|B_TILES_1_15_14                |   in|   32|     ap_none|    B_TILES_1_15_14|       pointer|
|B_TILES_1_15_15                |   in|   32|     ap_none|    B_TILES_1_15_15|       pointer|
|B_TILES_1_15_16                |   in|   32|     ap_none|    B_TILES_1_15_16|       pointer|
|B_TILES_1_15_17                |   in|   32|     ap_none|    B_TILES_1_15_17|       pointer|
|B_TILES_1_15_18                |   in|   32|     ap_none|    B_TILES_1_15_18|       pointer|
|B_TILES_1_15_19                |   in|   32|     ap_none|    B_TILES_1_15_19|       pointer|
|B_TILES_1_15_20                |   in|   32|     ap_none|    B_TILES_1_15_20|       pointer|
|B_TILES_1_15_21                |   in|   32|     ap_none|    B_TILES_1_15_21|       pointer|
|B_TILES_1_15_22                |   in|   32|     ap_none|    B_TILES_1_15_22|       pointer|
|B_TILES_1_15_23                |   in|   32|     ap_none|    B_TILES_1_15_23|       pointer|
|B_TILES_1_15_24                |   in|   32|     ap_none|    B_TILES_1_15_24|       pointer|
|B_TILES_1_15_25                |   in|   32|     ap_none|    B_TILES_1_15_25|       pointer|
|B_TILES_1_15_26                |   in|   32|     ap_none|    B_TILES_1_15_26|       pointer|
|B_TILES_1_15_27                |   in|   32|     ap_none|    B_TILES_1_15_27|       pointer|
|B_TILES_1_15_28                |   in|   32|     ap_none|    B_TILES_1_15_28|       pointer|
|B_TILES_1_15_29                |   in|   32|     ap_none|    B_TILES_1_15_29|       pointer|
|B_TILES_1_15_30                |   in|   32|     ap_none|    B_TILES_1_15_30|       pointer|
|B_TILES_1_15_31                |   in|   32|     ap_none|    B_TILES_1_15_31|       pointer|
+-------------------------------+-----+-----+------------+-------------------+--------------+

