

================================================================
== Vitis HLS Report for 'loadBFromDRAM'
================================================================
* Date:           Sun Jun 14 13:11:42 2026

* Version:        2023.2 (Build 4023990 on Oct 11 2023)
* Project:        hls_project
* Solution:       gemm2 (Vitis Kernel Flow Target)
* Product family: versalaicore
* Target device:  xcvc1902-vsva2197-2MP-e-S


================================================================
== Performance Estimates
================================================================
+ Timing: 
    * Summary: 
    +--------+---------+----------+------------+
    |  Clock |  Target | Estimated| Uncertainty|
    +--------+---------+----------+------------+
    |ap_clk  |  3.33 ns|  2.433 ns|     0.90 ns|
    +--------+---------+----------+------------+

+ Latency: 
    * Summary: 
    +---------+---------+----------+----------+-----+-----+---------+
    |  Latency (cycles) |  Latency (absolute) |  Interval | Pipeline|
    |   min   |   max   |    min   |    max   | min | max |   Type  |
    +---------+---------+----------+----------+-----+-----+---------+
    |      138|      138|  0.460 us|  0.460 us|  138|  138|       no|
    +---------+---------+----------+----------+-----+-----+---------+

    + Detail: 
        * Instance: 
        +-------------------------------------------------------------------+--------------------------------------------------------+---------+---------+----------+----------+-----+-----+---------+
        |                                                                   |                                                        |  Latency (cycles) |  Latency (absolute) |  Interval | Pipeline|
        |                              Instance                             |                         Module                         |   min   |   max   |    min   |    max   | min | max |   Type  |
        +-------------------------------------------------------------------+--------------------------------------------------------+---------+---------+----------+----------+-----+-----+---------+
        |grp_loadBFromDRAM_Pipeline_VITIS_LOOP_57_1_VITIS_LOOP_58_2_fu_119  |loadBFromDRAM_Pipeline_VITIS_LOOP_57_1_VITIS_LOOP_58_2  |       66|       66|  0.220 us|  0.220 us|   66|   66|       no|
        +-------------------------------------------------------------------+--------------------------------------------------------+---------+---------+----------+----------+-----+-----+---------+

        * Loop: 
        N/A



================================================================
== Utilization Estimates
================================================================
* Summary: 
+-----------------+---------+------+---------+--------+-----+
|       Name      | BRAM_18K|  DSP |    FF   |   LUT  | URAM|
+-----------------+---------+------+---------+--------+-----+
|DSP              |        -|     -|        -|       -|    -|
|Expression       |        -|     -|        -|       -|    -|
|FIFO             |        -|     -|        -|       -|    -|
|Instance         |        -|     -|       18|      72|    -|
|Memory           |        -|     -|        -|       -|    -|
|Multiplexer      |        -|     -|        -|     214|    -|
|Register         |        -|     -|      132|       -|    -|
+-----------------+---------+------+---------+--------+-----+
|Total            |        0|     0|      150|     286|    0|
+-----------------+---------+------+---------+--------+-----+
|Available        |     1934|  1968|  1799680|  899840|  463|
+-----------------+---------+------+---------+--------+-----+
|Utilization (%)  |        0|     0|       ~0|      ~0|    0|
+-----------------+---------+------+---------+--------+-----+

+ Detail: 
    * Instance: 
    +-------------------------------------------------------------------+--------------------------------------------------------+---------+----+----+----+-----+
    |                              Instance                             |                         Module                         | BRAM_18K| DSP| FF | LUT| URAM|
    +-------------------------------------------------------------------+--------------------------------------------------------+---------+----+----+----+-----+
    |grp_loadBFromDRAM_Pipeline_VITIS_LOOP_57_1_VITIS_LOOP_58_2_fu_119  |loadBFromDRAM_Pipeline_VITIS_LOOP_57_1_VITIS_LOOP_58_2  |        0|   0|  18|  72|    0|
    +-------------------------------------------------------------------+--------------------------------------------------------+---------+----+----+----+-----+
    |Total                                                              |                                                        |        0|   0|  18|  72|    0|
    +-------------------------------------------------------------------+--------------------------------------------------------+---------+----+----+----+-----+

    * DSP: 
    N/A

    * Memory: 
    N/A

    * FIFO: 
    N/A

    * Expression: 
    N/A

    * Multiplexer: 
    +----------------------+----+-----------+-----+-----------+
    |         Name         | LUT| Input Size| Bits| Total Bits|
    +----------------------+----+-----------+-----+-----------+
    |ap_NS_fsm             |  86|         74|    1|         74|
    |gmem1_blk_n_AR        |   2|          2|    1|          2|
    |m_axi_gmem1_ARADDR    |  64|          3|   64|        192|
    |m_axi_gmem1_ARBURST   |   2|          2|    2|          4|
    |m_axi_gmem1_ARCACHE   |   4|          2|    4|          8|
    |m_axi_gmem1_ARID      |   2|          2|    1|          2|
    |m_axi_gmem1_ARLEN     |  32|          3|   32|         96|
    |m_axi_gmem1_ARLOCK    |   2|          2|    2|          4|
    |m_axi_gmem1_ARPROT    |   3|          2|    3|          6|
    |m_axi_gmem1_ARQOS     |   4|          2|    4|          8|
    |m_axi_gmem1_ARREGION  |   4|          2|    4|          8|
    |m_axi_gmem1_ARSIZE    |   3|          2|    3|          6|
    |m_axi_gmem1_ARUSER    |   2|          2|    1|          2|
    |m_axi_gmem1_ARVALID   |   2|          3|    1|          3|
    |m_axi_gmem1_RREADY    |   2|          2|    1|          2|
    +----------------------+----+-----------+-----+-----------+
    |Total                 | 214|        105|  124|        417|
    +----------------------+----+-----------+-----+-----------+

    * Register: 
    +--------------------------------------------------------------------------------+----+----+-----+-----------+
    |                                      Name                                      | FF | LUT| Bits| Const Bits|
    +--------------------------------------------------------------------------------+----+----+-----+-----------+
    |ap_CS_fsm                                                                       |  73|   0|   73|          0|
    |grp_loadBFromDRAM_Pipeline_VITIS_LOOP_57_1_VITIS_LOOP_58_2_fu_119_ap_start_reg  |   1|   0|    1|          0|
    |trunc_ln57_1_reg_213                                                            |  58|   0|   58|          0|
    +--------------------------------------------------------------------------------+----+----+-----+-----------+
    |Total                                                                           | 132|   0|  132|          0|
    +--------------------------------------------------------------------------------+----+----+-----+-----------+



================================================================
== Interface
================================================================
* Summary: 
+----------------------+-----+-----+------------+---------------+--------------+
|       RTL Ports      | Dir | Bits|  Protocol  | Source Object |    C Type    |
+----------------------+-----+-----+------------+---------------+--------------+
|ap_clk                |   in|    1|  ap_ctrl_hs|  loadBFromDRAM|  return value|
|ap_rst                |   in|    1|  ap_ctrl_hs|  loadBFromDRAM|  return value|
|ap_start              |   in|    1|  ap_ctrl_hs|  loadBFromDRAM|  return value|
|ap_done               |  out|    1|  ap_ctrl_hs|  loadBFromDRAM|  return value|
|ap_idle               |  out|    1|  ap_ctrl_hs|  loadBFromDRAM|  return value|
|ap_ready              |  out|    1|  ap_ctrl_hs|  loadBFromDRAM|  return value|
|m_axi_gmem1_AWVALID   |  out|    1|       m_axi|          gmem1|       pointer|
|m_axi_gmem1_AWREADY   |   in|    1|       m_axi|          gmem1|       pointer|
|m_axi_gmem1_AWADDR    |  out|   64|       m_axi|          gmem1|       pointer|
|m_axi_gmem1_AWID      |  out|    1|       m_axi|          gmem1|       pointer|
|m_axi_gmem1_AWLEN     |  out|   32|       m_axi|          gmem1|       pointer|
|m_axi_gmem1_AWSIZE    |  out|    3|       m_axi|          gmem1|       pointer|
|m_axi_gmem1_AWBURST   |  out|    2|       m_axi|          gmem1|       pointer|
|m_axi_gmem1_AWLOCK    |  out|    2|       m_axi|          gmem1|       pointer|
|m_axi_gmem1_AWCACHE   |  out|    4|       m_axi|          gmem1|       pointer|
|m_axi_gmem1_AWPROT    |  out|    3|       m_axi|          gmem1|       pointer|
|m_axi_gmem1_AWQOS     |  out|    4|       m_axi|          gmem1|       pointer|
|m_axi_gmem1_AWREGION  |  out|    4|       m_axi|          gmem1|       pointer|
|m_axi_gmem1_AWUSER    |  out|    1|       m_axi|          gmem1|       pointer|
|m_axi_gmem1_WVALID    |  out|    1|       m_axi|          gmem1|       pointer|
|m_axi_gmem1_WREADY    |   in|    1|       m_axi|          gmem1|       pointer|
|m_axi_gmem1_WDATA     |  out|  512|       m_axi|          gmem1|       pointer|
|m_axi_gmem1_WSTRB     |  out|   64|       m_axi|          gmem1|       pointer|
|m_axi_gmem1_WLAST     |  out|    1|       m_axi|          gmem1|       pointer|
|m_axi_gmem1_WID       |  out|    1|       m_axi|          gmem1|       pointer|
|m_axi_gmem1_WUSER     |  out|    1|       m_axi|          gmem1|       pointer|
|m_axi_gmem1_ARVALID   |  out|    1|       m_axi|          gmem1|       pointer|
|m_axi_gmem1_ARREADY   |   in|    1|       m_axi|          gmem1|       pointer|
|m_axi_gmem1_ARADDR    |  out|   64|       m_axi|          gmem1|       pointer|
|m_axi_gmem1_ARID      |  out|    1|       m_axi|          gmem1|       pointer|
|m_axi_gmem1_ARLEN     |  out|   32|       m_axi|          gmem1|       pointer|
|m_axi_gmem1_ARSIZE    |  out|    3|       m_axi|          gmem1|       pointer|
|m_axi_gmem1_ARBURST   |  out|    2|       m_axi|          gmem1|       pointer|
|m_axi_gmem1_ARLOCK    |  out|    2|       m_axi|          gmem1|       pointer|
|m_axi_gmem1_ARCACHE   |  out|    4|       m_axi|          gmem1|       pointer|
|m_axi_gmem1_ARPROT    |  out|    3|       m_axi|          gmem1|       pointer|
|m_axi_gmem1_ARQOS     |  out|    4|       m_axi|          gmem1|       pointer|
|m_axi_gmem1_ARREGION  |  out|    4|       m_axi|          gmem1|       pointer|
|m_axi_gmem1_ARUSER    |  out|    1|       m_axi|          gmem1|       pointer|
|m_axi_gmem1_RVALID    |   in|    1|       m_axi|          gmem1|       pointer|
|m_axi_gmem1_RREADY    |  out|    1|       m_axi|          gmem1|       pointer|
|m_axi_gmem1_RDATA     |   in|  512|       m_axi|          gmem1|       pointer|
|m_axi_gmem1_RLAST     |   in|    1|       m_axi|          gmem1|       pointer|
|m_axi_gmem1_RID       |   in|    1|       m_axi|          gmem1|       pointer|
|m_axi_gmem1_RFIFONUM  |   in|    9|       m_axi|          gmem1|       pointer|
|m_axi_gmem1_RUSER     |   in|    1|       m_axi|          gmem1|       pointer|
|m_axi_gmem1_RRESP     |   in|    2|       m_axi|          gmem1|       pointer|
|m_axi_gmem1_BVALID    |   in|    1|       m_axi|          gmem1|       pointer|
|m_axi_gmem1_BREADY    |  out|    1|       m_axi|          gmem1|       pointer|
|m_axi_gmem1_BRESP     |   in|    2|       m_axi|          gmem1|       pointer|
|m_axi_gmem1_BID       |   in|    1|       m_axi|          gmem1|       pointer|
|m_axi_gmem1_BUSER     |   in|    1|       m_axi|          gmem1|       pointer|
|B_DRAM                |   in|   64|     ap_none|         B_DRAM|        scalar|
|B_BUF_0_0_address0    |  out|    5|   ap_memory|      B_BUF_0_0|         array|
|B_BUF_0_0_ce0         |  out|    1|   ap_memory|      B_BUF_0_0|         array|
|B_BUF_0_0_we0         |  out|    1|   ap_memory|      B_BUF_0_0|         array|
|B_BUF_0_0_d0          |  out|   32|   ap_memory|      B_BUF_0_0|         array|
|B_BUF_0_1_address0    |  out|    5|   ap_memory|      B_BUF_0_1|         array|
|B_BUF_0_1_ce0         |  out|    1|   ap_memory|      B_BUF_0_1|         array|
|B_BUF_0_1_we0         |  out|    1|   ap_memory|      B_BUF_0_1|         array|
|B_BUF_0_1_d0          |  out|   32|   ap_memory|      B_BUF_0_1|         array|
|B_BUF_0_2_address0    |  out|    5|   ap_memory|      B_BUF_0_2|         array|
|B_BUF_0_2_ce0         |  out|    1|   ap_memory|      B_BUF_0_2|         array|
|B_BUF_0_2_we0         |  out|    1|   ap_memory|      B_BUF_0_2|         array|
|B_BUF_0_2_d0          |  out|   32|   ap_memory|      B_BUF_0_2|         array|
|B_BUF_0_3_address0    |  out|    5|   ap_memory|      B_BUF_0_3|         array|
|B_BUF_0_3_ce0         |  out|    1|   ap_memory|      B_BUF_0_3|         array|
|B_BUF_0_3_we0         |  out|    1|   ap_memory|      B_BUF_0_3|         array|
|B_BUF_0_3_d0          |  out|   32|   ap_memory|      B_BUF_0_3|         array|
|B_BUF_0_4_address0    |  out|    5|   ap_memory|      B_BUF_0_4|         array|
|B_BUF_0_4_ce0         |  out|    1|   ap_memory|      B_BUF_0_4|         array|
|B_BUF_0_4_we0         |  out|    1|   ap_memory|      B_BUF_0_4|         array|
|B_BUF_0_4_d0          |  out|   32|   ap_memory|      B_BUF_0_4|         array|
|B_BUF_0_5_address0    |  out|    5|   ap_memory|      B_BUF_0_5|         array|
|B_BUF_0_5_ce0         |  out|    1|   ap_memory|      B_BUF_0_5|         array|
|B_BUF_0_5_we0         |  out|    1|   ap_memory|      B_BUF_0_5|         array|
|B_BUF_0_5_d0          |  out|   32|   ap_memory|      B_BUF_0_5|         array|
|B_BUF_0_6_address0    |  out|    5|   ap_memory|      B_BUF_0_6|         array|
|B_BUF_0_6_ce0         |  out|    1|   ap_memory|      B_BUF_0_6|         array|
|B_BUF_0_6_we0         |  out|    1|   ap_memory|      B_BUF_0_6|         array|
|B_BUF_0_6_d0          |  out|   32|   ap_memory|      B_BUF_0_6|         array|
|B_BUF_0_7_address0    |  out|    5|   ap_memory|      B_BUF_0_7|         array|
|B_BUF_0_7_ce0         |  out|    1|   ap_memory|      B_BUF_0_7|         array|
|B_BUF_0_7_we0         |  out|    1|   ap_memory|      B_BUF_0_7|         array|
|B_BUF_0_7_d0          |  out|   32|   ap_memory|      B_BUF_0_7|         array|
|B_BUF_0_8_address0    |  out|    5|   ap_memory|      B_BUF_0_8|         array|
|B_BUF_0_8_ce0         |  out|    1|   ap_memory|      B_BUF_0_8|         array|
|B_BUF_0_8_we0         |  out|    1|   ap_memory|      B_BUF_0_8|         array|
|B_BUF_0_8_d0          |  out|   32|   ap_memory|      B_BUF_0_8|         array|
|B_BUF_0_9_address0    |  out|    5|   ap_memory|      B_BUF_0_9|         array|
|B_BUF_0_9_ce0         |  out|    1|   ap_memory|      B_BUF_0_9|         array|
|B_BUF_0_9_we0         |  out|    1|   ap_memory|      B_BUF_0_9|         array|
|B_BUF_0_9_d0          |  out|   32|   ap_memory|      B_BUF_0_9|         array|
|B_BUF_0_10_address0   |  out|    5|   ap_memory|     B_BUF_0_10|         array|
|B_BUF_0_10_ce0        |  out|    1|   ap_memory|     B_BUF_0_10|         array|
|B_BUF_0_10_we0        |  out|    1|   ap_memory|     B_BUF_0_10|         array|
|B_BUF_0_10_d0         |  out|   32|   ap_memory|     B_BUF_0_10|         array|
|B_BUF_0_11_address0   |  out|    5|   ap_memory|     B_BUF_0_11|         array|
|B_BUF_0_11_ce0        |  out|    1|   ap_memory|     B_BUF_0_11|         array|
|B_BUF_0_11_we0        |  out|    1|   ap_memory|     B_BUF_0_11|         array|
|B_BUF_0_11_d0         |  out|   32|   ap_memory|     B_BUF_0_11|         array|
|B_BUF_0_12_address0   |  out|    5|   ap_memory|     B_BUF_0_12|         array|
|B_BUF_0_12_ce0        |  out|    1|   ap_memory|     B_BUF_0_12|         array|
|B_BUF_0_12_we0        |  out|    1|   ap_memory|     B_BUF_0_12|         array|
|B_BUF_0_12_d0         |  out|   32|   ap_memory|     B_BUF_0_12|         array|
|B_BUF_0_13_address0   |  out|    5|   ap_memory|     B_BUF_0_13|         array|
|B_BUF_0_13_ce0        |  out|    1|   ap_memory|     B_BUF_0_13|         array|
|B_BUF_0_13_we0        |  out|    1|   ap_memory|     B_BUF_0_13|         array|
|B_BUF_0_13_d0         |  out|   32|   ap_memory|     B_BUF_0_13|         array|
|B_BUF_0_14_address0   |  out|    5|   ap_memory|     B_BUF_0_14|         array|
|B_BUF_0_14_ce0        |  out|    1|   ap_memory|     B_BUF_0_14|         array|
|B_BUF_0_14_we0        |  out|    1|   ap_memory|     B_BUF_0_14|         array|
|B_BUF_0_14_d0         |  out|   32|   ap_memory|     B_BUF_0_14|         array|
|B_BUF_0_15_address0   |  out|    5|   ap_memory|     B_BUF_0_15|         array|
|B_BUF_0_15_ce0        |  out|    1|   ap_memory|     B_BUF_0_15|         array|
|B_BUF_0_15_we0        |  out|    1|   ap_memory|     B_BUF_0_15|         array|
|B_BUF_0_15_d0         |  out|   32|   ap_memory|     B_BUF_0_15|         array|
|B_BUF_1_0_address0    |  out|    5|   ap_memory|      B_BUF_1_0|         array|
|B_BUF_1_0_ce0         |  out|    1|   ap_memory|      B_BUF_1_0|         array|
|B_BUF_1_0_we0         |  out|    1|   ap_memory|      B_BUF_1_0|         array|
|B_BUF_1_0_d0          |  out|   32|   ap_memory|      B_BUF_1_0|         array|
|B_BUF_1_1_address0    |  out|    5|   ap_memory|      B_BUF_1_1|         array|
|B_BUF_1_1_ce0         |  out|    1|   ap_memory|      B_BUF_1_1|         array|
|B_BUF_1_1_we0         |  out|    1|   ap_memory|      B_BUF_1_1|         array|
|B_BUF_1_1_d0          |  out|   32|   ap_memory|      B_BUF_1_1|         array|
|B_BUF_1_2_address0    |  out|    5|   ap_memory|      B_BUF_1_2|         array|
|B_BUF_1_2_ce0         |  out|    1|   ap_memory|      B_BUF_1_2|         array|
|B_BUF_1_2_we0         |  out|    1|   ap_memory|      B_BUF_1_2|         array|
|B_BUF_1_2_d0          |  out|   32|   ap_memory|      B_BUF_1_2|         array|
|B_BUF_1_3_address0    |  out|    5|   ap_memory|      B_BUF_1_3|         array|
|B_BUF_1_3_ce0         |  out|    1|   ap_memory|      B_BUF_1_3|         array|
|B_BUF_1_3_we0         |  out|    1|   ap_memory|      B_BUF_1_3|         array|
|B_BUF_1_3_d0          |  out|   32|   ap_memory|      B_BUF_1_3|         array|
|B_BUF_1_4_address0    |  out|    5|   ap_memory|      B_BUF_1_4|         array|
|B_BUF_1_4_ce0         |  out|    1|   ap_memory|      B_BUF_1_4|         array|
|B_BUF_1_4_we0         |  out|    1|   ap_memory|      B_BUF_1_4|         array|
|B_BUF_1_4_d0          |  out|   32|   ap_memory|      B_BUF_1_4|         array|
|B_BUF_1_5_address0    |  out|    5|   ap_memory|      B_BUF_1_5|         array|
|B_BUF_1_5_ce0         |  out|    1|   ap_memory|      B_BUF_1_5|         array|
|B_BUF_1_5_we0         |  out|    1|   ap_memory|      B_BUF_1_5|         array|
|B_BUF_1_5_d0          |  out|   32|   ap_memory|      B_BUF_1_5|         array|
|B_BUF_1_6_address0    |  out|    5|   ap_memory|      B_BUF_1_6|         array|
|B_BUF_1_6_ce0         |  out|    1|   ap_memory|      B_BUF_1_6|         array|
|B_BUF_1_6_we0         |  out|    1|   ap_memory|      B_BUF_1_6|         array|
|B_BUF_1_6_d0          |  out|   32|   ap_memory|      B_BUF_1_6|         array|
|B_BUF_1_7_address0    |  out|    5|   ap_memory|      B_BUF_1_7|         array|
|B_BUF_1_7_ce0         |  out|    1|   ap_memory|      B_BUF_1_7|         array|
|B_BUF_1_7_we0         |  out|    1|   ap_memory|      B_BUF_1_7|         array|
|B_BUF_1_7_d0          |  out|   32|   ap_memory|      B_BUF_1_7|         array|
|B_BUF_1_8_address0    |  out|    5|   ap_memory|      B_BUF_1_8|         array|
|B_BUF_1_8_ce0         |  out|    1|   ap_memory|      B_BUF_1_8|         array|
|B_BUF_1_8_we0         |  out|    1|   ap_memory|      B_BUF_1_8|         array|
|B_BUF_1_8_d0          |  out|   32|   ap_memory|      B_BUF_1_8|         array|
|B_BUF_1_9_address0    |  out|    5|   ap_memory|      B_BUF_1_9|         array|
|B_BUF_1_9_ce0         |  out|    1|   ap_memory|      B_BUF_1_9|         array|
|B_BUF_1_9_we0         |  out|    1|   ap_memory|      B_BUF_1_9|         array|
|B_BUF_1_9_d0          |  out|   32|   ap_memory|      B_BUF_1_9|         array|
|B_BUF_1_10_address0   |  out|    5|   ap_memory|     B_BUF_1_10|         array|
|B_BUF_1_10_ce0        |  out|    1|   ap_memory|     B_BUF_1_10|         array|
|B_BUF_1_10_we0        |  out|    1|   ap_memory|     B_BUF_1_10|         array|
|B_BUF_1_10_d0         |  out|   32|   ap_memory|     B_BUF_1_10|         array|
|B_BUF_1_11_address0   |  out|    5|   ap_memory|     B_BUF_1_11|         array|
|B_BUF_1_11_ce0        |  out|    1|   ap_memory|     B_BUF_1_11|         array|
|B_BUF_1_11_we0        |  out|    1|   ap_memory|     B_BUF_1_11|         array|
|B_BUF_1_11_d0         |  out|   32|   ap_memory|     B_BUF_1_11|         array|
|B_BUF_1_12_address0   |  out|    5|   ap_memory|     B_BUF_1_12|         array|
|B_BUF_1_12_ce0        |  out|    1|   ap_memory|     B_BUF_1_12|         array|
|B_BUF_1_12_we0        |  out|    1|   ap_memory|     B_BUF_1_12|         array|
|B_BUF_1_12_d0         |  out|   32|   ap_memory|     B_BUF_1_12|         array|
|B_BUF_1_13_address0   |  out|    5|   ap_memory|     B_BUF_1_13|         array|
|B_BUF_1_13_ce0        |  out|    1|   ap_memory|     B_BUF_1_13|         array|
|B_BUF_1_13_we0        |  out|    1|   ap_memory|     B_BUF_1_13|         array|
|B_BUF_1_13_d0         |  out|   32|   ap_memory|     B_BUF_1_13|         array|
|B_BUF_1_14_address0   |  out|    5|   ap_memory|     B_BUF_1_14|         array|
|B_BUF_1_14_ce0        |  out|    1|   ap_memory|     B_BUF_1_14|         array|
|B_BUF_1_14_we0        |  out|    1|   ap_memory|     B_BUF_1_14|         array|
|B_BUF_1_14_d0         |  out|   32|   ap_memory|     B_BUF_1_14|         array|
|B_BUF_1_15_address0   |  out|    5|   ap_memory|     B_BUF_1_15|         array|
|B_BUF_1_15_ce0        |  out|    1|   ap_memory|     B_BUF_1_15|         array|
|B_BUF_1_15_we0        |  out|    1|   ap_memory|     B_BUF_1_15|         array|
|B_BUF_1_15_d0         |  out|   32|   ap_memory|     B_BUF_1_15|         array|
+----------------------+-----+-----+------------+---------------+--------------+

