

================================================================
== Vitis HLS Report for 'loader_A_tiles3'
================================================================
* Date:           Sat May 30 23:09:15 2026

* Version:        2023.2 (Build 4023990 on Oct 11 2023)
* Project:        hls_project
* Solution:       gemm2 (Vitis Kernel Flow Target)
* Product family: zynquplus
* Target device:  xczu7ev-ffvc1156-2-e


================================================================
== Performance Estimates
================================================================
+ Timing: 
    * Summary: 
    +--------+---------+----------+------------+
    |  Clock |  Target | Estimated| Uncertainty|
    +--------+---------+----------+------------+
    |ap_clk  |  3.33 ns|  2.846 ns|     0.90 ns|
    +--------+---------+----------+------------+

+ Latency: 
    * Summary: 
    +---------+---------+----------+----------+-----+-----+---------+
    |  Latency (cycles) |  Latency (absolute) |  Interval | Pipeline|
    |   min   |   max   |    min   |    max   | min | max |   Type  |
    +---------+---------+----------+----------+-----+-----+---------+
    |      260|      260|  0.867 us|  0.867 us|  260|  260|       no|
    +---------+---------+----------+----------+-----+-----+---------+

    + Detail: 
        * Instance: 
        N/A

        * Loop: 
        +----------------------------------+---------+---------+----------+-----------+-----------+------+----------+
        |                                  |  Latency (cycles) | Iteration|  Initiation Interval  | Trip |          |
        |             Loop Name            |   min   |   max   |  Latency |  achieved |   target  | Count| Pipelined|
        +----------------------------------+---------+---------+----------+-----------+-----------+------+----------+
        |- VITIS_LOOP_9_1_VITIS_LOOP_10_2  |      258|      258|         4|          1|          1|   256|       yes|
        +----------------------------------+---------+---------+----------+-----------+-----------+------+----------+



================================================================
== Utilization Estimates
================================================================
* Summary: 
+-----------------+---------+------+--------+--------+-----+
|       Name      | BRAM_18K|  DSP |   FF   |   LUT  | URAM|
+-----------------+---------+------+--------+--------+-----+
|DSP              |        -|     -|       -|       -|    -|
|Expression       |        -|     -|       0|     120|    -|
|FIFO             |        -|     -|       -|       -|    -|
|Instance         |        -|     -|       -|       -|    -|
|Memory           |        -|     -|       -|       -|    -|
|Multiplexer      |        -|     -|       -|      99|    -|
|Register         |        -|     -|      68|       -|    -|
+-----------------+---------+------+--------+--------+-----+
|Total            |        0|     0|      68|     219|    0|
+-----------------+---------+------+--------+--------+-----+
|Available        |      624|  1728|  460800|  230400|   96|
+-----------------+---------+------+--------+--------+-----+
|Utilization (%)  |        0|     0|      ~0|      ~0|    0|
+-----------------+---------+------+--------+--------+-----+

+ Detail: 
    * Instance: 
    N/A

    * DSP: 
    N/A

    * Memory: 
    N/A

    * FIFO: 
    N/A

    * Expression: 
    +----------------------------------+----------+----+---+----+------------+------------+
    |           Variable Name          | Operation| DSP| FF| LUT| Bitwidth P0| Bitwidth P1|
    +----------------------------------+----------+----+---+----+------------+------------+
    |add_ln10_fu_194_p2                |         +|   0|  0|  12|           5|           1|
    |add_ln9_1_fu_136_p2               |         +|   0|  0|  16|           9|           1|
    |add_ln9_fu_148_p2                 |         +|   0|  0|  12|           5|           1|
    |ap_condition_177                  |       and|   0|  0|   2|           1|           1|
    |icmp_ln10_fu_154_p2               |      icmp|   0|  0|  13|           5|           6|
    |icmp_ln9_fu_130_p2                |      icmp|   0|  0|  17|           9|          10|
    |ap_block_pp0_stage0_01001         |        or|   0|  0|   2|           1|           1|
    |ap_block_state4_pp0_stage0_iter3  |        or|   0|  0|   2|           1|           1|
    |select_ln13_fu_227_p3             |    select|   0|  0|  32|           1|          32|
    |select_ln9_1_fu_168_p3            |    select|   0|  0|   5|           1|           5|
    |select_ln9_fu_160_p3              |    select|   0|  0|   5|           1|           1|
    |ap_enable_pp0                     |       xor|   0|  0|   2|           1|           2|
    +----------------------------------+----------+----+---+----+------------+------------+
    |Total                             |          |   0|  0| 120|          40|          62|
    +----------------------------------+----------+----+---+----+------------+------------+

    * Multiplexer: 
    +--------------------------------------+----+-----------+-----+-----------+
    |                 Name                 | LUT| Input Size| Bits| Total Bits|
    +--------------------------------------+----+-----------+-----+-----------+
    |A_streams_0_blk_n                     |   9|          2|    1|          2|
    |A_streams_1_blk_n                     |   9|          2|    1|          2|
    |ap_done_int                           |   9|          2|    1|          2|
    |ap_enable_reg_pp0_iter1               |   9|          2|    1|          2|
    |ap_sig_allocacmp_i_load               |   9|          2|    5|         10|
    |ap_sig_allocacmp_indvar_flatten_load  |   9|          2|    9|         18|
    |ap_sig_allocacmp_k_load               |   9|          2|    5|         10|
    |i_fu_64                               |   9|          2|    5|         10|
    |indvar_flatten_fu_68                  |   9|          2|    9|         18|
    |k_fu_60                               |   9|          2|    5|         10|
    |real_start                            |   9|          2|    1|          2|
    +--------------------------------------+----+-----------+-----+-----------+
    |Total                                 |  99|         22|   43|         86|
    +--------------------------------------+----+-----------+-----+-----------+

    * Register: 
    +------------------------------------+----+----+-----+-----------+
    |                Name                | FF | LUT| Bits| Const Bits|
    +------------------------------------+----+----+-----+-----------+
    |ap_CS_fsm                           |   1|   0|    1|          0|
    |ap_done_reg                         |   1|   0|    1|          0|
    |ap_enable_reg_pp0_iter1             |   1|   0|    1|          0|
    |ap_enable_reg_pp0_iter2             |   1|   0|    1|          0|
    |ap_enable_reg_pp0_iter3             |   1|   0|    1|          0|
    |ap_loop_exit_ready_pp0_iter1_reg    |   1|   0|    1|          0|
    |ap_loop_exit_ready_pp0_iter2_reg    |   1|   0|    1|          0|
    |i_fu_64                             |   5|   0|    5|          0|
    |indvar_flatten_fu_68                |   9|   0|    9|          0|
    |k_fu_60                             |   5|   0|    5|          0|
    |lshr_ln_reg_269                     |   3|   0|    3|          0|
    |select_ln13_reg_284                 |  32|   0|   32|          0|
    |start_once_reg                      |   1|   0|    1|          0|
    |trunc_ln10_1_reg_264                |   1|   0|    1|          0|
    |trunc_ln10_1_reg_264_pp0_iter1_reg  |   1|   0|    1|          0|
    |trunc_ln10_reg_259                  |   4|   0|    4|          0|
    +------------------------------------+----+----+-----+-----------+
    |Total                               |  68|   0|   68|          0|
    +------------------------------------+----+----+-----+-----------+



================================================================
== Interface
================================================================
* Summary: 
+----------------------------+-----+-----+------------+-----------------+--------------+
|          RTL Ports         | Dir | Bits|  Protocol  |  Source Object  |    C Type    |
+----------------------------+-----+-----+------------+-----------------+--------------+
|ap_clk                      |   in|    1|  ap_ctrl_hs|  loader_A_tiles3|  return value|
|ap_rst                      |   in|    1|  ap_ctrl_hs|  loader_A_tiles3|  return value|
|ap_start                    |   in|    1|  ap_ctrl_hs|  loader_A_tiles3|  return value|
|start_full_n                |   in|    1|  ap_ctrl_hs|  loader_A_tiles3|  return value|
|ap_done                     |  out|    1|  ap_ctrl_hs|  loader_A_tiles3|  return value|
|ap_continue                 |   in|    1|  ap_ctrl_hs|  loader_A_tiles3|  return value|
|ap_idle                     |  out|    1|  ap_ctrl_hs|  loader_A_tiles3|  return value|
|ap_ready                    |  out|    1|  ap_ctrl_hs|  loader_A_tiles3|  return value|
|start_out                   |  out|    1|  ap_ctrl_hs|  loader_A_tiles3|  return value|
|start_write                 |  out|    1|  ap_ctrl_hs|  loader_A_tiles3|  return value|
|A_streams_0_din             |  out|   32|     ap_fifo|      A_streams_0|       pointer|
|A_streams_0_num_data_valid  |   in|    3|     ap_fifo|      A_streams_0|       pointer|
|A_streams_0_fifo_cap        |   in|    3|     ap_fifo|      A_streams_0|       pointer|
|A_streams_0_full_n          |   in|    1|     ap_fifo|      A_streams_0|       pointer|
|A_streams_0_write           |  out|    1|     ap_fifo|      A_streams_0|       pointer|
|A_streams_1_din             |  out|   32|     ap_fifo|      A_streams_1|       pointer|
|A_streams_1_num_data_valid  |   in|    3|     ap_fifo|      A_streams_1|       pointer|
|A_streams_1_fifo_cap        |   in|    3|     ap_fifo|      A_streams_1|       pointer|
|A_streams_1_full_n          |   in|    1|     ap_fifo|      A_streams_1|       pointer|
|A_streams_1_write           |  out|    1|     ap_fifo|      A_streams_1|       pointer|
|A_0_address0                |  out|    7|   ap_memory|              A_0|         array|
|A_0_ce0                     |  out|    1|   ap_memory|              A_0|         array|
|A_0_q0                      |   in|   32|   ap_memory|              A_0|         array|
|A_1_address0                |  out|    7|   ap_memory|              A_1|         array|
|A_1_ce0                     |  out|    1|   ap_memory|              A_1|         array|
|A_1_q0                      |   in|   32|   ap_memory|              A_1|         array|
+----------------------------+-----+-----+------------+-----------------+--------------+

