

================================================================
== Vitis HLS Report for 'loadInputsFromDRAM'
================================================================
* Date:           Thu Jun 11 13:33:10 2026

* Version:        2023.2 (Build 4023990 on Oct 11 2023)
* Project:        hls_project
* Solution:       gemm2 (Vitis Kernel Flow Target)
* Product family: versalaicore
* Target device:  xcvc1902-vsva2197-2MP-e-S


================================================================
== Performance Estimates
================================================================
+ Timing: 
    * Summary: 
    +--------+---------+----------+------------+
    |  Clock |  Target | Estimated| Uncertainty|
    +--------+---------+----------+------------+
    |ap_clk  |  3.33 ns|  2.433 ns|     0.90 ns|
    +--------+---------+----------+------------+

+ Latency: 
    * Summary: 
    +---------+---------+----------+----------+------+------+---------+
    |  Latency (cycles) |  Latency (absolute) |   Interval  | Pipeline|
    |   min   |   max   |    min   |    max   |  min |  max |   Type  |
    +---------+---------+----------+----------+------+------+---------+
    |     1713|     1713|  5.709 us|  5.709 us|  1713|  1713|       no|
    +---------+---------+----------+----------+------+------+---------+

    + Detail: 
        * Instance: 
        +------------------------------------------------------------------------+-------------------------------------------------------------+---------+---------+----------+----------+------+------+---------+
        |                                                                        |                                                             |  Latency (cycles) |  Latency (absolute) |   Interval  | Pipeline|
        |                                Instance                                |                            Module                           |   min   |   max   |    min   |    max   |  min |  max |   Type  |
        +------------------------------------------------------------------------+-------------------------------------------------------------+---------+---------+----------+----------+------+------+---------+
        |grp_loadInputsFromDRAM_Pipeline_VITIS_LOOP_19_3_VITIS_LOOP_20_4_fu_334  |loadInputsFromDRAM_Pipeline_VITIS_LOOP_19_3_VITIS_LOOP_20_4  |     1026|     1026|  3.420 us|  3.420 us|  1026|  1026|       no|
        +------------------------------------------------------------------------+-------------------------------------------------------------+---------+---------+----------+----------+------+------+---------+

        * Loop: 
        +----------+---------+---------+----------+-----------+-----------+------+----------+
        |          |  Latency (cycles) | Iteration|  Initiation Interval  | Trip |          |
        | Loop Name|   min   |   max   |  Latency |  achieved |   target  | Count| Pipelined|
        +----------+---------+---------+----------+-----------+-----------+------+----------+
        |- load_A  |      544|      544|        17|          -|          -|    32|        no|
        +----------+---------+---------+----------+-----------+-----------+------+----------+



================================================================
== Utilization Estimates
================================================================
* Summary: 
+-----------------+---------+------+---------+--------+-----+
|       Name      | BRAM_18K|  DSP |    FF   |   LUT  | URAM|
+-----------------+---------+------+---------+--------+-----+
|DSP              |        -|     -|        -|       -|    -|
|Expression       |        -|     -|        0|     135|    -|
|FIFO             |        -|     -|        -|       -|    -|
|Instance         |        -|     -|      554|    1059|    -|
|Memory           |        -|     -|        -|       -|    -|
|Multiplexer      |        -|     -|        -|     758|    -|
|Register         |        -|     -|      715|       -|    -|
+-----------------+---------+------+---------+--------+-----+
|Total            |        0|     0|     1269|    1952|    0|
+-----------------+---------+------+---------+--------+-----+
|Available        |     1934|  1968|  1799680|  899840|  463|
+-----------------+---------+------+---------+--------+-----+
|Utilization (%)  |        0|     0|       ~0|      ~0|    0|
+-----------------+---------+------+---------+--------+-----+

+ Detail: 
    * Instance: 
    +------------------------------------------------------------------------+-------------------------------------------------------------+---------+----+-----+------+-----+
    |                                Instance                                |                            Module                           | BRAM_18K| DSP|  FF |  LUT | URAM|
    +------------------------------------------------------------------------+-------------------------------------------------------------+---------+----+-----+------+-----+
    |grp_loadInputsFromDRAM_Pipeline_VITIS_LOOP_19_3_VITIS_LOOP_20_4_fu_334  |loadInputsFromDRAM_Pipeline_VITIS_LOOP_19_3_VITIS_LOOP_20_4  |        0|   0|  554|  1059|    0|
    +------------------------------------------------------------------------+-------------------------------------------------------------+---------+----+-----+------+-----+
    |Total                                                                   |                                                             |        0|   0|  554|  1059|    0|
    +------------------------------------------------------------------------+-------------------------------------------------------------+---------+----+-----+------+-----+

    * DSP: 
    N/A

    * Memory: 
    N/A

    * FIFO: 
    N/A

    * Expression: 
    +----------------------+----------+----+---+----+------------+------------+
    |     Variable Name    | Operation| DSP| FF| LUT| Bitwidth P0| Bitwidth P1|
    +----------------------+----------+----+---+----+------------+------------+
    |add_ln6_fu_386_p2     |         +|   0|  0|   6|           6|           1|
    |ap_block_state72_io   |       and|   0|  0|   2|           1|           1|
    |icmp_ln6_fu_396_p2    |      icmp|   0|  0|   7|           6|           7|
    |or_ln13_10_fu_779_p2  |        or|   0|  0|   8|           9|           4|
    |or_ln13_11_fu_796_p2  |        or|   0|  0|   8|           9|           4|
    |or_ln13_12_fu_813_p2  |        or|   0|  0|   8|           9|           4|
    |or_ln13_13_fu_830_p2  |        or|   0|  0|   8|           9|           4|
    |or_ln13_14_fu_847_p2  |        or|   0|  0|   8|           9|           4|
    |or_ln13_1_fu_626_p2   |        or|   0|  0|   8|           9|           2|
    |or_ln13_2_fu_643_p2   |        or|   0|  0|   8|           9|           2|
    |or_ln13_3_fu_660_p2   |        or|   0|  0|   8|           9|           3|
    |or_ln13_4_fu_677_p2   |        or|   0|  0|   8|           9|           3|
    |or_ln13_5_fu_694_p2   |        or|   0|  0|   8|           9|           3|
    |or_ln13_6_fu_711_p2   |        or|   0|  0|   8|           9|           3|
    |or_ln13_7_fu_728_p2   |        or|   0|  0|   8|           9|           4|
    |or_ln13_8_fu_745_p2   |        or|   0|  0|   8|           9|           4|
    |or_ln13_9_fu_762_p2   |        or|   0|  0|   8|           9|           4|
    |or_ln13_fu_609_p2     |        or|   0|  0|   8|           9|           1|
    +----------------------+----------+----+---+----+------------+------------+
    |Total                 |          |   0|  0| 135|         148|          58|
    +----------------------+----------+----+---+----+------------+------------+

    * Multiplexer: 
    +----------------------+-----+-----------+-----+-----------+
    |         Name         | LUT | Input Size| Bits| Total Bits|
    +----------------------+-----+-----------+-----+-----------+
    |A_BUF_address0        |   99|         17|    9|        153|
    |A_BUF_d0              |  352|         17|   32|        544|
    |ap_NS_fsm             |  170|        161|    1|        161|
    |gmem0_blk_n_AR        |    2|          2|    1|          2|
    |gmem0_blk_n_R         |    2|          2|    1|          2|
    |gmem1_blk_n_AR        |    2|          2|    1|          2|
    |i_fu_166              |    5|          2|    6|         12|
    |m_axi_gmem1_ARADDR    |   64|          3|   64|        192|
    |m_axi_gmem1_ARBURST   |    2|          2|    2|          4|
    |m_axi_gmem1_ARCACHE   |    4|          2|    4|          8|
    |m_axi_gmem1_ARID      |    2|          2|    1|          2|
    |m_axi_gmem1_ARLEN     |   32|          3|   32|         96|
    |m_axi_gmem1_ARLOCK    |    2|          2|    2|          4|
    |m_axi_gmem1_ARPROT    |    3|          2|    3|          6|
    |m_axi_gmem1_ARQOS     |    4|          2|    4|          8|
    |m_axi_gmem1_ARREGION  |    4|          2|    4|          8|
    |m_axi_gmem1_ARSIZE    |    3|          2|    3|          6|
    |m_axi_gmem1_ARUSER    |    2|          2|    1|          2|
    |m_axi_gmem1_ARVALID   |    2|          3|    1|          3|
    |m_axi_gmem1_RREADY    |    2|          2|    1|          2|
    +----------------------+-----+-----------+-----+-----------+
    |Total                 |  758|        232|  173|       1217|
    +----------------------+-----+-----------+-----+-----------+

    * Register: 
    +-------------------------------------------------------------------------------------+-----+----+-----+-----------+
    |                                         Name                                        |  FF | LUT| Bits| Const Bits|
    +-------------------------------------------------------------------------------------+-----+----+-----+-----------+
    |ap_CS_fsm                                                                            |  160|   0|  160|          0|
    |grp_loadInputsFromDRAM_Pipeline_VITIS_LOOP_19_3_VITIS_LOOP_20_4_fu_334_ap_start_reg  |    1|   0|    1|          0|
    |i_fu_166                                                                             |    6|   0|    6|          0|
    |tmp_reg_903                                                                          |    5|   0|    9|          4|
    |trunc_ln10_10_reg_982                                                                |   32|   0|   32|          0|
    |trunc_ln10_11_reg_988                                                                |   32|   0|   32|          0|
    |trunc_ln10_12_reg_994                                                                |   32|   0|   32|          0|
    |trunc_ln10_13_reg_1000                                                               |   32|   0|   32|          0|
    |trunc_ln10_14_reg_1006                                                               |   32|   0|   32|          0|
    |trunc_ln10_1_reg_922                                                                 |   32|   0|   32|          0|
    |trunc_ln10_2_reg_928                                                                 |   32|   0|   32|          0|
    |trunc_ln10_3_reg_934                                                                 |   32|   0|   32|          0|
    |trunc_ln10_4_reg_940                                                                 |   32|   0|   32|          0|
    |trunc_ln10_5_reg_946                                                                 |   32|   0|   32|          0|
    |trunc_ln10_6_reg_952                                                                 |   32|   0|   32|          0|
    |trunc_ln10_7_reg_958                                                                 |   32|   0|   32|          0|
    |trunc_ln10_8_reg_964                                                                 |   32|   0|   32|          0|
    |trunc_ln10_9_reg_970                                                                 |   32|   0|   32|          0|
    |trunc_ln10_s_reg_976                                                                 |   32|   0|   32|          0|
    |trunc_ln19_1_reg_893                                                                 |   58|   0|   58|          0|
    |trunc_ln6_1_reg_885                                                                  |    5|   0|    5|          0|
    +-------------------------------------------------------------------------------------+-----+----+-----+-----------+
    |Total                                                                                |  715|   0|  719|          4|
    +-------------------------------------------------------------------------------------+-----+----+-----+-----------+



================================================================
== Interface
================================================================
* Summary: 
+----------------------+-----+-----+------------+--------------------+--------------+
|       RTL Ports      | Dir | Bits|  Protocol  |    Source Object   |    C Type    |
+----------------------+-----+-----+------------+--------------------+--------------+
|ap_clk                |   in|    1|  ap_ctrl_hs|  loadInputsFromDRAM|  return value|
|ap_rst                |   in|    1|  ap_ctrl_hs|  loadInputsFromDRAM|  return value|
|ap_start              |   in|    1|  ap_ctrl_hs|  loadInputsFromDRAM|  return value|
|ap_done               |  out|    1|  ap_ctrl_hs|  loadInputsFromDRAM|  return value|
|ap_idle               |  out|    1|  ap_ctrl_hs|  loadInputsFromDRAM|  return value|
|ap_ready              |  out|    1|  ap_ctrl_hs|  loadInputsFromDRAM|  return value|
|m_axi_gmem0_AWVALID   |  out|    1|       m_axi|               gmem0|       pointer|
|m_axi_gmem0_AWREADY   |   in|    1|       m_axi|               gmem0|       pointer|
|m_axi_gmem0_AWADDR    |  out|   64|       m_axi|               gmem0|       pointer|
|m_axi_gmem0_AWID      |  out|    1|       m_axi|               gmem0|       pointer|
|m_axi_gmem0_AWLEN     |  out|   32|       m_axi|               gmem0|       pointer|
|m_axi_gmem0_AWSIZE    |  out|    3|       m_axi|               gmem0|       pointer|
|m_axi_gmem0_AWBURST   |  out|    2|       m_axi|               gmem0|       pointer|
|m_axi_gmem0_AWLOCK    |  out|    2|       m_axi|               gmem0|       pointer|
|m_axi_gmem0_AWCACHE   |  out|    4|       m_axi|               gmem0|       pointer|
|m_axi_gmem0_AWPROT    |  out|    3|       m_axi|               gmem0|       pointer|
|m_axi_gmem0_AWQOS     |  out|    4|       m_axi|               gmem0|       pointer|
|m_axi_gmem0_AWREGION  |  out|    4|       m_axi|               gmem0|       pointer|
|m_axi_gmem0_AWUSER    |  out|    1|       m_axi|               gmem0|       pointer|
|m_axi_gmem0_WVALID    |  out|    1|       m_axi|               gmem0|       pointer|
|m_axi_gmem0_WREADY    |   in|    1|       m_axi|               gmem0|       pointer|
|m_axi_gmem0_WDATA     |  out|  512|       m_axi|               gmem0|       pointer|
|m_axi_gmem0_WSTRB     |  out|   64|       m_axi|               gmem0|       pointer|
|m_axi_gmem0_WLAST     |  out|    1|       m_axi|               gmem0|       pointer|
|m_axi_gmem0_WID       |  out|    1|       m_axi|               gmem0|       pointer|
|m_axi_gmem0_WUSER     |  out|    1|       m_axi|               gmem0|       pointer|
|m_axi_gmem0_ARVALID   |  out|    1|       m_axi|               gmem0|       pointer|
|m_axi_gmem0_ARREADY   |   in|    1|       m_axi|               gmem0|       pointer|
|m_axi_gmem0_ARADDR    |  out|   64|       m_axi|               gmem0|       pointer|
|m_axi_gmem0_ARID      |  out|    1|       m_axi|               gmem0|       pointer|
|m_axi_gmem0_ARLEN     |  out|   32|       m_axi|               gmem0|       pointer|
|m_axi_gmem0_ARSIZE    |  out|    3|       m_axi|               gmem0|       pointer|
|m_axi_gmem0_ARBURST   |  out|    2|       m_axi|               gmem0|       pointer|
|m_axi_gmem0_ARLOCK    |  out|    2|       m_axi|               gmem0|       pointer|
|m_axi_gmem0_ARCACHE   |  out|    4|       m_axi|               gmem0|       pointer|
|m_axi_gmem0_ARPROT    |  out|    3|       m_axi|               gmem0|       pointer|
|m_axi_gmem0_ARQOS     |  out|    4|       m_axi|               gmem0|       pointer|
|m_axi_gmem0_ARREGION  |  out|    4|       m_axi|               gmem0|       pointer|
|m_axi_gmem0_ARUSER    |  out|    1|       m_axi|               gmem0|       pointer|
|m_axi_gmem0_RVALID    |   in|    1|       m_axi|               gmem0|       pointer|
|m_axi_gmem0_RREADY    |  out|    1|       m_axi|               gmem0|       pointer|
|m_axi_gmem0_RDATA     |   in|  512|       m_axi|               gmem0|       pointer|
|m_axi_gmem0_RLAST     |   in|    1|       m_axi|               gmem0|       pointer|
|m_axi_gmem0_RID       |   in|    1|       m_axi|               gmem0|       pointer|
|m_axi_gmem0_RFIFONUM  |   in|    9|       m_axi|               gmem0|       pointer|
|m_axi_gmem0_RUSER     |   in|    1|       m_axi|               gmem0|       pointer|
|m_axi_gmem0_RRESP     |   in|    2|       m_axi|               gmem0|       pointer|
|m_axi_gmem0_BVALID    |   in|    1|       m_axi|               gmem0|       pointer|
|m_axi_gmem0_BREADY    |  out|    1|       m_axi|               gmem0|       pointer|
|m_axi_gmem0_BRESP     |   in|    2|       m_axi|               gmem0|       pointer|
|m_axi_gmem0_BID       |   in|    1|       m_axi|               gmem0|       pointer|
|m_axi_gmem0_BUSER     |   in|    1|       m_axi|               gmem0|       pointer|
|A_DRAM                |   in|   64|     ap_none|              A_DRAM|        scalar|
|m_axi_gmem1_AWVALID   |  out|    1|       m_axi|               gmem1|       pointer|
|m_axi_gmem1_AWREADY   |   in|    1|       m_axi|               gmem1|       pointer|
|m_axi_gmem1_AWADDR    |  out|   64|       m_axi|               gmem1|       pointer|
|m_axi_gmem1_AWID      |  out|    1|       m_axi|               gmem1|       pointer|
|m_axi_gmem1_AWLEN     |  out|   32|       m_axi|               gmem1|       pointer|
|m_axi_gmem1_AWSIZE    |  out|    3|       m_axi|               gmem1|       pointer|
|m_axi_gmem1_AWBURST   |  out|    2|       m_axi|               gmem1|       pointer|
|m_axi_gmem1_AWLOCK    |  out|    2|       m_axi|               gmem1|       pointer|
|m_axi_gmem1_AWCACHE   |  out|    4|       m_axi|               gmem1|       pointer|
|m_axi_gmem1_AWPROT    |  out|    3|       m_axi|               gmem1|       pointer|
|m_axi_gmem1_AWQOS     |  out|    4|       m_axi|               gmem1|       pointer|
|m_axi_gmem1_AWREGION  |  out|    4|       m_axi|               gmem1|       pointer|
|m_axi_gmem1_AWUSER    |  out|    1|       m_axi|               gmem1|       pointer|
|m_axi_gmem1_WVALID    |  out|    1|       m_axi|               gmem1|       pointer|
|m_axi_gmem1_WREADY    |   in|    1|       m_axi|               gmem1|       pointer|
|m_axi_gmem1_WDATA     |  out|  512|       m_axi|               gmem1|       pointer|
|m_axi_gmem1_WSTRB     |  out|   64|       m_axi|               gmem1|       pointer|
|m_axi_gmem1_WLAST     |  out|    1|       m_axi|               gmem1|       pointer|
|m_axi_gmem1_WID       |  out|    1|       m_axi|               gmem1|       pointer|
|m_axi_gmem1_WUSER     |  out|    1|       m_axi|               gmem1|       pointer|
|m_axi_gmem1_ARVALID   |  out|    1|       m_axi|               gmem1|       pointer|
|m_axi_gmem1_ARREADY   |   in|    1|       m_axi|               gmem1|       pointer|
|m_axi_gmem1_ARADDR    |  out|   64|       m_axi|               gmem1|       pointer|
|m_axi_gmem1_ARID      |  out|    1|       m_axi|               gmem1|       pointer|
|m_axi_gmem1_ARLEN     |  out|   32|       m_axi|               gmem1|       pointer|
|m_axi_gmem1_ARSIZE    |  out|    3|       m_axi|               gmem1|       pointer|
|m_axi_gmem1_ARBURST   |  out|    2|       m_axi|               gmem1|       pointer|
|m_axi_gmem1_ARLOCK    |  out|    2|       m_axi|               gmem1|       pointer|
|m_axi_gmem1_ARCACHE   |  out|    4|       m_axi|               gmem1|       pointer|
|m_axi_gmem1_ARPROT    |  out|    3|       m_axi|               gmem1|       pointer|
|m_axi_gmem1_ARQOS     |  out|    4|       m_axi|               gmem1|       pointer|
|m_axi_gmem1_ARREGION  |  out|    4|       m_axi|               gmem1|       pointer|
|m_axi_gmem1_ARUSER    |  out|    1|       m_axi|               gmem1|       pointer|
|m_axi_gmem1_RVALID    |   in|    1|       m_axi|               gmem1|       pointer|
|m_axi_gmem1_RREADY    |  out|    1|       m_axi|               gmem1|       pointer|
|m_axi_gmem1_RDATA     |   in|  512|       m_axi|               gmem1|       pointer|
|m_axi_gmem1_RLAST     |   in|    1|       m_axi|               gmem1|       pointer|
|m_axi_gmem1_RID       |   in|    1|       m_axi|               gmem1|       pointer|
|m_axi_gmem1_RFIFONUM  |   in|    9|       m_axi|               gmem1|       pointer|
|m_axi_gmem1_RUSER     |   in|    1|       m_axi|               gmem1|       pointer|
|m_axi_gmem1_RRESP     |   in|    2|       m_axi|               gmem1|       pointer|
|m_axi_gmem1_BVALID    |   in|    1|       m_axi|               gmem1|       pointer|
|m_axi_gmem1_BREADY    |  out|    1|       m_axi|               gmem1|       pointer|
|m_axi_gmem1_BRESP     |   in|    2|       m_axi|               gmem1|       pointer|
|m_axi_gmem1_BID       |   in|    1|       m_axi|               gmem1|       pointer|
|m_axi_gmem1_BUSER     |   in|    1|       m_axi|               gmem1|       pointer|
|B_DRAM                |   in|   64|     ap_none|              B_DRAM|        scalar|
|A_BUF_address0        |  out|    9|   ap_memory|               A_BUF|         array|
|A_BUF_ce0             |  out|    1|   ap_memory|               A_BUF|         array|
|A_BUF_we0             |  out|    1|   ap_memory|               A_BUF|         array|
|A_BUF_d0              |  out|   32|   ap_memory|               A_BUF|         array|
|B_BUF_0_address0      |  out|    9|   ap_memory|             B_BUF_0|         array|
|B_BUF_0_ce0           |  out|    1|   ap_memory|             B_BUF_0|         array|
|B_BUF_0_we0           |  out|    1|   ap_memory|             B_BUF_0|         array|
|B_BUF_0_d0            |  out|   32|   ap_memory|             B_BUF_0|         array|
|B_BUF_1_address0      |  out|    9|   ap_memory|             B_BUF_1|         array|
|B_BUF_1_ce0           |  out|    1|   ap_memory|             B_BUF_1|         array|
|B_BUF_1_we0           |  out|    1|   ap_memory|             B_BUF_1|         array|
|B_BUF_1_d0            |  out|   32|   ap_memory|             B_BUF_1|         array|
+----------------------+-----+-----+------------+--------------------+--------------+

