

================================================================
== Vitis HLS Report for 'loader_C_tile_316'
================================================================
* Date:           Sat May 30 23:09:16 2026

* Version:        2023.2 (Build 4023990 on Oct 11 2023)
* Project:        hls_project
* Solution:       gemm2 (Vitis Kernel Flow Target)
* Product family: zynquplus
* Target device:  xczu7ev-ffvc1156-2-e


================================================================
== Performance Estimates
================================================================
+ Timing: 
    * Summary: 
    +--------+---------+----------+------------+
    |  Clock |  Target | Estimated| Uncertainty|
    +--------+---------+----------+------------+
    |ap_clk  |  3.33 ns|  2.800 ns|     0.90 ns|
    +--------+---------+----------+------------+

+ Latency: 
    * Summary: 
    +---------+---------+----------+----------+-----+-----+---------+
    |  Latency (cycles) |  Latency (absolute) |  Interval | Pipeline|
    |   min   |   max   |    min   |    max   | min | max |   Type  |
    +---------+---------+----------+----------+-----+-----+---------+
    |      514|      514|  1.713 us|  1.713 us|  514|  514|       no|
    +---------+---------+----------+----------+-----+-----+---------+

    + Detail: 
        * Instance: 
        N/A

        * Loop: 
        +-----------------------------------+---------+---------+----------+-----------+-----------+------+----------+
        |                                   |  Latency (cycles) | Iteration|  Initiation Interval  | Trip |          |
        |             Loop Name             |   min   |   max   |  Latency |  achieved |   target  | Count| Pipelined|
        +-----------------------------------+---------+---------+----------+-----------+-----------+------+----------+
        |- VITIS_LOOP_37_1_VITIS_LOOP_38_2  |      512|      512|         2|          1|          1|   512|       yes|
        +-----------------------------------+---------+---------+----------+-----------+-----------+------+----------+



================================================================
== Utilization Estimates
================================================================
* Summary: 
+-----------------+---------+------+--------+--------+-----+
|       Name      | BRAM_18K|  DSP |   FF   |   LUT  | URAM|
+-----------------+---------+------+--------+--------+-----+
|DSP              |        -|     -|       -|       -|    -|
|Expression       |        -|     -|       0|     109|    -|
|FIFO             |        -|     -|       -|       -|    -|
|Instance         |        -|     -|       -|       -|    -|
|Memory           |        -|     -|       -|       -|    -|
|Multiplexer      |        -|     -|       -|      81|    -|
|Register         |        -|     -|      65|       -|    -|
+-----------------+---------+------+--------+--------+-----+
|Total            |        0|     0|      65|     190|    0|
+-----------------+---------+------+--------+--------+-----+
|Available        |      624|  1728|  460800|  230400|   96|
+-----------------+---------+------+--------+--------+-----+
|Utilization (%)  |        0|     0|      ~0|      ~0|    0|
+-----------------+---------+------+--------+--------+-----+

+ Detail: 
    * Instance: 
    N/A

    * DSP: 
    N/A

    * Memory: 
    N/A

    * FIFO: 
    N/A

    * Expression: 
    +----------------------------------+----------+----+---+----+------------+------------+
    |           Variable Name          | Operation| DSP| FF| LUT| Bitwidth P0| Bitwidth P1|
    +----------------------------------+----------+----+---+----+------------+------------+
    |add_ln37_2_fu_111_p2              |         +|   0|  0|  17|          10|           1|
    |add_ln37_fu_123_p2                |         +|   0|  0|  12|           5|           1|
    |add_ln38_fu_173_p2                |         +|   0|  0|  13|           6|           1|
    |add_ln41_fu_167_p2                |         +|   0|  0|  16|           9|           9|
    |ap_condition_113                  |       and|   0|  0|   2|           1|           1|
    |icmp_ln37_fu_105_p2               |      icmp|   0|  0|  18|          10|          11|
    |icmp_ln38_fu_129_p2               |      icmp|   0|  0|  14|           6|           7|
    |ap_block_pp0_stage0_11001         |        or|   0|  0|   2|           1|           1|
    |ap_block_state1_pp0_stage0_iter0  |        or|   0|  0|   2|           1|           1|
    |select_ln37_2_fu_143_p3           |    select|   0|  0|   5|           1|           5|
    |select_ln37_fu_135_p3             |    select|   0|  0|   6|           1|           1|
    |ap_enable_pp0                     |       xor|   0|  0|   2|           1|           2|
    +----------------------------------+----------+----+---+----+------------+------------+
    |Total                             |          |   0|  0| 109|          52|          41|
    +----------------------------------+----------+----+---+----+------------+------------+

    * Multiplexer: 
    +--------------------------------------+----+-----------+-----+-----------+
    |                 Name                 | LUT| Input Size| Bits| Total Bits|
    +--------------------------------------+----+-----------+-----+-----------+
    |C_streams_1_blk_n                     |   9|          2|    1|          2|
    |ap_done_int                           |   9|          2|    1|          2|
    |ap_enable_reg_pp0_iter1               |   9|          2|    1|          2|
    |ap_sig_allocacmp_i_load               |   9|          2|    5|         10|
    |ap_sig_allocacmp_indvar_flatten_load  |   9|          2|   10|         20|
    |ap_sig_allocacmp_j_load               |   9|          2|    6|         12|
    |i_fu_60                               |   9|          2|    5|         10|
    |indvar_flatten_fu_64                  |   9|          2|   10|         20|
    |j_fu_56                               |   9|          2|    6|         12|
    +--------------------------------------+----+-----------+-----+-----------+
    |Total                                 |  81|         18|   45|         90|
    +--------------------------------------+----+-----------+-----+-----------+

    * Register: 
    +--------------------------+----+----+-----+-----------+
    |           Name           | FF | LUT| Bits| Const Bits|
    +--------------------------+----+----+-----+-----------+
    |C_streams_1_read_reg_227  |  32|   0|   32|          0|
    |add_ln41_reg_222          |   9|   0|    9|          0|
    |ap_CS_fsm                 |   1|   0|    1|          0|
    |ap_done_reg               |   1|   0|    1|          0|
    |ap_enable_reg_pp0_iter1   |   1|   0|    1|          0|
    |i_fu_60                   |   5|   0|    5|          0|
    |indvar_flatten_fu_64      |  10|   0|   10|          0|
    |j_fu_56                   |   6|   0|    6|          0|
    +--------------------------+----+----+-----+-----------+
    |Total                     |  65|   0|   65|          0|
    +--------------------------+----+----+-----+-----------+



================================================================
== Interface
================================================================
* Summary: 
+----------------------------+-----+-----+------------+-------------------+--------------+
|          RTL Ports         | Dir | Bits|  Protocol  |   Source Object   |    C Type    |
+----------------------------+-----+-----+------------+-------------------+--------------+
|ap_clk                      |   in|    1|  ap_ctrl_hs|  loader_C_tile.316|  return value|
|ap_rst                      |   in|    1|  ap_ctrl_hs|  loader_C_tile.316|  return value|
|ap_start                    |   in|    1|  ap_ctrl_hs|  loader_C_tile.316|  return value|
|ap_done                     |  out|    1|  ap_ctrl_hs|  loader_C_tile.316|  return value|
|ap_continue                 |   in|    1|  ap_ctrl_hs|  loader_C_tile.316|  return value|
|ap_idle                     |  out|    1|  ap_ctrl_hs|  loader_C_tile.316|  return value|
|ap_ready                    |  out|    1|  ap_ctrl_hs|  loader_C_tile.316|  return value|
|C_streams_1_dout            |   in|   32|     ap_fifo|        C_streams_1|       pointer|
|C_streams_1_num_data_valid  |   in|    3|     ap_fifo|        C_streams_1|       pointer|
|C_streams_1_fifo_cap        |   in|    3|     ap_fifo|        C_streams_1|       pointer|
|C_streams_1_empty_n         |   in|    1|     ap_fifo|        C_streams_1|       pointer|
|C_streams_1_read            |  out|    1|     ap_fifo|        C_streams_1|       pointer|
|C_address0                  |  out|    9|   ap_memory|                  C|         array|
|C_ce0                       |  out|    1|   ap_memory|                  C|         array|
|C_we0                       |  out|    1|   ap_memory|                  C|         array|
|C_d0                        |  out|   32|   ap_memory|                  C|         array|
+----------------------------+-----+-----+------------+-------------------+--------------+

