

================================================================
== Vitis HLS Report for 'loadTileAFromDRAM2'
================================================================
* Date:           Sun Jun 14 13:11:42 2026

* Version:        2023.2 (Build 4023990 on Oct 11 2023)
* Project:        hls_project
* Solution:       gemm2 (Vitis Kernel Flow Target)
* Product family: versalaicore
* Target device:  xcvc1902-vsva2197-2MP-e-S


================================================================
== Performance Estimates
================================================================
+ Timing: 
    * Summary: 
    +--------+---------+----------+------------+
    |  Clock |  Target | Estimated| Uncertainty|
    +--------+---------+----------+------------+
    |ap_clk  |  3.33 ns|  2.433 ns|     0.90 ns|
    +--------+---------+----------+------------+

+ Latency: 
    * Summary: 
    +---------+---------+----------+----------+-----+-----+---------+
    |  Latency (cycles) |  Latency (absolute) |  Interval | Pipeline|
    |   min   |   max   |    min   |    max   | min | max |   Type  |
    +---------+---------+----------+----------+-----+-----+---------+
    |      216|      216|  0.720 us|  0.720 us|  216|  216|       no|
    +---------+---------+----------+----------+-----+-----+---------+

    + Detail: 
        * Instance: 
        N/A

        * Loop: 
        +---------------+---------+---------+----------+-----------+-----------+------+----------+
        |               |  Latency (cycles) | Iteration|  Initiation Interval  | Trip |          |
        |   Loop Name   |   min   |   max   |  Latency |  achieved |   target  | Count| Pipelined|
        +---------------+---------+---------+----------+-----------+-----------+------+----------+
        |- load_tile_A  |      144|      144|         9|          -|          -|    16|        no|
        +---------------+---------+---------+----------+-----------+-----------+------+----------+



================================================================
== Utilization Estimates
================================================================
* Summary: 
+-----------------+---------+------+---------+--------+-----+
|       Name      | BRAM_18K|  DSP |    FF   |   LUT  | URAM|
+-----------------+---------+------+---------+--------+-----+
|DSP              |        -|     -|        -|       -|    -|
|Expression       |        -|     -|        0|     126|    -|
|FIFO             |        -|     -|        -|       -|    -|
|Instance         |        -|     -|        -|       -|    -|
|Memory           |        -|     -|        -|       -|    -|
|Multiplexer      |        -|     -|        -|     489|    -|
|Register         |        -|     -|      543|       -|    -|
+-----------------+---------+------+---------+--------+-----+
|Total            |        0|     0|      543|     615|    0|
+-----------------+---------+------+---------+--------+-----+
|Available        |     1934|  1968|  1799680|  899840|  463|
+-----------------+---------+------+---------+--------+-----+
|Utilization (%)  |        0|     0|       ~0|      ~0|    0|
+-----------------+---------+------+---------+--------+-----+

+ Detail: 
    * Instance: 
    N/A

    * DSP: 
    N/A

    * Memory: 
    N/A

    * FIFO: 
    N/A

    * Expression: 
    +---------------------+----------+----+---+----+------------+------------+
    |    Variable Name    | Operation| DSP| FF| LUT| Bitwidth P0| Bitwidth P1|
    +---------------------+----------+----+---+----+------------+------------+
    |add_ln6_1_fu_396_p2  |         +|   0|  0|   5|           5|           1|
    |add_ln6_fu_363_p2    |         +|   0|  0|  64|          64|          64|
    |icmp_ln6_fu_406_p2   |      icmp|   0|  0|   6|           5|           6|
    |ap_block_state1      |        or|   0|  0|   2|           1|           1|
    |or_ln12_1_fu_634_p2  |        or|   0|  0|   7|           7|           2|
    |or_ln12_2_fu_659_p2  |        or|   0|  0|   7|           7|           2|
    |or_ln12_3_fu_684_p2  |        or|   0|  0|   7|           7|           3|
    |or_ln12_4_fu_709_p2  |        or|   0|  0|   7|           7|           3|
    |or_ln12_5_fu_734_p2  |        or|   0|  0|   7|           7|           3|
    |or_ln12_6_fu_759_p2  |        or|   0|  0|   7|           7|           3|
    |or_ln12_fu_609_p2    |        or|   0|  0|   7|           7|           1|
    +---------------------+----------+----+---+----+------------+------------+
    |Total                |          |   0|  0| 126|         124|          89|
    +---------------------+----------+----+---+----+------------+------------+

    * Multiplexer: 
    +-------------------+-----+-----------+-----+-----------+
    |        Name       | LUT | Input Size| Bits| Total Bits|
    +-------------------+-----+-----------+-----+-----------+
    |A_TILE_1_address0  |   35|          9|    7|         63|
    |A_TILE_1_d0        |  160|          9|   32|        288|
    |A_TILE_address0    |   35|          9|    7|         63|
    |A_TILE_d0          |  160|          9|   32|        288|
    |ap_NS_fsm          |   86|         82|    1|         82|
    |ap_done            |    2|          2|    1|          2|
    |gmem0_blk_n_AR     |    2|          2|    1|          2|
    |gmem0_blk_n_R      |    2|          2|    1|          2|
    |i_fu_160           |    5|          2|    5|         10|
    |tileA_c_blk_n      |    2|          2|    1|          2|
    +-------------------+-----+-----------+-----+-----------+
    |Total              |  489|        128|   88|        802|
    +-------------------+-----+-----------+-----+-----------+

    * Register: 
    +------------------------+----+----+-----+-----------+
    |          Name          | FF | LUT| Bits| Const Bits|
    +------------------------+----+----+-----+-----------+
    |ap_CS_fsm               |  81|   0|   81|          0|
    |ap_done_reg             |   1|   0|    1|          0|
    |i_fu_160                |   5|   0|    5|          0|
    |tmp_i_reg_813           |   4|   0|    7|          3|
    |trunc_ln6_reg_805       |   4|   0|    4|          0|
    |trunc_ln9_10_i_reg_878  |  32|   0|   32|          0|
    |trunc_ln9_11_i_reg_884  |  32|   0|   32|          0|
    |trunc_ln9_12_i_reg_890  |  32|   0|   32|          0|
    |trunc_ln9_13_i_reg_896  |  32|   0|   32|          0|
    |trunc_ln9_14_i_reg_902  |  32|   0|   32|          0|
    |trunc_ln9_2_i_reg_824   |  32|   0|   32|          0|
    |trunc_ln9_3_i_reg_830   |  32|   0|   32|          0|
    |trunc_ln9_4_i_reg_836   |  32|   0|   32|          0|
    |trunc_ln9_5_i_reg_842   |  32|   0|   32|          0|
    |trunc_ln9_6_i_reg_848   |  32|   0|   32|          0|
    |trunc_ln9_7_i_reg_854   |  32|   0|   32|          0|
    |trunc_ln9_8_i_reg_860   |  32|   0|   32|          0|
    |trunc_ln9_9_i_reg_866   |  32|   0|   32|          0|
    |trunc_ln9_i_reg_872     |  32|   0|   32|          0|
    +------------------------+----+----+-----+-----------+
    |Total                   | 543|   0|  546|          3|
    +------------------------+----+----+-----+-----------+



================================================================
== Interface
================================================================
* Summary: 
+------------------------+-----+-----+------------+--------------------+--------------+
|        RTL Ports       | Dir | Bits|  Protocol  |    Source Object   |    C Type    |
+------------------------+-----+-----+------------+--------------------+--------------+
|ap_clk                  |   in|    1|  ap_ctrl_hs|  loadTileAFromDRAM2|  return value|
|ap_rst                  |   in|    1|  ap_ctrl_hs|  loadTileAFromDRAM2|  return value|
|ap_start                |   in|    1|  ap_ctrl_hs|  loadTileAFromDRAM2|  return value|
|ap_done                 |  out|    1|  ap_ctrl_hs|  loadTileAFromDRAM2|  return value|
|ap_continue             |   in|    1|  ap_ctrl_hs|  loadTileAFromDRAM2|  return value|
|ap_idle                 |  out|    1|  ap_ctrl_hs|  loadTileAFromDRAM2|  return value|
|ap_ready                |  out|    1|  ap_ctrl_hs|  loadTileAFromDRAM2|  return value|
|m_axi_gmem0_AWVALID     |  out|    1|       m_axi|               gmem0|       pointer|
|m_axi_gmem0_AWREADY     |   in|    1|       m_axi|               gmem0|       pointer|
|m_axi_gmem0_AWADDR      |  out|   64|       m_axi|               gmem0|       pointer|
|m_axi_gmem0_AWID        |  out|    1|       m_axi|               gmem0|       pointer|
|m_axi_gmem0_AWLEN       |  out|   32|       m_axi|               gmem0|       pointer|
|m_axi_gmem0_AWSIZE      |  out|    3|       m_axi|               gmem0|       pointer|
|m_axi_gmem0_AWBURST     |  out|    2|       m_axi|               gmem0|       pointer|
|m_axi_gmem0_AWLOCK      |  out|    2|       m_axi|               gmem0|       pointer|
|m_axi_gmem0_AWCACHE     |  out|    4|       m_axi|               gmem0|       pointer|
|m_axi_gmem0_AWPROT      |  out|    3|       m_axi|               gmem0|       pointer|
|m_axi_gmem0_AWQOS       |  out|    4|       m_axi|               gmem0|       pointer|
|m_axi_gmem0_AWREGION    |  out|    4|       m_axi|               gmem0|       pointer|
|m_axi_gmem0_AWUSER      |  out|    1|       m_axi|               gmem0|       pointer|
|m_axi_gmem0_WVALID      |  out|    1|       m_axi|               gmem0|       pointer|
|m_axi_gmem0_WREADY      |   in|    1|       m_axi|               gmem0|       pointer|
|m_axi_gmem0_WDATA       |  out|  512|       m_axi|               gmem0|       pointer|
|m_axi_gmem0_WSTRB       |  out|   64|       m_axi|               gmem0|       pointer|
|m_axi_gmem0_WLAST       |  out|    1|       m_axi|               gmem0|       pointer|
|m_axi_gmem0_WID         |  out|    1|       m_axi|               gmem0|       pointer|
|m_axi_gmem0_WUSER       |  out|    1|       m_axi|               gmem0|       pointer|
|m_axi_gmem0_ARVALID     |  out|    1|       m_axi|               gmem0|       pointer|
|m_axi_gmem0_ARREADY     |   in|    1|       m_axi|               gmem0|       pointer|
|m_axi_gmem0_ARADDR      |  out|   64|       m_axi|               gmem0|       pointer|
|m_axi_gmem0_ARID        |  out|    1|       m_axi|               gmem0|       pointer|
|m_axi_gmem0_ARLEN       |  out|   32|       m_axi|               gmem0|       pointer|
|m_axi_gmem0_ARSIZE      |  out|    3|       m_axi|               gmem0|       pointer|
|m_axi_gmem0_ARBURST     |  out|    2|       m_axi|               gmem0|       pointer|
|m_axi_gmem0_ARLOCK      |  out|    2|       m_axi|               gmem0|       pointer|
|m_axi_gmem0_ARCACHE     |  out|    4|       m_axi|               gmem0|       pointer|
|m_axi_gmem0_ARPROT      |  out|    3|       m_axi|               gmem0|       pointer|
|m_axi_gmem0_ARQOS       |  out|    4|       m_axi|               gmem0|       pointer|
|m_axi_gmem0_ARREGION    |  out|    4|       m_axi|               gmem0|       pointer|
|m_axi_gmem0_ARUSER      |  out|    1|       m_axi|               gmem0|       pointer|
|m_axi_gmem0_RVALID      |   in|    1|       m_axi|               gmem0|       pointer|
|m_axi_gmem0_RREADY      |  out|    1|       m_axi|               gmem0|       pointer|
|m_axi_gmem0_RDATA       |   in|  512|       m_axi|               gmem0|       pointer|
|m_axi_gmem0_RLAST       |   in|    1|       m_axi|               gmem0|       pointer|
|m_axi_gmem0_RID         |   in|    1|       m_axi|               gmem0|       pointer|
|m_axi_gmem0_RFIFONUM    |   in|    9|       m_axi|               gmem0|       pointer|
|m_axi_gmem0_RUSER       |   in|    1|       m_axi|               gmem0|       pointer|
|m_axi_gmem0_RRESP       |   in|    2|       m_axi|               gmem0|       pointer|
|m_axi_gmem0_BVALID      |   in|    1|       m_axi|               gmem0|       pointer|
|m_axi_gmem0_BREADY      |  out|    1|       m_axi|               gmem0|       pointer|
|m_axi_gmem0_BRESP       |   in|    2|       m_axi|               gmem0|       pointer|
|m_axi_gmem0_BID         |   in|    1|       m_axi|               gmem0|       pointer|
|m_axi_gmem0_BUSER       |   in|    1|       m_axi|               gmem0|       pointer|
|A_DRAM                  |   in|   64|     ap_none|              A_DRAM|        scalar|
|A_TILE_1_address0       |  out|    7|   ap_memory|            A_TILE_1|         array|
|A_TILE_1_ce0            |  out|    1|   ap_memory|            A_TILE_1|         array|
|A_TILE_1_we0            |  out|    1|   ap_memory|            A_TILE_1|         array|
|A_TILE_1_d0             |  out|   32|   ap_memory|            A_TILE_1|         array|
|A_TILE_address0         |  out|    7|   ap_memory|              A_TILE|         array|
|A_TILE_ce0              |  out|    1|   ap_memory|              A_TILE|         array|
|A_TILE_we0              |  out|    1|   ap_memory|              A_TILE|         array|
|A_TILE_d0               |  out|   32|   ap_memory|              A_TILE|         array|
|tileA                   |   in|    1|     ap_none|               tileA|        scalar|
|tileA_c_din             |  out|    1|     ap_fifo|             tileA_c|       pointer|
|tileA_c_num_data_valid  |   in|    4|     ap_fifo|             tileA_c|       pointer|
|tileA_c_fifo_cap        |   in|    4|     ap_fifo|             tileA_c|       pointer|
|tileA_c_full_n          |   in|    1|     ap_fifo|             tileA_c|       pointer|
|tileA_c_write           |  out|    1|     ap_fifo|             tileA_c|       pointer|
+------------------------+-----+-----+------------+--------------------+--------------+

