

================================================================
== Vitis HLS Report for 'loader_B_tile_19'
================================================================
* Date:           Fri Jul  3 13:55:37 2026

* Version:        2023.2 (Build 4023990 on Oct 11 2023)
* Project:        hls_project
* Solution:       gemm2 (Vitis Kernel Flow Target)
* Product family: versalaicore
* Target device:  xcvc1902-vsva2197-2MP-e-S


================================================================
== Performance Estimates
================================================================
+ Timing: 
    * Summary: 
    +--------+---------+----------+------------+
    |  Clock |  Target | Estimated| Uncertainty|
    +--------+---------+----------+------------+
    |ap_clk  |  3.33 ns|  2.559 ns|     0.90 ns|
    +--------+---------+----------+------------+

+ Latency: 
    * Summary: 
    +---------+---------+----------+----------+-----+-----+---------+
    |  Latency (cycles) |  Latency (absolute) |  Interval | Pipeline|
    |   min   |   max   |    min   |    max   | min | max |   Type  |
    +---------+---------+----------+----------+-----+-----+---------+
    |      258|      258|  0.860 us|  0.860 us|  258|  258|       no|
    +---------+---------+----------+----------+-----+-----+---------+

    + Detail: 
        * Instance: 
        N/A

        * Loop: 
        +-----------------------------------+---------+---------+----------+-----------+-----------+------+----------+
        |                                   |  Latency (cycles) | Iteration|  Initiation Interval  | Trip |          |
        |             Loop Name             |   min   |   max   |  Latency |  achieved |   target  | Count| Pipelined|
        +-----------------------------------+---------+---------+----------+-----------+-----------+------+----------+
        |- VITIS_LOOP_20_1_VITIS_LOOP_21_2  |      256|      256|         2|          1|          1|   256|       yes|
        +-----------------------------------+---------+---------+----------+-----------+-----------+------+----------+



================================================================
== Utilization Estimates
================================================================
* Summary: 
+-----------------+---------+------+---------+--------+-----+
|       Name      | BRAM_18K|  DSP |    FF   |   LUT  | URAM|
+-----------------+---------+------+---------+--------+-----+
|DSP              |        -|     -|        -|       -|    -|
|Expression       |        -|     -|        0|      43|    -|
|FIFO             |        -|     -|        -|       -|    -|
|Instance         |        -|     -|        0|    5120|    -|
|Memory           |        -|     -|        -|       -|    -|
|Multiplexer      |        -|     -|        -|      94|    -|
|Register         |        -|     -|     1041|       -|    -|
+-----------------+---------+------+---------+--------+-----+
|Total            |        0|     0|     1041|    5257|    0|
+-----------------+---------+------+---------+--------+-----+
|Available        |     1934|  1968|  1799680|  899840|  463|
+-----------------+---------+------+---------+--------+-----+
|Utilization (%)  |        0|     0|       ~0|      ~0|    0|
+-----------------+---------+------+---------+--------+-----+

+ Detail: 
    * Instance: 
    +-----------------------------+-----------------------+---------+----+---+-----+-----+
    |           Instance          |         Module        | BRAM_18K| DSP| FF| LUT | URAM|
    +-----------------------------+-----------------------+---------+----+---+-----+-----+
    |sparsemux_33_4_32_1_1_U4209  |sparsemux_33_4_32_1_1  |        0|   0|  0|  160|    0|
    |sparsemux_33_4_32_1_1_U4210  |sparsemux_33_4_32_1_1  |        0|   0|  0|  160|    0|
    |sparsemux_33_4_32_1_1_U4211  |sparsemux_33_4_32_1_1  |        0|   0|  0|  160|    0|
    |sparsemux_33_4_32_1_1_U4212  |sparsemux_33_4_32_1_1  |        0|   0|  0|  160|    0|
    |sparsemux_33_4_32_1_1_U4213  |sparsemux_33_4_32_1_1  |        0|   0|  0|  160|    0|
    |sparsemux_33_4_32_1_1_U4214  |sparsemux_33_4_32_1_1  |        0|   0|  0|  160|    0|
    |sparsemux_33_4_32_1_1_U4215  |sparsemux_33_4_32_1_1  |        0|   0|  0|  160|    0|
    |sparsemux_33_4_32_1_1_U4216  |sparsemux_33_4_32_1_1  |        0|   0|  0|  160|    0|
    |sparsemux_33_4_32_1_1_U4217  |sparsemux_33_4_32_1_1  |        0|   0|  0|  160|    0|
    |sparsemux_33_4_32_1_1_U4218  |sparsemux_33_4_32_1_1  |        0|   0|  0|  160|    0|
    |sparsemux_33_4_32_1_1_U4219  |sparsemux_33_4_32_1_1  |        0|   0|  0|  160|    0|
    |sparsemux_33_4_32_1_1_U4220  |sparsemux_33_4_32_1_1  |        0|   0|  0|  160|    0|
    |sparsemux_33_4_32_1_1_U4221  |sparsemux_33_4_32_1_1  |        0|   0|  0|  160|    0|
    |sparsemux_33_4_32_1_1_U4222  |sparsemux_33_4_32_1_1  |        0|   0|  0|  160|    0|
    |sparsemux_33_4_32_1_1_U4223  |sparsemux_33_4_32_1_1  |        0|   0|  0|  160|    0|
    |sparsemux_33_4_32_1_1_U4224  |sparsemux_33_4_32_1_1  |        0|   0|  0|  160|    0|
    |sparsemux_33_4_32_1_1_U4225  |sparsemux_33_4_32_1_1  |        0|   0|  0|  160|    0|
    |sparsemux_33_4_32_1_1_U4226  |sparsemux_33_4_32_1_1  |        0|   0|  0|  160|    0|
    |sparsemux_33_4_32_1_1_U4227  |sparsemux_33_4_32_1_1  |        0|   0|  0|  160|    0|
    |sparsemux_33_4_32_1_1_U4228  |sparsemux_33_4_32_1_1  |        0|   0|  0|  160|    0|
    |sparsemux_33_4_32_1_1_U4229  |sparsemux_33_4_32_1_1  |        0|   0|  0|  160|    0|
    |sparsemux_33_4_32_1_1_U4230  |sparsemux_33_4_32_1_1  |        0|   0|  0|  160|    0|
    |sparsemux_33_4_32_1_1_U4231  |sparsemux_33_4_32_1_1  |        0|   0|  0|  160|    0|
    |sparsemux_33_4_32_1_1_U4232  |sparsemux_33_4_32_1_1  |        0|   0|  0|  160|    0|
    |sparsemux_33_4_32_1_1_U4233  |sparsemux_33_4_32_1_1  |        0|   0|  0|  160|    0|
    |sparsemux_33_4_32_1_1_U4234  |sparsemux_33_4_32_1_1  |        0|   0|  0|  160|    0|
    |sparsemux_33_4_32_1_1_U4235  |sparsemux_33_4_32_1_1  |        0|   0|  0|  160|    0|
    |sparsemux_33_4_32_1_1_U4236  |sparsemux_33_4_32_1_1  |        0|   0|  0|  160|    0|
    |sparsemux_33_4_32_1_1_U4237  |sparsemux_33_4_32_1_1  |        0|   0|  0|  160|    0|
    |sparsemux_33_4_32_1_1_U4238  |sparsemux_33_4_32_1_1  |        0|   0|  0|  160|    0|
    |sparsemux_33_4_32_1_1_U4239  |sparsemux_33_4_32_1_1  |        0|   0|  0|  160|    0|
    |sparsemux_33_4_32_1_1_U4240  |sparsemux_33_4_32_1_1  |        0|   0|  0|  160|    0|
    +-----------------------------+-----------------------+---------+----+---+-----+-----+
    |Total                        |                       |        0|   0|  0| 5120|    0|
    +-----------------------------+-----------------------+---------+----+---+-----+-----+

    * DSP: 
    N/A

    * Memory: 
    N/A

    * FIFO: 
    N/A

    * Expression: 
    +----------------------------------+----------+----+---+----+------------+------------+
    |           Variable Name          | Operation| DSP| FF| LUT| Bitwidth P0| Bitwidth P1|
    +----------------------------------+----------+----+---+----+------------+------------+
    |add_ln20_fu_5524_p2               |         +|   0|  0|   9|           9|           1|
    |add_ln21_fu_7864_p2               |         +|   0|  0|   5|           5|           1|
    |ap_condition_936                  |       and|   0|  0|   2|           1|           1|
    |icmp_ln20_fu_5530_p2              |      icmp|   0|  0|  10|           9|          10|
    |icmp_ln21_fu_5542_p2              |      icmp|   0|  0|   6|           5|           6|
    |ap_block_pp0_stage0_01001         |        or|   0|  0|   2|           1|           1|
    |ap_block_state2_pp0_stage0_iter1  |        or|   0|  0|   2|           1|           1|
    |select_ln20_fu_5548_p3            |    select|   0|  0|   5|           1|           1|
    |ap_enable_pp0                     |       xor|   0|  0|   2|           1|           2|
    +----------------------------------+----------+----+---+----+------------+------------+
    |Total                             |          |   0|  0|  43|          33|          24|
    +----------------------------------+----------+----+---+----+------------+------------+

    * Multiplexer: 
    +--------------------------------------+----+-----------+-----+-----------+
    |                 Name                 | LUT| Input Size| Bits| Total Bits|
    +--------------------------------------+----+-----------+-----+-----------+
    |B_streams_1_0_blk_n                   |   2|          2|    1|          2|
    |B_streams_1_10_blk_n                  |   2|          2|    1|          2|
    |B_streams_1_11_blk_n                  |   2|          2|    1|          2|
    |B_streams_1_12_blk_n                  |   2|          2|    1|          2|
    |B_streams_1_13_blk_n                  |   2|          2|    1|          2|
    |B_streams_1_14_blk_n                  |   2|          2|    1|          2|
    |B_streams_1_15_blk_n                  |   2|          2|    1|          2|
    |B_streams_1_16_blk_n                  |   2|          2|    1|          2|
    |B_streams_1_17_blk_n                  |   2|          2|    1|          2|
    |B_streams_1_18_blk_n                  |   2|          2|    1|          2|
    |B_streams_1_19_blk_n                  |   2|          2|    1|          2|
    |B_streams_1_1_blk_n                   |   2|          2|    1|          2|
    |B_streams_1_20_blk_n                  |   2|          2|    1|          2|
    |B_streams_1_21_blk_n                  |   2|          2|    1|          2|
    |B_streams_1_22_blk_n                  |   2|          2|    1|          2|
    |B_streams_1_23_blk_n                  |   2|          2|    1|          2|
    |B_streams_1_24_blk_n                  |   2|          2|    1|          2|
    |B_streams_1_25_blk_n                  |   2|          2|    1|          2|
    |B_streams_1_26_blk_n                  |   2|          2|    1|          2|
    |B_streams_1_27_blk_n                  |   2|          2|    1|          2|
    |B_streams_1_28_blk_n                  |   2|          2|    1|          2|
    |B_streams_1_29_blk_n                  |   2|          2|    1|          2|
    |B_streams_1_2_blk_n                   |   2|          2|    1|          2|
    |B_streams_1_30_blk_n                  |   2|          2|    1|          2|
    |B_streams_1_31_blk_n                  |   2|          2|    1|          2|
    |B_streams_1_3_blk_n                   |   2|          2|    1|          2|
    |B_streams_1_4_blk_n                   |   2|          2|    1|          2|
    |B_streams_1_5_blk_n                   |   2|          2|    1|          2|
    |B_streams_1_6_blk_n                   |   2|          2|    1|          2|
    |B_streams_1_7_blk_n                   |   2|          2|    1|          2|
    |B_streams_1_8_blk_n                   |   2|          2|    1|          2|
    |B_streams_1_9_blk_n                   |   2|          2|    1|          2|
    |ap_done_int                           |   2|          2|    1|          2|
    |ap_enable_reg_pp0_iter1               |   2|          2|    1|          2|
    |ap_sig_allocacmp_indvar_flatten_load  |   8|          2|    9|         18|
    |ap_sig_allocacmp_k_load               |   5|          2|    5|         10|
    |indvar_flatten_fu_1170                |   8|          2|    9|         18|
    |k_fu_1166                             |   5|          2|    5|         10|
    +--------------------------------------+----+-----------+-----+-----------+
    |Total                                 |  94|         76|   62|        124|
    +--------------------------------------+----+-----------+-----+-----------+

    * Register: 
    +-------------------------+----+----+-----+-----------+
    |           Name          | FF | LUT| Bits| Const Bits|
    +-------------------------+----+----+-----+-----------+
    |ap_CS_fsm                |   1|   0|    1|          0|
    |ap_done_reg              |   1|   0|    1|          0|
    |ap_enable_reg_pp0_iter1  |   1|   0|    1|          0|
    |indvar_flatten_fu_1170   |   9|   0|    9|          0|
    |k_fu_1166                |   5|   0|    5|          0|
    |tmp_10_reg_8079          |  32|   0|   32|          0|
    |tmp_11_reg_8085          |  32|   0|   32|          0|
    |tmp_12_reg_8091          |  32|   0|   32|          0|
    |tmp_13_reg_8097          |  32|   0|   32|          0|
    |tmp_14_reg_8103          |  32|   0|   32|          0|
    |tmp_15_reg_8109          |  32|   0|   32|          0|
    |tmp_16_reg_8115          |  32|   0|   32|          0|
    |tmp_17_reg_8121          |  32|   0|   32|          0|
    |tmp_18_reg_8127          |  32|   0|   32|          0|
    |tmp_19_reg_8133          |  32|   0|   32|          0|
    |tmp_1_reg_8025           |  32|   0|   32|          0|
    |tmp_20_reg_8139          |  32|   0|   32|          0|
    |tmp_21_reg_8145          |  32|   0|   32|          0|
    |tmp_22_reg_8151          |  32|   0|   32|          0|
    |tmp_23_reg_8157          |  32|   0|   32|          0|
    |tmp_24_reg_8163          |  32|   0|   32|          0|
    |tmp_25_reg_8169          |  32|   0|   32|          0|
    |tmp_26_reg_8175          |  32|   0|   32|          0|
    |tmp_27_reg_8181          |  32|   0|   32|          0|
    |tmp_28_reg_8187          |  32|   0|   32|          0|
    |tmp_29_reg_8193          |  32|   0|   32|          0|
    |tmp_2_reg_8031           |  32|   0|   32|          0|
    |tmp_30_reg_8199          |  32|   0|   32|          0|
    |tmp_3_reg_8037           |  32|   0|   32|          0|
    |tmp_4_reg_8043           |  32|   0|   32|          0|
    |tmp_5_reg_8049           |  32|   0|   32|          0|
    |tmp_6_reg_8055           |  32|   0|   32|          0|
    |tmp_7_reg_8061           |  32|   0|   32|          0|
    |tmp_8_reg_8067           |  32|   0|   32|          0|
    |tmp_9_reg_8073           |  32|   0|   32|          0|
    |tmp_reg_8013             |  32|   0|   32|          0|
    |tmp_s_reg_8019           |  32|   0|   32|          0|
    +-------------------------+----+----+-----+-----------+
    |Total                    |1041|   0| 1041|          0|
    +-------------------------+----+----+-----+-----------+



================================================================
== Interface
================================================================
* Summary: 
+-------------------------------+-----+-----+------------+------------------+--------------+
|           RTL Ports           | Dir | Bits|  Protocol  |   Source Object  |    C Type    |
+-------------------------------+-----+-----+------------+------------------+--------------+
|ap_clk                         |   in|    1|  ap_ctrl_hs|  loader_B_tile.19|  return value|
|ap_rst                         |   in|    1|  ap_ctrl_hs|  loader_B_tile.19|  return value|
|ap_start                       |   in|    1|  ap_ctrl_hs|  loader_B_tile.19|  return value|
|ap_done                        |  out|    1|  ap_ctrl_hs|  loader_B_tile.19|  return value|
|ap_continue                    |   in|    1|  ap_ctrl_hs|  loader_B_tile.19|  return value|
|ap_idle                        |  out|    1|  ap_ctrl_hs|  loader_B_tile.19|  return value|
|ap_ready                       |  out|    1|  ap_ctrl_hs|  loader_B_tile.19|  return value|
|B_streams_1_0_din              |  out|   32|     ap_fifo|     B_streams_1_0|       pointer|
|B_streams_1_0_num_data_valid   |   in|    3|     ap_fifo|     B_streams_1_0|       pointer|
|B_streams_1_0_fifo_cap         |   in|    3|     ap_fifo|     B_streams_1_0|       pointer|
|B_streams_1_0_full_n           |   in|    1|     ap_fifo|     B_streams_1_0|       pointer|
|B_streams_1_0_write            |  out|    1|     ap_fifo|     B_streams_1_0|       pointer|
|B_streams_1_1_din              |  out|   32|     ap_fifo|     B_streams_1_1|       pointer|
|B_streams_1_1_num_data_valid   |   in|    3|     ap_fifo|     B_streams_1_1|       pointer|
|B_streams_1_1_fifo_cap         |   in|    3|     ap_fifo|     B_streams_1_1|       pointer|
|B_streams_1_1_full_n           |   in|    1|     ap_fifo|     B_streams_1_1|       pointer|
|B_streams_1_1_write            |  out|    1|     ap_fifo|     B_streams_1_1|       pointer|
|B_streams_1_2_din              |  out|   32|     ap_fifo|     B_streams_1_2|       pointer|
|B_streams_1_2_num_data_valid   |   in|    3|     ap_fifo|     B_streams_1_2|       pointer|
|B_streams_1_2_fifo_cap         |   in|    3|     ap_fifo|     B_streams_1_2|       pointer|
|B_streams_1_2_full_n           |   in|    1|     ap_fifo|     B_streams_1_2|       pointer|
|B_streams_1_2_write            |  out|    1|     ap_fifo|     B_streams_1_2|       pointer|
|B_streams_1_3_din              |  out|   32|     ap_fifo|     B_streams_1_3|       pointer|
|B_streams_1_3_num_data_valid   |   in|    3|     ap_fifo|     B_streams_1_3|       pointer|
|B_streams_1_3_fifo_cap         |   in|    3|     ap_fifo|     B_streams_1_3|       pointer|
|B_streams_1_3_full_n           |   in|    1|     ap_fifo|     B_streams_1_3|       pointer|
|B_streams_1_3_write            |  out|    1|     ap_fifo|     B_streams_1_3|       pointer|
|B_streams_1_4_din              |  out|   32|     ap_fifo|     B_streams_1_4|       pointer|
|B_streams_1_4_num_data_valid   |   in|    3|     ap_fifo|     B_streams_1_4|       pointer|
|B_streams_1_4_fifo_cap         |   in|    3|     ap_fifo|     B_streams_1_4|       pointer|
|B_streams_1_4_full_n           |   in|    1|     ap_fifo|     B_streams_1_4|       pointer|
|B_streams_1_4_write            |  out|    1|     ap_fifo|     B_streams_1_4|       pointer|
|B_streams_1_5_din              |  out|   32|     ap_fifo|     B_streams_1_5|       pointer|
|B_streams_1_5_num_data_valid   |   in|    3|     ap_fifo|     B_streams_1_5|       pointer|
|B_streams_1_5_fifo_cap         |   in|    3|     ap_fifo|     B_streams_1_5|       pointer|
|B_streams_1_5_full_n           |   in|    1|     ap_fifo|     B_streams_1_5|       pointer|
|B_streams_1_5_write            |  out|    1|     ap_fifo|     B_streams_1_5|       pointer|
|B_streams_1_6_din              |  out|   32|     ap_fifo|     B_streams_1_6|       pointer|
|B_streams_1_6_num_data_valid   |   in|    3|     ap_fifo|     B_streams_1_6|       pointer|
|B_streams_1_6_fifo_cap         |   in|    3|     ap_fifo|     B_streams_1_6|       pointer|
|B_streams_1_6_full_n           |   in|    1|     ap_fifo|     B_streams_1_6|       pointer|
|B_streams_1_6_write            |  out|    1|     ap_fifo|     B_streams_1_6|       pointer|
|B_streams_1_7_din              |  out|   32|     ap_fifo|     B_streams_1_7|       pointer|
|B_streams_1_7_num_data_valid   |   in|    3|     ap_fifo|     B_streams_1_7|       pointer|
|B_streams_1_7_fifo_cap         |   in|    3|     ap_fifo|     B_streams_1_7|       pointer|
|B_streams_1_7_full_n           |   in|    1|     ap_fifo|     B_streams_1_7|       pointer|
|B_streams_1_7_write            |  out|    1|     ap_fifo|     B_streams_1_7|       pointer|
|B_streams_1_8_din              |  out|   32|     ap_fifo|     B_streams_1_8|       pointer|
|B_streams_1_8_num_data_valid   |   in|    3|     ap_fifo|     B_streams_1_8|       pointer|
|B_streams_1_8_fifo_cap         |   in|    3|     ap_fifo|     B_streams_1_8|       pointer|
|B_streams_1_8_full_n           |   in|    1|     ap_fifo|     B_streams_1_8|       pointer|
|B_streams_1_8_write            |  out|    1|     ap_fifo|     B_streams_1_8|       pointer|
|B_streams_1_9_din              |  out|   32|     ap_fifo|     B_streams_1_9|       pointer|
|B_streams_1_9_num_data_valid   |   in|    3|     ap_fifo|     B_streams_1_9|       pointer|
|B_streams_1_9_fifo_cap         |   in|    3|     ap_fifo|     B_streams_1_9|       pointer|
|B_streams_1_9_full_n           |   in|    1|     ap_fifo|     B_streams_1_9|       pointer|
|B_streams_1_9_write            |  out|    1|     ap_fifo|     B_streams_1_9|       pointer|
|B_streams_1_10_din             |  out|   32|     ap_fifo|    B_streams_1_10|       pointer|
|B_streams_1_10_num_data_valid  |   in|    3|     ap_fifo|    B_streams_1_10|       pointer|
|B_streams_1_10_fifo_cap        |   in|    3|     ap_fifo|    B_streams_1_10|       pointer|
|B_streams_1_10_full_n          |   in|    1|     ap_fifo|    B_streams_1_10|       pointer|
|B_streams_1_10_write           |  out|    1|     ap_fifo|    B_streams_1_10|       pointer|
|B_streams_1_11_din             |  out|   32|     ap_fifo|    B_streams_1_11|       pointer|
|B_streams_1_11_num_data_valid  |   in|    3|     ap_fifo|    B_streams_1_11|       pointer|
|B_streams_1_11_fifo_cap        |   in|    3|     ap_fifo|    B_streams_1_11|       pointer|
|B_streams_1_11_full_n          |   in|    1|     ap_fifo|    B_streams_1_11|       pointer|
|B_streams_1_11_write           |  out|    1|     ap_fifo|    B_streams_1_11|       pointer|
|B_streams_1_12_din             |  out|   32|     ap_fifo|    B_streams_1_12|       pointer|
|B_streams_1_12_num_data_valid  |   in|    3|     ap_fifo|    B_streams_1_12|       pointer|
|B_streams_1_12_fifo_cap        |   in|    3|     ap_fifo|    B_streams_1_12|       pointer|
|B_streams_1_12_full_n          |   in|    1|     ap_fifo|    B_streams_1_12|       pointer|
|B_streams_1_12_write           |  out|    1|     ap_fifo|    B_streams_1_12|       pointer|
|B_streams_1_13_din             |  out|   32|     ap_fifo|    B_streams_1_13|       pointer|
|B_streams_1_13_num_data_valid  |   in|    3|     ap_fifo|    B_streams_1_13|       pointer|
|B_streams_1_13_fifo_cap        |   in|    3|     ap_fifo|    B_streams_1_13|       pointer|
|B_streams_1_13_full_n          |   in|    1|     ap_fifo|    B_streams_1_13|       pointer|
|B_streams_1_13_write           |  out|    1|     ap_fifo|    B_streams_1_13|       pointer|
|B_streams_1_14_din             |  out|   32|     ap_fifo|    B_streams_1_14|       pointer|
|B_streams_1_14_num_data_valid  |   in|    3|     ap_fifo|    B_streams_1_14|       pointer|
|B_streams_1_14_fifo_cap        |   in|    3|     ap_fifo|    B_streams_1_14|       pointer|
|B_streams_1_14_full_n          |   in|    1|     ap_fifo|    B_streams_1_14|       pointer|
|B_streams_1_14_write           |  out|    1|     ap_fifo|    B_streams_1_14|       pointer|
|B_streams_1_15_din             |  out|   32|     ap_fifo|    B_streams_1_15|       pointer|
|B_streams_1_15_num_data_valid  |   in|    3|     ap_fifo|    B_streams_1_15|       pointer|
|B_streams_1_15_fifo_cap        |   in|    3|     ap_fifo|    B_streams_1_15|       pointer|
|B_streams_1_15_full_n          |   in|    1|     ap_fifo|    B_streams_1_15|       pointer|
|B_streams_1_15_write           |  out|    1|     ap_fifo|    B_streams_1_15|       pointer|
|B_streams_1_16_din             |  out|   32|     ap_fifo|    B_streams_1_16|       pointer|
|B_streams_1_16_num_data_valid  |   in|    3|     ap_fifo|    B_streams_1_16|       pointer|
|B_streams_1_16_fifo_cap        |   in|    3|     ap_fifo|    B_streams_1_16|       pointer|
|B_streams_1_16_full_n          |   in|    1|     ap_fifo|    B_streams_1_16|       pointer|
|B_streams_1_16_write           |  out|    1|     ap_fifo|    B_streams_1_16|       pointer|
|B_streams_1_17_din             |  out|   32|     ap_fifo|    B_streams_1_17|       pointer|
|B_streams_1_17_num_data_valid  |   in|    3|     ap_fifo|    B_streams_1_17|       pointer|
|B_streams_1_17_fifo_cap        |   in|    3|     ap_fifo|    B_streams_1_17|       pointer|
|B_streams_1_17_full_n          |   in|    1|     ap_fifo|    B_streams_1_17|       pointer|
|B_streams_1_17_write           |  out|    1|     ap_fifo|    B_streams_1_17|       pointer|
|B_streams_1_18_din             |  out|   32|     ap_fifo|    B_streams_1_18|       pointer|
|B_streams_1_18_num_data_valid  |   in|    3|     ap_fifo|    B_streams_1_18|       pointer|
|B_streams_1_18_fifo_cap        |   in|    3|     ap_fifo|    B_streams_1_18|       pointer|
|B_streams_1_18_full_n          |   in|    1|     ap_fifo|    B_streams_1_18|       pointer|
|B_streams_1_18_write           |  out|    1|     ap_fifo|    B_streams_1_18|       pointer|
|B_streams_1_19_din             |  out|   32|     ap_fifo|    B_streams_1_19|       pointer|
|B_streams_1_19_num_data_valid  |   in|    3|     ap_fifo|    B_streams_1_19|       pointer|
|B_streams_1_19_fifo_cap        |   in|    3|     ap_fifo|    B_streams_1_19|       pointer|
|B_streams_1_19_full_n          |   in|    1|     ap_fifo|    B_streams_1_19|       pointer|
|B_streams_1_19_write           |  out|    1|     ap_fifo|    B_streams_1_19|       pointer|
|B_streams_1_20_din             |  out|   32|     ap_fifo|    B_streams_1_20|       pointer|
|B_streams_1_20_num_data_valid  |   in|    3|     ap_fifo|    B_streams_1_20|       pointer|
|B_streams_1_20_fifo_cap        |   in|    3|     ap_fifo|    B_streams_1_20|       pointer|
|B_streams_1_20_full_n          |   in|    1|     ap_fifo|    B_streams_1_20|       pointer|
|B_streams_1_20_write           |  out|    1|     ap_fifo|    B_streams_1_20|       pointer|
|B_streams_1_21_din             |  out|   32|     ap_fifo|    B_streams_1_21|       pointer|
|B_streams_1_21_num_data_valid  |   in|    3|     ap_fifo|    B_streams_1_21|       pointer|
|B_streams_1_21_fifo_cap        |   in|    3|     ap_fifo|    B_streams_1_21|       pointer|
|B_streams_1_21_full_n          |   in|    1|     ap_fifo|    B_streams_1_21|       pointer|
|B_streams_1_21_write           |  out|    1|     ap_fifo|    B_streams_1_21|       pointer|
|B_streams_1_22_din             |  out|   32|     ap_fifo|    B_streams_1_22|       pointer|
|B_streams_1_22_num_data_valid  |   in|    3|     ap_fifo|    B_streams_1_22|       pointer|
|B_streams_1_22_fifo_cap        |   in|    3|     ap_fifo|    B_streams_1_22|       pointer|
|B_streams_1_22_full_n          |   in|    1|     ap_fifo|    B_streams_1_22|       pointer|
|B_streams_1_22_write           |  out|    1|     ap_fifo|    B_streams_1_22|       pointer|
|B_streams_1_23_din             |  out|   32|     ap_fifo|    B_streams_1_23|       pointer|
|B_streams_1_23_num_data_valid  |   in|    3|     ap_fifo|    B_streams_1_23|       pointer|
|B_streams_1_23_fifo_cap        |   in|    3|     ap_fifo|    B_streams_1_23|       pointer|
|B_streams_1_23_full_n          |   in|    1|     ap_fifo|    B_streams_1_23|       pointer|
|B_streams_1_23_write           |  out|    1|     ap_fifo|    B_streams_1_23|       pointer|
|B_streams_1_24_din             |  out|   32|     ap_fifo|    B_streams_1_24|       pointer|
|B_streams_1_24_num_data_valid  |   in|    3|     ap_fifo|    B_streams_1_24|       pointer|
|B_streams_1_24_fifo_cap        |   in|    3|     ap_fifo|    B_streams_1_24|       pointer|
|B_streams_1_24_full_n          |   in|    1|     ap_fifo|    B_streams_1_24|       pointer|
|B_streams_1_24_write           |  out|    1|     ap_fifo|    B_streams_1_24|       pointer|
|B_streams_1_25_din             |  out|   32|     ap_fifo|    B_streams_1_25|       pointer|
|B_streams_1_25_num_data_valid  |   in|    3|     ap_fifo|    B_streams_1_25|       pointer|
|B_streams_1_25_fifo_cap        |   in|    3|     ap_fifo|    B_streams_1_25|       pointer|
|B_streams_1_25_full_n          |   in|    1|     ap_fifo|    B_streams_1_25|       pointer|
|B_streams_1_25_write           |  out|    1|     ap_fifo|    B_streams_1_25|       pointer|
|B_streams_1_26_din             |  out|   32|     ap_fifo|    B_streams_1_26|       pointer|
|B_streams_1_26_num_data_valid  |   in|    3|     ap_fifo|    B_streams_1_26|       pointer|
|B_streams_1_26_fifo_cap        |   in|    3|     ap_fifo|    B_streams_1_26|       pointer|
|B_streams_1_26_full_n          |   in|    1|     ap_fifo|    B_streams_1_26|       pointer|
|B_streams_1_26_write           |  out|    1|     ap_fifo|    B_streams_1_26|       pointer|
|B_streams_1_27_din             |  out|   32|     ap_fifo|    B_streams_1_27|       pointer|
|B_streams_1_27_num_data_valid  |   in|    3|     ap_fifo|    B_streams_1_27|       pointer|
|B_streams_1_27_fifo_cap        |   in|    3|     ap_fifo|    B_streams_1_27|       pointer|
|B_streams_1_27_full_n          |   in|    1|     ap_fifo|    B_streams_1_27|       pointer|
|B_streams_1_27_write           |  out|    1|     ap_fifo|    B_streams_1_27|       pointer|
|B_streams_1_28_din             |  out|   32|     ap_fifo|    B_streams_1_28|       pointer|
|B_streams_1_28_num_data_valid  |   in|    3|     ap_fifo|    B_streams_1_28|       pointer|
|B_streams_1_28_fifo_cap        |   in|    3|     ap_fifo|    B_streams_1_28|       pointer|
|B_streams_1_28_full_n          |   in|    1|     ap_fifo|    B_streams_1_28|       pointer|
|B_streams_1_28_write           |  out|    1|     ap_fifo|    B_streams_1_28|       pointer|
|B_streams_1_29_din             |  out|   32|     ap_fifo|    B_streams_1_29|       pointer|
|B_streams_1_29_num_data_valid  |   in|    3|     ap_fifo|    B_streams_1_29|       pointer|
|B_streams_1_29_fifo_cap        |   in|    3|     ap_fifo|    B_streams_1_29|       pointer|
|B_streams_1_29_full_n          |   in|    1|     ap_fifo|    B_streams_1_29|       pointer|
|B_streams_1_29_write           |  out|    1|     ap_fifo|    B_streams_1_29|       pointer|
|B_streams_1_30_din             |  out|   32|     ap_fifo|    B_streams_1_30|       pointer|
|B_streams_1_30_num_data_valid  |   in|    3|     ap_fifo|    B_streams_1_30|       pointer|
|B_streams_1_30_fifo_cap        |   in|    3|     ap_fifo|    B_streams_1_30|       pointer|
|B_streams_1_30_full_n          |   in|    1|     ap_fifo|    B_streams_1_30|       pointer|
|B_streams_1_30_write           |  out|    1|     ap_fifo|    B_streams_1_30|       pointer|
|B_streams_1_31_din             |  out|   32|     ap_fifo|    B_streams_1_31|       pointer|
|B_streams_1_31_num_data_valid  |   in|    3|     ap_fifo|    B_streams_1_31|       pointer|
|B_streams_1_31_fifo_cap        |   in|    3|     ap_fifo|    B_streams_1_31|       pointer|
|B_streams_1_31_full_n          |   in|    1|     ap_fifo|    B_streams_1_31|       pointer|
|B_streams_1_31_write           |  out|    1|     ap_fifo|    B_streams_1_31|       pointer|
|B_TILE_0_0                     |   in|   32|   ap_stable|        B_TILE_0_0|       pointer|
|B_TILE_0_1                     |   in|   32|   ap_stable|        B_TILE_0_1|       pointer|
|B_TILE_0_2                     |   in|   32|   ap_stable|        B_TILE_0_2|       pointer|
|B_TILE_0_3                     |   in|   32|   ap_stable|        B_TILE_0_3|       pointer|
|B_TILE_0_4                     |   in|   32|   ap_stable|        B_TILE_0_4|       pointer|
|B_TILE_0_5                     |   in|   32|   ap_stable|        B_TILE_0_5|       pointer|
|B_TILE_0_6                     |   in|   32|   ap_stable|        B_TILE_0_6|       pointer|
|B_TILE_0_7                     |   in|   32|   ap_stable|        B_TILE_0_7|       pointer|
|B_TILE_0_8                     |   in|   32|   ap_stable|        B_TILE_0_8|       pointer|
|B_TILE_0_9                     |   in|   32|   ap_stable|        B_TILE_0_9|       pointer|
|B_TILE_0_10                    |   in|   32|   ap_stable|       B_TILE_0_10|       pointer|
|B_TILE_0_11                    |   in|   32|   ap_stable|       B_TILE_0_11|       pointer|
|B_TILE_0_12                    |   in|   32|   ap_stable|       B_TILE_0_12|       pointer|
|B_TILE_0_13                    |   in|   32|   ap_stable|       B_TILE_0_13|       pointer|
|B_TILE_0_14                    |   in|   32|   ap_stable|       B_TILE_0_14|       pointer|
|B_TILE_0_15                    |   in|   32|   ap_stable|       B_TILE_0_15|       pointer|
|B_TILE_0_16                    |   in|   32|   ap_stable|       B_TILE_0_16|       pointer|
|B_TILE_0_17                    |   in|   32|   ap_stable|       B_TILE_0_17|       pointer|
|B_TILE_0_18                    |   in|   32|   ap_stable|       B_TILE_0_18|       pointer|
|B_TILE_0_19                    |   in|   32|   ap_stable|       B_TILE_0_19|       pointer|
|B_TILE_0_20                    |   in|   32|   ap_stable|       B_TILE_0_20|       pointer|
|B_TILE_0_21                    |   in|   32|   ap_stable|       B_TILE_0_21|       pointer|
|B_TILE_0_22                    |   in|   32|   ap_stable|       B_TILE_0_22|       pointer|
|B_TILE_0_23                    |   in|   32|   ap_stable|       B_TILE_0_23|       pointer|
|B_TILE_0_24                    |   in|   32|   ap_stable|       B_TILE_0_24|       pointer|
|B_TILE_0_25                    |   in|   32|   ap_stable|       B_TILE_0_25|       pointer|
|B_TILE_0_26                    |   in|   32|   ap_stable|       B_TILE_0_26|       pointer|
|B_TILE_0_27                    |   in|   32|   ap_stable|       B_TILE_0_27|       pointer|
|B_TILE_0_28                    |   in|   32|   ap_stable|       B_TILE_0_28|       pointer|
|B_TILE_0_29                    |   in|   32|   ap_stable|       B_TILE_0_29|       pointer|
|B_TILE_0_30                    |   in|   32|   ap_stable|       B_TILE_0_30|       pointer|
|B_TILE_0_31                    |   in|   32|   ap_stable|       B_TILE_0_31|       pointer|
|B_TILE_1_0                     |   in|   32|   ap_stable|        B_TILE_1_0|       pointer|
|B_TILE_1_1                     |   in|   32|   ap_stable|        B_TILE_1_1|       pointer|
|B_TILE_1_2                     |   in|   32|   ap_stable|        B_TILE_1_2|       pointer|
|B_TILE_1_3                     |   in|   32|   ap_stable|        B_TILE_1_3|       pointer|
|B_TILE_1_4                     |   in|   32|   ap_stable|        B_TILE_1_4|       pointer|
|B_TILE_1_5                     |   in|   32|   ap_stable|        B_TILE_1_5|       pointer|
|B_TILE_1_6                     |   in|   32|   ap_stable|        B_TILE_1_6|       pointer|
|B_TILE_1_7                     |   in|   32|   ap_stable|        B_TILE_1_7|       pointer|
|B_TILE_1_8                     |   in|   32|   ap_stable|        B_TILE_1_8|       pointer|
|B_TILE_1_9                     |   in|   32|   ap_stable|        B_TILE_1_9|       pointer|
|B_TILE_1_10                    |   in|   32|   ap_stable|       B_TILE_1_10|       pointer|
|B_TILE_1_11                    |   in|   32|   ap_stable|       B_TILE_1_11|       pointer|
|B_TILE_1_12                    |   in|   32|   ap_stable|       B_TILE_1_12|       pointer|
|B_TILE_1_13                    |   in|   32|   ap_stable|       B_TILE_1_13|       pointer|
|B_TILE_1_14                    |   in|   32|   ap_stable|       B_TILE_1_14|       pointer|
|B_TILE_1_15                    |   in|   32|   ap_stable|       B_TILE_1_15|       pointer|
|B_TILE_1_16                    |   in|   32|   ap_stable|       B_TILE_1_16|       pointer|
|B_TILE_1_17                    |   in|   32|   ap_stable|       B_TILE_1_17|       pointer|
|B_TILE_1_18                    |   in|   32|   ap_stable|       B_TILE_1_18|       pointer|
|B_TILE_1_19                    |   in|   32|   ap_stable|       B_TILE_1_19|       pointer|
|B_TILE_1_20                    |   in|   32|   ap_stable|       B_TILE_1_20|       pointer|
|B_TILE_1_21                    |   in|   32|   ap_stable|       B_TILE_1_21|       pointer|
|B_TILE_1_22                    |   in|   32|   ap_stable|       B_TILE_1_22|       pointer|
|B_TILE_1_23                    |   in|   32|   ap_stable|       B_TILE_1_23|       pointer|
|B_TILE_1_24                    |   in|   32|   ap_stable|       B_TILE_1_24|       pointer|
|B_TILE_1_25                    |   in|   32|   ap_stable|       B_TILE_1_25|       pointer|
|B_TILE_1_26                    |   in|   32|   ap_stable|       B_TILE_1_26|       pointer|
|B_TILE_1_27                    |   in|   32|   ap_stable|       B_TILE_1_27|       pointer|
|B_TILE_1_28                    |   in|   32|   ap_stable|       B_TILE_1_28|       pointer|
|B_TILE_1_29                    |   in|   32|   ap_stable|       B_TILE_1_29|       pointer|
|B_TILE_1_30                    |   in|   32|   ap_stable|       B_TILE_1_30|       pointer|
|B_TILE_1_31                    |   in|   32|   ap_stable|       B_TILE_1_31|       pointer|
|B_TILE_2_0                     |   in|   32|   ap_stable|        B_TILE_2_0|       pointer|
|B_TILE_2_1                     |   in|   32|   ap_stable|        B_TILE_2_1|       pointer|
|B_TILE_2_2                     |   in|   32|   ap_stable|        B_TILE_2_2|       pointer|
|B_TILE_2_3                     |   in|   32|   ap_stable|        B_TILE_2_3|       pointer|
|B_TILE_2_4                     |   in|   32|   ap_stable|        B_TILE_2_4|       pointer|
|B_TILE_2_5                     |   in|   32|   ap_stable|        B_TILE_2_5|       pointer|
|B_TILE_2_6                     |   in|   32|   ap_stable|        B_TILE_2_6|       pointer|
|B_TILE_2_7                     |   in|   32|   ap_stable|        B_TILE_2_7|       pointer|
|B_TILE_2_8                     |   in|   32|   ap_stable|        B_TILE_2_8|       pointer|
|B_TILE_2_9                     |   in|   32|   ap_stable|        B_TILE_2_9|       pointer|
|B_TILE_2_10                    |   in|   32|   ap_stable|       B_TILE_2_10|       pointer|
|B_TILE_2_11                    |   in|   32|   ap_stable|       B_TILE_2_11|       pointer|
|B_TILE_2_12                    |   in|   32|   ap_stable|       B_TILE_2_12|       pointer|
|B_TILE_2_13                    |   in|   32|   ap_stable|       B_TILE_2_13|       pointer|
|B_TILE_2_14                    |   in|   32|   ap_stable|       B_TILE_2_14|       pointer|
|B_TILE_2_15                    |   in|   32|   ap_stable|       B_TILE_2_15|       pointer|
|B_TILE_2_16                    |   in|   32|   ap_stable|       B_TILE_2_16|       pointer|
|B_TILE_2_17                    |   in|   32|   ap_stable|       B_TILE_2_17|       pointer|
|B_TILE_2_18                    |   in|   32|   ap_stable|       B_TILE_2_18|       pointer|
|B_TILE_2_19                    |   in|   32|   ap_stable|       B_TILE_2_19|       pointer|
|B_TILE_2_20                    |   in|   32|   ap_stable|       B_TILE_2_20|       pointer|
|B_TILE_2_21                    |   in|   32|   ap_stable|       B_TILE_2_21|       pointer|
|B_TILE_2_22                    |   in|   32|   ap_stable|       B_TILE_2_22|       pointer|
|B_TILE_2_23                    |   in|   32|   ap_stable|       B_TILE_2_23|       pointer|
|B_TILE_2_24                    |   in|   32|   ap_stable|       B_TILE_2_24|       pointer|
|B_TILE_2_25                    |   in|   32|   ap_stable|       B_TILE_2_25|       pointer|
|B_TILE_2_26                    |   in|   32|   ap_stable|       B_TILE_2_26|       pointer|
|B_TILE_2_27                    |   in|   32|   ap_stable|       B_TILE_2_27|       pointer|
|B_TILE_2_28                    |   in|   32|   ap_stable|       B_TILE_2_28|       pointer|
|B_TILE_2_29                    |   in|   32|   ap_stable|       B_TILE_2_29|       pointer|
|B_TILE_2_30                    |   in|   32|   ap_stable|       B_TILE_2_30|       pointer|
|B_TILE_2_31                    |   in|   32|   ap_stable|       B_TILE_2_31|       pointer|
|B_TILE_3_0                     |   in|   32|   ap_stable|        B_TILE_3_0|       pointer|
|B_TILE_3_1                     |   in|   32|   ap_stable|        B_TILE_3_1|       pointer|
|B_TILE_3_2                     |   in|   32|   ap_stable|        B_TILE_3_2|       pointer|
|B_TILE_3_3                     |   in|   32|   ap_stable|        B_TILE_3_3|       pointer|
|B_TILE_3_4                     |   in|   32|   ap_stable|        B_TILE_3_4|       pointer|
|B_TILE_3_5                     |   in|   32|   ap_stable|        B_TILE_3_5|       pointer|
|B_TILE_3_6                     |   in|   32|   ap_stable|        B_TILE_3_6|       pointer|
|B_TILE_3_7                     |   in|   32|   ap_stable|        B_TILE_3_7|       pointer|
|B_TILE_3_8                     |   in|   32|   ap_stable|        B_TILE_3_8|       pointer|
|B_TILE_3_9                     |   in|   32|   ap_stable|        B_TILE_3_9|       pointer|
|B_TILE_3_10                    |   in|   32|   ap_stable|       B_TILE_3_10|       pointer|
|B_TILE_3_11                    |   in|   32|   ap_stable|       B_TILE_3_11|       pointer|
|B_TILE_3_12                    |   in|   32|   ap_stable|       B_TILE_3_12|       pointer|
|B_TILE_3_13                    |   in|   32|   ap_stable|       B_TILE_3_13|       pointer|
|B_TILE_3_14                    |   in|   32|   ap_stable|       B_TILE_3_14|       pointer|
|B_TILE_3_15                    |   in|   32|   ap_stable|       B_TILE_3_15|       pointer|
|B_TILE_3_16                    |   in|   32|   ap_stable|       B_TILE_3_16|       pointer|
|B_TILE_3_17                    |   in|   32|   ap_stable|       B_TILE_3_17|       pointer|
|B_TILE_3_18                    |   in|   32|   ap_stable|       B_TILE_3_18|       pointer|
|B_TILE_3_19                    |   in|   32|   ap_stable|       B_TILE_3_19|       pointer|
|B_TILE_3_20                    |   in|   32|   ap_stable|       B_TILE_3_20|       pointer|
|B_TILE_3_21                    |   in|   32|   ap_stable|       B_TILE_3_21|       pointer|
|B_TILE_3_22                    |   in|   32|   ap_stable|       B_TILE_3_22|       pointer|
|B_TILE_3_23                    |   in|   32|   ap_stable|       B_TILE_3_23|       pointer|
|B_TILE_3_24                    |   in|   32|   ap_stable|       B_TILE_3_24|       pointer|
|B_TILE_3_25                    |   in|   32|   ap_stable|       B_TILE_3_25|       pointer|
|B_TILE_3_26                    |   in|   32|   ap_stable|       B_TILE_3_26|       pointer|
|B_TILE_3_27                    |   in|   32|   ap_stable|       B_TILE_3_27|       pointer|
|B_TILE_3_28                    |   in|   32|   ap_stable|       B_TILE_3_28|       pointer|
|B_TILE_3_29                    |   in|   32|   ap_stable|       B_TILE_3_29|       pointer|
|B_TILE_3_30                    |   in|   32|   ap_stable|       B_TILE_3_30|       pointer|
|B_TILE_3_31                    |   in|   32|   ap_stable|       B_TILE_3_31|       pointer|
|B_TILE_4_0                     |   in|   32|   ap_stable|        B_TILE_4_0|       pointer|
|B_TILE_4_1                     |   in|   32|   ap_stable|        B_TILE_4_1|       pointer|
|B_TILE_4_2                     |   in|   32|   ap_stable|        B_TILE_4_2|       pointer|
|B_TILE_4_3                     |   in|   32|   ap_stable|        B_TILE_4_3|       pointer|
|B_TILE_4_4                     |   in|   32|   ap_stable|        B_TILE_4_4|       pointer|
|B_TILE_4_5                     |   in|   32|   ap_stable|        B_TILE_4_5|       pointer|
|B_TILE_4_6                     |   in|   32|   ap_stable|        B_TILE_4_6|       pointer|
|B_TILE_4_7                     |   in|   32|   ap_stable|        B_TILE_4_7|       pointer|
|B_TILE_4_8                     |   in|   32|   ap_stable|        B_TILE_4_8|       pointer|
|B_TILE_4_9                     |   in|   32|   ap_stable|        B_TILE_4_9|       pointer|
|B_TILE_4_10                    |   in|   32|   ap_stable|       B_TILE_4_10|       pointer|
|B_TILE_4_11                    |   in|   32|   ap_stable|       B_TILE_4_11|       pointer|
|B_TILE_4_12                    |   in|   32|   ap_stable|       B_TILE_4_12|       pointer|
|B_TILE_4_13                    |   in|   32|   ap_stable|       B_TILE_4_13|       pointer|
|B_TILE_4_14                    |   in|   32|   ap_stable|       B_TILE_4_14|       pointer|
|B_TILE_4_15                    |   in|   32|   ap_stable|       B_TILE_4_15|       pointer|
|B_TILE_4_16                    |   in|   32|   ap_stable|       B_TILE_4_16|       pointer|
|B_TILE_4_17                    |   in|   32|   ap_stable|       B_TILE_4_17|       pointer|
|B_TILE_4_18                    |   in|   32|   ap_stable|       B_TILE_4_18|       pointer|
|B_TILE_4_19                    |   in|   32|   ap_stable|       B_TILE_4_19|       pointer|
|B_TILE_4_20                    |   in|   32|   ap_stable|       B_TILE_4_20|       pointer|
|B_TILE_4_21                    |   in|   32|   ap_stable|       B_TILE_4_21|       pointer|
|B_TILE_4_22                    |   in|   32|   ap_stable|       B_TILE_4_22|       pointer|
|B_TILE_4_23                    |   in|   32|   ap_stable|       B_TILE_4_23|       pointer|
|B_TILE_4_24                    |   in|   32|   ap_stable|       B_TILE_4_24|       pointer|
|B_TILE_4_25                    |   in|   32|   ap_stable|       B_TILE_4_25|       pointer|
|B_TILE_4_26                    |   in|   32|   ap_stable|       B_TILE_4_26|       pointer|
|B_TILE_4_27                    |   in|   32|   ap_stable|       B_TILE_4_27|       pointer|
|B_TILE_4_28                    |   in|   32|   ap_stable|       B_TILE_4_28|       pointer|
|B_TILE_4_29                    |   in|   32|   ap_stable|       B_TILE_4_29|       pointer|
|B_TILE_4_30                    |   in|   32|   ap_stable|       B_TILE_4_30|       pointer|
|B_TILE_4_31                    |   in|   32|   ap_stable|       B_TILE_4_31|       pointer|
|B_TILE_5_0                     |   in|   32|   ap_stable|        B_TILE_5_0|       pointer|
|B_TILE_5_1                     |   in|   32|   ap_stable|        B_TILE_5_1|       pointer|
|B_TILE_5_2                     |   in|   32|   ap_stable|        B_TILE_5_2|       pointer|
|B_TILE_5_3                     |   in|   32|   ap_stable|        B_TILE_5_3|       pointer|
|B_TILE_5_4                     |   in|   32|   ap_stable|        B_TILE_5_4|       pointer|
|B_TILE_5_5                     |   in|   32|   ap_stable|        B_TILE_5_5|       pointer|
|B_TILE_5_6                     |   in|   32|   ap_stable|        B_TILE_5_6|       pointer|
|B_TILE_5_7                     |   in|   32|   ap_stable|        B_TILE_5_7|       pointer|
|B_TILE_5_8                     |   in|   32|   ap_stable|        B_TILE_5_8|       pointer|
|B_TILE_5_9                     |   in|   32|   ap_stable|        B_TILE_5_9|       pointer|
|B_TILE_5_10                    |   in|   32|   ap_stable|       B_TILE_5_10|       pointer|
|B_TILE_5_11                    |   in|   32|   ap_stable|       B_TILE_5_11|       pointer|
|B_TILE_5_12                    |   in|   32|   ap_stable|       B_TILE_5_12|       pointer|
|B_TILE_5_13                    |   in|   32|   ap_stable|       B_TILE_5_13|       pointer|
|B_TILE_5_14                    |   in|   32|   ap_stable|       B_TILE_5_14|       pointer|
|B_TILE_5_15                    |   in|   32|   ap_stable|       B_TILE_5_15|       pointer|
|B_TILE_5_16                    |   in|   32|   ap_stable|       B_TILE_5_16|       pointer|
|B_TILE_5_17                    |   in|   32|   ap_stable|       B_TILE_5_17|       pointer|
|B_TILE_5_18                    |   in|   32|   ap_stable|       B_TILE_5_18|       pointer|
|B_TILE_5_19                    |   in|   32|   ap_stable|       B_TILE_5_19|       pointer|
|B_TILE_5_20                    |   in|   32|   ap_stable|       B_TILE_5_20|       pointer|
|B_TILE_5_21                    |   in|   32|   ap_stable|       B_TILE_5_21|       pointer|
|B_TILE_5_22                    |   in|   32|   ap_stable|       B_TILE_5_22|       pointer|
|B_TILE_5_23                    |   in|   32|   ap_stable|       B_TILE_5_23|       pointer|
|B_TILE_5_24                    |   in|   32|   ap_stable|       B_TILE_5_24|       pointer|
|B_TILE_5_25                    |   in|   32|   ap_stable|       B_TILE_5_25|       pointer|
|B_TILE_5_26                    |   in|   32|   ap_stable|       B_TILE_5_26|       pointer|
|B_TILE_5_27                    |   in|   32|   ap_stable|       B_TILE_5_27|       pointer|
|B_TILE_5_28                    |   in|   32|   ap_stable|       B_TILE_5_28|       pointer|
|B_TILE_5_29                    |   in|   32|   ap_stable|       B_TILE_5_29|       pointer|
|B_TILE_5_30                    |   in|   32|   ap_stable|       B_TILE_5_30|       pointer|
|B_TILE_5_31                    |   in|   32|   ap_stable|       B_TILE_5_31|       pointer|
|B_TILE_6_0                     |   in|   32|   ap_stable|        B_TILE_6_0|       pointer|
|B_TILE_6_1                     |   in|   32|   ap_stable|        B_TILE_6_1|       pointer|
|B_TILE_6_2                     |   in|   32|   ap_stable|        B_TILE_6_2|       pointer|
|B_TILE_6_3                     |   in|   32|   ap_stable|        B_TILE_6_3|       pointer|
|B_TILE_6_4                     |   in|   32|   ap_stable|        B_TILE_6_4|       pointer|
|B_TILE_6_5                     |   in|   32|   ap_stable|        B_TILE_6_5|       pointer|
|B_TILE_6_6                     |   in|   32|   ap_stable|        B_TILE_6_6|       pointer|
|B_TILE_6_7                     |   in|   32|   ap_stable|        B_TILE_6_7|       pointer|
|B_TILE_6_8                     |   in|   32|   ap_stable|        B_TILE_6_8|       pointer|
|B_TILE_6_9                     |   in|   32|   ap_stable|        B_TILE_6_9|       pointer|
|B_TILE_6_10                    |   in|   32|   ap_stable|       B_TILE_6_10|       pointer|
|B_TILE_6_11                    |   in|   32|   ap_stable|       B_TILE_6_11|       pointer|
|B_TILE_6_12                    |   in|   32|   ap_stable|       B_TILE_6_12|       pointer|
|B_TILE_6_13                    |   in|   32|   ap_stable|       B_TILE_6_13|       pointer|
|B_TILE_6_14                    |   in|   32|   ap_stable|       B_TILE_6_14|       pointer|
|B_TILE_6_15                    |   in|   32|   ap_stable|       B_TILE_6_15|       pointer|
|B_TILE_6_16                    |   in|   32|   ap_stable|       B_TILE_6_16|       pointer|
|B_TILE_6_17                    |   in|   32|   ap_stable|       B_TILE_6_17|       pointer|
|B_TILE_6_18                    |   in|   32|   ap_stable|       B_TILE_6_18|       pointer|
|B_TILE_6_19                    |   in|   32|   ap_stable|       B_TILE_6_19|       pointer|
|B_TILE_6_20                    |   in|   32|   ap_stable|       B_TILE_6_20|       pointer|
|B_TILE_6_21                    |   in|   32|   ap_stable|       B_TILE_6_21|       pointer|
|B_TILE_6_22                    |   in|   32|   ap_stable|       B_TILE_6_22|       pointer|
|B_TILE_6_23                    |   in|   32|   ap_stable|       B_TILE_6_23|       pointer|
|B_TILE_6_24                    |   in|   32|   ap_stable|       B_TILE_6_24|       pointer|
|B_TILE_6_25                    |   in|   32|   ap_stable|       B_TILE_6_25|       pointer|
|B_TILE_6_26                    |   in|   32|   ap_stable|       B_TILE_6_26|       pointer|
|B_TILE_6_27                    |   in|   32|   ap_stable|       B_TILE_6_27|       pointer|
|B_TILE_6_28                    |   in|   32|   ap_stable|       B_TILE_6_28|       pointer|
|B_TILE_6_29                    |   in|   32|   ap_stable|       B_TILE_6_29|       pointer|
|B_TILE_6_30                    |   in|   32|   ap_stable|       B_TILE_6_30|       pointer|
|B_TILE_6_31                    |   in|   32|   ap_stable|       B_TILE_6_31|       pointer|
|B_TILE_7_0                     |   in|   32|   ap_stable|        B_TILE_7_0|       pointer|
|B_TILE_7_1                     |   in|   32|   ap_stable|        B_TILE_7_1|       pointer|
|B_TILE_7_2                     |   in|   32|   ap_stable|        B_TILE_7_2|       pointer|
|B_TILE_7_3                     |   in|   32|   ap_stable|        B_TILE_7_3|       pointer|
|B_TILE_7_4                     |   in|   32|   ap_stable|        B_TILE_7_4|       pointer|
|B_TILE_7_5                     |   in|   32|   ap_stable|        B_TILE_7_5|       pointer|
|B_TILE_7_6                     |   in|   32|   ap_stable|        B_TILE_7_6|       pointer|
|B_TILE_7_7                     |   in|   32|   ap_stable|        B_TILE_7_7|       pointer|
|B_TILE_7_8                     |   in|   32|   ap_stable|        B_TILE_7_8|       pointer|
|B_TILE_7_9                     |   in|   32|   ap_stable|        B_TILE_7_9|       pointer|
|B_TILE_7_10                    |   in|   32|   ap_stable|       B_TILE_7_10|       pointer|
|B_TILE_7_11                    |   in|   32|   ap_stable|       B_TILE_7_11|       pointer|
|B_TILE_7_12                    |   in|   32|   ap_stable|       B_TILE_7_12|       pointer|
|B_TILE_7_13                    |   in|   32|   ap_stable|       B_TILE_7_13|       pointer|
|B_TILE_7_14                    |   in|   32|   ap_stable|       B_TILE_7_14|       pointer|
|B_TILE_7_15                    |   in|   32|   ap_stable|       B_TILE_7_15|       pointer|
|B_TILE_7_16                    |   in|   32|   ap_stable|       B_TILE_7_16|       pointer|
|B_TILE_7_17                    |   in|   32|   ap_stable|       B_TILE_7_17|       pointer|
|B_TILE_7_18                    |   in|   32|   ap_stable|       B_TILE_7_18|       pointer|
|B_TILE_7_19                    |   in|   32|   ap_stable|       B_TILE_7_19|       pointer|
|B_TILE_7_20                    |   in|   32|   ap_stable|       B_TILE_7_20|       pointer|
|B_TILE_7_21                    |   in|   32|   ap_stable|       B_TILE_7_21|       pointer|
|B_TILE_7_22                    |   in|   32|   ap_stable|       B_TILE_7_22|       pointer|
|B_TILE_7_23                    |   in|   32|   ap_stable|       B_TILE_7_23|       pointer|
|B_TILE_7_24                    |   in|   32|   ap_stable|       B_TILE_7_24|       pointer|
|B_TILE_7_25                    |   in|   32|   ap_stable|       B_TILE_7_25|       pointer|
|B_TILE_7_26                    |   in|   32|   ap_stable|       B_TILE_7_26|       pointer|
|B_TILE_7_27                    |   in|   32|   ap_stable|       B_TILE_7_27|       pointer|
|B_TILE_7_28                    |   in|   32|   ap_stable|       B_TILE_7_28|       pointer|
|B_TILE_7_29                    |   in|   32|   ap_stable|       B_TILE_7_29|       pointer|
|B_TILE_7_30                    |   in|   32|   ap_stable|       B_TILE_7_30|       pointer|
|B_TILE_7_31                    |   in|   32|   ap_stable|       B_TILE_7_31|       pointer|
|B_TILE_8_0                     |   in|   32|   ap_stable|        B_TILE_8_0|       pointer|
|B_TILE_8_1                     |   in|   32|   ap_stable|        B_TILE_8_1|       pointer|
|B_TILE_8_2                     |   in|   32|   ap_stable|        B_TILE_8_2|       pointer|
|B_TILE_8_3                     |   in|   32|   ap_stable|        B_TILE_8_3|       pointer|
|B_TILE_8_4                     |   in|   32|   ap_stable|        B_TILE_8_4|       pointer|
|B_TILE_8_5                     |   in|   32|   ap_stable|        B_TILE_8_5|       pointer|
|B_TILE_8_6                     |   in|   32|   ap_stable|        B_TILE_8_6|       pointer|
|B_TILE_8_7                     |   in|   32|   ap_stable|        B_TILE_8_7|       pointer|
|B_TILE_8_8                     |   in|   32|   ap_stable|        B_TILE_8_8|       pointer|
|B_TILE_8_9                     |   in|   32|   ap_stable|        B_TILE_8_9|       pointer|
|B_TILE_8_10                    |   in|   32|   ap_stable|       B_TILE_8_10|       pointer|
|B_TILE_8_11                    |   in|   32|   ap_stable|       B_TILE_8_11|       pointer|
|B_TILE_8_12                    |   in|   32|   ap_stable|       B_TILE_8_12|       pointer|
|B_TILE_8_13                    |   in|   32|   ap_stable|       B_TILE_8_13|       pointer|
|B_TILE_8_14                    |   in|   32|   ap_stable|       B_TILE_8_14|       pointer|
|B_TILE_8_15                    |   in|   32|   ap_stable|       B_TILE_8_15|       pointer|
|B_TILE_8_16                    |   in|   32|   ap_stable|       B_TILE_8_16|       pointer|
|B_TILE_8_17                    |   in|   32|   ap_stable|       B_TILE_8_17|       pointer|
|B_TILE_8_18                    |   in|   32|   ap_stable|       B_TILE_8_18|       pointer|
|B_TILE_8_19                    |   in|   32|   ap_stable|       B_TILE_8_19|       pointer|
|B_TILE_8_20                    |   in|   32|   ap_stable|       B_TILE_8_20|       pointer|
|B_TILE_8_21                    |   in|   32|   ap_stable|       B_TILE_8_21|       pointer|
|B_TILE_8_22                    |   in|   32|   ap_stable|       B_TILE_8_22|       pointer|
|B_TILE_8_23                    |   in|   32|   ap_stable|       B_TILE_8_23|       pointer|
|B_TILE_8_24                    |   in|   32|   ap_stable|       B_TILE_8_24|       pointer|
|B_TILE_8_25                    |   in|   32|   ap_stable|       B_TILE_8_25|       pointer|
|B_TILE_8_26                    |   in|   32|   ap_stable|       B_TILE_8_26|       pointer|
|B_TILE_8_27                    |   in|   32|   ap_stable|       B_TILE_8_27|       pointer|
|B_TILE_8_28                    |   in|   32|   ap_stable|       B_TILE_8_28|       pointer|
|B_TILE_8_29                    |   in|   32|   ap_stable|       B_TILE_8_29|       pointer|
|B_TILE_8_30                    |   in|   32|   ap_stable|       B_TILE_8_30|       pointer|
|B_TILE_8_31                    |   in|   32|   ap_stable|       B_TILE_8_31|       pointer|
|B_TILE_9_0                     |   in|   32|   ap_stable|        B_TILE_9_0|       pointer|
|B_TILE_9_1                     |   in|   32|   ap_stable|        B_TILE_9_1|       pointer|
|B_TILE_9_2                     |   in|   32|   ap_stable|        B_TILE_9_2|       pointer|
|B_TILE_9_3                     |   in|   32|   ap_stable|        B_TILE_9_3|       pointer|
|B_TILE_9_4                     |   in|   32|   ap_stable|        B_TILE_9_4|       pointer|
|B_TILE_9_5                     |   in|   32|   ap_stable|        B_TILE_9_5|       pointer|
|B_TILE_9_6                     |   in|   32|   ap_stable|        B_TILE_9_6|       pointer|
|B_TILE_9_7                     |   in|   32|   ap_stable|        B_TILE_9_7|       pointer|
|B_TILE_9_8                     |   in|   32|   ap_stable|        B_TILE_9_8|       pointer|
|B_TILE_9_9                     |   in|   32|   ap_stable|        B_TILE_9_9|       pointer|
|B_TILE_9_10                    |   in|   32|   ap_stable|       B_TILE_9_10|       pointer|
|B_TILE_9_11                    |   in|   32|   ap_stable|       B_TILE_9_11|       pointer|
|B_TILE_9_12                    |   in|   32|   ap_stable|       B_TILE_9_12|       pointer|
|B_TILE_9_13                    |   in|   32|   ap_stable|       B_TILE_9_13|       pointer|
|B_TILE_9_14                    |   in|   32|   ap_stable|       B_TILE_9_14|       pointer|
|B_TILE_9_15                    |   in|   32|   ap_stable|       B_TILE_9_15|       pointer|
|B_TILE_9_16                    |   in|   32|   ap_stable|       B_TILE_9_16|       pointer|
|B_TILE_9_17                    |   in|   32|   ap_stable|       B_TILE_9_17|       pointer|
|B_TILE_9_18                    |   in|   32|   ap_stable|       B_TILE_9_18|       pointer|
|B_TILE_9_19                    |   in|   32|   ap_stable|       B_TILE_9_19|       pointer|
|B_TILE_9_20                    |   in|   32|   ap_stable|       B_TILE_9_20|       pointer|
|B_TILE_9_21                    |   in|   32|   ap_stable|       B_TILE_9_21|       pointer|
|B_TILE_9_22                    |   in|   32|   ap_stable|       B_TILE_9_22|       pointer|
|B_TILE_9_23                    |   in|   32|   ap_stable|       B_TILE_9_23|       pointer|
|B_TILE_9_24                    |   in|   32|   ap_stable|       B_TILE_9_24|       pointer|
|B_TILE_9_25                    |   in|   32|   ap_stable|       B_TILE_9_25|       pointer|
|B_TILE_9_26                    |   in|   32|   ap_stable|       B_TILE_9_26|       pointer|
|B_TILE_9_27                    |   in|   32|   ap_stable|       B_TILE_9_27|       pointer|
|B_TILE_9_28                    |   in|   32|   ap_stable|       B_TILE_9_28|       pointer|
|B_TILE_9_29                    |   in|   32|   ap_stable|       B_TILE_9_29|       pointer|
|B_TILE_9_30                    |   in|   32|   ap_stable|       B_TILE_9_30|       pointer|
|B_TILE_9_31                    |   in|   32|   ap_stable|       B_TILE_9_31|       pointer|
|B_TILE_10_0                    |   in|   32|   ap_stable|       B_TILE_10_0|       pointer|
|B_TILE_10_1                    |   in|   32|   ap_stable|       B_TILE_10_1|       pointer|
|B_TILE_10_2                    |   in|   32|   ap_stable|       B_TILE_10_2|       pointer|
|B_TILE_10_3                    |   in|   32|   ap_stable|       B_TILE_10_3|       pointer|
|B_TILE_10_4                    |   in|   32|   ap_stable|       B_TILE_10_4|       pointer|
|B_TILE_10_5                    |   in|   32|   ap_stable|       B_TILE_10_5|       pointer|
|B_TILE_10_6                    |   in|   32|   ap_stable|       B_TILE_10_6|       pointer|
|B_TILE_10_7                    |   in|   32|   ap_stable|       B_TILE_10_7|       pointer|
|B_TILE_10_8                    |   in|   32|   ap_stable|       B_TILE_10_8|       pointer|
|B_TILE_10_9                    |   in|   32|   ap_stable|       B_TILE_10_9|       pointer|
|B_TILE_10_10                   |   in|   32|   ap_stable|      B_TILE_10_10|       pointer|
|B_TILE_10_11                   |   in|   32|   ap_stable|      B_TILE_10_11|       pointer|
|B_TILE_10_12                   |   in|   32|   ap_stable|      B_TILE_10_12|       pointer|
|B_TILE_10_13                   |   in|   32|   ap_stable|      B_TILE_10_13|       pointer|
|B_TILE_10_14                   |   in|   32|   ap_stable|      B_TILE_10_14|       pointer|
|B_TILE_10_15                   |   in|   32|   ap_stable|      B_TILE_10_15|       pointer|
|B_TILE_10_16                   |   in|   32|   ap_stable|      B_TILE_10_16|       pointer|
|B_TILE_10_17                   |   in|   32|   ap_stable|      B_TILE_10_17|       pointer|
|B_TILE_10_18                   |   in|   32|   ap_stable|      B_TILE_10_18|       pointer|
|B_TILE_10_19                   |   in|   32|   ap_stable|      B_TILE_10_19|       pointer|
|B_TILE_10_20                   |   in|   32|   ap_stable|      B_TILE_10_20|       pointer|
|B_TILE_10_21                   |   in|   32|   ap_stable|      B_TILE_10_21|       pointer|
|B_TILE_10_22                   |   in|   32|   ap_stable|      B_TILE_10_22|       pointer|
|B_TILE_10_23                   |   in|   32|   ap_stable|      B_TILE_10_23|       pointer|
|B_TILE_10_24                   |   in|   32|   ap_stable|      B_TILE_10_24|       pointer|
|B_TILE_10_25                   |   in|   32|   ap_stable|      B_TILE_10_25|       pointer|
|B_TILE_10_26                   |   in|   32|   ap_stable|      B_TILE_10_26|       pointer|
|B_TILE_10_27                   |   in|   32|   ap_stable|      B_TILE_10_27|       pointer|
|B_TILE_10_28                   |   in|   32|   ap_stable|      B_TILE_10_28|       pointer|
|B_TILE_10_29                   |   in|   32|   ap_stable|      B_TILE_10_29|       pointer|
|B_TILE_10_30                   |   in|   32|   ap_stable|      B_TILE_10_30|       pointer|
|B_TILE_10_31                   |   in|   32|   ap_stable|      B_TILE_10_31|       pointer|
|B_TILE_11_0                    |   in|   32|   ap_stable|       B_TILE_11_0|       pointer|
|B_TILE_11_1                    |   in|   32|   ap_stable|       B_TILE_11_1|       pointer|
|B_TILE_11_2                    |   in|   32|   ap_stable|       B_TILE_11_2|       pointer|
|B_TILE_11_3                    |   in|   32|   ap_stable|       B_TILE_11_3|       pointer|
|B_TILE_11_4                    |   in|   32|   ap_stable|       B_TILE_11_4|       pointer|
|B_TILE_11_5                    |   in|   32|   ap_stable|       B_TILE_11_5|       pointer|
|B_TILE_11_6                    |   in|   32|   ap_stable|       B_TILE_11_6|       pointer|
|B_TILE_11_7                    |   in|   32|   ap_stable|       B_TILE_11_7|       pointer|
|B_TILE_11_8                    |   in|   32|   ap_stable|       B_TILE_11_8|       pointer|
|B_TILE_11_9                    |   in|   32|   ap_stable|       B_TILE_11_9|       pointer|
|B_TILE_11_10                   |   in|   32|   ap_stable|      B_TILE_11_10|       pointer|
|B_TILE_11_11                   |   in|   32|   ap_stable|      B_TILE_11_11|       pointer|
|B_TILE_11_12                   |   in|   32|   ap_stable|      B_TILE_11_12|       pointer|
|B_TILE_11_13                   |   in|   32|   ap_stable|      B_TILE_11_13|       pointer|
|B_TILE_11_14                   |   in|   32|   ap_stable|      B_TILE_11_14|       pointer|
|B_TILE_11_15                   |   in|   32|   ap_stable|      B_TILE_11_15|       pointer|
|B_TILE_11_16                   |   in|   32|   ap_stable|      B_TILE_11_16|       pointer|
|B_TILE_11_17                   |   in|   32|   ap_stable|      B_TILE_11_17|       pointer|
|B_TILE_11_18                   |   in|   32|   ap_stable|      B_TILE_11_18|       pointer|
|B_TILE_11_19                   |   in|   32|   ap_stable|      B_TILE_11_19|       pointer|
|B_TILE_11_20                   |   in|   32|   ap_stable|      B_TILE_11_20|       pointer|
|B_TILE_11_21                   |   in|   32|   ap_stable|      B_TILE_11_21|       pointer|
|B_TILE_11_22                   |   in|   32|   ap_stable|      B_TILE_11_22|       pointer|
|B_TILE_11_23                   |   in|   32|   ap_stable|      B_TILE_11_23|       pointer|
|B_TILE_11_24                   |   in|   32|   ap_stable|      B_TILE_11_24|       pointer|
|B_TILE_11_25                   |   in|   32|   ap_stable|      B_TILE_11_25|       pointer|
|B_TILE_11_26                   |   in|   32|   ap_stable|      B_TILE_11_26|       pointer|
|B_TILE_11_27                   |   in|   32|   ap_stable|      B_TILE_11_27|       pointer|
|B_TILE_11_28                   |   in|   32|   ap_stable|      B_TILE_11_28|       pointer|
|B_TILE_11_29                   |   in|   32|   ap_stable|      B_TILE_11_29|       pointer|
|B_TILE_11_30                   |   in|   32|   ap_stable|      B_TILE_11_30|       pointer|
|B_TILE_11_31                   |   in|   32|   ap_stable|      B_TILE_11_31|       pointer|
|B_TILE_12_0                    |   in|   32|   ap_stable|       B_TILE_12_0|       pointer|
|B_TILE_12_1                    |   in|   32|   ap_stable|       B_TILE_12_1|       pointer|
|B_TILE_12_2                    |   in|   32|   ap_stable|       B_TILE_12_2|       pointer|
|B_TILE_12_3                    |   in|   32|   ap_stable|       B_TILE_12_3|       pointer|
|B_TILE_12_4                    |   in|   32|   ap_stable|       B_TILE_12_4|       pointer|
|B_TILE_12_5                    |   in|   32|   ap_stable|       B_TILE_12_5|       pointer|
|B_TILE_12_6                    |   in|   32|   ap_stable|       B_TILE_12_6|       pointer|
|B_TILE_12_7                    |   in|   32|   ap_stable|       B_TILE_12_7|       pointer|
|B_TILE_12_8                    |   in|   32|   ap_stable|       B_TILE_12_8|       pointer|
|B_TILE_12_9                    |   in|   32|   ap_stable|       B_TILE_12_9|       pointer|
|B_TILE_12_10                   |   in|   32|   ap_stable|      B_TILE_12_10|       pointer|
|B_TILE_12_11                   |   in|   32|   ap_stable|      B_TILE_12_11|       pointer|
|B_TILE_12_12                   |   in|   32|   ap_stable|      B_TILE_12_12|       pointer|
|B_TILE_12_13                   |   in|   32|   ap_stable|      B_TILE_12_13|       pointer|
|B_TILE_12_14                   |   in|   32|   ap_stable|      B_TILE_12_14|       pointer|
|B_TILE_12_15                   |   in|   32|   ap_stable|      B_TILE_12_15|       pointer|
|B_TILE_12_16                   |   in|   32|   ap_stable|      B_TILE_12_16|       pointer|
|B_TILE_12_17                   |   in|   32|   ap_stable|      B_TILE_12_17|       pointer|
|B_TILE_12_18                   |   in|   32|   ap_stable|      B_TILE_12_18|       pointer|
|B_TILE_12_19                   |   in|   32|   ap_stable|      B_TILE_12_19|       pointer|
|B_TILE_12_20                   |   in|   32|   ap_stable|      B_TILE_12_20|       pointer|
|B_TILE_12_21                   |   in|   32|   ap_stable|      B_TILE_12_21|       pointer|
|B_TILE_12_22                   |   in|   32|   ap_stable|      B_TILE_12_22|       pointer|
|B_TILE_12_23                   |   in|   32|   ap_stable|      B_TILE_12_23|       pointer|
|B_TILE_12_24                   |   in|   32|   ap_stable|      B_TILE_12_24|       pointer|
|B_TILE_12_25                   |   in|   32|   ap_stable|      B_TILE_12_25|       pointer|
|B_TILE_12_26                   |   in|   32|   ap_stable|      B_TILE_12_26|       pointer|
|B_TILE_12_27                   |   in|   32|   ap_stable|      B_TILE_12_27|       pointer|
|B_TILE_12_28                   |   in|   32|   ap_stable|      B_TILE_12_28|       pointer|
|B_TILE_12_29                   |   in|   32|   ap_stable|      B_TILE_12_29|       pointer|
|B_TILE_12_30                   |   in|   32|   ap_stable|      B_TILE_12_30|       pointer|
|B_TILE_12_31                   |   in|   32|   ap_stable|      B_TILE_12_31|       pointer|
|B_TILE_13_0                    |   in|   32|   ap_stable|       B_TILE_13_0|       pointer|
|B_TILE_13_1                    |   in|   32|   ap_stable|       B_TILE_13_1|       pointer|
|B_TILE_13_2                    |   in|   32|   ap_stable|       B_TILE_13_2|       pointer|
|B_TILE_13_3                    |   in|   32|   ap_stable|       B_TILE_13_3|       pointer|
|B_TILE_13_4                    |   in|   32|   ap_stable|       B_TILE_13_4|       pointer|
|B_TILE_13_5                    |   in|   32|   ap_stable|       B_TILE_13_5|       pointer|
|B_TILE_13_6                    |   in|   32|   ap_stable|       B_TILE_13_6|       pointer|
|B_TILE_13_7                    |   in|   32|   ap_stable|       B_TILE_13_7|       pointer|
|B_TILE_13_8                    |   in|   32|   ap_stable|       B_TILE_13_8|       pointer|
|B_TILE_13_9                    |   in|   32|   ap_stable|       B_TILE_13_9|       pointer|
|B_TILE_13_10                   |   in|   32|   ap_stable|      B_TILE_13_10|       pointer|
|B_TILE_13_11                   |   in|   32|   ap_stable|      B_TILE_13_11|       pointer|
|B_TILE_13_12                   |   in|   32|   ap_stable|      B_TILE_13_12|       pointer|
|B_TILE_13_13                   |   in|   32|   ap_stable|      B_TILE_13_13|       pointer|
|B_TILE_13_14                   |   in|   32|   ap_stable|      B_TILE_13_14|       pointer|
|B_TILE_13_15                   |   in|   32|   ap_stable|      B_TILE_13_15|       pointer|
|B_TILE_13_16                   |   in|   32|   ap_stable|      B_TILE_13_16|       pointer|
|B_TILE_13_17                   |   in|   32|   ap_stable|      B_TILE_13_17|       pointer|
|B_TILE_13_18                   |   in|   32|   ap_stable|      B_TILE_13_18|       pointer|
|B_TILE_13_19                   |   in|   32|   ap_stable|      B_TILE_13_19|       pointer|
|B_TILE_13_20                   |   in|   32|   ap_stable|      B_TILE_13_20|       pointer|
|B_TILE_13_21                   |   in|   32|   ap_stable|      B_TILE_13_21|       pointer|
|B_TILE_13_22                   |   in|   32|   ap_stable|      B_TILE_13_22|       pointer|
|B_TILE_13_23                   |   in|   32|   ap_stable|      B_TILE_13_23|       pointer|
|B_TILE_13_24                   |   in|   32|   ap_stable|      B_TILE_13_24|       pointer|
|B_TILE_13_25                   |   in|   32|   ap_stable|      B_TILE_13_25|       pointer|
|B_TILE_13_26                   |   in|   32|   ap_stable|      B_TILE_13_26|       pointer|
|B_TILE_13_27                   |   in|   32|   ap_stable|      B_TILE_13_27|       pointer|
|B_TILE_13_28                   |   in|   32|   ap_stable|      B_TILE_13_28|       pointer|
|B_TILE_13_29                   |   in|   32|   ap_stable|      B_TILE_13_29|       pointer|
|B_TILE_13_30                   |   in|   32|   ap_stable|      B_TILE_13_30|       pointer|
|B_TILE_13_31                   |   in|   32|   ap_stable|      B_TILE_13_31|       pointer|
|B_TILE_14_0                    |   in|   32|   ap_stable|       B_TILE_14_0|       pointer|
|B_TILE_14_1                    |   in|   32|   ap_stable|       B_TILE_14_1|       pointer|
|B_TILE_14_2                    |   in|   32|   ap_stable|       B_TILE_14_2|       pointer|
|B_TILE_14_3                    |   in|   32|   ap_stable|       B_TILE_14_3|       pointer|
|B_TILE_14_4                    |   in|   32|   ap_stable|       B_TILE_14_4|       pointer|
|B_TILE_14_5                    |   in|   32|   ap_stable|       B_TILE_14_5|       pointer|
|B_TILE_14_6                    |   in|   32|   ap_stable|       B_TILE_14_6|       pointer|
|B_TILE_14_7                    |   in|   32|   ap_stable|       B_TILE_14_7|       pointer|
|B_TILE_14_8                    |   in|   32|   ap_stable|       B_TILE_14_8|       pointer|
|B_TILE_14_9                    |   in|   32|   ap_stable|       B_TILE_14_9|       pointer|
|B_TILE_14_10                   |   in|   32|   ap_stable|      B_TILE_14_10|       pointer|
|B_TILE_14_11                   |   in|   32|   ap_stable|      B_TILE_14_11|       pointer|
|B_TILE_14_12                   |   in|   32|   ap_stable|      B_TILE_14_12|       pointer|
|B_TILE_14_13                   |   in|   32|   ap_stable|      B_TILE_14_13|       pointer|
|B_TILE_14_14                   |   in|   32|   ap_stable|      B_TILE_14_14|       pointer|
|B_TILE_14_15                   |   in|   32|   ap_stable|      B_TILE_14_15|       pointer|
|B_TILE_14_16                   |   in|   32|   ap_stable|      B_TILE_14_16|       pointer|
|B_TILE_14_17                   |   in|   32|   ap_stable|      B_TILE_14_17|       pointer|
|B_TILE_14_18                   |   in|   32|   ap_stable|      B_TILE_14_18|       pointer|
|B_TILE_14_19                   |   in|   32|   ap_stable|      B_TILE_14_19|       pointer|
|B_TILE_14_20                   |   in|   32|   ap_stable|      B_TILE_14_20|       pointer|
|B_TILE_14_21                   |   in|   32|   ap_stable|      B_TILE_14_21|       pointer|
|B_TILE_14_22                   |   in|   32|   ap_stable|      B_TILE_14_22|       pointer|
|B_TILE_14_23                   |   in|   32|   ap_stable|      B_TILE_14_23|       pointer|
|B_TILE_14_24                   |   in|   32|   ap_stable|      B_TILE_14_24|       pointer|
|B_TILE_14_25                   |   in|   32|   ap_stable|      B_TILE_14_25|       pointer|
|B_TILE_14_26                   |   in|   32|   ap_stable|      B_TILE_14_26|       pointer|
|B_TILE_14_27                   |   in|   32|   ap_stable|      B_TILE_14_27|       pointer|
|B_TILE_14_28                   |   in|   32|   ap_stable|      B_TILE_14_28|       pointer|
|B_TILE_14_29                   |   in|   32|   ap_stable|      B_TILE_14_29|       pointer|
|B_TILE_14_30                   |   in|   32|   ap_stable|      B_TILE_14_30|       pointer|
|B_TILE_14_31                   |   in|   32|   ap_stable|      B_TILE_14_31|       pointer|
|B_TILE_15_0                    |   in|   32|   ap_stable|       B_TILE_15_0|       pointer|
|B_TILE_15_1                    |   in|   32|   ap_stable|       B_TILE_15_1|       pointer|
|B_TILE_15_2                    |   in|   32|   ap_stable|       B_TILE_15_2|       pointer|
|B_TILE_15_3                    |   in|   32|   ap_stable|       B_TILE_15_3|       pointer|
|B_TILE_15_4                    |   in|   32|   ap_stable|       B_TILE_15_4|       pointer|
|B_TILE_15_5                    |   in|   32|   ap_stable|       B_TILE_15_5|       pointer|
|B_TILE_15_6                    |   in|   32|   ap_stable|       B_TILE_15_6|       pointer|
|B_TILE_15_7                    |   in|   32|   ap_stable|       B_TILE_15_7|       pointer|
|B_TILE_15_8                    |   in|   32|   ap_stable|       B_TILE_15_8|       pointer|
|B_TILE_15_9                    |   in|   32|   ap_stable|       B_TILE_15_9|       pointer|
|B_TILE_15_10                   |   in|   32|   ap_stable|      B_TILE_15_10|       pointer|
|B_TILE_15_11                   |   in|   32|   ap_stable|      B_TILE_15_11|       pointer|
|B_TILE_15_12                   |   in|   32|   ap_stable|      B_TILE_15_12|       pointer|
|B_TILE_15_13                   |   in|   32|   ap_stable|      B_TILE_15_13|       pointer|
|B_TILE_15_14                   |   in|   32|   ap_stable|      B_TILE_15_14|       pointer|
|B_TILE_15_15                   |   in|   32|   ap_stable|      B_TILE_15_15|       pointer|
|B_TILE_15_16                   |   in|   32|   ap_stable|      B_TILE_15_16|       pointer|
|B_TILE_15_17                   |   in|   32|   ap_stable|      B_TILE_15_17|       pointer|
|B_TILE_15_18                   |   in|   32|   ap_stable|      B_TILE_15_18|       pointer|
|B_TILE_15_19                   |   in|   32|   ap_stable|      B_TILE_15_19|       pointer|
|B_TILE_15_20                   |   in|   32|   ap_stable|      B_TILE_15_20|       pointer|
|B_TILE_15_21                   |   in|   32|   ap_stable|      B_TILE_15_21|       pointer|
|B_TILE_15_22                   |   in|   32|   ap_stable|      B_TILE_15_22|       pointer|
|B_TILE_15_23                   |   in|   32|   ap_stable|      B_TILE_15_23|       pointer|
|B_TILE_15_24                   |   in|   32|   ap_stable|      B_TILE_15_24|       pointer|
|B_TILE_15_25                   |   in|   32|   ap_stable|      B_TILE_15_25|       pointer|
|B_TILE_15_26                   |   in|   32|   ap_stable|      B_TILE_15_26|       pointer|
|B_TILE_15_27                   |   in|   32|   ap_stable|      B_TILE_15_27|       pointer|
|B_TILE_15_28                   |   in|   32|   ap_stable|      B_TILE_15_28|       pointer|
|B_TILE_15_29                   |   in|   32|   ap_stable|      B_TILE_15_29|       pointer|
|B_TILE_15_30                   |   in|   32|   ap_stable|      B_TILE_15_30|       pointer|
|B_TILE_15_31                   |   in|   32|   ap_stable|      B_TILE_15_31|       pointer|
+-------------------------------+-----+-----+------------+------------------+--------------+

