

================================================================
== Vitis HLS Report for 'loader_B_tile_412'
================================================================
* Date:           Sun May 31 15:46:42 2026

* Version:        2023.2 (Build 4023990 on Oct 11 2023)
* Project:        hls_project
* Solution:       gemm2 (Vitis Kernel Flow Target)
* Product family: versalaicore
* Target device:  xcvc1902-vsva2197-2MP-e-S


================================================================
== Performance Estimates
================================================================
+ Timing: 
    * Summary: 
    +--------+---------+----------+------------+
    |  Clock |  Target | Estimated| Uncertainty|
    +--------+---------+----------+------------+
    |ap_clk  |  3.33 ns|  2.913 ns|     0.90 ns|
    +--------+---------+----------+------------+

+ Latency: 
    * Summary: 
    +---------+---------+-----------+-----------+------+------+---------+
    |  Latency (cycles) |   Latency (absolute)  |   Interval  | Pipeline|
    |   min   |   max   |    min    |    max    |  min |  max |   Type  |
    +---------+---------+-----------+-----------+------+------+---------+
    |     8196|     8196|  27.317 us|  27.317 us|  8196|  8196|       no|
    +---------+---------+-----------+-----------+------+------+---------+

    + Detail: 
        * Instance: 
        N/A

        * Loop: 
        +---------------------------------------------------+---------+---------+----------+-----------+-----------+------+----------+
        |                                                   |  Latency (cycles) | Iteration|  Initiation Interval  | Trip |          |
        |                     Loop Name                     |   min   |   max   |  Latency |  achieved |   target  | Count| Pipelined|
        +---------------------------------------------------+---------+---------+----------+-----------+-----------+------+----------+
        |- VITIS_LOOP_24_1_VITIS_LOOP_25_2_VITIS_LOOP_26_3  |     8194|     8194|         4|          1|          1|  8192|       yes|
        +---------------------------------------------------+---------+---------+----------+-----------+-----------+------+----------+



================================================================
== Utilization Estimates
================================================================
* Summary: 
+-----------------+---------+------+---------+--------+-----+
|       Name      | BRAM_18K|  DSP |    FF   |   LUT  | URAM|
+-----------------+---------+------+---------+--------+-----+
|DSP              |        -|     -|        -|       -|    -|
|Expression       |        -|     -|        0|     118|    -|
|FIFO             |        -|     -|        -|       -|    -|
|Instance         |        -|     -|        -|       -|    -|
|Memory           |        -|     -|        -|       -|    -|
|Multiplexer      |        -|     -|        -|      72|    -|
|Register         |        -|     -|       55|       -|    -|
+-----------------+---------+------+---------+--------+-----+
|Total            |        0|     0|       55|     190|    0|
+-----------------+---------+------+---------+--------+-----+
|Available        |     1934|  1968|  1799680|  899840|  463|
+-----------------+---------+------+---------+--------+-----+
|Utilization (%)  |        0|     0|       ~0|      ~0|    0|
+-----------------+---------+------+---------+--------+-----+

+ Detail: 
    * Instance: 
    N/A

    * DSP: 
    N/A

    * Memory: 
    N/A

    * FIFO: 
    N/A

    * Expression: 
    +---------------------------+----------+----+---+----+------------+------------+
    |       Variable Name       | Operation| DSP| FF| LUT| Bitwidth P0| Bitwidth P1|
    +---------------------------+----------+----+---+----+------------+------------+
    |add_ln24_fu_155_p2         |         +|   0|  0|  14|          14|           1|
    |add_ln25_2_fu_179_p2       |         +|   0|  0|  11|          11|           1|
    |add_ln25_fu_253_p2         |         +|   0|  0|   5|           5|           1|
    |add_ln26_fu_302_p2         |         +|   0|  0|   6|           6|           1|
    |add_ln29_fu_296_p2         |         +|   0|  0|   9|           9|           9|
    |and_ln24_fu_247_p2         |       and|   0|  0|   2|           1|           1|
    |ap_condition_126           |       and|   0|  0|   2|           1|           1|
    |ap_condition_147           |       and|   0|  0|   2|           1|           1|
    |icmp_ln24_fu_161_p2        |      icmp|   0|  0|  15|          14|          15|
    |icmp_ln25_fu_173_p2        |      icmp|   0|  0|  11|          11|          10|
    |icmp_ln26_fu_241_p2        |      icmp|   0|  0|   7|           6|           7|
    |ap_block_pp0_stage0_01001  |        or|   0|  0|   2|           1|           1|
    |or_ln25_fu_259_p2          |        or|   0|  0|   2|           1|           1|
    |select_ln24_fu_229_p3      |    select|   0|  0|   5|           1|           1|
    |select_ln25_3_fu_272_p3    |    select|   0|  0|   5|           1|           5|
    |select_ln25_4_fu_185_p3    |    select|   0|  0|  10|           1|           1|
    |select_ln25_fu_264_p3      |    select|   0|  0|   6|           1|           1|
    |ap_enable_pp0              |       xor|   0|  0|   2|           1|           2|
    |xor_ln24_fu_236_p2         |       xor|   0|  0|   2|           1|           2|
    +---------------------------+----------+----+---+----+------------+------------+
    |Total                      |          |   0|  0| 118|          87|          62|
    +---------------------------+----------+----+---+----+------------+------------+

    * Multiplexer: 
    +----------------------------------------+----+-----------+-----+-----------+
    |                  Name                  | LUT| Input Size| Bits| Total Bits|
    +----------------------------------------+----+-----------+-----+-----------+
    |B_streams_1_blk_n                       |   2|          2|    1|          2|
    |ap_done_int                             |   2|          2|    1|          2|
    |ap_enable_reg_pp0_iter1                 |   2|          2|    1|          2|
    |ap_sig_allocacmp_indvar_flatten11_load  |  12|          2|   14|         28|
    |ap_sig_allocacmp_indvar_flatten_load    |  11|          2|   11|         22|
    |ap_sig_allocacmp_j_load                 |   5|          2|    6|         12|
    |ap_sig_allocacmp_k_load                 |   5|          2|    5|         10|
    |indvar_flatten11_fu_76                  |  12|          2|   14|         28|
    |indvar_flatten_fu_72                    |  11|          2|   11|         22|
    |j_fu_64                                 |   5|          2|    6|         12|
    |k_fu_68                                 |   5|          2|    5|         10|
    +----------------------------------------+----+-----------+-----+-----------+
    |Total                                   |  72|         22|   75|        150|
    +----------------------------------------+----+-----------+-----+-----------+

    * Register: 
    +--------------------------------------------------+----+----+-----+-----------+
    |                       Name                       | FF | LUT| Bits| Const Bits|
    +--------------------------------------------------+----+----+-----+-----------+
    |add_ln29_reg_395                                  |   9|   0|    9|          0|
    |ap_CS_fsm                                         |   1|   0|    1|          0|
    |ap_condition_exit_pp0_iter0_stage0_pp0_iter1_reg  |   1|   0|    1|          0|
    |ap_done_reg                                       |   1|   0|    1|          0|
    |ap_enable_reg_pp0_iter1                           |   1|   0|    1|          0|
    |ap_enable_reg_pp0_iter2                           |   1|   0|    1|          0|
    |ap_enable_reg_pp0_iter3                           |   1|   0|    1|          0|
    |ap_loop_exit_ready_pp0_iter1_reg                  |   1|   0|    1|          0|
    |ap_loop_exit_ready_pp0_iter2_reg                  |   1|   0|    1|          0|
    |ap_loop_init_pp0_iter1_reg                        |   1|   0|    1|          0|
    |icmp_ln25_reg_388                                 |   1|   0|    1|          0|
    |indvar_flatten11_fu_76                            |  14|   0|   14|          0|
    |indvar_flatten_fu_72                              |  11|   0|   11|          0|
    |j_fu_64                                           |   6|   0|    6|          0|
    |k_fu_68                                           |   5|   0|    5|          0|
    +--------------------------------------------------+----+----+-----+-----------+
    |Total                                             |  55|   0|   55|          0|
    +--------------------------------------------------+----+----+-----+-----------+



================================================================
== Interface
================================================================
* Summary: 
+----------------------------+-----+-----+------------+-------------------+--------------+
|          RTL Ports         | Dir | Bits|  Protocol  |   Source Object   |    C Type    |
+----------------------------+-----+-----+------------+-------------------+--------------+
|ap_clk                      |   in|    1|  ap_ctrl_hs|  loader_B_tile.412|  return value|
|ap_rst                      |   in|    1|  ap_ctrl_hs|  loader_B_tile.412|  return value|
|ap_start                    |   in|    1|  ap_ctrl_hs|  loader_B_tile.412|  return value|
|ap_done                     |  out|    1|  ap_ctrl_hs|  loader_B_tile.412|  return value|
|ap_continue                 |   in|    1|  ap_ctrl_hs|  loader_B_tile.412|  return value|
|ap_idle                     |  out|    1|  ap_ctrl_hs|  loader_B_tile.412|  return value|
|ap_ready                    |  out|    1|  ap_ctrl_hs|  loader_B_tile.412|  return value|
|B_streams_1_din             |  out|   32|     ap_fifo|        B_streams_1|       pointer|
|B_streams_1_num_data_valid  |   in|    3|     ap_fifo|        B_streams_1|       pointer|
|B_streams_1_fifo_cap        |   in|    3|     ap_fifo|        B_streams_1|       pointer|
|B_streams_1_full_n          |   in|    1|     ap_fifo|        B_streams_1|       pointer|
|B_streams_1_write           |  out|    1|     ap_fifo|        B_streams_1|       pointer|
|B_address0                  |  out|    9|   ap_memory|                  B|         array|
|B_ce0                       |  out|    1|   ap_memory|                  B|         array|
|B_q0                        |   in|   32|   ap_memory|                  B|         array|
+----------------------------+-----+-----+------------+-------------------+--------------+

