

================================================================
== Vitis HLS Report for 'loadTileAFromDRAM26'
================================================================
* Date:           Fri May 29 19:23:24 2026

* Version:        2023.2 (Build 4023990 on Oct 11 2023)
* Project:        hls_project
* Solution:       gemm2 (Vitis Kernel Flow Target)
* Product family: zynquplus
* Target device:  xczu7ev-ffvc1156-2-e


================================================================
== Performance Estimates
================================================================
+ Timing: 
    * Summary: 
    +--------+---------+----------+------------+
    |  Clock |  Target | Estimated| Uncertainty|
    +--------+---------+----------+------------+
    |ap_clk  |  3.33 ns|  2.419 ns|     0.90 ns|
    +--------+---------+----------+------------+

+ Latency: 
    * Summary: 
    +---------+---------+----------+----------+-----+-----+---------+
    |  Latency (cycles) |  Latency (absolute) |  Interval | Pipeline|
    |   min   |   max   |    min   |    max   | min | max |   Type  |
    +---------+---------+----------+----------+-----+-----+---------+
    |      132|      132|  0.440 us|  0.440 us|  132|  132|       no|
    +---------+---------+----------+----------+-----+-----+---------+

    + Detail: 
        * Instance: 
        N/A

        * Loop: 
        +------------------------------+---------+---------+----------+-----------+-----------+------+----------+
        |                              |  Latency (cycles) | Iteration|  Initiation Interval  | Trip |          |
        |           Loop Name          |   min   |   max   |  Latency |  achieved |   target  | Count| Pipelined|
        +------------------------------+---------+---------+----------+-----------+-----------+------+----------+
        |- load_tile_A_VITIS_LOOP_7_1  |      130|      130|         4|          1|          1|   128|       yes|
        +------------------------------+---------+---------+----------+-----------+-----------+------+----------+



================================================================
== Utilization Estimates
================================================================
* Summary: 
+-----------------+---------+------+--------+--------+-----+
|       Name      | BRAM_18K|  DSP |   FF   |   LUT  | URAM|
+-----------------+---------+------+--------+--------+-----+
|DSP              |        -|     -|       -|       -|    -|
|Expression       |        -|     -|       0|     103|    -|
|FIFO             |        -|     -|       -|       -|    -|
|Instance         |        -|     -|       -|       -|    -|
|Memory           |        -|     -|       -|       -|    -|
|Multiplexer      |        -|     -|       -|      81|    -|
|Register         |        -|     -|     243|      64|    -|
+-----------------+---------+------+--------+--------+-----+
|Total            |        0|     0|     243|     248|    0|
+-----------------+---------+------+--------+--------+-----+
|Available        |      624|  1728|  460800|  230400|   96|
+-----------------+---------+------+--------+--------+-----+
|Utilization (%)  |        0|     0|      ~0|      ~0|    0|
+-----------------+---------+------+--------+--------+-----+

+ Detail: 
    * Instance: 
    N/A

    * DSP: 
    N/A

    * Memory: 
    N/A

    * FIFO: 
    N/A

    * Expression: 
    +---------------------------+----------+----+---+----+------------+------------+
    |       Variable Name       | Operation| DSP| FF| LUT| Bitwidth P0| Bitwidth P1|
    +---------------------------+----------+----+---+----+------------+------------+
    |add_ln10_fu_264_p2         |         +|   0|  0|  16|           9|           9|
    |add_ln6_1_fu_179_p2        |         +|   0|  0|  12|           5|           1|
    |add_ln6_fu_167_p2          |         +|   0|  0|  15|           8|           1|
    |add_ln7_fu_233_p2          |         +|   0|  0|  12|           5|           2|
    |empty_47_fu_213_p2         |         +|   0|  0|  12|           5|           5|
    |ap_condition_183           |       and|   0|  0|   2|           1|           1|
    |icmp_ln6_fu_161_p2         |      icmp|   0|  0|  16|           8|           9|
    |ap_block_pp0_stage0_11001  |        or|   0|  0|   2|           1|           1|
    |or_ln7_fu_275_p2           |        or|   0|  0|   4|           4|           1|
    |select_ln6_1_fu_201_p3     |    select|   0|  0|   5|           1|           5|
    |select_ln6_fu_193_p3       |    select|   0|  0|   5|           1|           1|
    |ap_enable_pp0              |       xor|   0|  0|   2|           1|           2|
    +---------------------------+----------+----+---+----+------------+------------+
    |Total                      |          |   0|  0| 103|          49|          38|
    +---------------------------+----------+----+---+----+------------+------------+

    * Multiplexer: 
    +----------------------------------------+----+-----------+-----+-----------+
    |                  Name                  | LUT| Input Size| Bits| Total Bits|
    +----------------------------------------+----+-----------+-----+-----------+
    |ap_done_int                             |   9|          2|    1|          2|
    |ap_enable_reg_pp0_iter1                 |   9|          2|    1|          2|
    |ap_return                               |   9|          2|    1|          2|
    |ap_sig_allocacmp_i_load                 |   9|          2|    5|         10|
    |ap_sig_allocacmp_indvar_flatten_i_load  |   9|          2|    8|         16|
    |ap_sig_allocacmp_k_load                 |   9|          2|    5|         10|
    |i_fu_70                                 |   9|          2|    5|         10|
    |indvar_flatten_i_fu_74                  |   9|          2|    8|         16|
    |k_fu_66                                 |   9|          2|    5|         10|
    +----------------------------------------+----+-----------+-----+-----------+
    |Total                                   |  81|         18|   39|         78|
    +----------------------------------------+----+-----------+-----+-----------+

    * Register: 
    +----------------------------------+----+----+-----+-----------+
    |               Name               | FF | LUT| Bits| Const Bits|
    +----------------------------------+----+----+-----+-----------+
    |A_BUF_load_1_reg_374              |  32|   0|   32|          0|
    |A_BUF_load_reg_369                |  32|   0|   32|          0|
    |ap_CS_fsm                         |   1|   0|    1|          0|
    |ap_done_reg                       |   1|   0|    1|          0|
    |ap_enable_reg_pp0_iter1           |   1|   0|    1|          0|
    |ap_enable_reg_pp0_iter2           |   1|   0|    1|          0|
    |ap_enable_reg_pp0_iter3           |   1|   0|    1|          0|
    |ap_loop_exit_ready_pp0_iter1_reg  |   1|   0|    1|          0|
    |ap_loop_exit_ready_pp0_iter2_reg  |   1|   0|    1|          0|
    |ap_return_preg                    |   1|   0|    1|          0|
    |empty_47_reg_343                  |   5|   0|    5|          0|
    |empty_reg_338                     |   4|   0|    4|          0|
    |i_fu_70                           |   5|   0|    5|          0|
    |icmp_ln6_reg_329                  |   1|   0|    1|          0|
    |icmp_ln6_reg_329_pp0_iter1_reg    |   1|   0|    1|          0|
    |indvar_flatten_i_fu_74            |   8|   0|    8|          0|
    |k_fu_66                           |   5|   0|    5|          0|
    |lshr_ln7_i_reg_354                |   3|   0|    3|          0|
    |select_ln6_reg_333                |   5|   0|    5|          0|
    |tileA_read_reg_325                |   1|   0|    1|          0|
    |tileA_read_reg_325_pp0_iter1_reg  |   1|   0|    1|          0|
    |trunc_ln7_reg_349                 |   4|   0|    4|          0|
    |empty_reg_338                     |  64|  32|    4|          0|
    |lshr_ln7_i_reg_354                |  64|  32|    3|          0|
    +----------------------------------+----+----+-----+-----------+
    |Total                             | 243|  64|  122|          0|
    +----------------------------------+----+----+-----+-----------+



================================================================
== Interface
================================================================
* Summary: 
+-------------------+-----+-----+------------+---------------------+--------------+
|     RTL Ports     | Dir | Bits|  Protocol  |    Source Object    |    C Type    |
+-------------------+-----+-----+------------+---------------------+--------------+
|ap_clk             |   in|    1|  ap_ctrl_hs|  loadTileAFromDRAM26|  return value|
|ap_rst             |   in|    1|  ap_ctrl_hs|  loadTileAFromDRAM26|  return value|
|ap_start           |   in|    1|  ap_ctrl_hs|  loadTileAFromDRAM26|  return value|
|ap_done            |  out|    1|  ap_ctrl_hs|  loadTileAFromDRAM26|  return value|
|ap_continue        |   in|    1|  ap_ctrl_hs|  loadTileAFromDRAM26|  return value|
|ap_idle            |  out|    1|  ap_ctrl_hs|  loadTileAFromDRAM26|  return value|
|ap_ready           |  out|    1|  ap_ctrl_hs|  loadTileAFromDRAM26|  return value|
|ap_return          |  out|    1|  ap_ctrl_hs|  loadTileAFromDRAM26|  return value|
|A_BUF_address0     |  out|    9|   ap_memory|                A_BUF|         array|
|A_BUF_ce0          |  out|    1|   ap_memory|                A_BUF|         array|
|A_BUF_q0           |   in|   32|   ap_memory|                A_BUF|         array|
|A_BUF_address1     |  out|    9|   ap_memory|                A_BUF|         array|
|A_BUF_ce1          |  out|    1|   ap_memory|                A_BUF|         array|
|A_BUF_q1           |   in|   32|   ap_memory|                A_BUF|         array|
|A_TILE_1_address0  |  out|    7|   ap_memory|             A_TILE_1|         array|
|A_TILE_1_ce0       |  out|    1|   ap_memory|             A_TILE_1|         array|
|A_TILE_1_we0       |  out|    1|   ap_memory|             A_TILE_1|         array|
|A_TILE_1_d0        |  out|   32|   ap_memory|             A_TILE_1|         array|
|A_TILE_address0    |  out|    7|   ap_memory|               A_TILE|         array|
|A_TILE_ce0         |  out|    1|   ap_memory|               A_TILE|         array|
|A_TILE_we0         |  out|    1|   ap_memory|               A_TILE|         array|
|A_TILE_d0          |  out|   32|   ap_memory|               A_TILE|         array|
|tileA              |   in|    1|     ap_none|                tileA|        scalar|
+-------------------+-----+-----+------------+---------------------+--------------+

