

================================================================
== Vitis HLS Report for 'loadBFromDRAM_Pipeline_VITIS_LOOP_57_1_VITIS_LOOP_58_2'
================================================================
* Date:           Sun Jun 14 13:11:42 2026

* Version:        2023.2 (Build 4023990 on Oct 11 2023)
* Project:        hls_project
* Solution:       gemm2 (Vitis Kernel Flow Target)
* Product family: versalaicore
* Target device:  xcvc1902-vsva2197-2MP-e-S


================================================================
== Performance Estimates
================================================================
+ Timing: 
    * Summary: 
    +--------+---------+----------+------------+
    |  Clock |  Target | Estimated| Uncertainty|
    +--------+---------+----------+------------+
    |ap_clk  |  3.33 ns|  2.215 ns|     0.90 ns|
    +--------+---------+----------+------------+

+ Latency: 
    * Summary: 
    +---------+---------+----------+----------+-----+-----+---------+
    |  Latency (cycles) |  Latency (absolute) |  Interval | Pipeline|
    |   min   |   max   |    min   |    max   | min | max |   Type  |
    +---------+---------+----------+----------+-----+-----+---------+
    |       66|       66|  0.220 us|  0.220 us|   66|   66|       no|
    +---------+---------+----------+----------+-----+-----+---------+

    + Detail: 
        * Instance: 
        N/A

        * Loop: 
        +-----------------------------------+---------+---------+----------+-----------+-----------+------+----------+
        |                                   |  Latency (cycles) | Iteration|  Initiation Interval  | Trip |          |
        |             Loop Name             |   min   |   max   |  Latency |  achieved |   target  | Count| Pipelined|
        +-----------------------------------+---------+---------+----------+-----------+-----------+------+----------+
        |- VITIS_LOOP_57_1_VITIS_LOOP_58_2  |       64|       64|         2|          1|          1|    64|       yes|
        +-----------------------------------+---------+---------+----------+-----------+-----------+------+----------+



================================================================
== Utilization Estimates
================================================================
* Summary: 
+-----------------+---------+------+---------+--------+-----+
|       Name      | BRAM_18K|  DSP |    FF   |   LUT  | URAM|
+-----------------+---------+------+---------+--------+-----+
|DSP              |        -|     -|        -|       -|    -|
|Expression       |        -|     -|        0|      45|    -|
|FIFO             |        -|     -|        -|       -|    -|
|Instance         |        -|     -|        -|       -|    -|
|Memory           |        -|     -|        -|       -|    -|
|Multiplexer      |        -|     -|        -|      27|    -|
|Register         |        -|     -|       18|       -|    -|
+-----------------+---------+------+---------+--------+-----+
|Total            |        0|     0|       18|      72|    0|
+-----------------+---------+------+---------+--------+-----+
|Available        |     1934|  1968|  1799680|  899840|  463|
+-----------------+---------+------+---------+--------+-----+
|Utilization (%)  |        0|     0|       ~0|      ~0|    0|
+-----------------+---------+------+---------+--------+-----+

+ Detail: 
    * Instance: 
    N/A

    * DSP: 
    N/A

    * Memory: 
    N/A

    * FIFO: 
    N/A

    * Expression: 
    +---------------------------+----------+----+---+----+------------+------------+
    |       Variable Name       | Operation| DSP| FF| LUT| Bitwidth P0| Bitwidth P1|
    +---------------------------+----------+----+---+----+------------+------------+
    |add_ln57_1_fu_723_p2       |         +|   0|  0|   7|           7|           1|
    |add_ln57_fu_765_p2         |         +|   0|  0|   5|           2|           1|
    |add_ln58_fu_1165_p2        |         +|   0|  0|   6|           6|           1|
    |ap_block_pp0_stage0_11001  |       and|   0|  0|   2|           1|           1|
    |icmp_ln57_fu_729_p2        |      icmp|   0|  0|   8|           7|           8|
    |icmp_ln58_fu_771_p2        |      icmp|   0|  0|   7|           6|           7|
    |select_ln57_1_fu_785_p3    |    select|   0|  0|   2|           1|           2|
    |select_ln57_fu_777_p3      |    select|   0|  0|   6|           1|           1|
    |ap_enable_pp0              |       xor|   0|  0|   2|           1|           2|
    +---------------------------+----------+----+---+----+------------+------------+
    |Total                      |          |   0|  0|  45|          32|          24|
    +---------------------------+----------+----+---+----+------------+------------+

    * Multiplexer: 
    +--------------------------------------+----+-----------+-----+-----------+
    |                 Name                 | LUT| Input Size| Bits| Total Bits|
    +--------------------------------------+----+-----------+-----+-----------+
    |ap_done_int                           |   2|          2|    1|          2|
    |ap_enable_reg_pp0_iter1               |   2|          2|    1|          2|
    |ap_sig_allocacmp_indvar_flatten_load  |   7|          2|    7|         14|
    |gmem1_blk_n_R                         |   2|          2|    1|          2|
    |indvar_flatten_fu_196                 |   7|          2|    7|         14|
    |j_fu_188                              |   5|          2|    6|         12|
    |t_fu_192                              |   2|          2|    2|          4|
    +--------------------------------------+----+-----------+-----+-----------+
    |Total                                 |  27|         14|   25|         50|
    +--------------------------------------+----+-----------+-----+-----------+

    * Register: 
    +-------------------------+---+----+-----+-----------+
    |           Name          | FF| LUT| Bits| Const Bits|
    +-------------------------+---+----+-----+-----------+
    |ap_CS_fsm                |  1|   0|    1|          0|
    |ap_done_reg              |  1|   0|    1|          0|
    |ap_enable_reg_pp0_iter1  |  1|   0|    1|          0|
    |indvar_flatten_fu_196    |  7|   0|    7|          0|
    |j_fu_188                 |  6|   0|    6|          0|
    |t_fu_192                 |  2|   0|    2|          0|
    +-------------------------+---+----+-----+-----------+
    |Total                    | 18|   0|   18|          0|
    +-------------------------+---+----+-----+-----------+



================================================================
== Interface
================================================================
* Summary: 
+----------------------+-----+-----+------------+--------------------------------------------------------+--------------+
|       RTL Ports      | Dir | Bits|  Protocol  |                      Source Object                     |    C Type    |
+----------------------+-----+-----+------------+--------------------------------------------------------+--------------+
|ap_clk                |   in|    1|  ap_ctrl_hs|  loadBFromDRAM_Pipeline_VITIS_LOOP_57_1_VITIS_LOOP_58_2|  return value|
|ap_rst                |   in|    1|  ap_ctrl_hs|  loadBFromDRAM_Pipeline_VITIS_LOOP_57_1_VITIS_LOOP_58_2|  return value|
|ap_start              |   in|    1|  ap_ctrl_hs|  loadBFromDRAM_Pipeline_VITIS_LOOP_57_1_VITIS_LOOP_58_2|  return value|
|ap_done               |  out|    1|  ap_ctrl_hs|  loadBFromDRAM_Pipeline_VITIS_LOOP_57_1_VITIS_LOOP_58_2|  return value|
|ap_idle               |  out|    1|  ap_ctrl_hs|  loadBFromDRAM_Pipeline_VITIS_LOOP_57_1_VITIS_LOOP_58_2|  return value|
|ap_ready              |  out|    1|  ap_ctrl_hs|  loadBFromDRAM_Pipeline_VITIS_LOOP_57_1_VITIS_LOOP_58_2|  return value|
|m_axi_gmem1_AWVALID   |  out|    1|       m_axi|                                                   gmem1|       pointer|
|m_axi_gmem1_AWREADY   |   in|    1|       m_axi|                                                   gmem1|       pointer|
|m_axi_gmem1_AWADDR    |  out|   64|       m_axi|                                                   gmem1|       pointer|
|m_axi_gmem1_AWID      |  out|    1|       m_axi|                                                   gmem1|       pointer|
|m_axi_gmem1_AWLEN     |  out|   32|       m_axi|                                                   gmem1|       pointer|
|m_axi_gmem1_AWSIZE    |  out|    3|       m_axi|                                                   gmem1|       pointer|
|m_axi_gmem1_AWBURST   |  out|    2|       m_axi|                                                   gmem1|       pointer|
|m_axi_gmem1_AWLOCK    |  out|    2|       m_axi|                                                   gmem1|       pointer|
|m_axi_gmem1_AWCACHE   |  out|    4|       m_axi|                                                   gmem1|       pointer|
|m_axi_gmem1_AWPROT    |  out|    3|       m_axi|                                                   gmem1|       pointer|
|m_axi_gmem1_AWQOS     |  out|    4|       m_axi|                                                   gmem1|       pointer|
|m_axi_gmem1_AWREGION  |  out|    4|       m_axi|                                                   gmem1|       pointer|
|m_axi_gmem1_AWUSER    |  out|    1|       m_axi|                                                   gmem1|       pointer|
|m_axi_gmem1_WVALID    |  out|    1|       m_axi|                                                   gmem1|       pointer|
|m_axi_gmem1_WREADY    |   in|    1|       m_axi|                                                   gmem1|       pointer|
|m_axi_gmem1_WDATA     |  out|  512|       m_axi|                                                   gmem1|       pointer|
|m_axi_gmem1_WSTRB     |  out|   64|       m_axi|                                                   gmem1|       pointer|
|m_axi_gmem1_WLAST     |  out|    1|       m_axi|                                                   gmem1|       pointer|
|m_axi_gmem1_WID       |  out|    1|       m_axi|                                                   gmem1|       pointer|
|m_axi_gmem1_WUSER     |  out|    1|       m_axi|                                                   gmem1|       pointer|
|m_axi_gmem1_ARVALID   |  out|    1|       m_axi|                                                   gmem1|       pointer|
|m_axi_gmem1_ARREADY   |   in|    1|       m_axi|                                                   gmem1|       pointer|
|m_axi_gmem1_ARADDR    |  out|   64|       m_axi|                                                   gmem1|       pointer|
|m_axi_gmem1_ARID      |  out|    1|       m_axi|                                                   gmem1|       pointer|
|m_axi_gmem1_ARLEN     |  out|   32|       m_axi|                                                   gmem1|       pointer|
|m_axi_gmem1_ARSIZE    |  out|    3|       m_axi|                                                   gmem1|       pointer|
|m_axi_gmem1_ARBURST   |  out|    2|       m_axi|                                                   gmem1|       pointer|
|m_axi_gmem1_ARLOCK    |  out|    2|       m_axi|                                                   gmem1|       pointer|
|m_axi_gmem1_ARCACHE   |  out|    4|       m_axi|                                                   gmem1|       pointer|
|m_axi_gmem1_ARPROT    |  out|    3|       m_axi|                                                   gmem1|       pointer|
|m_axi_gmem1_ARQOS     |  out|    4|       m_axi|                                                   gmem1|       pointer|
|m_axi_gmem1_ARREGION  |  out|    4|       m_axi|                                                   gmem1|       pointer|
|m_axi_gmem1_ARUSER    |  out|    1|       m_axi|                                                   gmem1|       pointer|
|m_axi_gmem1_RVALID    |   in|    1|       m_axi|                                                   gmem1|       pointer|
|m_axi_gmem1_RREADY    |  out|    1|       m_axi|                                                   gmem1|       pointer|
|m_axi_gmem1_RDATA     |   in|  512|       m_axi|                                                   gmem1|       pointer|
|m_axi_gmem1_RLAST     |   in|    1|       m_axi|                                                   gmem1|       pointer|
|m_axi_gmem1_RID       |   in|    1|       m_axi|                                                   gmem1|       pointer|
|m_axi_gmem1_RFIFONUM  |   in|    9|       m_axi|                                                   gmem1|       pointer|
|m_axi_gmem1_RUSER     |   in|    1|       m_axi|                                                   gmem1|       pointer|
|m_axi_gmem1_RRESP     |   in|    2|       m_axi|                                                   gmem1|       pointer|
|m_axi_gmem1_BVALID    |   in|    1|       m_axi|                                                   gmem1|       pointer|
|m_axi_gmem1_BREADY    |  out|    1|       m_axi|                                                   gmem1|       pointer|
|m_axi_gmem1_BRESP     |   in|    2|       m_axi|                                                   gmem1|       pointer|
|m_axi_gmem1_BID       |   in|    1|       m_axi|                                                   gmem1|       pointer|
|m_axi_gmem1_BUSER     |   in|    1|       m_axi|                                                   gmem1|       pointer|
|sext_ln57             |   in|   58|     ap_none|                                               sext_ln57|        scalar|
|B_BUF_1_15_address0   |  out|    5|   ap_memory|                                              B_BUF_1_15|         array|
|B_BUF_1_15_ce0        |  out|    1|   ap_memory|                                              B_BUF_1_15|         array|
|B_BUF_1_15_we0        |  out|    1|   ap_memory|                                              B_BUF_1_15|         array|
|B_BUF_1_15_d0         |  out|   32|   ap_memory|                                              B_BUF_1_15|         array|
|B_BUF_1_14_address0   |  out|    5|   ap_memory|                                              B_BUF_1_14|         array|
|B_BUF_1_14_ce0        |  out|    1|   ap_memory|                                              B_BUF_1_14|         array|
|B_BUF_1_14_we0        |  out|    1|   ap_memory|                                              B_BUF_1_14|         array|
|B_BUF_1_14_d0         |  out|   32|   ap_memory|                                              B_BUF_1_14|         array|
|B_BUF_1_13_address0   |  out|    5|   ap_memory|                                              B_BUF_1_13|         array|
|B_BUF_1_13_ce0        |  out|    1|   ap_memory|                                              B_BUF_1_13|         array|
|B_BUF_1_13_we0        |  out|    1|   ap_memory|                                              B_BUF_1_13|         array|
|B_BUF_1_13_d0         |  out|   32|   ap_memory|                                              B_BUF_1_13|         array|
|B_BUF_1_12_address0   |  out|    5|   ap_memory|                                              B_BUF_1_12|         array|
|B_BUF_1_12_ce0        |  out|    1|   ap_memory|                                              B_BUF_1_12|         array|
|B_BUF_1_12_we0        |  out|    1|   ap_memory|                                              B_BUF_1_12|         array|
|B_BUF_1_12_d0         |  out|   32|   ap_memory|                                              B_BUF_1_12|         array|
|B_BUF_1_11_address0   |  out|    5|   ap_memory|                                              B_BUF_1_11|         array|
|B_BUF_1_11_ce0        |  out|    1|   ap_memory|                                              B_BUF_1_11|         array|
|B_BUF_1_11_we0        |  out|    1|   ap_memory|                                              B_BUF_1_11|         array|
|B_BUF_1_11_d0         |  out|   32|   ap_memory|                                              B_BUF_1_11|         array|
|B_BUF_1_10_address0   |  out|    5|   ap_memory|                                              B_BUF_1_10|         array|
|B_BUF_1_10_ce0        |  out|    1|   ap_memory|                                              B_BUF_1_10|         array|
|B_BUF_1_10_we0        |  out|    1|   ap_memory|                                              B_BUF_1_10|         array|
|B_BUF_1_10_d0         |  out|   32|   ap_memory|                                              B_BUF_1_10|         array|
|B_BUF_1_9_address0    |  out|    5|   ap_memory|                                               B_BUF_1_9|         array|
|B_BUF_1_9_ce0         |  out|    1|   ap_memory|                                               B_BUF_1_9|         array|
|B_BUF_1_9_we0         |  out|    1|   ap_memory|                                               B_BUF_1_9|         array|
|B_BUF_1_9_d0          |  out|   32|   ap_memory|                                               B_BUF_1_9|         array|
|B_BUF_1_8_address0    |  out|    5|   ap_memory|                                               B_BUF_1_8|         array|
|B_BUF_1_8_ce0         |  out|    1|   ap_memory|                                               B_BUF_1_8|         array|
|B_BUF_1_8_we0         |  out|    1|   ap_memory|                                               B_BUF_1_8|         array|
|B_BUF_1_8_d0          |  out|   32|   ap_memory|                                               B_BUF_1_8|         array|
|B_BUF_1_7_address0    |  out|    5|   ap_memory|                                               B_BUF_1_7|         array|
|B_BUF_1_7_ce0         |  out|    1|   ap_memory|                                               B_BUF_1_7|         array|
|B_BUF_1_7_we0         |  out|    1|   ap_memory|                                               B_BUF_1_7|         array|
|B_BUF_1_7_d0          |  out|   32|   ap_memory|                                               B_BUF_1_7|         array|
|B_BUF_1_6_address0    |  out|    5|   ap_memory|                                               B_BUF_1_6|         array|
|B_BUF_1_6_ce0         |  out|    1|   ap_memory|                                               B_BUF_1_6|         array|
|B_BUF_1_6_we0         |  out|    1|   ap_memory|                                               B_BUF_1_6|         array|
|B_BUF_1_6_d0          |  out|   32|   ap_memory|                                               B_BUF_1_6|         array|
|B_BUF_1_5_address0    |  out|    5|   ap_memory|                                               B_BUF_1_5|         array|
|B_BUF_1_5_ce0         |  out|    1|   ap_memory|                                               B_BUF_1_5|         array|
|B_BUF_1_5_we0         |  out|    1|   ap_memory|                                               B_BUF_1_5|         array|
|B_BUF_1_5_d0          |  out|   32|   ap_memory|                                               B_BUF_1_5|         array|
|B_BUF_1_4_address0    |  out|    5|   ap_memory|                                               B_BUF_1_4|         array|
|B_BUF_1_4_ce0         |  out|    1|   ap_memory|                                               B_BUF_1_4|         array|
|B_BUF_1_4_we0         |  out|    1|   ap_memory|                                               B_BUF_1_4|         array|
|B_BUF_1_4_d0          |  out|   32|   ap_memory|                                               B_BUF_1_4|         array|
|B_BUF_1_3_address0    |  out|    5|   ap_memory|                                               B_BUF_1_3|         array|
|B_BUF_1_3_ce0         |  out|    1|   ap_memory|                                               B_BUF_1_3|         array|
|B_BUF_1_3_we0         |  out|    1|   ap_memory|                                               B_BUF_1_3|         array|
|B_BUF_1_3_d0          |  out|   32|   ap_memory|                                               B_BUF_1_3|         array|
|B_BUF_1_2_address0    |  out|    5|   ap_memory|                                               B_BUF_1_2|         array|
|B_BUF_1_2_ce0         |  out|    1|   ap_memory|                                               B_BUF_1_2|         array|
|B_BUF_1_2_we0         |  out|    1|   ap_memory|                                               B_BUF_1_2|         array|
|B_BUF_1_2_d0          |  out|   32|   ap_memory|                                               B_BUF_1_2|         array|
|B_BUF_1_1_address0    |  out|    5|   ap_memory|                                               B_BUF_1_1|         array|
|B_BUF_1_1_ce0         |  out|    1|   ap_memory|                                               B_BUF_1_1|         array|
|B_BUF_1_1_we0         |  out|    1|   ap_memory|                                               B_BUF_1_1|         array|
|B_BUF_1_1_d0          |  out|   32|   ap_memory|                                               B_BUF_1_1|         array|
|B_BUF_1_0_address0    |  out|    5|   ap_memory|                                               B_BUF_1_0|         array|
|B_BUF_1_0_ce0         |  out|    1|   ap_memory|                                               B_BUF_1_0|         array|
|B_BUF_1_0_we0         |  out|    1|   ap_memory|                                               B_BUF_1_0|         array|
|B_BUF_1_0_d0          |  out|   32|   ap_memory|                                               B_BUF_1_0|         array|
|B_BUF_0_15_address0   |  out|    5|   ap_memory|                                              B_BUF_0_15|         array|
|B_BUF_0_15_ce0        |  out|    1|   ap_memory|                                              B_BUF_0_15|         array|
|B_BUF_0_15_we0        |  out|    1|   ap_memory|                                              B_BUF_0_15|         array|
|B_BUF_0_15_d0         |  out|   32|   ap_memory|                                              B_BUF_0_15|         array|
|B_BUF_0_14_address0   |  out|    5|   ap_memory|                                              B_BUF_0_14|         array|
|B_BUF_0_14_ce0        |  out|    1|   ap_memory|                                              B_BUF_0_14|         array|
|B_BUF_0_14_we0        |  out|    1|   ap_memory|                                              B_BUF_0_14|         array|
|B_BUF_0_14_d0         |  out|   32|   ap_memory|                                              B_BUF_0_14|         array|
|B_BUF_0_13_address0   |  out|    5|   ap_memory|                                              B_BUF_0_13|         array|
|B_BUF_0_13_ce0        |  out|    1|   ap_memory|                                              B_BUF_0_13|         array|
|B_BUF_0_13_we0        |  out|    1|   ap_memory|                                              B_BUF_0_13|         array|
|B_BUF_0_13_d0         |  out|   32|   ap_memory|                                              B_BUF_0_13|         array|
|B_BUF_0_12_address0   |  out|    5|   ap_memory|                                              B_BUF_0_12|         array|
|B_BUF_0_12_ce0        |  out|    1|   ap_memory|                                              B_BUF_0_12|         array|
|B_BUF_0_12_we0        |  out|    1|   ap_memory|                                              B_BUF_0_12|         array|
|B_BUF_0_12_d0         |  out|   32|   ap_memory|                                              B_BUF_0_12|         array|
|B_BUF_0_11_address0   |  out|    5|   ap_memory|                                              B_BUF_0_11|         array|
|B_BUF_0_11_ce0        |  out|    1|   ap_memory|                                              B_BUF_0_11|         array|
|B_BUF_0_11_we0        |  out|    1|   ap_memory|                                              B_BUF_0_11|         array|
|B_BUF_0_11_d0         |  out|   32|   ap_memory|                                              B_BUF_0_11|         array|
|B_BUF_0_10_address0   |  out|    5|   ap_memory|                                              B_BUF_0_10|         array|
|B_BUF_0_10_ce0        |  out|    1|   ap_memory|                                              B_BUF_0_10|         array|
|B_BUF_0_10_we0        |  out|    1|   ap_memory|                                              B_BUF_0_10|         array|
|B_BUF_0_10_d0         |  out|   32|   ap_memory|                                              B_BUF_0_10|         array|
|B_BUF_0_9_address0    |  out|    5|   ap_memory|                                               B_BUF_0_9|         array|
|B_BUF_0_9_ce0         |  out|    1|   ap_memory|                                               B_BUF_0_9|         array|
|B_BUF_0_9_we0         |  out|    1|   ap_memory|                                               B_BUF_0_9|         array|
|B_BUF_0_9_d0          |  out|   32|   ap_memory|                                               B_BUF_0_9|         array|
|B_BUF_0_8_address0    |  out|    5|   ap_memory|                                               B_BUF_0_8|         array|
|B_BUF_0_8_ce0         |  out|    1|   ap_memory|                                               B_BUF_0_8|         array|
|B_BUF_0_8_we0         |  out|    1|   ap_memory|                                               B_BUF_0_8|         array|
|B_BUF_0_8_d0          |  out|   32|   ap_memory|                                               B_BUF_0_8|         array|
|B_BUF_0_7_address0    |  out|    5|   ap_memory|                                               B_BUF_0_7|         array|
|B_BUF_0_7_ce0         |  out|    1|   ap_memory|                                               B_BUF_0_7|         array|
|B_BUF_0_7_we0         |  out|    1|   ap_memory|                                               B_BUF_0_7|         array|
|B_BUF_0_7_d0          |  out|   32|   ap_memory|                                               B_BUF_0_7|         array|
|B_BUF_0_6_address0    |  out|    5|   ap_memory|                                               B_BUF_0_6|         array|
|B_BUF_0_6_ce0         |  out|    1|   ap_memory|                                               B_BUF_0_6|         array|
|B_BUF_0_6_we0         |  out|    1|   ap_memory|                                               B_BUF_0_6|         array|
|B_BUF_0_6_d0          |  out|   32|   ap_memory|                                               B_BUF_0_6|         array|
|B_BUF_0_5_address0    |  out|    5|   ap_memory|                                               B_BUF_0_5|         array|
|B_BUF_0_5_ce0         |  out|    1|   ap_memory|                                               B_BUF_0_5|         array|
|B_BUF_0_5_we0         |  out|    1|   ap_memory|                                               B_BUF_0_5|         array|
|B_BUF_0_5_d0          |  out|   32|   ap_memory|                                               B_BUF_0_5|         array|
|B_BUF_0_4_address0    |  out|    5|   ap_memory|                                               B_BUF_0_4|         array|
|B_BUF_0_4_ce0         |  out|    1|   ap_memory|                                               B_BUF_0_4|         array|
|B_BUF_0_4_we0         |  out|    1|   ap_memory|                                               B_BUF_0_4|         array|
|B_BUF_0_4_d0          |  out|   32|   ap_memory|                                               B_BUF_0_4|         array|
|B_BUF_0_3_address0    |  out|    5|   ap_memory|                                               B_BUF_0_3|         array|
|B_BUF_0_3_ce0         |  out|    1|   ap_memory|                                               B_BUF_0_3|         array|
|B_BUF_0_3_we0         |  out|    1|   ap_memory|                                               B_BUF_0_3|         array|
|B_BUF_0_3_d0          |  out|   32|   ap_memory|                                               B_BUF_0_3|         array|
|B_BUF_0_2_address0    |  out|    5|   ap_memory|                                               B_BUF_0_2|         array|
|B_BUF_0_2_ce0         |  out|    1|   ap_memory|                                               B_BUF_0_2|         array|
|B_BUF_0_2_we0         |  out|    1|   ap_memory|                                               B_BUF_0_2|         array|
|B_BUF_0_2_d0          |  out|   32|   ap_memory|                                               B_BUF_0_2|         array|
|B_BUF_0_1_address0    |  out|    5|   ap_memory|                                               B_BUF_0_1|         array|
|B_BUF_0_1_ce0         |  out|    1|   ap_memory|                                               B_BUF_0_1|         array|
|B_BUF_0_1_we0         |  out|    1|   ap_memory|                                               B_BUF_0_1|         array|
|B_BUF_0_1_d0          |  out|   32|   ap_memory|                                               B_BUF_0_1|         array|
|B_BUF_0_0_address0    |  out|    5|   ap_memory|                                               B_BUF_0_0|         array|
|B_BUF_0_0_ce0         |  out|    1|   ap_memory|                                               B_BUF_0_0|         array|
|B_BUF_0_0_we0         |  out|    1|   ap_memory|                                               B_BUF_0_0|         array|
|B_BUF_0_0_d0          |  out|   32|   ap_memory|                                               B_BUF_0_0|         array|
+----------------------+-----+-----+------------+--------------------------------------------------------+--------------+

