

================================================================
== Vitis HLS Report for 'loadInputsFromDRAM_Pipeline_VITIS_LOOP_19_3_VITIS_LOOP_20_4'
================================================================
* Date:           Thu Jun 11 13:33:10 2026

* Version:        2023.2 (Build 4023990 on Oct 11 2023)
* Project:        hls_project
* Solution:       gemm2 (Vitis Kernel Flow Target)
* Product family: versalaicore
* Target device:  xcvc1902-vsva2197-2MP-e-S


================================================================
== Performance Estimates
================================================================
+ Timing: 
    * Summary: 
    +--------+---------+----------+------------+
    |  Clock |  Target | Estimated| Uncertainty|
    +--------+---------+----------+------------+
    |ap_clk  |  3.33 ns|  2.215 ns|     0.90 ns|
    +--------+---------+----------+------------+

+ Latency: 
    * Summary: 
    +---------+---------+----------+----------+------+------+---------+
    |  Latency (cycles) |  Latency (absolute) |   Interval  | Pipeline|
    |   min   |   max   |    min   |    max   |  min |  max |   Type  |
    +---------+---------+----------+----------+------+------+---------+
    |     1026|     1026|  3.420 us|  3.420 us|  1026|  1026|       no|
    +---------+---------+----------+----------+------+------+---------+

    + Detail: 
        * Instance: 
        N/A

        * Loop: 
        +-----------------------------------+---------+---------+----------+-----------+-----------+------+----------+
        |                                   |  Latency (cycles) | Iteration|  Initiation Interval  | Trip |          |
        |             Loop Name             |   min   |   max   |  Latency |  achieved |   target  | Count| Pipelined|
        +-----------------------------------+---------+---------+----------+-----------+-----------+------+----------+
        |- VITIS_LOOP_19_3_VITIS_LOOP_20_4  |     1024|     1024|        17|         16|          1|    64|       yes|
        +-----------------------------------+---------+---------+----------+-----------+-----------+------+----------+



================================================================
== Utilization Estimates
================================================================
* Summary: 
+-----------------+---------+------+---------+--------+-----+
|       Name      | BRAM_18K|  DSP |    FF   |   LUT  | URAM|
+-----------------+---------+------+---------+--------+-----+
|DSP              |        -|     -|        -|       -|    -|
|Expression       |        -|     -|        0|     104|    -|
|FIFO             |        -|     -|        -|       -|    -|
|Instance         |        -|     -|        -|       -|    -|
|Memory           |        -|     -|        -|       -|    -|
|Multiplexer      |        -|     -|        -|     955|    -|
|Register         |        -|     -|      554|       -|    -|
+-----------------+---------+------+---------+--------+-----+
|Total            |        0|     0|      554|    1059|    0|
+-----------------+---------+------+---------+--------+-----+
|Available        |     1934|  1968|  1799680|  899840|  463|
+-----------------+---------+------+---------+--------+-----+
|Utilization (%)  |        0|     0|       ~0|      ~0|    0|
+-----------------+---------+------+---------+--------+-----+

+ Detail: 
    * Instance: 
    N/A

    * DSP: 
    N/A

    * Memory: 
    N/A

    * FIFO: 
    N/A

    * Expression: 
    +----------------------------------+----------+----+---+----+------------+------------+
    |           Variable Name          | Operation| DSP| FF| LUT| Bitwidth P0| Bitwidth P1|
    +----------------------------------+----------+----+---+----+------------+------------+
    |add_ln19_1_fu_539_p2              |         +|   0|  0|   7|           7|           1|
    |add_ln19_fu_581_p2                |         +|   0|  0|   5|           2|           1|
    |add_ln20_fu_784_p2                |         +|   0|  0|   6|           6|           1|
    |add_ln25_1_fu_861_p2              |         +|   0|  0|   8|           8|           7|
    |add_ln25_2_fu_902_p2              |         +|   0|  0|   8|           8|           8|
    |add_ln25_3_fu_941_p2              |         +|   0|  0|   9|           9|           8|
    |add_ln25_4_fu_982_p2              |         +|   0|  0|   9|           9|           9|
    |add_ln25_5_fu_1022_p2             |         +|   0|  0|   9|           9|           9|
    |add_ln25_fu_817_p2                |         +|   0|  0|   7|           7|           6|
    |ap_block_pp0_stage1_11001         |       and|   0|  0|   2|           1|           1|
    |ap_block_state2_pp0_stage1_iter0  |       and|   0|  0|   2|           1|           1|
    |icmp_ln19_fu_545_p2               |      icmp|   0|  0|   8|           7|           8|
    |icmp_ln20_fu_587_p2               |      icmp|   0|  0|   7|           6|           7|
    |select_ln19_1_fu_601_p3           |    select|   0|  0|   2|           1|           2|
    |select_ln19_fu_593_p3             |    select|   0|  0|   6|           1|           1|
    |ap_enable_pp0                     |       xor|   0|  0|   2|           1|           2|
    |xor_ln25_fu_1092_p2               |       xor|   0|  0|   7|           6|           7|
    +----------------------------------+----------+----+---+----+------------+------------+
    |Total                             |          |   0|  0| 104|          89|          79|
    +----------------------------------+----------+----+---+----+------------+------------+

    * Multiplexer: 
    +--------------------------------------+-----+-----------+-----+-----------+
    |                 Name                 | LUT | Input Size| Bits| Total Bits|
    +--------------------------------------+-----+-----------+-----+-----------+
    |B_BUF_0_address0                      |   99|         17|    9|        153|
    |B_BUF_0_d0                            |  352|         17|   32|        544|
    |B_BUF_1_address0                      |   99|         17|    9|        153|
    |B_BUF_1_d0                            |  352|         17|   32|        544|
    |ap_NS_fsm                             |   22|         17|    1|         17|
    |ap_done_int                           |    2|          2|    1|          2|
    |ap_enable_reg_pp0_iter0               |    2|          2|    1|          2|
    |ap_enable_reg_pp0_iter0_reg           |    2|          2|    1|          2|
    |ap_enable_reg_pp0_iter1               |    2|          2|    1|          2|
    |ap_sig_allocacmp_indvar_flatten_load  |    7|          2|    7|         14|
    |gmem1_blk_n_R                         |    2|          2|    1|          2|
    |indvar_flatten_fu_162                 |    7|          2|    7|         14|
    |j_fu_154                              |    5|          2|    6|         12|
    |t_fu_158                              |    2|          2|    2|          4|
    +--------------------------------------+-----+-----------+-----+-----------+
    |Total                                 |  955|        103|  110|       1465|
    +--------------------------------------+-----+-----------+-----+-----------+

    * Register: 
    +-----------------------------+----+----+-----+-----------+
    |             Name            | FF | LUT| Bits| Const Bits|
    +-----------------------------+----+----+-----+-----------+
    |add_ln25_2_reg_1291          |   8|   0|    8|          0|
    |ap_CS_fsm                    |  16|   0|   16|          0|
    |ap_done_reg                  |   1|   0|    1|          0|
    |ap_enable_reg_pp0_iter0_reg  |   1|   0|    1|          0|
    |ap_enable_reg_pp0_iter1      |   1|   0|    1|          0|
    |icmp_ln19_reg_1150           |   1|   0|    1|          0|
    |indvar_flatten_fu_162        |   7|   0|    7|          0|
    |j_fu_154                     |   6|   0|    6|          0|
    |select_ln19_reg_1154         |   6|   0|    6|          0|
    |t_fu_158                     |   2|   0|    2|          0|
    |tmp_100_cast_reg_1275        |   6|   0|    7|          1|
    |tmp_101_cast_reg_1286        |   6|   0|    8|          2|
    |trunc_ln19_reg_1166          |   1|   0|    1|          0|
    |trunc_ln22_10_reg_1240       |  32|   0|   32|          0|
    |trunc_ln22_11_reg_1247       |  32|   0|   32|          0|
    |trunc_ln22_12_reg_1254       |  32|   0|   32|          0|
    |trunc_ln22_13_reg_1261       |  32|   0|   32|          0|
    |trunc_ln22_14_reg_1268       |  32|   0|   32|          0|
    |trunc_ln22_1_reg_1170        |  32|   0|   32|          0|
    |trunc_ln22_2_reg_1177        |  32|   0|   32|          0|
    |trunc_ln22_3_reg_1184        |  32|   0|   32|          0|
    |trunc_ln22_4_reg_1191        |  32|   0|   32|          0|
    |trunc_ln22_5_reg_1198        |  32|   0|   32|          0|
    |trunc_ln22_6_reg_1205        |  32|   0|   32|          0|
    |trunc_ln22_7_reg_1212        |  32|   0|   32|          0|
    |trunc_ln22_8_reg_1219        |  32|   0|   32|          0|
    |trunc_ln22_9_reg_1226        |  32|   0|   32|          0|
    |trunc_ln22_s_reg_1233        |  32|   0|   32|          0|
    |zext_ln25_1_reg_1281         |   6|   0|    8|          2|
    |zext_ln25_reg_1296           |   6|   0|    9|          3|
    +-----------------------------+----+----+-----+-----------+
    |Total                        | 554|   0|  562|          8|
    +-----------------------------+----+----+-----+-----------+



================================================================
== Interface
================================================================
* Summary: 
+----------------------+-----+-----+------------+-------------------------------------------------------------+--------------+
|       RTL Ports      | Dir | Bits|  Protocol  |                        Source Object                        |    C Type    |
+----------------------+-----+-----+------------+-------------------------------------------------------------+--------------+
|ap_clk                |   in|    1|  ap_ctrl_hs|  loadInputsFromDRAM_Pipeline_VITIS_LOOP_19_3_VITIS_LOOP_20_4|  return value|
|ap_rst                |   in|    1|  ap_ctrl_hs|  loadInputsFromDRAM_Pipeline_VITIS_LOOP_19_3_VITIS_LOOP_20_4|  return value|
|ap_start              |   in|    1|  ap_ctrl_hs|  loadInputsFromDRAM_Pipeline_VITIS_LOOP_19_3_VITIS_LOOP_20_4|  return value|
|ap_done               |  out|    1|  ap_ctrl_hs|  loadInputsFromDRAM_Pipeline_VITIS_LOOP_19_3_VITIS_LOOP_20_4|  return value|
|ap_idle               |  out|    1|  ap_ctrl_hs|  loadInputsFromDRAM_Pipeline_VITIS_LOOP_19_3_VITIS_LOOP_20_4|  return value|
|ap_ready              |  out|    1|  ap_ctrl_hs|  loadInputsFromDRAM_Pipeline_VITIS_LOOP_19_3_VITIS_LOOP_20_4|  return value|
|m_axi_gmem1_AWVALID   |  out|    1|       m_axi|                                                        gmem1|       pointer|
|m_axi_gmem1_AWREADY   |   in|    1|       m_axi|                                                        gmem1|       pointer|
|m_axi_gmem1_AWADDR    |  out|   64|       m_axi|                                                        gmem1|       pointer|
|m_axi_gmem1_AWID      |  out|    1|       m_axi|                                                        gmem1|       pointer|
|m_axi_gmem1_AWLEN     |  out|   32|       m_axi|                                                        gmem1|       pointer|
|m_axi_gmem1_AWSIZE    |  out|    3|       m_axi|                                                        gmem1|       pointer|
|m_axi_gmem1_AWBURST   |  out|    2|       m_axi|                                                        gmem1|       pointer|
|m_axi_gmem1_AWLOCK    |  out|    2|       m_axi|                                                        gmem1|       pointer|
|m_axi_gmem1_AWCACHE   |  out|    4|       m_axi|                                                        gmem1|       pointer|
|m_axi_gmem1_AWPROT    |  out|    3|       m_axi|                                                        gmem1|       pointer|
|m_axi_gmem1_AWQOS     |  out|    4|       m_axi|                                                        gmem1|       pointer|
|m_axi_gmem1_AWREGION  |  out|    4|       m_axi|                                                        gmem1|       pointer|
|m_axi_gmem1_AWUSER    |  out|    1|       m_axi|                                                        gmem1|       pointer|
|m_axi_gmem1_WVALID    |  out|    1|       m_axi|                                                        gmem1|       pointer|
|m_axi_gmem1_WREADY    |   in|    1|       m_axi|                                                        gmem1|       pointer|
|m_axi_gmem1_WDATA     |  out|  512|       m_axi|                                                        gmem1|       pointer|
|m_axi_gmem1_WSTRB     |  out|   64|       m_axi|                                                        gmem1|       pointer|
|m_axi_gmem1_WLAST     |  out|    1|       m_axi|                                                        gmem1|       pointer|
|m_axi_gmem1_WID       |  out|    1|       m_axi|                                                        gmem1|       pointer|
|m_axi_gmem1_WUSER     |  out|    1|       m_axi|                                                        gmem1|       pointer|
|m_axi_gmem1_ARVALID   |  out|    1|       m_axi|                                                        gmem1|       pointer|
|m_axi_gmem1_ARREADY   |   in|    1|       m_axi|                                                        gmem1|       pointer|
|m_axi_gmem1_ARADDR    |  out|   64|       m_axi|                                                        gmem1|       pointer|
|m_axi_gmem1_ARID      |  out|    1|       m_axi|                                                        gmem1|       pointer|
|m_axi_gmem1_ARLEN     |  out|   32|       m_axi|                                                        gmem1|       pointer|
|m_axi_gmem1_ARSIZE    |  out|    3|       m_axi|                                                        gmem1|       pointer|
|m_axi_gmem1_ARBURST   |  out|    2|       m_axi|                                                        gmem1|       pointer|
|m_axi_gmem1_ARLOCK    |  out|    2|       m_axi|                                                        gmem1|       pointer|
|m_axi_gmem1_ARCACHE   |  out|    4|       m_axi|                                                        gmem1|       pointer|
|m_axi_gmem1_ARPROT    |  out|    3|       m_axi|                                                        gmem1|       pointer|
|m_axi_gmem1_ARQOS     |  out|    4|       m_axi|                                                        gmem1|       pointer|
|m_axi_gmem1_ARREGION  |  out|    4|       m_axi|                                                        gmem1|       pointer|
|m_axi_gmem1_ARUSER    |  out|    1|       m_axi|                                                        gmem1|       pointer|
|m_axi_gmem1_RVALID    |   in|    1|       m_axi|                                                        gmem1|       pointer|
|m_axi_gmem1_RREADY    |  out|    1|       m_axi|                                                        gmem1|       pointer|
|m_axi_gmem1_RDATA     |   in|  512|       m_axi|                                                        gmem1|       pointer|
|m_axi_gmem1_RLAST     |   in|    1|       m_axi|                                                        gmem1|       pointer|
|m_axi_gmem1_RID       |   in|    1|       m_axi|                                                        gmem1|       pointer|
|m_axi_gmem1_RFIFONUM  |   in|    9|       m_axi|                                                        gmem1|       pointer|
|m_axi_gmem1_RUSER     |   in|    1|       m_axi|                                                        gmem1|       pointer|
|m_axi_gmem1_RRESP     |   in|    2|       m_axi|                                                        gmem1|       pointer|
|m_axi_gmem1_BVALID    |   in|    1|       m_axi|                                                        gmem1|       pointer|
|m_axi_gmem1_BREADY    |  out|    1|       m_axi|                                                        gmem1|       pointer|
|m_axi_gmem1_BRESP     |   in|    2|       m_axi|                                                        gmem1|       pointer|
|m_axi_gmem1_BID       |   in|    1|       m_axi|                                                        gmem1|       pointer|
|m_axi_gmem1_BUSER     |   in|    1|       m_axi|                                                        gmem1|       pointer|
|sext_ln19             |   in|   58|     ap_none|                                                    sext_ln19|        scalar|
|B_BUF_0_address0      |  out|    9|   ap_memory|                                                      B_BUF_0|         array|
|B_BUF_0_ce0           |  out|    1|   ap_memory|                                                      B_BUF_0|         array|
|B_BUF_0_we0           |  out|    1|   ap_memory|                                                      B_BUF_0|         array|
|B_BUF_0_d0            |  out|   32|   ap_memory|                                                      B_BUF_0|         array|
|B_BUF_1_address0      |  out|    9|   ap_memory|                                                      B_BUF_1|         array|
|B_BUF_1_ce0           |  out|    1|   ap_memory|                                                      B_BUF_1|         array|
|B_BUF_1_we0           |  out|    1|   ap_memory|                                                      B_BUF_1|         array|
|B_BUF_1_d0            |  out|   32|   ap_memory|                                                      B_BUF_1|         array|
+----------------------+-----+-----+------------+-------------------------------------------------------------+--------------+

