

================================================================
== Vitis HLS Report for 'loader_A_tiles198_Pipeline_VITIS_LOOP_5_1_VITIS_LOOP_6_2'
================================================================
* Date:           Thu Jul  9 23:14:34 2026

* Version:        2023.2 (Build 4023990 on Oct 11 2023)
* Project:        hls_project
* Solution:       gemm2 (Vitis Kernel Flow Target)
* Product family: versalaicore
* Target device:  xcvc1902-vsva2197-2MP-e-S


================================================================
== Performance Estimates
================================================================
+ Timing: 
    * Summary: 
    +--------+---------+----------+------------+
    |  Clock |  Target | Estimated| Uncertainty|
    +--------+---------+----------+------------+
    |ap_clk  |  3.33 ns|  2.615 ns|     0.90 ns|
    +--------+---------+----------+------------+

+ Latency: 
    * Summary: 
    +---------+---------+----------+----------+-----+-----+---------+
    |  Latency (cycles) |  Latency (absolute) |  Interval | Pipeline|
    |   min   |   max   |    min   |    max   | min | max |   Type  |
    +---------+---------+----------+----------+-----+-----+---------+
    |      260|      260|  0.867 us|  0.867 us|  260|  260|       no|
    +---------+---------+----------+----------+-----+-----+---------+

    + Detail: 
        * Instance: 
        N/A

        * Loop: 
        +---------------------------------+---------+---------+----------+-----------+-----------+------+----------+
        |                                 |  Latency (cycles) | Iteration|  Initiation Interval  | Trip |          |
        |            Loop Name            |   min   |   max   |  Latency |  achieved |   target  | Count| Pipelined|
        +---------------------------------+---------+---------+----------+-----------+-----------+------+----------+
        |- VITIS_LOOP_5_1_VITIS_LOOP_6_2  |      258|      258|         4|          1|          1|   256|       yes|
        +---------------------------------+---------+---------+----------+-----------+-----------+------+----------+



================================================================
== Utilization Estimates
================================================================
* Summary: 
+-----------------+---------+------+---------+--------+-----+
|       Name      | BRAM_18K|  DSP |    FF   |   LUT  | URAM|
+-----------------+---------+------+---------+--------+-----+
|DSP              |        -|     -|        -|       -|    -|
|Expression       |        -|     -|        0|      86|    -|
|FIFO             |        -|     -|        -|       -|    -|
|Instance         |        -|     -|        0|     320|    -|
|Memory           |        -|     -|        -|       -|    -|
|Multiplexer      |        -|     -|        -|      44|    -|
|Register         |        -|     -|     1098|       2|    -|
+-----------------+---------+------+---------+--------+-----+
|Total            |        0|     0|     1098|     452|    0|
+-----------------+---------+------+---------+--------+-----+
|Available        |     1934|  1968|  1799680|  899840|  463|
+-----------------+---------+------+---------+--------+-----+
|Utilization (%)  |        0|     0|       ~0|      ~0|    0|
+-----------------+---------+------+---------+--------+-----+

+ Detail: 
    * Instance: 
    +-----------------------------+-----------------------+---------+----+---+-----+-----+
    |           Instance          |         Module        | BRAM_18K| DSP| FF| LUT | URAM|
    +-----------------------------+-----------------------+---------+----+---+-----+-----+
    |sparsemux_33_4_32_1_1_U2154  |sparsemux_33_4_32_1_1  |        0|   0|  0|  160|    0|
    |sparsemux_33_4_32_1_1_U2155  |sparsemux_33_4_32_1_1  |        0|   0|  0|  160|    0|
    +-----------------------------+-----------------------+---------+----+---+-----+-----+
    |Total                        |                       |        0|   0|  0|  320|    0|
    +-----------------------------+-----------------------+---------+----+---+-----+-----+

    * DSP: 
    N/A

    * Memory: 
    N/A

    * FIFO: 
    N/A

    * Expression: 
    +----------------------------------+----------+----+---+----+------------+------------+
    |           Variable Name          | Operation| DSP| FF| LUT| Bitwidth P0| Bitwidth P1|
    +----------------------------------+----------+----+---+----+------------+------------+
    |add_ln5_1_fu_841_p2               |         +|   0|  0|   5|           5|           1|
    |add_ln5_fu_797_p2                 |         +|   0|  0|   9|           9|           1|
    |add_ln6_fu_1041_p2                |         +|   0|  0|   5|           5|           1|
    |empty_fu_855_p2                   |         +|   0|  0|   5|           5|           5|
    |ap_block_pp0_stage0_01001         |       and|   0|  0|   2|           1|           1|
    |ap_condition_1455                 |       and|   0|  0|   2|           1|           1|
    |icmp_ln5_fu_803_p2                |      icmp|   0|  0|  10|           9|          10|
    |icmp_ln6_fu_821_p2                |      icmp|   0|  0|   6|           5|           6|
    |ap_block_state4_pp0_stage0_iter3  |        or|   0|  0|   2|           1|           1|
    |or_ln5_fu_827_p2                  |        or|   0|  0|   2|           1|           1|
    |select_ln5_1_fu_847_p3            |    select|   0|  0|   5|           1|           5|
    |select_ln5_fu_833_p3              |    select|   0|  0|   5|           1|           1|
    |temp_fu_1801_p3                   |    select|   0|  0|  26|           1|          32|
    |ap_enable_pp0                     |       xor|   0|  0|   2|           1|           2|
    +----------------------------------+----------+----+---+----+------------+------------+
    |Total                             |          |   0|  0|  86|          46|          68|
    +----------------------------------+----------+----+---+----+------------+------------+

    * Multiplexer: 
    +----------------------------------------+----+-----------+-----+-----------+
    |                  Name                  | LUT| Input Size| Bits| Total Bits|
    +----------------------------------------+----+-----------+-----+-----------+
    |A_streams_1_blk_n                       |   2|          2|    1|          2|
    |A_streams_blk_n                         |   2|          2|    1|          2|
    |ap_done_int                             |   2|          2|    1|          2|
    |ap_enable_reg_pp0_iter1                 |   2|          2|    1|          2|
    |ap_sig_allocacmp_i_load                 |   5|          2|    5|         10|
    |ap_sig_allocacmp_indvar_flatten_i_load  |   8|          2|    9|         18|
    |ap_sig_allocacmp_k_load                 |   5|          2|    5|         10|
    |i_fu_170                                |   5|          2|    5|         10|
    |indvar_flatten_i_fu_174                 |   8|          2|    9|         18|
    |k_fu_166                                |   5|          2|    5|         10|
    +----------------------------------------+----+-----------+-----+-----------+
    |Total                                   |  44|         20|   42|         84|
    +----------------------------------------+----+-----------+-----+-----------+

    * Register: 
    +------------------------------------+----+----+-----+-----------+
    |                Name                | FF | LUT| Bits| Const Bits|
    +------------------------------------+----+----+-----+-----------+
    |A_BUF_10_load43_i_fu_262            |  32|   0|   32|          0|
    |A_BUF_11_load41_i_fu_258            |  32|   0|   32|          0|
    |A_BUF_12_load39_i_fu_254            |  32|   0|   32|          0|
    |A_BUF_13_load37_i_fu_250            |  32|   0|   32|          0|
    |A_BUF_14_load35_i_fu_246            |  32|   0|   32|          0|
    |A_BUF_15_load33_i_fu_242            |  32|   0|   32|          0|
    |A_BUF_16_load31_i_fu_238            |  32|   0|   32|          0|
    |A_BUF_17_load29_i_fu_234            |  32|   0|   32|          0|
    |A_BUF_18_load27_i_fu_230            |  32|   0|   32|          0|
    |A_BUF_19_load25_i_fu_226            |  32|   0|   32|          0|
    |A_BUF_1_load61_i_fu_298             |  32|   0|   32|          0|
    |A_BUF_20_load23_i_fu_222            |  32|   0|   32|          0|
    |A_BUF_21_load21_i_fu_218            |  32|   0|   32|          0|
    |A_BUF_22_load19_i_fu_214            |  32|   0|   32|          0|
    |A_BUF_23_load17_i_fu_210            |  32|   0|   32|          0|
    |A_BUF_24_load15_i_fu_206            |  32|   0|   32|          0|
    |A_BUF_25_load13_i_fu_202            |  32|   0|   32|          0|
    |A_BUF_26_load11_i_fu_198            |  32|   0|   32|          0|
    |A_BUF_27_load9_i_fu_194             |  32|   0|   32|          0|
    |A_BUF_28_load7_i_fu_190             |  32|   0|   32|          0|
    |A_BUF_29_load5_i_fu_186             |  32|   0|   32|          0|
    |A_BUF_2_load59_i_fu_294             |  32|   0|   32|          0|
    |A_BUF_30_load3_i_fu_182             |  32|   0|   32|          0|
    |A_BUF_31_load1_i_fu_178             |  32|   0|   32|          0|
    |A_BUF_3_load57_i_fu_290             |  32|   0|   32|          0|
    |A_BUF_4_load55_i_fu_286             |  32|   0|   32|          0|
    |A_BUF_5_load53_i_fu_282             |  32|   0|   32|          0|
    |A_BUF_6_load51_i_fu_278             |  32|   0|   32|          0|
    |A_BUF_7_load49_i_fu_274             |  32|   0|   32|          0|
    |A_BUF_8_load47_i_fu_270             |  32|   0|   32|          0|
    |A_BUF_9_load45_i_fu_266             |  32|   0|   32|          0|
    |A_BUF_load63_i_fu_302               |  32|   0|   32|          0|
    |ap_CS_fsm                           |   1|   0|    1|          0|
    |ap_done_reg                         |   1|   0|    1|          0|
    |ap_enable_reg_pp0_iter1             |   1|   0|    1|          0|
    |ap_enable_reg_pp0_iter2             |   1|   0|    1|          0|
    |ap_enable_reg_pp0_iter3             |   1|   0|    1|          0|
    |ap_loop_exit_ready_pp0_iter1_reg    |   1|   0|    1|          0|
    |ap_loop_exit_ready_pp0_iter2_reg    |   1|   0|    1|          0|
    |i_fu_170                            |   5|   0|    5|          0|
    |icmp_ln5_reg_2107                   |   1|   0|    1|          0|
    |indvar_flatten_i_fu_174             |   9|   0|    9|          0|
    |k_fu_166                            |   5|   0|    5|          0|
    |or_ln5_reg_2111                     |   1|   0|    1|          0|
    |temp_reg_2286                       |  32|   0|   32|          0|
    |tmp_reg_2275                        |   1|   0|    1|          0|
    |tmp_reg_2275_pp0_iter1_reg          |   1|   0|    1|          0|
    |trunc_ln6_1_reg_2280                |   4|   0|    4|          0|
    |trunc_ln6_1_reg_2280_pp0_iter1_reg  |   4|   0|    4|          0|
    |icmp_ln5_reg_2107                   |   4|   2|    1|          0|
    +------------------------------------+----+----+-----+-----------+
    |Total                               |1098|   2| 1095|          0|
    +------------------------------------+----+----+-----+-----------+



================================================================
== Interface
================================================================
* Summary: 
+----------------------------+-----+-----+------------+----------------------------------------------------------+--------------+
|          RTL Ports         | Dir | Bits|  Protocol  |                       Source Object                      |    C Type    |
+----------------------------+-----+-----+------------+----------------------------------------------------------+--------------+
|ap_clk                      |   in|    1|  ap_ctrl_hs|  loader_A_tiles198_Pipeline_VITIS_LOOP_5_1_VITIS_LOOP_6_2|  return value|
|ap_rst                      |   in|    1|  ap_ctrl_hs|  loader_A_tiles198_Pipeline_VITIS_LOOP_5_1_VITIS_LOOP_6_2|  return value|
|ap_start                    |   in|    1|  ap_ctrl_hs|  loader_A_tiles198_Pipeline_VITIS_LOOP_5_1_VITIS_LOOP_6_2|  return value|
|ap_done                     |  out|    1|  ap_ctrl_hs|  loader_A_tiles198_Pipeline_VITIS_LOOP_5_1_VITIS_LOOP_6_2|  return value|
|ap_idle                     |  out|    1|  ap_ctrl_hs|  loader_A_tiles198_Pipeline_VITIS_LOOP_5_1_VITIS_LOOP_6_2|  return value|
|ap_ready                    |  out|    1|  ap_ctrl_hs|  loader_A_tiles198_Pipeline_VITIS_LOOP_5_1_VITIS_LOOP_6_2|  return value|
|A_streams_1_din             |  out|   32|     ap_fifo|                                               A_streams_1|       pointer|
|A_streams_1_num_data_valid  |   in|    3|     ap_fifo|                                               A_streams_1|       pointer|
|A_streams_1_fifo_cap        |   in|    3|     ap_fifo|                                               A_streams_1|       pointer|
|A_streams_1_full_n          |   in|    1|     ap_fifo|                                               A_streams_1|       pointer|
|A_streams_1_write           |  out|    1|     ap_fifo|                                               A_streams_1|       pointer|
|A_streams_din               |  out|   32|     ap_fifo|                                                 A_streams|       pointer|
|A_streams_num_data_valid    |   in|    3|     ap_fifo|                                                 A_streams|       pointer|
|A_streams_fifo_cap          |   in|    3|     ap_fifo|                                                 A_streams|       pointer|
|A_streams_full_n            |   in|    1|     ap_fifo|                                                 A_streams|       pointer|
|A_streams_write             |  out|    1|     ap_fifo|                                                 A_streams|       pointer|
|mul_i_i                     |   in|    5|     ap_none|                                                   mul_i_i|        scalar|
|A_BUF_address0              |  out|    4|   ap_stable|                                                     A_BUF|         array|
|A_BUF_ce0                   |  out|    1|   ap_stable|                                                     A_BUF|         array|
|A_BUF_q0                    |   in|   32|   ap_stable|                                                     A_BUF|         array|
|A_BUF_1_address0            |  out|    4|   ap_stable|                                                   A_BUF_1|         array|
|A_BUF_1_ce0                 |  out|    1|   ap_stable|                                                   A_BUF_1|         array|
|A_BUF_1_q0                  |   in|   32|   ap_stable|                                                   A_BUF_1|         array|
|A_BUF_2_address0            |  out|    4|   ap_stable|                                                   A_BUF_2|         array|
|A_BUF_2_ce0                 |  out|    1|   ap_stable|                                                   A_BUF_2|         array|
|A_BUF_2_q0                  |   in|   32|   ap_stable|                                                   A_BUF_2|         array|
|A_BUF_3_address0            |  out|    4|   ap_stable|                                                   A_BUF_3|         array|
|A_BUF_3_ce0                 |  out|    1|   ap_stable|                                                   A_BUF_3|         array|
|A_BUF_3_q0                  |   in|   32|   ap_stable|                                                   A_BUF_3|         array|
|A_BUF_4_address0            |  out|    4|   ap_stable|                                                   A_BUF_4|         array|
|A_BUF_4_ce0                 |  out|    1|   ap_stable|                                                   A_BUF_4|         array|
|A_BUF_4_q0                  |   in|   32|   ap_stable|                                                   A_BUF_4|         array|
|A_BUF_5_address0            |  out|    4|   ap_stable|                                                   A_BUF_5|         array|
|A_BUF_5_ce0                 |  out|    1|   ap_stable|                                                   A_BUF_5|         array|
|A_BUF_5_q0                  |   in|   32|   ap_stable|                                                   A_BUF_5|         array|
|A_BUF_6_address0            |  out|    4|   ap_stable|                                                   A_BUF_6|         array|
|A_BUF_6_ce0                 |  out|    1|   ap_stable|                                                   A_BUF_6|         array|
|A_BUF_6_q0                  |   in|   32|   ap_stable|                                                   A_BUF_6|         array|
|A_BUF_7_address0            |  out|    4|   ap_stable|                                                   A_BUF_7|         array|
|A_BUF_7_ce0                 |  out|    1|   ap_stable|                                                   A_BUF_7|         array|
|A_BUF_7_q0                  |   in|   32|   ap_stable|                                                   A_BUF_7|         array|
|A_BUF_8_address0            |  out|    4|   ap_stable|                                                   A_BUF_8|         array|
|A_BUF_8_ce0                 |  out|    1|   ap_stable|                                                   A_BUF_8|         array|
|A_BUF_8_q0                  |   in|   32|   ap_stable|                                                   A_BUF_8|         array|
|A_BUF_9_address0            |  out|    4|   ap_stable|                                                   A_BUF_9|         array|
|A_BUF_9_ce0                 |  out|    1|   ap_stable|                                                   A_BUF_9|         array|
|A_BUF_9_q0                  |   in|   32|   ap_stable|                                                   A_BUF_9|         array|
|A_BUF_10_address0           |  out|    4|   ap_stable|                                                  A_BUF_10|         array|
|A_BUF_10_ce0                |  out|    1|   ap_stable|                                                  A_BUF_10|         array|
|A_BUF_10_q0                 |   in|   32|   ap_stable|                                                  A_BUF_10|         array|
|A_BUF_11_address0           |  out|    4|   ap_stable|                                                  A_BUF_11|         array|
|A_BUF_11_ce0                |  out|    1|   ap_stable|                                                  A_BUF_11|         array|
|A_BUF_11_q0                 |   in|   32|   ap_stable|                                                  A_BUF_11|         array|
|A_BUF_12_address0           |  out|    4|   ap_stable|                                                  A_BUF_12|         array|
|A_BUF_12_ce0                |  out|    1|   ap_stable|                                                  A_BUF_12|         array|
|A_BUF_12_q0                 |   in|   32|   ap_stable|                                                  A_BUF_12|         array|
|A_BUF_13_address0           |  out|    4|   ap_stable|                                                  A_BUF_13|         array|
|A_BUF_13_ce0                |  out|    1|   ap_stable|                                                  A_BUF_13|         array|
|A_BUF_13_q0                 |   in|   32|   ap_stable|                                                  A_BUF_13|         array|
|A_BUF_14_address0           |  out|    4|   ap_stable|                                                  A_BUF_14|         array|
|A_BUF_14_ce0                |  out|    1|   ap_stable|                                                  A_BUF_14|         array|
|A_BUF_14_q0                 |   in|   32|   ap_stable|                                                  A_BUF_14|         array|
|A_BUF_15_address0           |  out|    4|   ap_stable|                                                  A_BUF_15|         array|
|A_BUF_15_ce0                |  out|    1|   ap_stable|                                                  A_BUF_15|         array|
|A_BUF_15_q0                 |   in|   32|   ap_stable|                                                  A_BUF_15|         array|
|A_BUF_16_address0           |  out|    4|   ap_stable|                                                  A_BUF_16|         array|
|A_BUF_16_ce0                |  out|    1|   ap_stable|                                                  A_BUF_16|         array|
|A_BUF_16_q0                 |   in|   32|   ap_stable|                                                  A_BUF_16|         array|
|A_BUF_17_address0           |  out|    4|   ap_stable|                                                  A_BUF_17|         array|
|A_BUF_17_ce0                |  out|    1|   ap_stable|                                                  A_BUF_17|         array|
|A_BUF_17_q0                 |   in|   32|   ap_stable|                                                  A_BUF_17|         array|
|A_BUF_18_address0           |  out|    4|   ap_stable|                                                  A_BUF_18|         array|
|A_BUF_18_ce0                |  out|    1|   ap_stable|                                                  A_BUF_18|         array|
|A_BUF_18_q0                 |   in|   32|   ap_stable|                                                  A_BUF_18|         array|
|A_BUF_19_address0           |  out|    4|   ap_stable|                                                  A_BUF_19|         array|
|A_BUF_19_ce0                |  out|    1|   ap_stable|                                                  A_BUF_19|         array|
|A_BUF_19_q0                 |   in|   32|   ap_stable|                                                  A_BUF_19|         array|
|A_BUF_20_address0           |  out|    4|   ap_stable|                                                  A_BUF_20|         array|
|A_BUF_20_ce0                |  out|    1|   ap_stable|                                                  A_BUF_20|         array|
|A_BUF_20_q0                 |   in|   32|   ap_stable|                                                  A_BUF_20|         array|
|A_BUF_21_address0           |  out|    4|   ap_stable|                                                  A_BUF_21|         array|
|A_BUF_21_ce0                |  out|    1|   ap_stable|                                                  A_BUF_21|         array|
|A_BUF_21_q0                 |   in|   32|   ap_stable|                                                  A_BUF_21|         array|
|A_BUF_22_address0           |  out|    4|   ap_stable|                                                  A_BUF_22|         array|
|A_BUF_22_ce0                |  out|    1|   ap_stable|                                                  A_BUF_22|         array|
|A_BUF_22_q0                 |   in|   32|   ap_stable|                                                  A_BUF_22|         array|
|A_BUF_23_address0           |  out|    4|   ap_stable|                                                  A_BUF_23|         array|
|A_BUF_23_ce0                |  out|    1|   ap_stable|                                                  A_BUF_23|         array|
|A_BUF_23_q0                 |   in|   32|   ap_stable|                                                  A_BUF_23|         array|
|A_BUF_24_address0           |  out|    4|   ap_stable|                                                  A_BUF_24|         array|
|A_BUF_24_ce0                |  out|    1|   ap_stable|                                                  A_BUF_24|         array|
|A_BUF_24_q0                 |   in|   32|   ap_stable|                                                  A_BUF_24|         array|
|A_BUF_25_address0           |  out|    4|   ap_stable|                                                  A_BUF_25|         array|
|A_BUF_25_ce0                |  out|    1|   ap_stable|                                                  A_BUF_25|         array|
|A_BUF_25_q0                 |   in|   32|   ap_stable|                                                  A_BUF_25|         array|
|A_BUF_26_address0           |  out|    4|   ap_stable|                                                  A_BUF_26|         array|
|A_BUF_26_ce0                |  out|    1|   ap_stable|                                                  A_BUF_26|         array|
|A_BUF_26_q0                 |   in|   32|   ap_stable|                                                  A_BUF_26|         array|
|A_BUF_27_address0           |  out|    4|   ap_stable|                                                  A_BUF_27|         array|
|A_BUF_27_ce0                |  out|    1|   ap_stable|                                                  A_BUF_27|         array|
|A_BUF_27_q0                 |   in|   32|   ap_stable|                                                  A_BUF_27|         array|
|A_BUF_28_address0           |  out|    4|   ap_stable|                                                  A_BUF_28|         array|
|A_BUF_28_ce0                |  out|    1|   ap_stable|                                                  A_BUF_28|         array|
|A_BUF_28_q0                 |   in|   32|   ap_stable|                                                  A_BUF_28|         array|
|A_BUF_29_address0           |  out|    4|   ap_stable|                                                  A_BUF_29|         array|
|A_BUF_29_ce0                |  out|    1|   ap_stable|                                                  A_BUF_29|         array|
|A_BUF_29_q0                 |   in|   32|   ap_stable|                                                  A_BUF_29|         array|
|A_BUF_30_address0           |  out|    4|   ap_stable|                                                  A_BUF_30|         array|
|A_BUF_30_ce0                |  out|    1|   ap_stable|                                                  A_BUF_30|         array|
|A_BUF_30_q0                 |   in|   32|   ap_stable|                                                  A_BUF_30|         array|
|A_BUF_31_address0           |  out|    4|   ap_stable|                                                  A_BUF_31|         array|
|A_BUF_31_ce0                |  out|    1|   ap_stable|                                                  A_BUF_31|         array|
|A_BUF_31_q0                 |   in|   32|   ap_stable|                                                  A_BUF_31|         array|
+----------------------------+-----+-----+------------+----------------------------------------------------------+--------------+

