

================================================================
== Vitis HLS Report for 'loadTilesBFromDRAM48'
================================================================
* Date:           Thu Jun 11 13:33:11 2026

* Version:        2023.2 (Build 4023990 on Oct 11 2023)
* Project:        hls_project
* Solution:       gemm2 (Vitis Kernel Flow Target)
* Product family: versalaicore
* Target device:  xcvc1902-vsva2197-2MP-e-S


================================================================
== Performance Estimates
================================================================
+ Timing: 
    * Summary: 
    +--------+---------+----------+------------+
    |  Clock |  Target | Estimated| Uncertainty|
    +--------+---------+----------+------------+
    |ap_clk  |  3.33 ns|  1.411 ns|     0.90 ns|
    +--------+---------+----------+------------+

+ Latency: 
    * Summary: 
    +---------+---------+----------+----------+-----+-----+----------+
    |  Latency (cycles) |  Latency (absolute) |  Interval | Pipeline |
    |   min   |   max   |    min   |    max   | min | max |   Type   |
    +---------+---------+----------+----------+-----+-----+----------+
    |      801|      801|  2.670 us|  2.670 us|  802|  802|  dataflow|
    +---------+---------+----------+----------+-----+-----+----------+

    + Detail: 
        * Instance: 
        +----------------------------+-------------------------+---------+---------+----------+----------+-----+-----+---------+
        |                            |                         |  Latency (cycles) |  Latency (absolute) |  Interval | Pipeline|
        |          Instance          |          Module         |   min   |   max   |    min   |    max   | min | max |   Type  |
        +----------------------------+-------------------------+---------+---------+----------+----------+-----+-----+---------+
        |loadTileBFromDRAM917_U0     |loadTileBFromDRAM917     |      801|      801|  2.670 us|  2.670 us|  801|  801|       no|
        |loadTileBFromDRAM_21016_U0  |loadTileBFromDRAM_21016  |      801|      801|  2.670 us|  2.670 us|  801|  801|       no|
        +----------------------------+-------------------------+---------+---------+----------+----------+-----+-----+---------+

        * Loop: 
        N/A



================================================================
== Utilization Estimates
================================================================
* Summary: 
+-----------------+---------+------+---------+--------+-----+
|       Name      | BRAM_18K|  DSP |    FF   |   LUT  | URAM|
+-----------------+---------+------+---------+--------+-----+
|DSP              |        -|     -|        -|       -|    -|
|Expression       |        -|     -|        0|      16|    -|
|FIFO             |        -|     -|        -|       -|    -|
|Instance         |        -|     -|      116|     138|    -|
|Memory           |        -|     -|        -|       -|    -|
|Multiplexer      |        -|     -|        -|       4|    -|
|Register         |        -|     -|        2|       -|    -|
+-----------------+---------+------+---------+--------+-----+
|Total            |        0|     0|      118|     158|    0|
+-----------------+---------+------+---------+--------+-----+
|Available        |     1934|  1968|  1799680|  899840|  463|
+-----------------+---------+------+---------+--------+-----+
|Utilization (%)  |        0|     0|       ~0|      ~0|    0|
+-----------------+---------+------+---------+--------+-----+

+ Detail: 
    * Instance: 
    +----------------------------+-------------------------+---------+----+----+----+-----+
    |          Instance          |          Module         | BRAM_18K| DSP| FF | LUT| URAM|
    +----------------------------+-------------------------+---------+----+----+----+-----+
    |loadTileBFromDRAM917_U0     |loadTileBFromDRAM917     |        0|   0|  58|  69|    0|
    |loadTileBFromDRAM_21016_U0  |loadTileBFromDRAM_21016  |        0|   0|  58|  69|    0|
    +----------------------------+-------------------------+---------+----+----+----+-----+
    |Total                       |                         |        0|   0| 116| 138|    0|
    +----------------------------+-------------------------+---------+----+----+----+-----+

    * DSP: 
    N/A

    * Memory: 
    N/A

    * FIFO: 
    N/A

    * Expression: 
    +---------------------------------------------+----------+----+---+----+------------+------------+
    |                Variable Name                | Operation| DSP| FF| LUT| Bitwidth P0| Bitwidth P1|
    +---------------------------------------------+----------+----+---+----+------------+------------+
    |ap_idle                                      |       and|   0|  0|   2|           1|           1|
    |ap_sync_continue                             |       and|   0|  0|   2|           1|           1|
    |ap_sync_done                                 |       and|   0|  0|   2|           1|           1|
    |ap_sync_ready                                |       and|   0|  0|   2|           1|           1|
    |loadTileBFromDRAM917_U0_ap_start             |       and|   0|  0|   2|           1|           1|
    |loadTileBFromDRAM_21016_U0_ap_start          |       and|   0|  0|   2|           1|           1|
    |ap_sync_loadTileBFromDRAM917_U0_ap_ready     |        or|   0|  0|   2|           1|           1|
    |ap_sync_loadTileBFromDRAM_21016_U0_ap_ready  |        or|   0|  0|   2|           1|           1|
    +---------------------------------------------+----------+----+---+----+------------+------------+
    |Total                                        |          |   0|  0|  16|           8|           8|
    +---------------------------------------------+----------+----+---+----+------------+------------+

    * Multiplexer: 
    +-------------------------------------------------+----+-----------+-----+-----------+
    |                       Name                      | LUT| Input Size| Bits| Total Bits|
    +-------------------------------------------------+----+-----------+-----+-----------+
    |ap_sync_reg_loadTileBFromDRAM917_U0_ap_ready     |   2|          2|    1|          2|
    |ap_sync_reg_loadTileBFromDRAM_21016_U0_ap_ready  |   2|          2|    1|          2|
    +-------------------------------------------------+----+-----------+-----+-----------+
    |Total                                            |   4|          4|    2|          4|
    +-------------------------------------------------+----+-----------+-----+-----------+

    * Register: 
    +-------------------------------------------------+---+----+-----+-----------+
    |                       Name                      | FF| LUT| Bits| Const Bits|
    +-------------------------------------------------+---+----+-----+-----------+
    |ap_sync_reg_loadTileBFromDRAM917_U0_ap_ready     |  1|   0|    1|          0|
    |ap_sync_reg_loadTileBFromDRAM_21016_U0_ap_ready  |  1|   0|    1|          0|
    +-------------------------------------------------+---+----+-----+-----------+
    |Total                                            |  2|   0|    2|          0|
    +-------------------------------------------------+---+----+-----+-----------+



================================================================
== Interface
================================================================
* Summary: 
+---------------------+-----+-----+------------+----------------------+--------------+
|      RTL Ports      | Dir | Bits|  Protocol  |     Source Object    |    C Type    |
+---------------------+-----+-----+------------+----------------------+--------------+
|B_DRAM_0_address0    |  out|    9|   ap_memory|              B_DRAM_0|         array|
|B_DRAM_0_ce0         |  out|    1|   ap_memory|              B_DRAM_0|         array|
|B_DRAM_0_d0          |  out|   32|   ap_memory|              B_DRAM_0|         array|
|B_DRAM_0_q0          |   in|   32|   ap_memory|              B_DRAM_0|         array|
|B_DRAM_0_we0         |  out|    1|   ap_memory|              B_DRAM_0|         array|
|B_DRAM_0_address1    |  out|    9|   ap_memory|              B_DRAM_0|         array|
|B_DRAM_0_ce1         |  out|    1|   ap_memory|              B_DRAM_0|         array|
|B_DRAM_0_d1          |  out|   32|   ap_memory|              B_DRAM_0|         array|
|B_DRAM_0_q1          |   in|   32|   ap_memory|              B_DRAM_0|         array|
|B_DRAM_0_we1         |  out|    1|   ap_memory|              B_DRAM_0|         array|
|B_DRAM_0_address2    |  out|    9|   ap_memory|              B_DRAM_0|         array|
|B_DRAM_0_ce2         |  out|    1|   ap_memory|              B_DRAM_0|         array|
|B_DRAM_0_d2          |  out|   32|   ap_memory|              B_DRAM_0|         array|
|B_DRAM_0_q2          |   in|   32|   ap_memory|              B_DRAM_0|         array|
|B_DRAM_0_we2         |  out|    1|   ap_memory|              B_DRAM_0|         array|
|B_DRAM_0_address3    |  out|    9|   ap_memory|              B_DRAM_0|         array|
|B_DRAM_0_ce3         |  out|    1|   ap_memory|              B_DRAM_0|         array|
|B_DRAM_0_d3          |  out|   32|   ap_memory|              B_DRAM_0|         array|
|B_DRAM_0_q3          |   in|   32|   ap_memory|              B_DRAM_0|         array|
|B_DRAM_0_we3         |  out|    1|   ap_memory|              B_DRAM_0|         array|
|B_DRAM_0_address4    |  out|    9|   ap_memory|              B_DRAM_0|         array|
|B_DRAM_0_ce4         |  out|    1|   ap_memory|              B_DRAM_0|         array|
|B_DRAM_0_d4          |  out|   32|   ap_memory|              B_DRAM_0|         array|
|B_DRAM_0_q4          |   in|   32|   ap_memory|              B_DRAM_0|         array|
|B_DRAM_0_we4         |  out|    1|   ap_memory|              B_DRAM_0|         array|
|B_DRAM_0_address5    |  out|    9|   ap_memory|              B_DRAM_0|         array|
|B_DRAM_0_ce5         |  out|    1|   ap_memory|              B_DRAM_0|         array|
|B_DRAM_0_d5          |  out|   32|   ap_memory|              B_DRAM_0|         array|
|B_DRAM_0_q5          |   in|   32|   ap_memory|              B_DRAM_0|         array|
|B_DRAM_0_we5         |  out|    1|   ap_memory|              B_DRAM_0|         array|
|B_DRAM_0_address6    |  out|    9|   ap_memory|              B_DRAM_0|         array|
|B_DRAM_0_ce6         |  out|    1|   ap_memory|              B_DRAM_0|         array|
|B_DRAM_0_d6          |  out|   32|   ap_memory|              B_DRAM_0|         array|
|B_DRAM_0_q6          |   in|   32|   ap_memory|              B_DRAM_0|         array|
|B_DRAM_0_we6         |  out|    1|   ap_memory|              B_DRAM_0|         array|
|B_DRAM_0_address7    |  out|    9|   ap_memory|              B_DRAM_0|         array|
|B_DRAM_0_ce7         |  out|    1|   ap_memory|              B_DRAM_0|         array|
|B_DRAM_0_d7          |  out|   32|   ap_memory|              B_DRAM_0|         array|
|B_DRAM_0_q7          |   in|   32|   ap_memory|              B_DRAM_0|         array|
|B_DRAM_0_we7         |  out|    1|   ap_memory|              B_DRAM_0|         array|
|B_DRAM_0_address8    |  out|    9|   ap_memory|              B_DRAM_0|         array|
|B_DRAM_0_ce8         |  out|    1|   ap_memory|              B_DRAM_0|         array|
|B_DRAM_0_d8          |  out|   32|   ap_memory|              B_DRAM_0|         array|
|B_DRAM_0_q8          |   in|   32|   ap_memory|              B_DRAM_0|         array|
|B_DRAM_0_we8         |  out|    1|   ap_memory|              B_DRAM_0|         array|
|B_DRAM_0_address9    |  out|    9|   ap_memory|              B_DRAM_0|         array|
|B_DRAM_0_ce9         |  out|    1|   ap_memory|              B_DRAM_0|         array|
|B_DRAM_0_d9          |  out|   32|   ap_memory|              B_DRAM_0|         array|
|B_DRAM_0_q9          |   in|   32|   ap_memory|              B_DRAM_0|         array|
|B_DRAM_0_we9         |  out|    1|   ap_memory|              B_DRAM_0|         array|
|B_DRAM_0_address10   |  out|    9|   ap_memory|              B_DRAM_0|         array|
|B_DRAM_0_ce10        |  out|    1|   ap_memory|              B_DRAM_0|         array|
|B_DRAM_0_d10         |  out|   32|   ap_memory|              B_DRAM_0|         array|
|B_DRAM_0_q10         |   in|   32|   ap_memory|              B_DRAM_0|         array|
|B_DRAM_0_we10        |  out|    1|   ap_memory|              B_DRAM_0|         array|
|B_DRAM_0_address11   |  out|    9|   ap_memory|              B_DRAM_0|         array|
|B_DRAM_0_ce11        |  out|    1|   ap_memory|              B_DRAM_0|         array|
|B_DRAM_0_d11         |  out|   32|   ap_memory|              B_DRAM_0|         array|
|B_DRAM_0_q11         |   in|   32|   ap_memory|              B_DRAM_0|         array|
|B_DRAM_0_we11        |  out|    1|   ap_memory|              B_DRAM_0|         array|
|B_DRAM_0_address12   |  out|    9|   ap_memory|              B_DRAM_0|         array|
|B_DRAM_0_ce12        |  out|    1|   ap_memory|              B_DRAM_0|         array|
|B_DRAM_0_d12         |  out|   32|   ap_memory|              B_DRAM_0|         array|
|B_DRAM_0_q12         |   in|   32|   ap_memory|              B_DRAM_0|         array|
|B_DRAM_0_we12        |  out|    1|   ap_memory|              B_DRAM_0|         array|
|B_DRAM_0_address13   |  out|    9|   ap_memory|              B_DRAM_0|         array|
|B_DRAM_0_ce13        |  out|    1|   ap_memory|              B_DRAM_0|         array|
|B_DRAM_0_d13         |  out|   32|   ap_memory|              B_DRAM_0|         array|
|B_DRAM_0_q13         |   in|   32|   ap_memory|              B_DRAM_0|         array|
|B_DRAM_0_we13        |  out|    1|   ap_memory|              B_DRAM_0|         array|
|B_DRAM_0_address14   |  out|    9|   ap_memory|              B_DRAM_0|         array|
|B_DRAM_0_ce14        |  out|    1|   ap_memory|              B_DRAM_0|         array|
|B_DRAM_0_d14         |  out|   32|   ap_memory|              B_DRAM_0|         array|
|B_DRAM_0_q14         |   in|   32|   ap_memory|              B_DRAM_0|         array|
|B_DRAM_0_we14        |  out|    1|   ap_memory|              B_DRAM_0|         array|
|B_DRAM_0_address15   |  out|    9|   ap_memory|              B_DRAM_0|         array|
|B_DRAM_0_ce15        |  out|    1|   ap_memory|              B_DRAM_0|         array|
|B_DRAM_0_d15         |  out|   32|   ap_memory|              B_DRAM_0|         array|
|B_DRAM_0_q15         |   in|   32|   ap_memory|              B_DRAM_0|         array|
|B_DRAM_0_we15        |  out|    1|   ap_memory|              B_DRAM_0|         array|
|B_DRAM_0_address16   |  out|    9|   ap_memory|              B_DRAM_0|         array|
|B_DRAM_0_ce16        |  out|    1|   ap_memory|              B_DRAM_0|         array|
|B_DRAM_0_d16         |  out|   32|   ap_memory|              B_DRAM_0|         array|
|B_DRAM_0_q16         |   in|   32|   ap_memory|              B_DRAM_0|         array|
|B_DRAM_0_we16        |  out|    1|   ap_memory|              B_DRAM_0|         array|
|B_DRAM_1_address0    |  out|    9|   ap_memory|              B_DRAM_1|         array|
|B_DRAM_1_ce0         |  out|    1|   ap_memory|              B_DRAM_1|         array|
|B_DRAM_1_d0          |  out|   32|   ap_memory|              B_DRAM_1|         array|
|B_DRAM_1_q0          |   in|   32|   ap_memory|              B_DRAM_1|         array|
|B_DRAM_1_we0         |  out|    1|   ap_memory|              B_DRAM_1|         array|
|B_DRAM_1_address1    |  out|    9|   ap_memory|              B_DRAM_1|         array|
|B_DRAM_1_ce1         |  out|    1|   ap_memory|              B_DRAM_1|         array|
|B_DRAM_1_d1          |  out|   32|   ap_memory|              B_DRAM_1|         array|
|B_DRAM_1_q1          |   in|   32|   ap_memory|              B_DRAM_1|         array|
|B_DRAM_1_we1         |  out|    1|   ap_memory|              B_DRAM_1|         array|
|B_DRAM_1_address2    |  out|    9|   ap_memory|              B_DRAM_1|         array|
|B_DRAM_1_ce2         |  out|    1|   ap_memory|              B_DRAM_1|         array|
|B_DRAM_1_d2          |  out|   32|   ap_memory|              B_DRAM_1|         array|
|B_DRAM_1_q2          |   in|   32|   ap_memory|              B_DRAM_1|         array|
|B_DRAM_1_we2         |  out|    1|   ap_memory|              B_DRAM_1|         array|
|B_DRAM_1_address3    |  out|    9|   ap_memory|              B_DRAM_1|         array|
|B_DRAM_1_ce3         |  out|    1|   ap_memory|              B_DRAM_1|         array|
|B_DRAM_1_d3          |  out|   32|   ap_memory|              B_DRAM_1|         array|
|B_DRAM_1_q3          |   in|   32|   ap_memory|              B_DRAM_1|         array|
|B_DRAM_1_we3         |  out|    1|   ap_memory|              B_DRAM_1|         array|
|B_DRAM_1_address4    |  out|    9|   ap_memory|              B_DRAM_1|         array|
|B_DRAM_1_ce4         |  out|    1|   ap_memory|              B_DRAM_1|         array|
|B_DRAM_1_d4          |  out|   32|   ap_memory|              B_DRAM_1|         array|
|B_DRAM_1_q4          |   in|   32|   ap_memory|              B_DRAM_1|         array|
|B_DRAM_1_we4         |  out|    1|   ap_memory|              B_DRAM_1|         array|
|B_DRAM_1_address5    |  out|    9|   ap_memory|              B_DRAM_1|         array|
|B_DRAM_1_ce5         |  out|    1|   ap_memory|              B_DRAM_1|         array|
|B_DRAM_1_d5          |  out|   32|   ap_memory|              B_DRAM_1|         array|
|B_DRAM_1_q5          |   in|   32|   ap_memory|              B_DRAM_1|         array|
|B_DRAM_1_we5         |  out|    1|   ap_memory|              B_DRAM_1|         array|
|B_DRAM_1_address6    |  out|    9|   ap_memory|              B_DRAM_1|         array|
|B_DRAM_1_ce6         |  out|    1|   ap_memory|              B_DRAM_1|         array|
|B_DRAM_1_d6          |  out|   32|   ap_memory|              B_DRAM_1|         array|
|B_DRAM_1_q6          |   in|   32|   ap_memory|              B_DRAM_1|         array|
|B_DRAM_1_we6         |  out|    1|   ap_memory|              B_DRAM_1|         array|
|B_DRAM_1_address7    |  out|    9|   ap_memory|              B_DRAM_1|         array|
|B_DRAM_1_ce7         |  out|    1|   ap_memory|              B_DRAM_1|         array|
|B_DRAM_1_d7          |  out|   32|   ap_memory|              B_DRAM_1|         array|
|B_DRAM_1_q7          |   in|   32|   ap_memory|              B_DRAM_1|         array|
|B_DRAM_1_we7         |  out|    1|   ap_memory|              B_DRAM_1|         array|
|B_DRAM_1_address8    |  out|    9|   ap_memory|              B_DRAM_1|         array|
|B_DRAM_1_ce8         |  out|    1|   ap_memory|              B_DRAM_1|         array|
|B_DRAM_1_d8          |  out|   32|   ap_memory|              B_DRAM_1|         array|
|B_DRAM_1_q8          |   in|   32|   ap_memory|              B_DRAM_1|         array|
|B_DRAM_1_we8         |  out|    1|   ap_memory|              B_DRAM_1|         array|
|B_DRAM_1_address9    |  out|    9|   ap_memory|              B_DRAM_1|         array|
|B_DRAM_1_ce9         |  out|    1|   ap_memory|              B_DRAM_1|         array|
|B_DRAM_1_d9          |  out|   32|   ap_memory|              B_DRAM_1|         array|
|B_DRAM_1_q9          |   in|   32|   ap_memory|              B_DRAM_1|         array|
|B_DRAM_1_we9         |  out|    1|   ap_memory|              B_DRAM_1|         array|
|B_DRAM_1_address10   |  out|    9|   ap_memory|              B_DRAM_1|         array|
|B_DRAM_1_ce10        |  out|    1|   ap_memory|              B_DRAM_1|         array|
|B_DRAM_1_d10         |  out|   32|   ap_memory|              B_DRAM_1|         array|
|B_DRAM_1_q10         |   in|   32|   ap_memory|              B_DRAM_1|         array|
|B_DRAM_1_we10        |  out|    1|   ap_memory|              B_DRAM_1|         array|
|B_DRAM_1_address11   |  out|    9|   ap_memory|              B_DRAM_1|         array|
|B_DRAM_1_ce11        |  out|    1|   ap_memory|              B_DRAM_1|         array|
|B_DRAM_1_d11         |  out|   32|   ap_memory|              B_DRAM_1|         array|
|B_DRAM_1_q11         |   in|   32|   ap_memory|              B_DRAM_1|         array|
|B_DRAM_1_we11        |  out|    1|   ap_memory|              B_DRAM_1|         array|
|B_DRAM_1_address12   |  out|    9|   ap_memory|              B_DRAM_1|         array|
|B_DRAM_1_ce12        |  out|    1|   ap_memory|              B_DRAM_1|         array|
|B_DRAM_1_d12         |  out|   32|   ap_memory|              B_DRAM_1|         array|
|B_DRAM_1_q12         |   in|   32|   ap_memory|              B_DRAM_1|         array|
|B_DRAM_1_we12        |  out|    1|   ap_memory|              B_DRAM_1|         array|
|B_DRAM_1_address13   |  out|    9|   ap_memory|              B_DRAM_1|         array|
|B_DRAM_1_ce13        |  out|    1|   ap_memory|              B_DRAM_1|         array|
|B_DRAM_1_d13         |  out|   32|   ap_memory|              B_DRAM_1|         array|
|B_DRAM_1_q13         |   in|   32|   ap_memory|              B_DRAM_1|         array|
|B_DRAM_1_we13        |  out|    1|   ap_memory|              B_DRAM_1|         array|
|B_DRAM_1_address14   |  out|    9|   ap_memory|              B_DRAM_1|         array|
|B_DRAM_1_ce14        |  out|    1|   ap_memory|              B_DRAM_1|         array|
|B_DRAM_1_d14         |  out|   32|   ap_memory|              B_DRAM_1|         array|
|B_DRAM_1_q14         |   in|   32|   ap_memory|              B_DRAM_1|         array|
|B_DRAM_1_we14        |  out|    1|   ap_memory|              B_DRAM_1|         array|
|B_DRAM_1_address15   |  out|    9|   ap_memory|              B_DRAM_1|         array|
|B_DRAM_1_ce15        |  out|    1|   ap_memory|              B_DRAM_1|         array|
|B_DRAM_1_d15         |  out|   32|   ap_memory|              B_DRAM_1|         array|
|B_DRAM_1_q15         |   in|   32|   ap_memory|              B_DRAM_1|         array|
|B_DRAM_1_we15        |  out|    1|   ap_memory|              B_DRAM_1|         array|
|B_DRAM_1_address16   |  out|    9|   ap_memory|              B_DRAM_1|         array|
|B_DRAM_1_ce16        |  out|    1|   ap_memory|              B_DRAM_1|         array|
|B_DRAM_1_d16         |  out|   32|   ap_memory|              B_DRAM_1|         array|
|B_DRAM_1_q16         |   in|   32|   ap_memory|              B_DRAM_1|         array|
|B_DRAM_1_we16        |  out|    1|   ap_memory|              B_DRAM_1|         array|
|B_TILES_0_address0   |  out|    9|   ap_memory|             B_TILES_0|         array|
|B_TILES_0_ce0        |  out|    1|   ap_memory|             B_TILES_0|         array|
|B_TILES_0_d0         |  out|   32|   ap_memory|             B_TILES_0|         array|
|B_TILES_0_q0         |   in|   32|   ap_memory|             B_TILES_0|         array|
|B_TILES_0_we0        |  out|    1|   ap_memory|             B_TILES_0|         array|
|B_TILES_0_address1   |  out|    9|   ap_memory|             B_TILES_0|         array|
|B_TILES_0_ce1        |  out|    1|   ap_memory|             B_TILES_0|         array|
|B_TILES_0_d1         |  out|   32|   ap_memory|             B_TILES_0|         array|
|B_TILES_0_q1         |   in|   32|   ap_memory|             B_TILES_0|         array|
|B_TILES_0_we1        |  out|    1|   ap_memory|             B_TILES_0|         array|
|B_TILES_0_address2   |  out|    9|   ap_memory|             B_TILES_0|         array|
|B_TILES_0_ce2        |  out|    1|   ap_memory|             B_TILES_0|         array|
|B_TILES_0_d2         |  out|   32|   ap_memory|             B_TILES_0|         array|
|B_TILES_0_q2         |   in|   32|   ap_memory|             B_TILES_0|         array|
|B_TILES_0_we2        |  out|    1|   ap_memory|             B_TILES_0|         array|
|B_TILES_0_address3   |  out|    9|   ap_memory|             B_TILES_0|         array|
|B_TILES_0_ce3        |  out|    1|   ap_memory|             B_TILES_0|         array|
|B_TILES_0_d3         |  out|   32|   ap_memory|             B_TILES_0|         array|
|B_TILES_0_q3         |   in|   32|   ap_memory|             B_TILES_0|         array|
|B_TILES_0_we3        |  out|    1|   ap_memory|             B_TILES_0|         array|
|B_TILES_0_address4   |  out|    9|   ap_memory|             B_TILES_0|         array|
|B_TILES_0_ce4        |  out|    1|   ap_memory|             B_TILES_0|         array|
|B_TILES_0_d4         |  out|   32|   ap_memory|             B_TILES_0|         array|
|B_TILES_0_q4         |   in|   32|   ap_memory|             B_TILES_0|         array|
|B_TILES_0_we4        |  out|    1|   ap_memory|             B_TILES_0|         array|
|B_TILES_0_address5   |  out|    9|   ap_memory|             B_TILES_0|         array|
|B_TILES_0_ce5        |  out|    1|   ap_memory|             B_TILES_0|         array|
|B_TILES_0_d5         |  out|   32|   ap_memory|             B_TILES_0|         array|
|B_TILES_0_q5         |   in|   32|   ap_memory|             B_TILES_0|         array|
|B_TILES_0_we5        |  out|    1|   ap_memory|             B_TILES_0|         array|
|B_TILES_0_address6   |  out|    9|   ap_memory|             B_TILES_0|         array|
|B_TILES_0_ce6        |  out|    1|   ap_memory|             B_TILES_0|         array|
|B_TILES_0_d6         |  out|   32|   ap_memory|             B_TILES_0|         array|
|B_TILES_0_q6         |   in|   32|   ap_memory|             B_TILES_0|         array|
|B_TILES_0_we6        |  out|    1|   ap_memory|             B_TILES_0|         array|
|B_TILES_0_address7   |  out|    9|   ap_memory|             B_TILES_0|         array|
|B_TILES_0_ce7        |  out|    1|   ap_memory|             B_TILES_0|         array|
|B_TILES_0_d7         |  out|   32|   ap_memory|             B_TILES_0|         array|
|B_TILES_0_q7         |   in|   32|   ap_memory|             B_TILES_0|         array|
|B_TILES_0_we7        |  out|    1|   ap_memory|             B_TILES_0|         array|
|B_TILES_0_address8   |  out|    9|   ap_memory|             B_TILES_0|         array|
|B_TILES_0_ce8        |  out|    1|   ap_memory|             B_TILES_0|         array|
|B_TILES_0_d8         |  out|   32|   ap_memory|             B_TILES_0|         array|
|B_TILES_0_q8         |   in|   32|   ap_memory|             B_TILES_0|         array|
|B_TILES_0_we8        |  out|    1|   ap_memory|             B_TILES_0|         array|
|B_TILES_0_address9   |  out|    9|   ap_memory|             B_TILES_0|         array|
|B_TILES_0_ce9        |  out|    1|   ap_memory|             B_TILES_0|         array|
|B_TILES_0_d9         |  out|   32|   ap_memory|             B_TILES_0|         array|
|B_TILES_0_q9         |   in|   32|   ap_memory|             B_TILES_0|         array|
|B_TILES_0_we9        |  out|    1|   ap_memory|             B_TILES_0|         array|
|B_TILES_0_address10  |  out|    9|   ap_memory|             B_TILES_0|         array|
|B_TILES_0_ce10       |  out|    1|   ap_memory|             B_TILES_0|         array|
|B_TILES_0_d10        |  out|   32|   ap_memory|             B_TILES_0|         array|
|B_TILES_0_q10        |   in|   32|   ap_memory|             B_TILES_0|         array|
|B_TILES_0_we10       |  out|    1|   ap_memory|             B_TILES_0|         array|
|B_TILES_0_address11  |  out|    9|   ap_memory|             B_TILES_0|         array|
|B_TILES_0_ce11       |  out|    1|   ap_memory|             B_TILES_0|         array|
|B_TILES_0_d11        |  out|   32|   ap_memory|             B_TILES_0|         array|
|B_TILES_0_q11        |   in|   32|   ap_memory|             B_TILES_0|         array|
|B_TILES_0_we11       |  out|    1|   ap_memory|             B_TILES_0|         array|
|B_TILES_0_address12  |  out|    9|   ap_memory|             B_TILES_0|         array|
|B_TILES_0_ce12       |  out|    1|   ap_memory|             B_TILES_0|         array|
|B_TILES_0_d12        |  out|   32|   ap_memory|             B_TILES_0|         array|
|B_TILES_0_q12        |   in|   32|   ap_memory|             B_TILES_0|         array|
|B_TILES_0_we12       |  out|    1|   ap_memory|             B_TILES_0|         array|
|B_TILES_0_address13  |  out|    9|   ap_memory|             B_TILES_0|         array|
|B_TILES_0_ce13       |  out|    1|   ap_memory|             B_TILES_0|         array|
|B_TILES_0_d13        |  out|   32|   ap_memory|             B_TILES_0|         array|
|B_TILES_0_q13        |   in|   32|   ap_memory|             B_TILES_0|         array|
|B_TILES_0_we13       |  out|    1|   ap_memory|             B_TILES_0|         array|
|B_TILES_0_address14  |  out|    9|   ap_memory|             B_TILES_0|         array|
|B_TILES_0_ce14       |  out|    1|   ap_memory|             B_TILES_0|         array|
|B_TILES_0_d14        |  out|   32|   ap_memory|             B_TILES_0|         array|
|B_TILES_0_q14        |   in|   32|   ap_memory|             B_TILES_0|         array|
|B_TILES_0_we14       |  out|    1|   ap_memory|             B_TILES_0|         array|
|B_TILES_0_address15  |  out|    9|   ap_memory|             B_TILES_0|         array|
|B_TILES_0_ce15       |  out|    1|   ap_memory|             B_TILES_0|         array|
|B_TILES_0_d15        |  out|   32|   ap_memory|             B_TILES_0|         array|
|B_TILES_0_q15        |   in|   32|   ap_memory|             B_TILES_0|         array|
|B_TILES_0_we15       |  out|    1|   ap_memory|             B_TILES_0|         array|
|B_TILES_0_address16  |  out|    9|   ap_memory|             B_TILES_0|         array|
|B_TILES_0_ce16       |  out|    1|   ap_memory|             B_TILES_0|         array|
|B_TILES_0_d16        |  out|   32|   ap_memory|             B_TILES_0|         array|
|B_TILES_0_q16        |   in|   32|   ap_memory|             B_TILES_0|         array|
|B_TILES_0_we16       |  out|    1|   ap_memory|             B_TILES_0|         array|
|B_TILES_1_address0   |  out|    9|   ap_memory|             B_TILES_1|         array|
|B_TILES_1_ce0        |  out|    1|   ap_memory|             B_TILES_1|         array|
|B_TILES_1_d0         |  out|   32|   ap_memory|             B_TILES_1|         array|
|B_TILES_1_q0         |   in|   32|   ap_memory|             B_TILES_1|         array|
|B_TILES_1_we0        |  out|    1|   ap_memory|             B_TILES_1|         array|
|B_TILES_1_address1   |  out|    9|   ap_memory|             B_TILES_1|         array|
|B_TILES_1_ce1        |  out|    1|   ap_memory|             B_TILES_1|         array|
|B_TILES_1_d1         |  out|   32|   ap_memory|             B_TILES_1|         array|
|B_TILES_1_q1         |   in|   32|   ap_memory|             B_TILES_1|         array|
|B_TILES_1_we1        |  out|    1|   ap_memory|             B_TILES_1|         array|
|B_TILES_1_address2   |  out|    9|   ap_memory|             B_TILES_1|         array|
|B_TILES_1_ce2        |  out|    1|   ap_memory|             B_TILES_1|         array|
|B_TILES_1_d2         |  out|   32|   ap_memory|             B_TILES_1|         array|
|B_TILES_1_q2         |   in|   32|   ap_memory|             B_TILES_1|         array|
|B_TILES_1_we2        |  out|    1|   ap_memory|             B_TILES_1|         array|
|B_TILES_1_address3   |  out|    9|   ap_memory|             B_TILES_1|         array|
|B_TILES_1_ce3        |  out|    1|   ap_memory|             B_TILES_1|         array|
|B_TILES_1_d3         |  out|   32|   ap_memory|             B_TILES_1|         array|
|B_TILES_1_q3         |   in|   32|   ap_memory|             B_TILES_1|         array|
|B_TILES_1_we3        |  out|    1|   ap_memory|             B_TILES_1|         array|
|B_TILES_1_address4   |  out|    9|   ap_memory|             B_TILES_1|         array|
|B_TILES_1_ce4        |  out|    1|   ap_memory|             B_TILES_1|         array|
|B_TILES_1_d4         |  out|   32|   ap_memory|             B_TILES_1|         array|
|B_TILES_1_q4         |   in|   32|   ap_memory|             B_TILES_1|         array|
|B_TILES_1_we4        |  out|    1|   ap_memory|             B_TILES_1|         array|
|B_TILES_1_address5   |  out|    9|   ap_memory|             B_TILES_1|         array|
|B_TILES_1_ce5        |  out|    1|   ap_memory|             B_TILES_1|         array|
|B_TILES_1_d5         |  out|   32|   ap_memory|             B_TILES_1|         array|
|B_TILES_1_q5         |   in|   32|   ap_memory|             B_TILES_1|         array|
|B_TILES_1_we5        |  out|    1|   ap_memory|             B_TILES_1|         array|
|B_TILES_1_address6   |  out|    9|   ap_memory|             B_TILES_1|         array|
|B_TILES_1_ce6        |  out|    1|   ap_memory|             B_TILES_1|         array|
|B_TILES_1_d6         |  out|   32|   ap_memory|             B_TILES_1|         array|
|B_TILES_1_q6         |   in|   32|   ap_memory|             B_TILES_1|         array|
|B_TILES_1_we6        |  out|    1|   ap_memory|             B_TILES_1|         array|
|B_TILES_1_address7   |  out|    9|   ap_memory|             B_TILES_1|         array|
|B_TILES_1_ce7        |  out|    1|   ap_memory|             B_TILES_1|         array|
|B_TILES_1_d7         |  out|   32|   ap_memory|             B_TILES_1|         array|
|B_TILES_1_q7         |   in|   32|   ap_memory|             B_TILES_1|         array|
|B_TILES_1_we7        |  out|    1|   ap_memory|             B_TILES_1|         array|
|B_TILES_1_address8   |  out|    9|   ap_memory|             B_TILES_1|         array|
|B_TILES_1_ce8        |  out|    1|   ap_memory|             B_TILES_1|         array|
|B_TILES_1_d8         |  out|   32|   ap_memory|             B_TILES_1|         array|
|B_TILES_1_q8         |   in|   32|   ap_memory|             B_TILES_1|         array|
|B_TILES_1_we8        |  out|    1|   ap_memory|             B_TILES_1|         array|
|B_TILES_1_address9   |  out|    9|   ap_memory|             B_TILES_1|         array|
|B_TILES_1_ce9        |  out|    1|   ap_memory|             B_TILES_1|         array|
|B_TILES_1_d9         |  out|   32|   ap_memory|             B_TILES_1|         array|
|B_TILES_1_q9         |   in|   32|   ap_memory|             B_TILES_1|         array|
|B_TILES_1_we9        |  out|    1|   ap_memory|             B_TILES_1|         array|
|B_TILES_1_address10  |  out|    9|   ap_memory|             B_TILES_1|         array|
|B_TILES_1_ce10       |  out|    1|   ap_memory|             B_TILES_1|         array|
|B_TILES_1_d10        |  out|   32|   ap_memory|             B_TILES_1|         array|
|B_TILES_1_q10        |   in|   32|   ap_memory|             B_TILES_1|         array|
|B_TILES_1_we10       |  out|    1|   ap_memory|             B_TILES_1|         array|
|B_TILES_1_address11  |  out|    9|   ap_memory|             B_TILES_1|         array|
|B_TILES_1_ce11       |  out|    1|   ap_memory|             B_TILES_1|         array|
|B_TILES_1_d11        |  out|   32|   ap_memory|             B_TILES_1|         array|
|B_TILES_1_q11        |   in|   32|   ap_memory|             B_TILES_1|         array|
|B_TILES_1_we11       |  out|    1|   ap_memory|             B_TILES_1|         array|
|B_TILES_1_address12  |  out|    9|   ap_memory|             B_TILES_1|         array|
|B_TILES_1_ce12       |  out|    1|   ap_memory|             B_TILES_1|         array|
|B_TILES_1_d12        |  out|   32|   ap_memory|             B_TILES_1|         array|
|B_TILES_1_q12        |   in|   32|   ap_memory|             B_TILES_1|         array|
|B_TILES_1_we12       |  out|    1|   ap_memory|             B_TILES_1|         array|
|B_TILES_1_address13  |  out|    9|   ap_memory|             B_TILES_1|         array|
|B_TILES_1_ce13       |  out|    1|   ap_memory|             B_TILES_1|         array|
|B_TILES_1_d13        |  out|   32|   ap_memory|             B_TILES_1|         array|
|B_TILES_1_q13        |   in|   32|   ap_memory|             B_TILES_1|         array|
|B_TILES_1_we13       |  out|    1|   ap_memory|             B_TILES_1|         array|
|B_TILES_1_address14  |  out|    9|   ap_memory|             B_TILES_1|         array|
|B_TILES_1_ce14       |  out|    1|   ap_memory|             B_TILES_1|         array|
|B_TILES_1_d14        |  out|   32|   ap_memory|             B_TILES_1|         array|
|B_TILES_1_q14        |   in|   32|   ap_memory|             B_TILES_1|         array|
|B_TILES_1_we14       |  out|    1|   ap_memory|             B_TILES_1|         array|
|B_TILES_1_address15  |  out|    9|   ap_memory|             B_TILES_1|         array|
|B_TILES_1_ce15       |  out|    1|   ap_memory|             B_TILES_1|         array|
|B_TILES_1_d15        |  out|   32|   ap_memory|             B_TILES_1|         array|
|B_TILES_1_q15        |   in|   32|   ap_memory|             B_TILES_1|         array|
|B_TILES_1_we15       |  out|    1|   ap_memory|             B_TILES_1|         array|
|B_TILES_1_address16  |  out|    9|   ap_memory|             B_TILES_1|         array|
|B_TILES_1_ce16       |  out|    1|   ap_memory|             B_TILES_1|         array|
|B_TILES_1_d16        |  out|   32|   ap_memory|             B_TILES_1|         array|
|B_TILES_1_q16        |   in|   32|   ap_memory|             B_TILES_1|         array|
|B_TILES_1_we16       |  out|    1|   ap_memory|             B_TILES_1|         array|
|ap_clk               |   in|    1|  ap_ctrl_hs|  loadTilesBFromDRAM48|  return value|
|ap_rst               |   in|    1|  ap_ctrl_hs|  loadTilesBFromDRAM48|  return value|
|B_TILES_0_full_n     |   in|    1|  ap_ctrl_hs|  loadTilesBFromDRAM48|  return value|
|B_TILES_0_write      |  out|    1|  ap_ctrl_hs|  loadTilesBFromDRAM48|  return value|
|ap_start             |   in|    1|  ap_ctrl_hs|  loadTilesBFromDRAM48|  return value|
|ap_done              |  out|    1|  ap_ctrl_hs|  loadTilesBFromDRAM48|  return value|
|B_TILES_1_full_n     |   in|    1|  ap_ctrl_hs|  loadTilesBFromDRAM48|  return value|
|B_TILES_1_write      |  out|    1|  ap_ctrl_hs|  loadTilesBFromDRAM48|  return value|
|ap_ready             |  out|    1|  ap_ctrl_hs|  loadTilesBFromDRAM48|  return value|
|ap_idle              |  out|    1|  ap_ctrl_hs|  loadTilesBFromDRAM48|  return value|
|ap_continue          |   in|    1|  ap_ctrl_hs|  loadTilesBFromDRAM48|  return value|
+---------------------+-----+-----+------------+----------------------+--------------+

