

================================================================
== Vitis HLS Report for 'loader_A_tiles3'
================================================================
* Date:           Sun May 31 15:46:41 2026

* Version:        2023.2 (Build 4023990 on Oct 11 2023)
* Project:        hls_project
* Solution:       gemm2 (Vitis Kernel Flow Target)
* Product family: versalaicore
* Target device:  xcvc1902-vsva2197-2MP-e-S


================================================================
== Performance Estimates
================================================================
+ Timing: 
    * Summary: 
    +--------+---------+----------+------------+
    |  Clock |  Target | Estimated| Uncertainty|
    +--------+---------+----------+------------+
    |ap_clk  |  3.33 ns|  2.504 ns|     0.90 ns|
    +--------+---------+----------+------------+

+ Latency: 
    * Summary: 
    +---------+---------+----------+----------+-----+-----+---------+
    |  Latency (cycles) |  Latency (absolute) |  Interval | Pipeline|
    |   min   |   max   |    min   |    max   | min | max |   Type  |
    +---------+---------+----------+----------+-----+-----+---------+
    |      258|      258|  0.860 us|  0.860 us|  258|  258|       no|
    +---------+---------+----------+----------+-----+-----+---------+

    + Detail: 
        * Instance: 
        N/A

        * Loop: 
        +----------------------------------+---------+---------+----------+-----------+-----------+------+----------+
        |                                  |  Latency (cycles) | Iteration|  Initiation Interval  | Trip |          |
        |             Loop Name            |   min   |   max   |  Latency |  achieved |   target  | Count| Pipelined|
        +----------------------------------+---------+---------+----------+-----------+-----------+------+----------+
        |- VITIS_LOOP_9_1_VITIS_LOOP_10_2  |      256|      256|         2|          1|          1|   256|       yes|
        +----------------------------------+---------+---------+----------+-----------+-----------+------+----------+



================================================================
== Utilization Estimates
================================================================
* Summary: 
+-----------------+---------+------+---------+--------+-----+
|       Name      | BRAM_18K|  DSP |    FF   |   LUT  | URAM|
+-----------------+---------+------+---------+--------+-----+
|DSP              |        -|     -|        -|       -|    -|
|Expression       |        -|     -|        0|      79|    -|
|FIFO             |        -|     -|        -|       -|    -|
|Instance         |        -|     -|        -|       -|    -|
|Memory           |        -|     -|        -|       -|    -|
|Multiplexer      |        -|     -|        -|      46|    -|
|Register         |        -|     -|       24|       -|    -|
+-----------------+---------+------+---------+--------+-----+
|Total            |        0|     0|       24|     125|    0|
+-----------------+---------+------+---------+--------+-----+
|Available        |     1934|  1968|  1799680|  899840|  463|
+-----------------+---------+------+---------+--------+-----+
|Utilization (%)  |        0|     0|       ~0|      ~0|    0|
+-----------------+---------+------+---------+--------+-----+

+ Detail: 
    * Instance: 
    N/A

    * DSP: 
    N/A

    * Memory: 
    N/A

    * FIFO: 
    N/A

    * Expression: 
    +----------------------------------+----------+----+---+----+------------+------------+
    |           Variable Name          | Operation| DSP| FF| LUT| Bitwidth P0| Bitwidth P1|
    +----------------------------------+----------+----+---+----+------------+------------+
    |add_ln10_fu_246_p2                |         +|   0|  0|   5|           5|           1|
    |add_ln9_1_fu_154_p2               |         +|   0|  0|   9|           9|           1|
    |add_ln9_fu_178_p2                 |         +|   0|  0|   5|           5|           1|
    |ap_condition_157                  |       and|   0|  0|   2|           1|           1|
    |icmp_ln10_fu_184_p2               |      icmp|   0|  0|   6|           5|           6|
    |icmp_ln9_fu_160_p2                |      icmp|   0|  0|  10|           9|          10|
    |ap_block_pp0_stage0_01001         |        or|   0|  0|   2|           1|           1|
    |ap_block_state2_pp0_stage0_iter1  |        or|   0|  0|   2|           1|           1|
    |select_ln13_fu_288_p3             |    select|   0|  0|  26|           1|          32|
    |select_ln9_1_fu_198_p3            |    select|   0|  0|   5|           1|           5|
    |select_ln9_fu_190_p3              |    select|   0|  0|   5|           1|           1|
    |ap_enable_pp0                     |       xor|   0|  0|   2|           1|           2|
    +----------------------------------+----------+----+---+----+------------+------------+
    |Total                             |          |   0|  0|  79|          40|          62|
    +----------------------------------+----------+----+---+----+------------+------------+

    * Multiplexer: 
    +--------------------------------------+----+-----------+-----+-----------+
    |                 Name                 | LUT| Input Size| Bits| Total Bits|
    +--------------------------------------+----+-----------+-----+-----------+
    |A_streams_0_blk_n                     |   2|          2|    1|          2|
    |A_streams_1_blk_n                     |   2|          2|    1|          2|
    |ap_done_int                           |   2|          2|    1|          2|
    |ap_enable_reg_pp0_iter1               |   2|          2|    1|          2|
    |ap_sig_allocacmp_i_load               |   5|          2|    5|         10|
    |ap_sig_allocacmp_indvar_flatten_load  |   8|          2|    9|         18|
    |ap_sig_allocacmp_k_load               |   5|          2|    5|         10|
    |i_fu_64                               |   5|          2|    5|         10|
    |indvar_flatten_fu_68                  |   8|          2|    9|         18|
    |k_fu_60                               |   5|          2|    5|         10|
    |real_start                            |   2|          2|    1|          2|
    +--------------------------------------+----+-----------+-----+-----------+
    |Total                                 |  46|         22|   43|         86|
    +--------------------------------------+----+-----------+-----+-----------+

    * Register: 
    +-------------------------+---+----+-----+-----------+
    |           Name          | FF| LUT| Bits| Const Bits|
    +-------------------------+---+----+-----+-----------+
    |ap_CS_fsm                |  1|   0|    1|          0|
    |ap_done_reg              |  1|   0|    1|          0|
    |ap_enable_reg_pp0_iter1  |  1|   0|    1|          0|
    |i_fu_64                  |  5|   0|    5|          0|
    |indvar_flatten_fu_68     |  9|   0|    9|          0|
    |k_fu_60                  |  5|   0|    5|          0|
    |start_once_reg           |  1|   0|    1|          0|
    |trunc_ln10_1_reg_338     |  1|   0|    1|          0|
    +-------------------------+---+----+-----+-----------+
    |Total                    | 24|   0|   24|          0|
    +-------------------------+---+----+-----+-----------+



================================================================
== Interface
================================================================
* Summary: 
+----------------------------+-----+-----+------------+-----------------+--------------+
|          RTL Ports         | Dir | Bits|  Protocol  |  Source Object  |    C Type    |
+----------------------------+-----+-----+------------+-----------------+--------------+
|ap_clk                      |   in|    1|  ap_ctrl_hs|  loader_A_tiles3|  return value|
|ap_rst                      |   in|    1|  ap_ctrl_hs|  loader_A_tiles3|  return value|
|ap_start                    |   in|    1|  ap_ctrl_hs|  loader_A_tiles3|  return value|
|start_full_n                |   in|    1|  ap_ctrl_hs|  loader_A_tiles3|  return value|
|ap_done                     |  out|    1|  ap_ctrl_hs|  loader_A_tiles3|  return value|
|ap_continue                 |   in|    1|  ap_ctrl_hs|  loader_A_tiles3|  return value|
|ap_idle                     |  out|    1|  ap_ctrl_hs|  loader_A_tiles3|  return value|
|ap_ready                    |  out|    1|  ap_ctrl_hs|  loader_A_tiles3|  return value|
|start_out                   |  out|    1|  ap_ctrl_hs|  loader_A_tiles3|  return value|
|start_write                 |  out|    1|  ap_ctrl_hs|  loader_A_tiles3|  return value|
|A_streams_0_din             |  out|   32|     ap_fifo|      A_streams_0|       pointer|
|A_streams_0_num_data_valid  |   in|    3|     ap_fifo|      A_streams_0|       pointer|
|A_streams_0_fifo_cap        |   in|    3|     ap_fifo|      A_streams_0|       pointer|
|A_streams_0_full_n          |   in|    1|     ap_fifo|      A_streams_0|       pointer|
|A_streams_0_write           |  out|    1|     ap_fifo|      A_streams_0|       pointer|
|A_streams_1_din             |  out|   32|     ap_fifo|      A_streams_1|       pointer|
|A_streams_1_num_data_valid  |   in|    3|     ap_fifo|      A_streams_1|       pointer|
|A_streams_1_fifo_cap        |   in|    3|     ap_fifo|      A_streams_1|       pointer|
|A_streams_1_full_n          |   in|    1|     ap_fifo|      A_streams_1|       pointer|
|A_streams_1_write           |  out|    1|     ap_fifo|      A_streams_1|       pointer|
|A_0_address0                |  out|    7|   ap_memory|              A_0|         array|
|A_0_ce0                     |  out|    1|   ap_memory|              A_0|         array|
|A_0_q0                      |   in|   32|   ap_memory|              A_0|         array|
|A_1_address0                |  out|    7|   ap_memory|              A_1|         array|
|A_1_ce0                     |  out|    1|   ap_memory|              A_1|         array|
|A_1_q0                      |   in|   32|   ap_memory|              A_1|         array|
+----------------------------+-----+-----+------------+-----------------+--------------+

