

================================================================
== Vitis HLS Report for 'loadTileBFromDRAM917'
================================================================
* Date:           Tue Jun  9 12:48:28 2026

* Version:        2023.2 (Build 4023990 on Oct 11 2023)
* Project:        hls_project
* Solution:       gemm2 (Vitis Kernel Flow Target)
* Product family: versalaicore
* Target device:  xcvc1902-vsva2197-2MP-e-S


================================================================
== Performance Estimates
================================================================
+ Timing: 
    * Summary: 
    +--------+---------+----------+------------+
    |  Clock |  Target | Estimated| Uncertainty|
    +--------+---------+----------+------------+
    |ap_clk  |  3.33 ns|  1.411 ns|     0.90 ns|
    +--------+---------+----------+------------+

+ Latency: 
    * Summary: 
    +---------+---------+----------+----------+------+------+---------+
    |  Latency (cycles) |  Latency (absolute) |   Interval  | Pipeline|
    |   min   |   max   |    min   |    max   |  min |  max |   Type  |
    +---------+---------+----------+----------+------+------+---------+
    |     1057|     1057|  3.523 us|  3.523 us|  1057|  1057|       no|
    +---------+---------+----------+----------+------+------+---------+

    + Detail: 
        * Instance: 
        N/A

        * Loop: 
        +--------------------+---------+---------+----------+-----------+-----------+------+----------+
        |                    |  Latency (cycles) | Iteration|  Initiation Interval  | Trip |          |
        |      Loop Name     |   min   |   max   |  Latency |  achieved |   target  | Count| Pipelined|
        +--------------------+---------+---------+----------+-----------+-----------+------+----------+
        |- load_tile_B       |     1056|     1056|        66|          -|          -|    16|        no|
        | + VITIS_LOOP_19_1  |       64|       64|         2|          -|          -|    32|        no|
        +--------------------+---------+---------+----------+-----------+-----------+------+----------+



================================================================
== Utilization Estimates
================================================================
* Summary: 
+-----------------+---------+------+---------+--------+-----+
|       Name      | BRAM_18K|  DSP |    FF   |   LUT  | URAM|
+-----------------+---------+------+---------+--------+-----+
|DSP              |        -|     -|        -|       -|    -|
|Expression       |        -|     -|        0|      35|    -|
|FIFO             |        -|     -|        -|       -|    -|
|Instance         |        -|     -|        -|       -|    -|
|Memory           |        -|     -|        -|       -|    -|
|Multiplexer      |        -|     -|        -|      18|    -|
|Register         |        -|     -|       40|       -|    -|
+-----------------+---------+------+---------+--------+-----+
|Total            |        0|     0|       40|      53|    0|
+-----------------+---------+------+---------+--------+-----+
|Available        |     1934|  1968|  1799680|  899840|  463|
+-----------------+---------+------+---------+--------+-----+
|Utilization (%)  |        0|     0|       ~0|      ~0|    0|
+-----------------+---------+------+---------+--------+-----+

+ Detail: 
    * Instance: 
    N/A

    * DSP: 
    N/A

    * Memory: 
    N/A

    * FIFO: 
    N/A

    * Expression: 
    +---------------------+----------+----+---+----+------------+------------+
    |    Variable Name    | Operation| DSP| FF| LUT| Bitwidth P0| Bitwidth P1|
    +---------------------+----------+----+---+----+------------+------------+
    |add_ln18_fu_102_p2   |         +|   0|  0|   5|           5|           1|
    |add_ln19_fu_126_p2   |         +|   0|  0|   6|           6|           1|
    |add_ln20_fu_142_p2   |         +|   0|  0|   9|           9|           9|
    |icmp_ln18_fu_112_p2  |      icmp|   0|  0|   6|           5|           6|
    |icmp_ln19_fu_132_p2  |      icmp|   0|  0|   7|           6|           7|
    |ap_block_state1      |        or|   0|  0|   2|           1|           1|
    +---------------------+----------+----+---+----+------------+------------+
    |Total                |          |   0|  0|  35|          32|          25|
    +---------------------+----------+----+---+----+------------+------------+

    * Multiplexer: 
    +-----------+----+-----------+-----+-----------+
    |    Name   | LUT| Input Size| Bits| Total Bits|
    +-----------+----+-----------+-----+-----------+
    |ap_NS_fsm  |   6|          5|    1|          5|
    |ap_done    |   2|          2|    1|          2|
    |j_reg_73   |   5|          2|    6|         12|
    |k_fu_42    |   5|          2|    5|         10|
    +-----------+----+-----------+-----+-----------+
    |Total      |  18|         11|   13|         29|
    +-----------+----+-----------+-----+-----------+

    * Register: 
    +---------------------+---+----+-----+-----------+
    |         Name        | FF| LUT| Bits| Const Bits|
    +---------------------+---+----+-----+-----------+
    |add_ln18_reg_180     |  5|   0|    5|          0|
    |add_ln19_reg_194     |  6|   0|    6|          0|
    |ap_CS_fsm            |  4|   0|    4|          0|
    |ap_done_reg          |  1|   0|    1|          0|
    |j_reg_73             |  6|   0|    6|          0|
    |k_fu_42              |  5|   0|    5|          0|
    |tmp_reg_189          |  4|   0|    9|          5|
    |zext_ln20_1_reg_202  |  9|   0|   64|         55|
    +---------------------+---+----+-----+-----------+
    |Total                | 40|   0|  100|         60|
    +---------------------+---+----+-----+-----------+



================================================================
== Interface
================================================================
* Summary: 
+-----------------+-----+-----+------------+----------------------+--------------+
|    RTL Ports    | Dir | Bits|  Protocol  |     Source Object    |    C Type    |
+-----------------+-----+-----+------------+----------------------+--------------+
|ap_clk           |   in|    1|  ap_ctrl_hs|  loadTileBFromDRAM917|  return value|
|ap_rst           |   in|    1|  ap_ctrl_hs|  loadTileBFromDRAM917|  return value|
|ap_start         |   in|    1|  ap_ctrl_hs|  loadTileBFromDRAM917|  return value|
|ap_done          |  out|    1|  ap_ctrl_hs|  loadTileBFromDRAM917|  return value|
|ap_continue      |   in|    1|  ap_ctrl_hs|  loadTileBFromDRAM917|  return value|
|ap_idle          |  out|    1|  ap_ctrl_hs|  loadTileBFromDRAM917|  return value|
|ap_ready         |  out|    1|  ap_ctrl_hs|  loadTileBFromDRAM917|  return value|
|B_DRAM_address0  |  out|    9|   ap_memory|                B_DRAM|         array|
|B_DRAM_ce0       |  out|    1|   ap_memory|                B_DRAM|         array|
|B_DRAM_q0        |   in|   32|   ap_memory|                B_DRAM|         array|
|B_TILE_address0  |  out|    9|   ap_memory|                B_TILE|         array|
|B_TILE_ce0       |  out|    1|   ap_memory|                B_TILE|         array|
|B_TILE_we0       |  out|    1|   ap_memory|                B_TILE|         array|
|B_TILE_d0        |  out|   32|   ap_memory|                B_TILE|         array|
+-----------------+-----+-----+------------+----------------------+--------------+

