

================================================================
== Vitis HLS Report for 'loadTileAFromDRAM'
================================================================
* Date:           Fri May 29 18:38:35 2026

* Version:        2023.2 (Build 4023990 on Oct 11 2023)
* Project:        hls_project
* Solution:       gemm2 (Vitis Kernel Flow Target)
* Product family: zynquplus
* Target device:  xczu7ev-ffvc1156-2-e


================================================================
== Performance Estimates
================================================================
+ Timing: 
    * Summary: 
    +--------+---------+----------+------------+
    |  Clock |  Target | Estimated| Uncertainty|
    +--------+---------+----------+------------+
    |ap_clk  |  3.33 ns|  2.419 ns|     0.90 ns|
    +--------+---------+----------+------------+

+ Latency: 
    * Summary: 
    +---------+---------+----------+----------+-----+-----+---------+
    |  Latency (cycles) |  Latency (absolute) |  Interval | Pipeline|
    |   min   |   max   |    min   |    max   | min | max |   Type  |
    +---------+---------+----------+----------+-----+-----+---------+
    |      132|      132|  0.440 us|  0.440 us|  132|  132|       no|
    +---------+---------+----------+----------+-----+-----+---------+

    + Detail: 
        * Instance: 
        N/A

        * Loop: 
        +------------------------------+---------+---------+----------+-----------+-----------+------+----------+
        |                              |  Latency (cycles) | Iteration|  Initiation Interval  | Trip |          |
        |           Loop Name          |   min   |   max   |  Latency |  achieved |   target  | Count| Pipelined|
        +------------------------------+---------+---------+----------+-----------+-----------+------+----------+
        |- load_tile_A_VITIS_LOOP_7_1  |      130|      130|         4|          1|          1|   128|       yes|
        +------------------------------+---------+---------+----------+-----------+-----------+------+----------+



================================================================
== Utilization Estimates
================================================================
* Summary: 
+-----------------+---------+------+--------+--------+-----+
|       Name      | BRAM_18K|  DSP |   FF   |   LUT  | URAM|
+-----------------+---------+------+--------+--------+-----+
|DSP              |        -|     -|       -|       -|    -|
|Expression       |        -|     -|       0|     114|    -|
|FIFO             |        -|     -|       -|       -|    -|
|Instance         |        -|     -|       -|       -|    -|
|Memory           |        -|     -|       -|       -|    -|
|Multiplexer      |        -|     -|       -|      72|    -|
|Register         |        -|     -|     241|      64|    -|
+-----------------+---------+------+--------+--------+-----+
|Total            |        0|     0|     241|     250|    0|
+-----------------+---------+------+--------+--------+-----+
|Available        |      624|  1728|  460800|  230400|   96|
+-----------------+---------+------+--------+--------+-----+
|Utilization (%)  |        0|     0|      ~0|      ~0|    0|
+-----------------+---------+------+--------+--------+-----+

+ Detail: 
    * Instance: 
    N/A

    * DSP: 
    N/A

    * Memory: 
    N/A

    * FIFO: 
    N/A

    * Expression: 
    +------------------------+----------+----+---+----+------------+------------+
    |      Variable Name     | Operation| DSP| FF| LUT| Bitwidth P0| Bitwidth P1|
    +------------------------+----------+----+---+----+------------+------------+
    |add_ln6_1_fu_152_p2     |         +|   0|  0|  15|           8|           1|
    |add_ln6_fu_164_p2       |         +|   0|  0|  12|           5|           1|
    |add_ln7_fu_208_p2       |         +|   0|  0|  12|           5|           2|
    |add_ln9_1_fu_277_p2     |         +|   0|  0|  15|           8|           8|
    |add_ln9_fu_239_p2       |         +|   0|  0|  16|           9|           9|
    |empty_fu_198_p2         |         +|   0|  0|  12|           5|           5|
    |icmp_ln6_fu_146_p2      |      icmp|   0|  0|  16|           8|           9|
    |or_ln10_fu_250_p2       |        or|   0|  0|   4|           4|           1|
    |select_ln6_1_fu_186_p3  |    select|   0|  0|   5|           1|           5|
    |select_ln6_fu_178_p3    |    select|   0|  0|   5|           1|           1|
    |ap_enable_pp0           |       xor|   0|  0|   2|           1|           2|
    +------------------------+----------+----+---+----+------------+------------+
    |Total                   |          |   0|  0| 114|          55|          44|
    +------------------------+----------+----+---+----+------------+------------+

    * Multiplexer: 
    +--------------------------------------+----+-----------+-----+-----------+
    |                 Name                 | LUT| Input Size| Bits| Total Bits|
    +--------------------------------------+----+-----------+-----+-----------+
    |ap_done_int                           |   9|          2|    1|          2|
    |ap_enable_reg_pp0_iter1               |   9|          2|    1|          2|
    |ap_sig_allocacmp_i_load               |   9|          2|    5|         10|
    |ap_sig_allocacmp_indvar_flatten_load  |   9|          2|    8|         16|
    |ap_sig_allocacmp_k_load               |   9|          2|    5|         10|
    |i_fu_56                               |   9|          2|    5|         10|
    |indvar_flatten_fu_60                  |   9|          2|    8|         16|
    |k_fu_52                               |   9|          2|    5|         10|
    +--------------------------------------+----+-----------+-----+-----------+
    |Total                                 |  72|         16|   38|         76|
    +--------------------------------------+----+-----------+-----+-----------+

    * Register: 
    +----------------------------------+----+----+-----+-----------+
    |               Name               | FF | LUT| Bits| Const Bits|
    +----------------------------------+----+----+-----+-----------+
    |A_DRAM_load_1_reg_367             |  32|   0|   32|          0|
    |A_DRAM_load_reg_362               |  32|   0|   32|          0|
    |ap_CS_fsm                         |   1|   0|    1|          0|
    |ap_done_reg                       |   1|   0|    1|          0|
    |ap_enable_reg_pp0_iter1           |   1|   0|    1|          0|
    |ap_enable_reg_pp0_iter2           |   1|   0|    1|          0|
    |ap_enable_reg_pp0_iter3           |   1|   0|    1|          0|
    |ap_loop_exit_ready_pp0_iter1_reg  |   1|   0|    1|          0|
    |ap_loop_exit_ready_pp0_iter2_reg  |   1|   0|    1|          0|
    |empty_reg_336                     |   5|   0|    5|          0|
    |i_fu_56                           |   5|   0|    5|          0|
    |indvar_flatten_fu_60              |   8|   0|    8|          0|
    |k_fu_52                           |   5|   0|    5|          0|
    |or_ln10_reg_352                   |   3|   0|    4|          1|
    |or_ln10_reg_352_pp0_iter2_reg     |   3|   0|    4|          1|
    |select_ln6_reg_324                |   5|   0|    5|          0|
    |trunc_ln7_reg_342                 |   4|   0|    4|          0|
    |trunc_ln9_reg_330                 |   4|   0|    4|          0|
    |select_ln6_reg_324                |  64|  32|    5|          0|
    |trunc_ln9_reg_330                 |  64|  32|    4|          0|
    +----------------------------------+----+----+-----+-----------+
    |Total                             | 241|  64|  124|          2|
    +----------------------------------+----+----+-----+-----------+



================================================================
== Interface
================================================================
* Summary: 
+-----------------+-----+-----+------------+-------------------+--------------+
|    RTL Ports    | Dir | Bits|  Protocol  |   Source Object   |    C Type    |
+-----------------+-----+-----+------------+-------------------+--------------+
|ap_clk           |   in|    1|  ap_ctrl_hs|  loadTileAFromDRAM|  return value|
|ap_rst           |   in|    1|  ap_ctrl_hs|  loadTileAFromDRAM|  return value|
|ap_start         |   in|    1|  ap_ctrl_hs|  loadTileAFromDRAM|  return value|
|ap_done          |  out|    1|  ap_ctrl_hs|  loadTileAFromDRAM|  return value|
|ap_idle          |  out|    1|  ap_ctrl_hs|  loadTileAFromDRAM|  return value|
|ap_ready         |  out|    1|  ap_ctrl_hs|  loadTileAFromDRAM|  return value|
|A_DRAM_address0  |  out|    9|   ap_memory|             A_DRAM|         array|
|A_DRAM_ce0       |  out|    1|   ap_memory|             A_DRAM|         array|
|A_DRAM_q0        |   in|   32|   ap_memory|             A_DRAM|         array|
|A_DRAM_address1  |  out|    9|   ap_memory|             A_DRAM|         array|
|A_DRAM_ce1       |  out|    1|   ap_memory|             A_DRAM|         array|
|A_DRAM_q1        |   in|   32|   ap_memory|             A_DRAM|         array|
|A_TILE_address0  |  out|    8|   ap_memory|             A_TILE|         array|
|A_TILE_ce0       |  out|    1|   ap_memory|             A_TILE|         array|
|A_TILE_we0       |  out|    1|   ap_memory|             A_TILE|         array|
|A_TILE_d0        |  out|   32|   ap_memory|             A_TILE|         array|
|A_TILE_address1  |  out|    8|   ap_memory|             A_TILE|         array|
|A_TILE_ce1       |  out|    1|   ap_memory|             A_TILE|         array|
|A_TILE_we1       |  out|    1|   ap_memory|             A_TILE|         array|
|A_TILE_d1        |  out|   32|   ap_memory|             A_TILE|         array|
|tileA            |   in|    1|     ap_none|              tileA|        scalar|
+-----------------+-----+-----+------------+-------------------+--------------+

