

================================================================
== Vitis HLS Report for 'loader_B_tile11'
================================================================
* Date:           Sun Jun 14 13:11:50 2026

* Version:        2023.2 (Build 4023990 on Oct 11 2023)
* Project:        hls_project
* Solution:       gemm2 (Vitis Kernel Flow Target)
* Product family: versalaicore
* Target device:  xcvc1902-vsva2197-2MP-e-S


================================================================
== Performance Estimates
================================================================
+ Timing: 
    * Summary: 
    +--------+---------+----------+------------+
    |  Clock |  Target | Estimated| Uncertainty|
    +--------+---------+----------+------------+
    |ap_clk  |  3.33 ns|  2.559 ns|     0.90 ns|
    +--------+---------+----------+------------+

+ Latency: 
    * Summary: 
    +---------+---------+----------+----------+-----+-----+---------+
    |  Latency (cycles) |  Latency (absolute) |  Interval | Pipeline|
    |   min   |   max   |    min   |    max   | min | max |   Type  |
    +---------+---------+----------+----------+-----+-----+---------+
    |      258|      258|  0.860 us|  0.860 us|  258|  258|       no|
    +---------+---------+----------+----------+-----+-----+---------+

    + Detail: 
        * Instance: 
        N/A

        * Loop: 
        +-----------------------------------+---------+---------+----------+-----------+-----------+------+----------+
        |                                   |  Latency (cycles) | Iteration|  Initiation Interval  | Trip |          |
        |             Loop Name             |   min   |   max   |  Latency |  achieved |   target  | Count| Pipelined|
        +-----------------------------------+---------+---------+----------+-----------+-----------+------+----------+
        |- VITIS_LOOP_24_1_VITIS_LOOP_25_2  |      256|      256|         2|          1|          1|   256|       yes|
        +-----------------------------------+---------+---------+----------+-----------+-----------+------+----------+



================================================================
== Utilization Estimates
================================================================
* Summary: 
+-----------------+---------+------+---------+--------+-----+
|       Name      | BRAM_18K|  DSP |    FF   |   LUT  | URAM|
+-----------------+---------+------+---------+--------+-----+
|DSP              |        -|     -|        -|       -|    -|
|Expression       |        -|     -|        0|      43|    -|
|FIFO             |        -|     -|        -|       -|    -|
|Instance         |        -|     -|        0|    5120|    -|
|Memory           |        -|     -|        -|       -|    -|
|Multiplexer      |        -|     -|        -|      94|    -|
|Register         |        -|     -|     1041|       -|    -|
+-----------------+---------+------+---------+--------+-----+
|Total            |        0|     0|     1041|    5257|    0|
+-----------------+---------+------+---------+--------+-----+
|Available        |     1934|  1968|  1799680|  899840|  463|
+-----------------+---------+------+---------+--------+-----+
|Utilization (%)  |        0|     0|       ~0|      ~0|    0|
+-----------------+---------+------+---------+--------+-----+

+ Detail: 
    * Instance: 
    +-----------------------------+-----------------------+---------+----+---+-----+-----+
    |           Instance          |         Module        | BRAM_18K| DSP| FF| LUT | URAM|
    +-----------------------------+-----------------------+---------+----+---+-----+-----+
    |sparsemux_33_4_32_1_1_U2256  |sparsemux_33_4_32_1_1  |        0|   0|  0|  160|    0|
    |sparsemux_33_4_32_1_1_U2257  |sparsemux_33_4_32_1_1  |        0|   0|  0|  160|    0|
    |sparsemux_33_4_32_1_1_U2258  |sparsemux_33_4_32_1_1  |        0|   0|  0|  160|    0|
    |sparsemux_33_4_32_1_1_U2259  |sparsemux_33_4_32_1_1  |        0|   0|  0|  160|    0|
    |sparsemux_33_4_32_1_1_U2260  |sparsemux_33_4_32_1_1  |        0|   0|  0|  160|    0|
    |sparsemux_33_4_32_1_1_U2261  |sparsemux_33_4_32_1_1  |        0|   0|  0|  160|    0|
    |sparsemux_33_4_32_1_1_U2262  |sparsemux_33_4_32_1_1  |        0|   0|  0|  160|    0|
    |sparsemux_33_4_32_1_1_U2263  |sparsemux_33_4_32_1_1  |        0|   0|  0|  160|    0|
    |sparsemux_33_4_32_1_1_U2264  |sparsemux_33_4_32_1_1  |        0|   0|  0|  160|    0|
    |sparsemux_33_4_32_1_1_U2265  |sparsemux_33_4_32_1_1  |        0|   0|  0|  160|    0|
    |sparsemux_33_4_32_1_1_U2266  |sparsemux_33_4_32_1_1  |        0|   0|  0|  160|    0|
    |sparsemux_33_4_32_1_1_U2267  |sparsemux_33_4_32_1_1  |        0|   0|  0|  160|    0|
    |sparsemux_33_4_32_1_1_U2268  |sparsemux_33_4_32_1_1  |        0|   0|  0|  160|    0|
    |sparsemux_33_4_32_1_1_U2269  |sparsemux_33_4_32_1_1  |        0|   0|  0|  160|    0|
    |sparsemux_33_4_32_1_1_U2270  |sparsemux_33_4_32_1_1  |        0|   0|  0|  160|    0|
    |sparsemux_33_4_32_1_1_U2271  |sparsemux_33_4_32_1_1  |        0|   0|  0|  160|    0|
    |sparsemux_33_4_32_1_1_U2272  |sparsemux_33_4_32_1_1  |        0|   0|  0|  160|    0|
    |sparsemux_33_4_32_1_1_U2273  |sparsemux_33_4_32_1_1  |        0|   0|  0|  160|    0|
    |sparsemux_33_4_32_1_1_U2274  |sparsemux_33_4_32_1_1  |        0|   0|  0|  160|    0|
    |sparsemux_33_4_32_1_1_U2275  |sparsemux_33_4_32_1_1  |        0|   0|  0|  160|    0|
    |sparsemux_33_4_32_1_1_U2276  |sparsemux_33_4_32_1_1  |        0|   0|  0|  160|    0|
    |sparsemux_33_4_32_1_1_U2277  |sparsemux_33_4_32_1_1  |        0|   0|  0|  160|    0|
    |sparsemux_33_4_32_1_1_U2278  |sparsemux_33_4_32_1_1  |        0|   0|  0|  160|    0|
    |sparsemux_33_4_32_1_1_U2279  |sparsemux_33_4_32_1_1  |        0|   0|  0|  160|    0|
    |sparsemux_33_4_32_1_1_U2280  |sparsemux_33_4_32_1_1  |        0|   0|  0|  160|    0|
    |sparsemux_33_4_32_1_1_U2281  |sparsemux_33_4_32_1_1  |        0|   0|  0|  160|    0|
    |sparsemux_33_4_32_1_1_U2282  |sparsemux_33_4_32_1_1  |        0|   0|  0|  160|    0|
    |sparsemux_33_4_32_1_1_U2283  |sparsemux_33_4_32_1_1  |        0|   0|  0|  160|    0|
    |sparsemux_33_4_32_1_1_U2284  |sparsemux_33_4_32_1_1  |        0|   0|  0|  160|    0|
    |sparsemux_33_4_32_1_1_U2285  |sparsemux_33_4_32_1_1  |        0|   0|  0|  160|    0|
    |sparsemux_33_4_32_1_1_U2286  |sparsemux_33_4_32_1_1  |        0|   0|  0|  160|    0|
    |sparsemux_33_4_32_1_1_U2287  |sparsemux_33_4_32_1_1  |        0|   0|  0|  160|    0|
    +-----------------------------+-----------------------+---------+----+---+-----+-----+
    |Total                        |                       |        0|   0|  0| 5120|    0|
    +-----------------------------+-----------------------+---------+----+---+-----+-----+

    * DSP: 
    N/A

    * Memory: 
    N/A

    * FIFO: 
    N/A

    * Expression: 
    +----------------------------------+----------+----+---+----+------------+------------+
    |           Variable Name          | Operation| DSP| FF| LUT| Bitwidth P0| Bitwidth P1|
    +----------------------------------+----------+----+---+----+------------+------------+
    |add_ln24_fu_5520_p2               |         +|   0|  0|   9|           9|           1|
    |add_ln25_fu_7860_p2               |         +|   0|  0|   5|           5|           1|
    |ap_condition_936                  |       and|   0|  0|   2|           1|           1|
    |icmp_ln24_fu_5526_p2              |      icmp|   0|  0|  10|           9|          10|
    |icmp_ln25_fu_5538_p2              |      icmp|   0|  0|   6|           5|           6|
    |ap_block_pp0_stage0_01001         |        or|   0|  0|   2|           1|           1|
    |ap_block_state2_pp0_stage0_iter1  |        or|   0|  0|   2|           1|           1|
    |select_ln24_fu_5544_p3            |    select|   0|  0|   5|           1|           1|
    |ap_enable_pp0                     |       xor|   0|  0|   2|           1|           2|
    +----------------------------------+----------+----+---+----+------------+------------+
    |Total                             |          |   0|  0|  43|          33|          24|
    +----------------------------------+----------+----+---+----+------------+------------+

    * Multiplexer: 
    +----------------------------------------+----+-----------+-----+-----------+
    |                  Name                  | LUT| Input Size| Bits| Total Bits|
    +----------------------------------------+----+-----------+-----+-----------+
    |B_streams_0_0_blk_n                     |   2|          2|    1|          2|
    |B_streams_0_10_blk_n                    |   2|          2|    1|          2|
    |B_streams_0_11_blk_n                    |   2|          2|    1|          2|
    |B_streams_0_12_blk_n                    |   2|          2|    1|          2|
    |B_streams_0_13_blk_n                    |   2|          2|    1|          2|
    |B_streams_0_14_blk_n                    |   2|          2|    1|          2|
    |B_streams_0_15_blk_n                    |   2|          2|    1|          2|
    |B_streams_0_16_blk_n                    |   2|          2|    1|          2|
    |B_streams_0_17_blk_n                    |   2|          2|    1|          2|
    |B_streams_0_18_blk_n                    |   2|          2|    1|          2|
    |B_streams_0_19_blk_n                    |   2|          2|    1|          2|
    |B_streams_0_1_blk_n                     |   2|          2|    1|          2|
    |B_streams_0_20_blk_n                    |   2|          2|    1|          2|
    |B_streams_0_21_blk_n                    |   2|          2|    1|          2|
    |B_streams_0_22_blk_n                    |   2|          2|    1|          2|
    |B_streams_0_23_blk_n                    |   2|          2|    1|          2|
    |B_streams_0_24_blk_n                    |   2|          2|    1|          2|
    |B_streams_0_25_blk_n                    |   2|          2|    1|          2|
    |B_streams_0_26_blk_n                    |   2|          2|    1|          2|
    |B_streams_0_27_blk_n                    |   2|          2|    1|          2|
    |B_streams_0_28_blk_n                    |   2|          2|    1|          2|
    |B_streams_0_29_blk_n                    |   2|          2|    1|          2|
    |B_streams_0_2_blk_n                     |   2|          2|    1|          2|
    |B_streams_0_30_blk_n                    |   2|          2|    1|          2|
    |B_streams_0_31_blk_n                    |   2|          2|    1|          2|
    |B_streams_0_3_blk_n                     |   2|          2|    1|          2|
    |B_streams_0_4_blk_n                     |   2|          2|    1|          2|
    |B_streams_0_5_blk_n                     |   2|          2|    1|          2|
    |B_streams_0_6_blk_n                     |   2|          2|    1|          2|
    |B_streams_0_7_blk_n                     |   2|          2|    1|          2|
    |B_streams_0_8_blk_n                     |   2|          2|    1|          2|
    |B_streams_0_9_blk_n                     |   2|          2|    1|          2|
    |ap_done_int                             |   2|          2|    1|          2|
    |ap_enable_reg_pp0_iter1                 |   2|          2|    1|          2|
    |ap_sig_allocacmp_indvar_flatten_i_load  |   8|          2|    9|         18|
    |ap_sig_allocacmp_k_load                 |   5|          2|    5|         10|
    |indvar_flatten_i_fu_1166                |   8|          2|    9|         18|
    |k_fu_1162                               |   5|          2|    5|         10|
    +----------------------------------------+----+-----------+-----+-----------+
    |Total                                   |  94|         76|   62|        124|
    +----------------------------------------+----+-----------+-----+-----------+

    * Register: 
    +--------------------------+----+----+-----+-----------+
    |           Name           | FF | LUT| Bits| Const Bits|
    +--------------------------+----+----+-----+-----------+
    |ap_CS_fsm                 |   1|   0|    1|          0|
    |ap_done_reg               |   1|   0|    1|          0|
    |ap_enable_reg_pp0_iter1   |   1|   0|    1|          0|
    |indvar_flatten_i_fu_1166  |   9|   0|    9|          0|
    |k_fu_1162                 |   5|   0|    5|          0|
    |tmp_10_i_reg_8075         |  32|   0|   32|          0|
    |tmp_11_i_reg_8081         |  32|   0|   32|          0|
    |tmp_12_i_reg_8087         |  32|   0|   32|          0|
    |tmp_13_i_reg_8093         |  32|   0|   32|          0|
    |tmp_14_i_reg_8099         |  32|   0|   32|          0|
    |tmp_15_i_reg_8105         |  32|   0|   32|          0|
    |tmp_16_i_reg_8111         |  32|   0|   32|          0|
    |tmp_17_i_reg_8117         |  32|   0|   32|          0|
    |tmp_18_i_reg_8123         |  32|   0|   32|          0|
    |tmp_19_i_reg_8129         |  32|   0|   32|          0|
    |tmp_1_i_reg_8021          |  32|   0|   32|          0|
    |tmp_20_i_reg_8135         |  32|   0|   32|          0|
    |tmp_21_i_reg_8141         |  32|   0|   32|          0|
    |tmp_22_i_reg_8147         |  32|   0|   32|          0|
    |tmp_23_i_reg_8153         |  32|   0|   32|          0|
    |tmp_24_i_reg_8159         |  32|   0|   32|          0|
    |tmp_25_i_reg_8165         |  32|   0|   32|          0|
    |tmp_26_i_reg_8171         |  32|   0|   32|          0|
    |tmp_27_i_reg_8177         |  32|   0|   32|          0|
    |tmp_28_i_reg_8183         |  32|   0|   32|          0|
    |tmp_29_i_reg_8189         |  32|   0|   32|          0|
    |tmp_2_i_reg_8027          |  32|   0|   32|          0|
    |tmp_30_i_reg_8195         |  32|   0|   32|          0|
    |tmp_3_i_reg_8033          |  32|   0|   32|          0|
    |tmp_4_i_reg_8039          |  32|   0|   32|          0|
    |tmp_5_i_reg_8045          |  32|   0|   32|          0|
    |tmp_6_i_reg_8051          |  32|   0|   32|          0|
    |tmp_7_i_reg_8057          |  32|   0|   32|          0|
    |tmp_8_i_reg_8063          |  32|   0|   32|          0|
    |tmp_9_i_reg_8069          |  32|   0|   32|          0|
    |tmp_i_37_reg_8015         |  32|   0|   32|          0|
    |tmp_i_reg_8009            |  32|   0|   32|          0|
    +--------------------------+----+----+-----+-----------+
    |Total                     |1041|   0| 1041|          0|
    +--------------------------+----+----+-----+-----------+



================================================================
== Interface
================================================================
* Summary: 
+-------------------------------+-----+-----+------------+-----------------+--------------+
|           RTL Ports           | Dir | Bits|  Protocol  |  Source Object  |    C Type    |
+-------------------------------+-----+-----+------------+-----------------+--------------+
|ap_clk                         |   in|    1|  ap_ctrl_hs|  loader_B_tile11|  return value|
|ap_rst                         |   in|    1|  ap_ctrl_hs|  loader_B_tile11|  return value|
|ap_start                       |   in|    1|  ap_ctrl_hs|  loader_B_tile11|  return value|
|ap_done                        |  out|    1|  ap_ctrl_hs|  loader_B_tile11|  return value|
|ap_continue                    |   in|    1|  ap_ctrl_hs|  loader_B_tile11|  return value|
|ap_idle                        |  out|    1|  ap_ctrl_hs|  loader_B_tile11|  return value|
|ap_ready                       |  out|    1|  ap_ctrl_hs|  loader_B_tile11|  return value|
|B_streams_0_0_din              |  out|   32|     ap_fifo|    B_streams_0_0|       pointer|
|B_streams_0_0_num_data_valid   |   in|    3|     ap_fifo|    B_streams_0_0|       pointer|
|B_streams_0_0_fifo_cap         |   in|    3|     ap_fifo|    B_streams_0_0|       pointer|
|B_streams_0_0_full_n           |   in|    1|     ap_fifo|    B_streams_0_0|       pointer|
|B_streams_0_0_write            |  out|    1|     ap_fifo|    B_streams_0_0|       pointer|
|B_streams_0_1_din              |  out|   32|     ap_fifo|    B_streams_0_1|       pointer|
|B_streams_0_1_num_data_valid   |   in|    3|     ap_fifo|    B_streams_0_1|       pointer|
|B_streams_0_1_fifo_cap         |   in|    3|     ap_fifo|    B_streams_0_1|       pointer|
|B_streams_0_1_full_n           |   in|    1|     ap_fifo|    B_streams_0_1|       pointer|
|B_streams_0_1_write            |  out|    1|     ap_fifo|    B_streams_0_1|       pointer|
|B_streams_0_2_din              |  out|   32|     ap_fifo|    B_streams_0_2|       pointer|
|B_streams_0_2_num_data_valid   |   in|    3|     ap_fifo|    B_streams_0_2|       pointer|
|B_streams_0_2_fifo_cap         |   in|    3|     ap_fifo|    B_streams_0_2|       pointer|
|B_streams_0_2_full_n           |   in|    1|     ap_fifo|    B_streams_0_2|       pointer|
|B_streams_0_2_write            |  out|    1|     ap_fifo|    B_streams_0_2|       pointer|
|B_streams_0_3_din              |  out|   32|     ap_fifo|    B_streams_0_3|       pointer|
|B_streams_0_3_num_data_valid   |   in|    3|     ap_fifo|    B_streams_0_3|       pointer|
|B_streams_0_3_fifo_cap         |   in|    3|     ap_fifo|    B_streams_0_3|       pointer|
|B_streams_0_3_full_n           |   in|    1|     ap_fifo|    B_streams_0_3|       pointer|
|B_streams_0_3_write            |  out|    1|     ap_fifo|    B_streams_0_3|       pointer|
|B_streams_0_4_din              |  out|   32|     ap_fifo|    B_streams_0_4|       pointer|
|B_streams_0_4_num_data_valid   |   in|    3|     ap_fifo|    B_streams_0_4|       pointer|
|B_streams_0_4_fifo_cap         |   in|    3|     ap_fifo|    B_streams_0_4|       pointer|
|B_streams_0_4_full_n           |   in|    1|     ap_fifo|    B_streams_0_4|       pointer|
|B_streams_0_4_write            |  out|    1|     ap_fifo|    B_streams_0_4|       pointer|
|B_streams_0_5_din              |  out|   32|     ap_fifo|    B_streams_0_5|       pointer|
|B_streams_0_5_num_data_valid   |   in|    3|     ap_fifo|    B_streams_0_5|       pointer|
|B_streams_0_5_fifo_cap         |   in|    3|     ap_fifo|    B_streams_0_5|       pointer|
|B_streams_0_5_full_n           |   in|    1|     ap_fifo|    B_streams_0_5|       pointer|
|B_streams_0_5_write            |  out|    1|     ap_fifo|    B_streams_0_5|       pointer|
|B_streams_0_6_din              |  out|   32|     ap_fifo|    B_streams_0_6|       pointer|
|B_streams_0_6_num_data_valid   |   in|    3|     ap_fifo|    B_streams_0_6|       pointer|
|B_streams_0_6_fifo_cap         |   in|    3|     ap_fifo|    B_streams_0_6|       pointer|
|B_streams_0_6_full_n           |   in|    1|     ap_fifo|    B_streams_0_6|       pointer|
|B_streams_0_6_write            |  out|    1|     ap_fifo|    B_streams_0_6|       pointer|
|B_streams_0_7_din              |  out|   32|     ap_fifo|    B_streams_0_7|       pointer|
|B_streams_0_7_num_data_valid   |   in|    3|     ap_fifo|    B_streams_0_7|       pointer|
|B_streams_0_7_fifo_cap         |   in|    3|     ap_fifo|    B_streams_0_7|       pointer|
|B_streams_0_7_full_n           |   in|    1|     ap_fifo|    B_streams_0_7|       pointer|
|B_streams_0_7_write            |  out|    1|     ap_fifo|    B_streams_0_7|       pointer|
|B_streams_0_8_din              |  out|   32|     ap_fifo|    B_streams_0_8|       pointer|
|B_streams_0_8_num_data_valid   |   in|    3|     ap_fifo|    B_streams_0_8|       pointer|
|B_streams_0_8_fifo_cap         |   in|    3|     ap_fifo|    B_streams_0_8|       pointer|
|B_streams_0_8_full_n           |   in|    1|     ap_fifo|    B_streams_0_8|       pointer|
|B_streams_0_8_write            |  out|    1|     ap_fifo|    B_streams_0_8|       pointer|
|B_streams_0_9_din              |  out|   32|     ap_fifo|    B_streams_0_9|       pointer|
|B_streams_0_9_num_data_valid   |   in|    3|     ap_fifo|    B_streams_0_9|       pointer|
|B_streams_0_9_fifo_cap         |   in|    3|     ap_fifo|    B_streams_0_9|       pointer|
|B_streams_0_9_full_n           |   in|    1|     ap_fifo|    B_streams_0_9|       pointer|
|B_streams_0_9_write            |  out|    1|     ap_fifo|    B_streams_0_9|       pointer|
|B_streams_0_10_din             |  out|   32|     ap_fifo|   B_streams_0_10|       pointer|
|B_streams_0_10_num_data_valid  |   in|    3|     ap_fifo|   B_streams_0_10|       pointer|
|B_streams_0_10_fifo_cap        |   in|    3|     ap_fifo|   B_streams_0_10|       pointer|
|B_streams_0_10_full_n          |   in|    1|     ap_fifo|   B_streams_0_10|       pointer|
|B_streams_0_10_write           |  out|    1|     ap_fifo|   B_streams_0_10|       pointer|
|B_streams_0_11_din             |  out|   32|     ap_fifo|   B_streams_0_11|       pointer|
|B_streams_0_11_num_data_valid  |   in|    3|     ap_fifo|   B_streams_0_11|       pointer|
|B_streams_0_11_fifo_cap        |   in|    3|     ap_fifo|   B_streams_0_11|       pointer|
|B_streams_0_11_full_n          |   in|    1|     ap_fifo|   B_streams_0_11|       pointer|
|B_streams_0_11_write           |  out|    1|     ap_fifo|   B_streams_0_11|       pointer|
|B_streams_0_12_din             |  out|   32|     ap_fifo|   B_streams_0_12|       pointer|
|B_streams_0_12_num_data_valid  |   in|    3|     ap_fifo|   B_streams_0_12|       pointer|
|B_streams_0_12_fifo_cap        |   in|    3|     ap_fifo|   B_streams_0_12|       pointer|
|B_streams_0_12_full_n          |   in|    1|     ap_fifo|   B_streams_0_12|       pointer|
|B_streams_0_12_write           |  out|    1|     ap_fifo|   B_streams_0_12|       pointer|
|B_streams_0_13_din             |  out|   32|     ap_fifo|   B_streams_0_13|       pointer|
|B_streams_0_13_num_data_valid  |   in|    3|     ap_fifo|   B_streams_0_13|       pointer|
|B_streams_0_13_fifo_cap        |   in|    3|     ap_fifo|   B_streams_0_13|       pointer|
|B_streams_0_13_full_n          |   in|    1|     ap_fifo|   B_streams_0_13|       pointer|
|B_streams_0_13_write           |  out|    1|     ap_fifo|   B_streams_0_13|       pointer|
|B_streams_0_14_din             |  out|   32|     ap_fifo|   B_streams_0_14|       pointer|
|B_streams_0_14_num_data_valid  |   in|    3|     ap_fifo|   B_streams_0_14|       pointer|
|B_streams_0_14_fifo_cap        |   in|    3|     ap_fifo|   B_streams_0_14|       pointer|
|B_streams_0_14_full_n          |   in|    1|     ap_fifo|   B_streams_0_14|       pointer|
|B_streams_0_14_write           |  out|    1|     ap_fifo|   B_streams_0_14|       pointer|
|B_streams_0_15_din             |  out|   32|     ap_fifo|   B_streams_0_15|       pointer|
|B_streams_0_15_num_data_valid  |   in|    3|     ap_fifo|   B_streams_0_15|       pointer|
|B_streams_0_15_fifo_cap        |   in|    3|     ap_fifo|   B_streams_0_15|       pointer|
|B_streams_0_15_full_n          |   in|    1|     ap_fifo|   B_streams_0_15|       pointer|
|B_streams_0_15_write           |  out|    1|     ap_fifo|   B_streams_0_15|       pointer|
|B_streams_0_16_din             |  out|   32|     ap_fifo|   B_streams_0_16|       pointer|
|B_streams_0_16_num_data_valid  |   in|    3|     ap_fifo|   B_streams_0_16|       pointer|
|B_streams_0_16_fifo_cap        |   in|    3|     ap_fifo|   B_streams_0_16|       pointer|
|B_streams_0_16_full_n          |   in|    1|     ap_fifo|   B_streams_0_16|       pointer|
|B_streams_0_16_write           |  out|    1|     ap_fifo|   B_streams_0_16|       pointer|
|B_streams_0_17_din             |  out|   32|     ap_fifo|   B_streams_0_17|       pointer|
|B_streams_0_17_num_data_valid  |   in|    3|     ap_fifo|   B_streams_0_17|       pointer|
|B_streams_0_17_fifo_cap        |   in|    3|     ap_fifo|   B_streams_0_17|       pointer|
|B_streams_0_17_full_n          |   in|    1|     ap_fifo|   B_streams_0_17|       pointer|
|B_streams_0_17_write           |  out|    1|     ap_fifo|   B_streams_0_17|       pointer|
|B_streams_0_18_din             |  out|   32|     ap_fifo|   B_streams_0_18|       pointer|
|B_streams_0_18_num_data_valid  |   in|    3|     ap_fifo|   B_streams_0_18|       pointer|
|B_streams_0_18_fifo_cap        |   in|    3|     ap_fifo|   B_streams_0_18|       pointer|
|B_streams_0_18_full_n          |   in|    1|     ap_fifo|   B_streams_0_18|       pointer|
|B_streams_0_18_write           |  out|    1|     ap_fifo|   B_streams_0_18|       pointer|
|B_streams_0_19_din             |  out|   32|     ap_fifo|   B_streams_0_19|       pointer|
|B_streams_0_19_num_data_valid  |   in|    3|     ap_fifo|   B_streams_0_19|       pointer|
|B_streams_0_19_fifo_cap        |   in|    3|     ap_fifo|   B_streams_0_19|       pointer|
|B_streams_0_19_full_n          |   in|    1|     ap_fifo|   B_streams_0_19|       pointer|
|B_streams_0_19_write           |  out|    1|     ap_fifo|   B_streams_0_19|       pointer|
|B_streams_0_20_din             |  out|   32|     ap_fifo|   B_streams_0_20|       pointer|
|B_streams_0_20_num_data_valid  |   in|    3|     ap_fifo|   B_streams_0_20|       pointer|
|B_streams_0_20_fifo_cap        |   in|    3|     ap_fifo|   B_streams_0_20|       pointer|
|B_streams_0_20_full_n          |   in|    1|     ap_fifo|   B_streams_0_20|       pointer|
|B_streams_0_20_write           |  out|    1|     ap_fifo|   B_streams_0_20|       pointer|
|B_streams_0_21_din             |  out|   32|     ap_fifo|   B_streams_0_21|       pointer|
|B_streams_0_21_num_data_valid  |   in|    3|     ap_fifo|   B_streams_0_21|       pointer|
|B_streams_0_21_fifo_cap        |   in|    3|     ap_fifo|   B_streams_0_21|       pointer|
|B_streams_0_21_full_n          |   in|    1|     ap_fifo|   B_streams_0_21|       pointer|
|B_streams_0_21_write           |  out|    1|     ap_fifo|   B_streams_0_21|       pointer|
|B_streams_0_22_din             |  out|   32|     ap_fifo|   B_streams_0_22|       pointer|
|B_streams_0_22_num_data_valid  |   in|    3|     ap_fifo|   B_streams_0_22|       pointer|
|B_streams_0_22_fifo_cap        |   in|    3|     ap_fifo|   B_streams_0_22|       pointer|
|B_streams_0_22_full_n          |   in|    1|     ap_fifo|   B_streams_0_22|       pointer|
|B_streams_0_22_write           |  out|    1|     ap_fifo|   B_streams_0_22|       pointer|
|B_streams_0_23_din             |  out|   32|     ap_fifo|   B_streams_0_23|       pointer|
|B_streams_0_23_num_data_valid  |   in|    3|     ap_fifo|   B_streams_0_23|       pointer|
|B_streams_0_23_fifo_cap        |   in|    3|     ap_fifo|   B_streams_0_23|       pointer|
|B_streams_0_23_full_n          |   in|    1|     ap_fifo|   B_streams_0_23|       pointer|
|B_streams_0_23_write           |  out|    1|     ap_fifo|   B_streams_0_23|       pointer|
|B_streams_0_24_din             |  out|   32|     ap_fifo|   B_streams_0_24|       pointer|
|B_streams_0_24_num_data_valid  |   in|    3|     ap_fifo|   B_streams_0_24|       pointer|
|B_streams_0_24_fifo_cap        |   in|    3|     ap_fifo|   B_streams_0_24|       pointer|
|B_streams_0_24_full_n          |   in|    1|     ap_fifo|   B_streams_0_24|       pointer|
|B_streams_0_24_write           |  out|    1|     ap_fifo|   B_streams_0_24|       pointer|
|B_streams_0_25_din             |  out|   32|     ap_fifo|   B_streams_0_25|       pointer|
|B_streams_0_25_num_data_valid  |   in|    3|     ap_fifo|   B_streams_0_25|       pointer|
|B_streams_0_25_fifo_cap        |   in|    3|     ap_fifo|   B_streams_0_25|       pointer|
|B_streams_0_25_full_n          |   in|    1|     ap_fifo|   B_streams_0_25|       pointer|
|B_streams_0_25_write           |  out|    1|     ap_fifo|   B_streams_0_25|       pointer|
|B_streams_0_26_din             |  out|   32|     ap_fifo|   B_streams_0_26|       pointer|
|B_streams_0_26_num_data_valid  |   in|    3|     ap_fifo|   B_streams_0_26|       pointer|
|B_streams_0_26_fifo_cap        |   in|    3|     ap_fifo|   B_streams_0_26|       pointer|
|B_streams_0_26_full_n          |   in|    1|     ap_fifo|   B_streams_0_26|       pointer|
|B_streams_0_26_write           |  out|    1|     ap_fifo|   B_streams_0_26|       pointer|
|B_streams_0_27_din             |  out|   32|     ap_fifo|   B_streams_0_27|       pointer|
|B_streams_0_27_num_data_valid  |   in|    3|     ap_fifo|   B_streams_0_27|       pointer|
|B_streams_0_27_fifo_cap        |   in|    3|     ap_fifo|   B_streams_0_27|       pointer|
|B_streams_0_27_full_n          |   in|    1|     ap_fifo|   B_streams_0_27|       pointer|
|B_streams_0_27_write           |  out|    1|     ap_fifo|   B_streams_0_27|       pointer|
|B_streams_0_28_din             |  out|   32|     ap_fifo|   B_streams_0_28|       pointer|
|B_streams_0_28_num_data_valid  |   in|    3|     ap_fifo|   B_streams_0_28|       pointer|
|B_streams_0_28_fifo_cap        |   in|    3|     ap_fifo|   B_streams_0_28|       pointer|
|B_streams_0_28_full_n          |   in|    1|     ap_fifo|   B_streams_0_28|       pointer|
|B_streams_0_28_write           |  out|    1|     ap_fifo|   B_streams_0_28|       pointer|
|B_streams_0_29_din             |  out|   32|     ap_fifo|   B_streams_0_29|       pointer|
|B_streams_0_29_num_data_valid  |   in|    3|     ap_fifo|   B_streams_0_29|       pointer|
|B_streams_0_29_fifo_cap        |   in|    3|     ap_fifo|   B_streams_0_29|       pointer|
|B_streams_0_29_full_n          |   in|    1|     ap_fifo|   B_streams_0_29|       pointer|
|B_streams_0_29_write           |  out|    1|     ap_fifo|   B_streams_0_29|       pointer|
|B_streams_0_30_din             |  out|   32|     ap_fifo|   B_streams_0_30|       pointer|
|B_streams_0_30_num_data_valid  |   in|    3|     ap_fifo|   B_streams_0_30|       pointer|
|B_streams_0_30_fifo_cap        |   in|    3|     ap_fifo|   B_streams_0_30|       pointer|
|B_streams_0_30_full_n          |   in|    1|     ap_fifo|   B_streams_0_30|       pointer|
|B_streams_0_30_write           |  out|    1|     ap_fifo|   B_streams_0_30|       pointer|
|B_streams_0_31_din             |  out|   32|     ap_fifo|   B_streams_0_31|       pointer|
|B_streams_0_31_num_data_valid  |   in|    3|     ap_fifo|   B_streams_0_31|       pointer|
|B_streams_0_31_fifo_cap        |   in|    3|     ap_fifo|   B_streams_0_31|       pointer|
|B_streams_0_31_full_n          |   in|    1|     ap_fifo|   B_streams_0_31|       pointer|
|B_streams_0_31_write           |  out|    1|     ap_fifo|   B_streams_0_31|       pointer|
|B_TILES_0_0_0                  |   in|   32|     ap_none|    B_TILES_0_0_0|       pointer|
|B_TILES_0_0_1                  |   in|   32|     ap_none|    B_TILES_0_0_1|       pointer|
|B_TILES_0_0_2                  |   in|   32|     ap_none|    B_TILES_0_0_2|       pointer|
|B_TILES_0_0_3                  |   in|   32|     ap_none|    B_TILES_0_0_3|       pointer|
|B_TILES_0_0_4                  |   in|   32|     ap_none|    B_TILES_0_0_4|       pointer|
|B_TILES_0_0_5                  |   in|   32|     ap_none|    B_TILES_0_0_5|       pointer|
|B_TILES_0_0_6                  |   in|   32|     ap_none|    B_TILES_0_0_6|       pointer|
|B_TILES_0_0_7                  |   in|   32|     ap_none|    B_TILES_0_0_7|       pointer|
|B_TILES_0_0_8                  |   in|   32|     ap_none|    B_TILES_0_0_8|       pointer|
|B_TILES_0_0_9                  |   in|   32|     ap_none|    B_TILES_0_0_9|       pointer|
|B_TILES_0_0_10                 |   in|   32|     ap_none|   B_TILES_0_0_10|       pointer|
|B_TILES_0_0_11                 |   in|   32|     ap_none|   B_TILES_0_0_11|       pointer|
|B_TILES_0_0_12                 |   in|   32|     ap_none|   B_TILES_0_0_12|       pointer|
|B_TILES_0_0_13                 |   in|   32|     ap_none|   B_TILES_0_0_13|       pointer|
|B_TILES_0_0_14                 |   in|   32|     ap_none|   B_TILES_0_0_14|       pointer|
|B_TILES_0_0_15                 |   in|   32|     ap_none|   B_TILES_0_0_15|       pointer|
|B_TILES_0_0_16                 |   in|   32|     ap_none|   B_TILES_0_0_16|       pointer|
|B_TILES_0_0_17                 |   in|   32|     ap_none|   B_TILES_0_0_17|       pointer|
|B_TILES_0_0_18                 |   in|   32|     ap_none|   B_TILES_0_0_18|       pointer|
|B_TILES_0_0_19                 |   in|   32|     ap_none|   B_TILES_0_0_19|       pointer|
|B_TILES_0_0_20                 |   in|   32|     ap_none|   B_TILES_0_0_20|       pointer|
|B_TILES_0_0_21                 |   in|   32|     ap_none|   B_TILES_0_0_21|       pointer|
|B_TILES_0_0_22                 |   in|   32|     ap_none|   B_TILES_0_0_22|       pointer|
|B_TILES_0_0_23                 |   in|   32|     ap_none|   B_TILES_0_0_23|       pointer|
|B_TILES_0_0_24                 |   in|   32|     ap_none|   B_TILES_0_0_24|       pointer|
|B_TILES_0_0_25                 |   in|   32|     ap_none|   B_TILES_0_0_25|       pointer|
|B_TILES_0_0_26                 |   in|   32|     ap_none|   B_TILES_0_0_26|       pointer|
|B_TILES_0_0_27                 |   in|   32|     ap_none|   B_TILES_0_0_27|       pointer|
|B_TILES_0_0_28                 |   in|   32|     ap_none|   B_TILES_0_0_28|       pointer|
|B_TILES_0_0_29                 |   in|   32|     ap_none|   B_TILES_0_0_29|       pointer|
|B_TILES_0_0_30                 |   in|   32|     ap_none|   B_TILES_0_0_30|       pointer|
|B_TILES_0_0_31                 |   in|   32|     ap_none|   B_TILES_0_0_31|       pointer|
|B_TILES_0_1_0                  |   in|   32|     ap_none|    B_TILES_0_1_0|       pointer|
|B_TILES_0_1_1                  |   in|   32|     ap_none|    B_TILES_0_1_1|       pointer|
|B_TILES_0_1_2                  |   in|   32|     ap_none|    B_TILES_0_1_2|       pointer|
|B_TILES_0_1_3                  |   in|   32|     ap_none|    B_TILES_0_1_3|       pointer|
|B_TILES_0_1_4                  |   in|   32|     ap_none|    B_TILES_0_1_4|       pointer|
|B_TILES_0_1_5                  |   in|   32|     ap_none|    B_TILES_0_1_5|       pointer|
|B_TILES_0_1_6                  |   in|   32|     ap_none|    B_TILES_0_1_6|       pointer|
|B_TILES_0_1_7                  |   in|   32|     ap_none|    B_TILES_0_1_7|       pointer|
|B_TILES_0_1_8                  |   in|   32|     ap_none|    B_TILES_0_1_8|       pointer|
|B_TILES_0_1_9                  |   in|   32|     ap_none|    B_TILES_0_1_9|       pointer|
|B_TILES_0_1_10                 |   in|   32|     ap_none|   B_TILES_0_1_10|       pointer|
|B_TILES_0_1_11                 |   in|   32|     ap_none|   B_TILES_0_1_11|       pointer|
|B_TILES_0_1_12                 |   in|   32|     ap_none|   B_TILES_0_1_12|       pointer|
|B_TILES_0_1_13                 |   in|   32|     ap_none|   B_TILES_0_1_13|       pointer|
|B_TILES_0_1_14                 |   in|   32|     ap_none|   B_TILES_0_1_14|       pointer|
|B_TILES_0_1_15                 |   in|   32|     ap_none|   B_TILES_0_1_15|       pointer|
|B_TILES_0_1_16                 |   in|   32|     ap_none|   B_TILES_0_1_16|       pointer|
|B_TILES_0_1_17                 |   in|   32|     ap_none|   B_TILES_0_1_17|       pointer|
|B_TILES_0_1_18                 |   in|   32|     ap_none|   B_TILES_0_1_18|       pointer|
|B_TILES_0_1_19                 |   in|   32|     ap_none|   B_TILES_0_1_19|       pointer|
|B_TILES_0_1_20                 |   in|   32|     ap_none|   B_TILES_0_1_20|       pointer|
|B_TILES_0_1_21                 |   in|   32|     ap_none|   B_TILES_0_1_21|       pointer|
|B_TILES_0_1_22                 |   in|   32|     ap_none|   B_TILES_0_1_22|       pointer|
|B_TILES_0_1_23                 |   in|   32|     ap_none|   B_TILES_0_1_23|       pointer|
|B_TILES_0_1_24                 |   in|   32|     ap_none|   B_TILES_0_1_24|       pointer|
|B_TILES_0_1_25                 |   in|   32|     ap_none|   B_TILES_0_1_25|       pointer|
|B_TILES_0_1_26                 |   in|   32|     ap_none|   B_TILES_0_1_26|       pointer|
|B_TILES_0_1_27                 |   in|   32|     ap_none|   B_TILES_0_1_27|       pointer|
|B_TILES_0_1_28                 |   in|   32|     ap_none|   B_TILES_0_1_28|       pointer|
|B_TILES_0_1_29                 |   in|   32|     ap_none|   B_TILES_0_1_29|       pointer|
|B_TILES_0_1_30                 |   in|   32|     ap_none|   B_TILES_0_1_30|       pointer|
|B_TILES_0_1_31                 |   in|   32|     ap_none|   B_TILES_0_1_31|       pointer|
|B_TILES_0_2_0                  |   in|   32|     ap_none|    B_TILES_0_2_0|       pointer|
|B_TILES_0_2_1                  |   in|   32|     ap_none|    B_TILES_0_2_1|       pointer|
|B_TILES_0_2_2                  |   in|   32|     ap_none|    B_TILES_0_2_2|       pointer|
|B_TILES_0_2_3                  |   in|   32|     ap_none|    B_TILES_0_2_3|       pointer|
|B_TILES_0_2_4                  |   in|   32|     ap_none|    B_TILES_0_2_4|       pointer|
|B_TILES_0_2_5                  |   in|   32|     ap_none|    B_TILES_0_2_5|       pointer|
|B_TILES_0_2_6                  |   in|   32|     ap_none|    B_TILES_0_2_6|       pointer|
|B_TILES_0_2_7                  |   in|   32|     ap_none|    B_TILES_0_2_7|       pointer|
|B_TILES_0_2_8                  |   in|   32|     ap_none|    B_TILES_0_2_8|       pointer|
|B_TILES_0_2_9                  |   in|   32|     ap_none|    B_TILES_0_2_9|       pointer|
|B_TILES_0_2_10                 |   in|   32|     ap_none|   B_TILES_0_2_10|       pointer|
|B_TILES_0_2_11                 |   in|   32|     ap_none|   B_TILES_0_2_11|       pointer|
|B_TILES_0_2_12                 |   in|   32|     ap_none|   B_TILES_0_2_12|       pointer|
|B_TILES_0_2_13                 |   in|   32|     ap_none|   B_TILES_0_2_13|       pointer|
|B_TILES_0_2_14                 |   in|   32|     ap_none|   B_TILES_0_2_14|       pointer|
|B_TILES_0_2_15                 |   in|   32|     ap_none|   B_TILES_0_2_15|       pointer|
|B_TILES_0_2_16                 |   in|   32|     ap_none|   B_TILES_0_2_16|       pointer|
|B_TILES_0_2_17                 |   in|   32|     ap_none|   B_TILES_0_2_17|       pointer|
|B_TILES_0_2_18                 |   in|   32|     ap_none|   B_TILES_0_2_18|       pointer|
|B_TILES_0_2_19                 |   in|   32|     ap_none|   B_TILES_0_2_19|       pointer|
|B_TILES_0_2_20                 |   in|   32|     ap_none|   B_TILES_0_2_20|       pointer|
|B_TILES_0_2_21                 |   in|   32|     ap_none|   B_TILES_0_2_21|       pointer|
|B_TILES_0_2_22                 |   in|   32|     ap_none|   B_TILES_0_2_22|       pointer|
|B_TILES_0_2_23                 |   in|   32|     ap_none|   B_TILES_0_2_23|       pointer|
|B_TILES_0_2_24                 |   in|   32|     ap_none|   B_TILES_0_2_24|       pointer|
|B_TILES_0_2_25                 |   in|   32|     ap_none|   B_TILES_0_2_25|       pointer|
|B_TILES_0_2_26                 |   in|   32|     ap_none|   B_TILES_0_2_26|       pointer|
|B_TILES_0_2_27                 |   in|   32|     ap_none|   B_TILES_0_2_27|       pointer|
|B_TILES_0_2_28                 |   in|   32|     ap_none|   B_TILES_0_2_28|       pointer|
|B_TILES_0_2_29                 |   in|   32|     ap_none|   B_TILES_0_2_29|       pointer|
|B_TILES_0_2_30                 |   in|   32|     ap_none|   B_TILES_0_2_30|       pointer|
|B_TILES_0_2_31                 |   in|   32|     ap_none|   B_TILES_0_2_31|       pointer|
|B_TILES_0_3_0                  |   in|   32|     ap_none|    B_TILES_0_3_0|       pointer|
|B_TILES_0_3_1                  |   in|   32|     ap_none|    B_TILES_0_3_1|       pointer|
|B_TILES_0_3_2                  |   in|   32|     ap_none|    B_TILES_0_3_2|       pointer|
|B_TILES_0_3_3                  |   in|   32|     ap_none|    B_TILES_0_3_3|       pointer|
|B_TILES_0_3_4                  |   in|   32|     ap_none|    B_TILES_0_3_4|       pointer|
|B_TILES_0_3_5                  |   in|   32|     ap_none|    B_TILES_0_3_5|       pointer|
|B_TILES_0_3_6                  |   in|   32|     ap_none|    B_TILES_0_3_6|       pointer|
|B_TILES_0_3_7                  |   in|   32|     ap_none|    B_TILES_0_3_7|       pointer|
|B_TILES_0_3_8                  |   in|   32|     ap_none|    B_TILES_0_3_8|       pointer|
|B_TILES_0_3_9                  |   in|   32|     ap_none|    B_TILES_0_3_9|       pointer|
|B_TILES_0_3_10                 |   in|   32|     ap_none|   B_TILES_0_3_10|       pointer|
|B_TILES_0_3_11                 |   in|   32|     ap_none|   B_TILES_0_3_11|       pointer|
|B_TILES_0_3_12                 |   in|   32|     ap_none|   B_TILES_0_3_12|       pointer|
|B_TILES_0_3_13                 |   in|   32|     ap_none|   B_TILES_0_3_13|       pointer|
|B_TILES_0_3_14                 |   in|   32|     ap_none|   B_TILES_0_3_14|       pointer|
|B_TILES_0_3_15                 |   in|   32|     ap_none|   B_TILES_0_3_15|       pointer|
|B_TILES_0_3_16                 |   in|   32|     ap_none|   B_TILES_0_3_16|       pointer|
|B_TILES_0_3_17                 |   in|   32|     ap_none|   B_TILES_0_3_17|       pointer|
|B_TILES_0_3_18                 |   in|   32|     ap_none|   B_TILES_0_3_18|       pointer|
|B_TILES_0_3_19                 |   in|   32|     ap_none|   B_TILES_0_3_19|       pointer|
|B_TILES_0_3_20                 |   in|   32|     ap_none|   B_TILES_0_3_20|       pointer|
|B_TILES_0_3_21                 |   in|   32|     ap_none|   B_TILES_0_3_21|       pointer|
|B_TILES_0_3_22                 |   in|   32|     ap_none|   B_TILES_0_3_22|       pointer|
|B_TILES_0_3_23                 |   in|   32|     ap_none|   B_TILES_0_3_23|       pointer|
|B_TILES_0_3_24                 |   in|   32|     ap_none|   B_TILES_0_3_24|       pointer|
|B_TILES_0_3_25                 |   in|   32|     ap_none|   B_TILES_0_3_25|       pointer|
|B_TILES_0_3_26                 |   in|   32|     ap_none|   B_TILES_0_3_26|       pointer|
|B_TILES_0_3_27                 |   in|   32|     ap_none|   B_TILES_0_3_27|       pointer|
|B_TILES_0_3_28                 |   in|   32|     ap_none|   B_TILES_0_3_28|       pointer|
|B_TILES_0_3_29                 |   in|   32|     ap_none|   B_TILES_0_3_29|       pointer|
|B_TILES_0_3_30                 |   in|   32|     ap_none|   B_TILES_0_3_30|       pointer|
|B_TILES_0_3_31                 |   in|   32|     ap_none|   B_TILES_0_3_31|       pointer|
|B_TILES_0_4_0                  |   in|   32|     ap_none|    B_TILES_0_4_0|       pointer|
|B_TILES_0_4_1                  |   in|   32|     ap_none|    B_TILES_0_4_1|       pointer|
|B_TILES_0_4_2                  |   in|   32|     ap_none|    B_TILES_0_4_2|       pointer|
|B_TILES_0_4_3                  |   in|   32|     ap_none|    B_TILES_0_4_3|       pointer|
|B_TILES_0_4_4                  |   in|   32|     ap_none|    B_TILES_0_4_4|       pointer|
|B_TILES_0_4_5                  |   in|   32|     ap_none|    B_TILES_0_4_5|       pointer|
|B_TILES_0_4_6                  |   in|   32|     ap_none|    B_TILES_0_4_6|       pointer|
|B_TILES_0_4_7                  |   in|   32|     ap_none|    B_TILES_0_4_7|       pointer|
|B_TILES_0_4_8                  |   in|   32|     ap_none|    B_TILES_0_4_8|       pointer|
|B_TILES_0_4_9                  |   in|   32|     ap_none|    B_TILES_0_4_9|       pointer|
|B_TILES_0_4_10                 |   in|   32|     ap_none|   B_TILES_0_4_10|       pointer|
|B_TILES_0_4_11                 |   in|   32|     ap_none|   B_TILES_0_4_11|       pointer|
|B_TILES_0_4_12                 |   in|   32|     ap_none|   B_TILES_0_4_12|       pointer|
|B_TILES_0_4_13                 |   in|   32|     ap_none|   B_TILES_0_4_13|       pointer|
|B_TILES_0_4_14                 |   in|   32|     ap_none|   B_TILES_0_4_14|       pointer|
|B_TILES_0_4_15                 |   in|   32|     ap_none|   B_TILES_0_4_15|       pointer|
|B_TILES_0_4_16                 |   in|   32|     ap_none|   B_TILES_0_4_16|       pointer|
|B_TILES_0_4_17                 |   in|   32|     ap_none|   B_TILES_0_4_17|       pointer|
|B_TILES_0_4_18                 |   in|   32|     ap_none|   B_TILES_0_4_18|       pointer|
|B_TILES_0_4_19                 |   in|   32|     ap_none|   B_TILES_0_4_19|       pointer|
|B_TILES_0_4_20                 |   in|   32|     ap_none|   B_TILES_0_4_20|       pointer|
|B_TILES_0_4_21                 |   in|   32|     ap_none|   B_TILES_0_4_21|       pointer|
|B_TILES_0_4_22                 |   in|   32|     ap_none|   B_TILES_0_4_22|       pointer|
|B_TILES_0_4_23                 |   in|   32|     ap_none|   B_TILES_0_4_23|       pointer|
|B_TILES_0_4_24                 |   in|   32|     ap_none|   B_TILES_0_4_24|       pointer|
|B_TILES_0_4_25                 |   in|   32|     ap_none|   B_TILES_0_4_25|       pointer|
|B_TILES_0_4_26                 |   in|   32|     ap_none|   B_TILES_0_4_26|       pointer|
|B_TILES_0_4_27                 |   in|   32|     ap_none|   B_TILES_0_4_27|       pointer|
|B_TILES_0_4_28                 |   in|   32|     ap_none|   B_TILES_0_4_28|       pointer|
|B_TILES_0_4_29                 |   in|   32|     ap_none|   B_TILES_0_4_29|       pointer|
|B_TILES_0_4_30                 |   in|   32|     ap_none|   B_TILES_0_4_30|       pointer|
|B_TILES_0_4_31                 |   in|   32|     ap_none|   B_TILES_0_4_31|       pointer|
|B_TILES_0_5_0                  |   in|   32|     ap_none|    B_TILES_0_5_0|       pointer|
|B_TILES_0_5_1                  |   in|   32|     ap_none|    B_TILES_0_5_1|       pointer|
|B_TILES_0_5_2                  |   in|   32|     ap_none|    B_TILES_0_5_2|       pointer|
|B_TILES_0_5_3                  |   in|   32|     ap_none|    B_TILES_0_5_3|       pointer|
|B_TILES_0_5_4                  |   in|   32|     ap_none|    B_TILES_0_5_4|       pointer|
|B_TILES_0_5_5                  |   in|   32|     ap_none|    B_TILES_0_5_5|       pointer|
|B_TILES_0_5_6                  |   in|   32|     ap_none|    B_TILES_0_5_6|       pointer|
|B_TILES_0_5_7                  |   in|   32|     ap_none|    B_TILES_0_5_7|       pointer|
|B_TILES_0_5_8                  |   in|   32|     ap_none|    B_TILES_0_5_8|       pointer|
|B_TILES_0_5_9                  |   in|   32|     ap_none|    B_TILES_0_5_9|       pointer|
|B_TILES_0_5_10                 |   in|   32|     ap_none|   B_TILES_0_5_10|       pointer|
|B_TILES_0_5_11                 |   in|   32|     ap_none|   B_TILES_0_5_11|       pointer|
|B_TILES_0_5_12                 |   in|   32|     ap_none|   B_TILES_0_5_12|       pointer|
|B_TILES_0_5_13                 |   in|   32|     ap_none|   B_TILES_0_5_13|       pointer|
|B_TILES_0_5_14                 |   in|   32|     ap_none|   B_TILES_0_5_14|       pointer|
|B_TILES_0_5_15                 |   in|   32|     ap_none|   B_TILES_0_5_15|       pointer|
|B_TILES_0_5_16                 |   in|   32|     ap_none|   B_TILES_0_5_16|       pointer|
|B_TILES_0_5_17                 |   in|   32|     ap_none|   B_TILES_0_5_17|       pointer|
|B_TILES_0_5_18                 |   in|   32|     ap_none|   B_TILES_0_5_18|       pointer|
|B_TILES_0_5_19                 |   in|   32|     ap_none|   B_TILES_0_5_19|       pointer|
|B_TILES_0_5_20                 |   in|   32|     ap_none|   B_TILES_0_5_20|       pointer|
|B_TILES_0_5_21                 |   in|   32|     ap_none|   B_TILES_0_5_21|       pointer|
|B_TILES_0_5_22                 |   in|   32|     ap_none|   B_TILES_0_5_22|       pointer|
|B_TILES_0_5_23                 |   in|   32|     ap_none|   B_TILES_0_5_23|       pointer|
|B_TILES_0_5_24                 |   in|   32|     ap_none|   B_TILES_0_5_24|       pointer|
|B_TILES_0_5_25                 |   in|   32|     ap_none|   B_TILES_0_5_25|       pointer|
|B_TILES_0_5_26                 |   in|   32|     ap_none|   B_TILES_0_5_26|       pointer|
|B_TILES_0_5_27                 |   in|   32|     ap_none|   B_TILES_0_5_27|       pointer|
|B_TILES_0_5_28                 |   in|   32|     ap_none|   B_TILES_0_5_28|       pointer|
|B_TILES_0_5_29                 |   in|   32|     ap_none|   B_TILES_0_5_29|       pointer|
|B_TILES_0_5_30                 |   in|   32|     ap_none|   B_TILES_0_5_30|       pointer|
|B_TILES_0_5_31                 |   in|   32|     ap_none|   B_TILES_0_5_31|       pointer|
|B_TILES_0_6_0                  |   in|   32|     ap_none|    B_TILES_0_6_0|       pointer|
|B_TILES_0_6_1                  |   in|   32|     ap_none|    B_TILES_0_6_1|       pointer|
|B_TILES_0_6_2                  |   in|   32|     ap_none|    B_TILES_0_6_2|       pointer|
|B_TILES_0_6_3                  |   in|   32|     ap_none|    B_TILES_0_6_3|       pointer|
|B_TILES_0_6_4                  |   in|   32|     ap_none|    B_TILES_0_6_4|       pointer|
|B_TILES_0_6_5                  |   in|   32|     ap_none|    B_TILES_0_6_5|       pointer|
|B_TILES_0_6_6                  |   in|   32|     ap_none|    B_TILES_0_6_6|       pointer|
|B_TILES_0_6_7                  |   in|   32|     ap_none|    B_TILES_0_6_7|       pointer|
|B_TILES_0_6_8                  |   in|   32|     ap_none|    B_TILES_0_6_8|       pointer|
|B_TILES_0_6_9                  |   in|   32|     ap_none|    B_TILES_0_6_9|       pointer|
|B_TILES_0_6_10                 |   in|   32|     ap_none|   B_TILES_0_6_10|       pointer|
|B_TILES_0_6_11                 |   in|   32|     ap_none|   B_TILES_0_6_11|       pointer|
|B_TILES_0_6_12                 |   in|   32|     ap_none|   B_TILES_0_6_12|       pointer|
|B_TILES_0_6_13                 |   in|   32|     ap_none|   B_TILES_0_6_13|       pointer|
|B_TILES_0_6_14                 |   in|   32|     ap_none|   B_TILES_0_6_14|       pointer|
|B_TILES_0_6_15                 |   in|   32|     ap_none|   B_TILES_0_6_15|       pointer|
|B_TILES_0_6_16                 |   in|   32|     ap_none|   B_TILES_0_6_16|       pointer|
|B_TILES_0_6_17                 |   in|   32|     ap_none|   B_TILES_0_6_17|       pointer|
|B_TILES_0_6_18                 |   in|   32|     ap_none|   B_TILES_0_6_18|       pointer|
|B_TILES_0_6_19                 |   in|   32|     ap_none|   B_TILES_0_6_19|       pointer|
|B_TILES_0_6_20                 |   in|   32|     ap_none|   B_TILES_0_6_20|       pointer|
|B_TILES_0_6_21                 |   in|   32|     ap_none|   B_TILES_0_6_21|       pointer|
|B_TILES_0_6_22                 |   in|   32|     ap_none|   B_TILES_0_6_22|       pointer|
|B_TILES_0_6_23                 |   in|   32|     ap_none|   B_TILES_0_6_23|       pointer|
|B_TILES_0_6_24                 |   in|   32|     ap_none|   B_TILES_0_6_24|       pointer|
|B_TILES_0_6_25                 |   in|   32|     ap_none|   B_TILES_0_6_25|       pointer|
|B_TILES_0_6_26                 |   in|   32|     ap_none|   B_TILES_0_6_26|       pointer|
|B_TILES_0_6_27                 |   in|   32|     ap_none|   B_TILES_0_6_27|       pointer|
|B_TILES_0_6_28                 |   in|   32|     ap_none|   B_TILES_0_6_28|       pointer|
|B_TILES_0_6_29                 |   in|   32|     ap_none|   B_TILES_0_6_29|       pointer|
|B_TILES_0_6_30                 |   in|   32|     ap_none|   B_TILES_0_6_30|       pointer|
|B_TILES_0_6_31                 |   in|   32|     ap_none|   B_TILES_0_6_31|       pointer|
|B_TILES_0_7_0                  |   in|   32|     ap_none|    B_TILES_0_7_0|       pointer|
|B_TILES_0_7_1                  |   in|   32|     ap_none|    B_TILES_0_7_1|       pointer|
|B_TILES_0_7_2                  |   in|   32|     ap_none|    B_TILES_0_7_2|       pointer|
|B_TILES_0_7_3                  |   in|   32|     ap_none|    B_TILES_0_7_3|       pointer|
|B_TILES_0_7_4                  |   in|   32|     ap_none|    B_TILES_0_7_4|       pointer|
|B_TILES_0_7_5                  |   in|   32|     ap_none|    B_TILES_0_7_5|       pointer|
|B_TILES_0_7_6                  |   in|   32|     ap_none|    B_TILES_0_7_6|       pointer|
|B_TILES_0_7_7                  |   in|   32|     ap_none|    B_TILES_0_7_7|       pointer|
|B_TILES_0_7_8                  |   in|   32|     ap_none|    B_TILES_0_7_8|       pointer|
|B_TILES_0_7_9                  |   in|   32|     ap_none|    B_TILES_0_7_9|       pointer|
|B_TILES_0_7_10                 |   in|   32|     ap_none|   B_TILES_0_7_10|       pointer|
|B_TILES_0_7_11                 |   in|   32|     ap_none|   B_TILES_0_7_11|       pointer|
|B_TILES_0_7_12                 |   in|   32|     ap_none|   B_TILES_0_7_12|       pointer|
|B_TILES_0_7_13                 |   in|   32|     ap_none|   B_TILES_0_7_13|       pointer|
|B_TILES_0_7_14                 |   in|   32|     ap_none|   B_TILES_0_7_14|       pointer|
|B_TILES_0_7_15                 |   in|   32|     ap_none|   B_TILES_0_7_15|       pointer|
|B_TILES_0_7_16                 |   in|   32|     ap_none|   B_TILES_0_7_16|       pointer|
|B_TILES_0_7_17                 |   in|   32|     ap_none|   B_TILES_0_7_17|       pointer|
|B_TILES_0_7_18                 |   in|   32|     ap_none|   B_TILES_0_7_18|       pointer|
|B_TILES_0_7_19                 |   in|   32|     ap_none|   B_TILES_0_7_19|       pointer|
|B_TILES_0_7_20                 |   in|   32|     ap_none|   B_TILES_0_7_20|       pointer|
|B_TILES_0_7_21                 |   in|   32|     ap_none|   B_TILES_0_7_21|       pointer|
|B_TILES_0_7_22                 |   in|   32|     ap_none|   B_TILES_0_7_22|       pointer|
|B_TILES_0_7_23                 |   in|   32|     ap_none|   B_TILES_0_7_23|       pointer|
|B_TILES_0_7_24                 |   in|   32|     ap_none|   B_TILES_0_7_24|       pointer|
|B_TILES_0_7_25                 |   in|   32|     ap_none|   B_TILES_0_7_25|       pointer|
|B_TILES_0_7_26                 |   in|   32|     ap_none|   B_TILES_0_7_26|       pointer|
|B_TILES_0_7_27                 |   in|   32|     ap_none|   B_TILES_0_7_27|       pointer|
|B_TILES_0_7_28                 |   in|   32|     ap_none|   B_TILES_0_7_28|       pointer|
|B_TILES_0_7_29                 |   in|   32|     ap_none|   B_TILES_0_7_29|       pointer|
|B_TILES_0_7_30                 |   in|   32|     ap_none|   B_TILES_0_7_30|       pointer|
|B_TILES_0_7_31                 |   in|   32|     ap_none|   B_TILES_0_7_31|       pointer|
|B_TILES_0_8_0                  |   in|   32|     ap_none|    B_TILES_0_8_0|       pointer|
|B_TILES_0_8_1                  |   in|   32|     ap_none|    B_TILES_0_8_1|       pointer|
|B_TILES_0_8_2                  |   in|   32|     ap_none|    B_TILES_0_8_2|       pointer|
|B_TILES_0_8_3                  |   in|   32|     ap_none|    B_TILES_0_8_3|       pointer|
|B_TILES_0_8_4                  |   in|   32|     ap_none|    B_TILES_0_8_4|       pointer|
|B_TILES_0_8_5                  |   in|   32|     ap_none|    B_TILES_0_8_5|       pointer|
|B_TILES_0_8_6                  |   in|   32|     ap_none|    B_TILES_0_8_6|       pointer|
|B_TILES_0_8_7                  |   in|   32|     ap_none|    B_TILES_0_8_7|       pointer|
|B_TILES_0_8_8                  |   in|   32|     ap_none|    B_TILES_0_8_8|       pointer|
|B_TILES_0_8_9                  |   in|   32|     ap_none|    B_TILES_0_8_9|       pointer|
|B_TILES_0_8_10                 |   in|   32|     ap_none|   B_TILES_0_8_10|       pointer|
|B_TILES_0_8_11                 |   in|   32|     ap_none|   B_TILES_0_8_11|       pointer|
|B_TILES_0_8_12                 |   in|   32|     ap_none|   B_TILES_0_8_12|       pointer|
|B_TILES_0_8_13                 |   in|   32|     ap_none|   B_TILES_0_8_13|       pointer|
|B_TILES_0_8_14                 |   in|   32|     ap_none|   B_TILES_0_8_14|       pointer|
|B_TILES_0_8_15                 |   in|   32|     ap_none|   B_TILES_0_8_15|       pointer|
|B_TILES_0_8_16                 |   in|   32|     ap_none|   B_TILES_0_8_16|       pointer|
|B_TILES_0_8_17                 |   in|   32|     ap_none|   B_TILES_0_8_17|       pointer|
|B_TILES_0_8_18                 |   in|   32|     ap_none|   B_TILES_0_8_18|       pointer|
|B_TILES_0_8_19                 |   in|   32|     ap_none|   B_TILES_0_8_19|       pointer|
|B_TILES_0_8_20                 |   in|   32|     ap_none|   B_TILES_0_8_20|       pointer|
|B_TILES_0_8_21                 |   in|   32|     ap_none|   B_TILES_0_8_21|       pointer|
|B_TILES_0_8_22                 |   in|   32|     ap_none|   B_TILES_0_8_22|       pointer|
|B_TILES_0_8_23                 |   in|   32|     ap_none|   B_TILES_0_8_23|       pointer|
|B_TILES_0_8_24                 |   in|   32|     ap_none|   B_TILES_0_8_24|       pointer|
|B_TILES_0_8_25                 |   in|   32|     ap_none|   B_TILES_0_8_25|       pointer|
|B_TILES_0_8_26                 |   in|   32|     ap_none|   B_TILES_0_8_26|       pointer|
|B_TILES_0_8_27                 |   in|   32|     ap_none|   B_TILES_0_8_27|       pointer|
|B_TILES_0_8_28                 |   in|   32|     ap_none|   B_TILES_0_8_28|       pointer|
|B_TILES_0_8_29                 |   in|   32|     ap_none|   B_TILES_0_8_29|       pointer|
|B_TILES_0_8_30                 |   in|   32|     ap_none|   B_TILES_0_8_30|       pointer|
|B_TILES_0_8_31                 |   in|   32|     ap_none|   B_TILES_0_8_31|       pointer|
|B_TILES_0_9_0                  |   in|   32|     ap_none|    B_TILES_0_9_0|       pointer|
|B_TILES_0_9_1                  |   in|   32|     ap_none|    B_TILES_0_9_1|       pointer|
|B_TILES_0_9_2                  |   in|   32|     ap_none|    B_TILES_0_9_2|       pointer|
|B_TILES_0_9_3                  |   in|   32|     ap_none|    B_TILES_0_9_3|       pointer|
|B_TILES_0_9_4                  |   in|   32|     ap_none|    B_TILES_0_9_4|       pointer|
|B_TILES_0_9_5                  |   in|   32|     ap_none|    B_TILES_0_9_5|       pointer|
|B_TILES_0_9_6                  |   in|   32|     ap_none|    B_TILES_0_9_6|       pointer|
|B_TILES_0_9_7                  |   in|   32|     ap_none|    B_TILES_0_9_7|       pointer|
|B_TILES_0_9_8                  |   in|   32|     ap_none|    B_TILES_0_9_8|       pointer|
|B_TILES_0_9_9                  |   in|   32|     ap_none|    B_TILES_0_9_9|       pointer|
|B_TILES_0_9_10                 |   in|   32|     ap_none|   B_TILES_0_9_10|       pointer|
|B_TILES_0_9_11                 |   in|   32|     ap_none|   B_TILES_0_9_11|       pointer|
|B_TILES_0_9_12                 |   in|   32|     ap_none|   B_TILES_0_9_12|       pointer|
|B_TILES_0_9_13                 |   in|   32|     ap_none|   B_TILES_0_9_13|       pointer|
|B_TILES_0_9_14                 |   in|   32|     ap_none|   B_TILES_0_9_14|       pointer|
|B_TILES_0_9_15                 |   in|   32|     ap_none|   B_TILES_0_9_15|       pointer|
|B_TILES_0_9_16                 |   in|   32|     ap_none|   B_TILES_0_9_16|       pointer|
|B_TILES_0_9_17                 |   in|   32|     ap_none|   B_TILES_0_9_17|       pointer|
|B_TILES_0_9_18                 |   in|   32|     ap_none|   B_TILES_0_9_18|       pointer|
|B_TILES_0_9_19                 |   in|   32|     ap_none|   B_TILES_0_9_19|       pointer|
|B_TILES_0_9_20                 |   in|   32|     ap_none|   B_TILES_0_9_20|       pointer|
|B_TILES_0_9_21                 |   in|   32|     ap_none|   B_TILES_0_9_21|       pointer|
|B_TILES_0_9_22                 |   in|   32|     ap_none|   B_TILES_0_9_22|       pointer|
|B_TILES_0_9_23                 |   in|   32|     ap_none|   B_TILES_0_9_23|       pointer|
|B_TILES_0_9_24                 |   in|   32|     ap_none|   B_TILES_0_9_24|       pointer|
|B_TILES_0_9_25                 |   in|   32|     ap_none|   B_TILES_0_9_25|       pointer|
|B_TILES_0_9_26                 |   in|   32|     ap_none|   B_TILES_0_9_26|       pointer|
|B_TILES_0_9_27                 |   in|   32|     ap_none|   B_TILES_0_9_27|       pointer|
|B_TILES_0_9_28                 |   in|   32|     ap_none|   B_TILES_0_9_28|       pointer|
|B_TILES_0_9_29                 |   in|   32|     ap_none|   B_TILES_0_9_29|       pointer|
|B_TILES_0_9_30                 |   in|   32|     ap_none|   B_TILES_0_9_30|       pointer|
|B_TILES_0_9_31                 |   in|   32|     ap_none|   B_TILES_0_9_31|       pointer|
|B_TILES_0_10_0                 |   in|   32|     ap_none|   B_TILES_0_10_0|       pointer|
|B_TILES_0_10_1                 |   in|   32|     ap_none|   B_TILES_0_10_1|       pointer|
|B_TILES_0_10_2                 |   in|   32|     ap_none|   B_TILES_0_10_2|       pointer|
|B_TILES_0_10_3                 |   in|   32|     ap_none|   B_TILES_0_10_3|       pointer|
|B_TILES_0_10_4                 |   in|   32|     ap_none|   B_TILES_0_10_4|       pointer|
|B_TILES_0_10_5                 |   in|   32|     ap_none|   B_TILES_0_10_5|       pointer|
|B_TILES_0_10_6                 |   in|   32|     ap_none|   B_TILES_0_10_6|       pointer|
|B_TILES_0_10_7                 |   in|   32|     ap_none|   B_TILES_0_10_7|       pointer|
|B_TILES_0_10_8                 |   in|   32|     ap_none|   B_TILES_0_10_8|       pointer|
|B_TILES_0_10_9                 |   in|   32|     ap_none|   B_TILES_0_10_9|       pointer|
|B_TILES_0_10_10                |   in|   32|     ap_none|  B_TILES_0_10_10|       pointer|
|B_TILES_0_10_11                |   in|   32|     ap_none|  B_TILES_0_10_11|       pointer|
|B_TILES_0_10_12                |   in|   32|     ap_none|  B_TILES_0_10_12|       pointer|
|B_TILES_0_10_13                |   in|   32|     ap_none|  B_TILES_0_10_13|       pointer|
|B_TILES_0_10_14                |   in|   32|     ap_none|  B_TILES_0_10_14|       pointer|
|B_TILES_0_10_15                |   in|   32|     ap_none|  B_TILES_0_10_15|       pointer|
|B_TILES_0_10_16                |   in|   32|     ap_none|  B_TILES_0_10_16|       pointer|
|B_TILES_0_10_17                |   in|   32|     ap_none|  B_TILES_0_10_17|       pointer|
|B_TILES_0_10_18                |   in|   32|     ap_none|  B_TILES_0_10_18|       pointer|
|B_TILES_0_10_19                |   in|   32|     ap_none|  B_TILES_0_10_19|       pointer|
|B_TILES_0_10_20                |   in|   32|     ap_none|  B_TILES_0_10_20|       pointer|
|B_TILES_0_10_21                |   in|   32|     ap_none|  B_TILES_0_10_21|       pointer|
|B_TILES_0_10_22                |   in|   32|     ap_none|  B_TILES_0_10_22|       pointer|
|B_TILES_0_10_23                |   in|   32|     ap_none|  B_TILES_0_10_23|       pointer|
|B_TILES_0_10_24                |   in|   32|     ap_none|  B_TILES_0_10_24|       pointer|
|B_TILES_0_10_25                |   in|   32|     ap_none|  B_TILES_0_10_25|       pointer|
|B_TILES_0_10_26                |   in|   32|     ap_none|  B_TILES_0_10_26|       pointer|
|B_TILES_0_10_27                |   in|   32|     ap_none|  B_TILES_0_10_27|       pointer|
|B_TILES_0_10_28                |   in|   32|     ap_none|  B_TILES_0_10_28|       pointer|
|B_TILES_0_10_29                |   in|   32|     ap_none|  B_TILES_0_10_29|       pointer|
|B_TILES_0_10_30                |   in|   32|     ap_none|  B_TILES_0_10_30|       pointer|
|B_TILES_0_10_31                |   in|   32|     ap_none|  B_TILES_0_10_31|       pointer|
|B_TILES_0_11_0                 |   in|   32|     ap_none|   B_TILES_0_11_0|       pointer|
|B_TILES_0_11_1                 |   in|   32|     ap_none|   B_TILES_0_11_1|       pointer|
|B_TILES_0_11_2                 |   in|   32|     ap_none|   B_TILES_0_11_2|       pointer|
|B_TILES_0_11_3                 |   in|   32|     ap_none|   B_TILES_0_11_3|       pointer|
|B_TILES_0_11_4                 |   in|   32|     ap_none|   B_TILES_0_11_4|       pointer|
|B_TILES_0_11_5                 |   in|   32|     ap_none|   B_TILES_0_11_5|       pointer|
|B_TILES_0_11_6                 |   in|   32|     ap_none|   B_TILES_0_11_6|       pointer|
|B_TILES_0_11_7                 |   in|   32|     ap_none|   B_TILES_0_11_7|       pointer|
|B_TILES_0_11_8                 |   in|   32|     ap_none|   B_TILES_0_11_8|       pointer|
|B_TILES_0_11_9                 |   in|   32|     ap_none|   B_TILES_0_11_9|       pointer|
|B_TILES_0_11_10                |   in|   32|     ap_none|  B_TILES_0_11_10|       pointer|
|B_TILES_0_11_11                |   in|   32|     ap_none|  B_TILES_0_11_11|       pointer|
|B_TILES_0_11_12                |   in|   32|     ap_none|  B_TILES_0_11_12|       pointer|
|B_TILES_0_11_13                |   in|   32|     ap_none|  B_TILES_0_11_13|       pointer|
|B_TILES_0_11_14                |   in|   32|     ap_none|  B_TILES_0_11_14|       pointer|
|B_TILES_0_11_15                |   in|   32|     ap_none|  B_TILES_0_11_15|       pointer|
|B_TILES_0_11_16                |   in|   32|     ap_none|  B_TILES_0_11_16|       pointer|
|B_TILES_0_11_17                |   in|   32|     ap_none|  B_TILES_0_11_17|       pointer|
|B_TILES_0_11_18                |   in|   32|     ap_none|  B_TILES_0_11_18|       pointer|
|B_TILES_0_11_19                |   in|   32|     ap_none|  B_TILES_0_11_19|       pointer|
|B_TILES_0_11_20                |   in|   32|     ap_none|  B_TILES_0_11_20|       pointer|
|B_TILES_0_11_21                |   in|   32|     ap_none|  B_TILES_0_11_21|       pointer|
|B_TILES_0_11_22                |   in|   32|     ap_none|  B_TILES_0_11_22|       pointer|
|B_TILES_0_11_23                |   in|   32|     ap_none|  B_TILES_0_11_23|       pointer|
|B_TILES_0_11_24                |   in|   32|     ap_none|  B_TILES_0_11_24|       pointer|
|B_TILES_0_11_25                |   in|   32|     ap_none|  B_TILES_0_11_25|       pointer|
|B_TILES_0_11_26                |   in|   32|     ap_none|  B_TILES_0_11_26|       pointer|
|B_TILES_0_11_27                |   in|   32|     ap_none|  B_TILES_0_11_27|       pointer|
|B_TILES_0_11_28                |   in|   32|     ap_none|  B_TILES_0_11_28|       pointer|
|B_TILES_0_11_29                |   in|   32|     ap_none|  B_TILES_0_11_29|       pointer|
|B_TILES_0_11_30                |   in|   32|     ap_none|  B_TILES_0_11_30|       pointer|
|B_TILES_0_11_31                |   in|   32|     ap_none|  B_TILES_0_11_31|       pointer|
|B_TILES_0_12_0                 |   in|   32|     ap_none|   B_TILES_0_12_0|       pointer|
|B_TILES_0_12_1                 |   in|   32|     ap_none|   B_TILES_0_12_1|       pointer|
|B_TILES_0_12_2                 |   in|   32|     ap_none|   B_TILES_0_12_2|       pointer|
|B_TILES_0_12_3                 |   in|   32|     ap_none|   B_TILES_0_12_3|       pointer|
|B_TILES_0_12_4                 |   in|   32|     ap_none|   B_TILES_0_12_4|       pointer|
|B_TILES_0_12_5                 |   in|   32|     ap_none|   B_TILES_0_12_5|       pointer|
|B_TILES_0_12_6                 |   in|   32|     ap_none|   B_TILES_0_12_6|       pointer|
|B_TILES_0_12_7                 |   in|   32|     ap_none|   B_TILES_0_12_7|       pointer|
|B_TILES_0_12_8                 |   in|   32|     ap_none|   B_TILES_0_12_8|       pointer|
|B_TILES_0_12_9                 |   in|   32|     ap_none|   B_TILES_0_12_9|       pointer|
|B_TILES_0_12_10                |   in|   32|     ap_none|  B_TILES_0_12_10|       pointer|
|B_TILES_0_12_11                |   in|   32|     ap_none|  B_TILES_0_12_11|       pointer|
|B_TILES_0_12_12                |   in|   32|     ap_none|  B_TILES_0_12_12|       pointer|
|B_TILES_0_12_13                |   in|   32|     ap_none|  B_TILES_0_12_13|       pointer|
|B_TILES_0_12_14                |   in|   32|     ap_none|  B_TILES_0_12_14|       pointer|
|B_TILES_0_12_15                |   in|   32|     ap_none|  B_TILES_0_12_15|       pointer|
|B_TILES_0_12_16                |   in|   32|     ap_none|  B_TILES_0_12_16|       pointer|
|B_TILES_0_12_17                |   in|   32|     ap_none|  B_TILES_0_12_17|       pointer|
|B_TILES_0_12_18                |   in|   32|     ap_none|  B_TILES_0_12_18|       pointer|
|B_TILES_0_12_19                |   in|   32|     ap_none|  B_TILES_0_12_19|       pointer|
|B_TILES_0_12_20                |   in|   32|     ap_none|  B_TILES_0_12_20|       pointer|
|B_TILES_0_12_21                |   in|   32|     ap_none|  B_TILES_0_12_21|       pointer|
|B_TILES_0_12_22                |   in|   32|     ap_none|  B_TILES_0_12_22|       pointer|
|B_TILES_0_12_23                |   in|   32|     ap_none|  B_TILES_0_12_23|       pointer|
|B_TILES_0_12_24                |   in|   32|     ap_none|  B_TILES_0_12_24|       pointer|
|B_TILES_0_12_25                |   in|   32|     ap_none|  B_TILES_0_12_25|       pointer|
|B_TILES_0_12_26                |   in|   32|     ap_none|  B_TILES_0_12_26|       pointer|
|B_TILES_0_12_27                |   in|   32|     ap_none|  B_TILES_0_12_27|       pointer|
|B_TILES_0_12_28                |   in|   32|     ap_none|  B_TILES_0_12_28|       pointer|
|B_TILES_0_12_29                |   in|   32|     ap_none|  B_TILES_0_12_29|       pointer|
|B_TILES_0_12_30                |   in|   32|     ap_none|  B_TILES_0_12_30|       pointer|
|B_TILES_0_12_31                |   in|   32|     ap_none|  B_TILES_0_12_31|       pointer|
|B_TILES_0_13_0                 |   in|   32|     ap_none|   B_TILES_0_13_0|       pointer|
|B_TILES_0_13_1                 |   in|   32|     ap_none|   B_TILES_0_13_1|       pointer|
|B_TILES_0_13_2                 |   in|   32|     ap_none|   B_TILES_0_13_2|       pointer|
|B_TILES_0_13_3                 |   in|   32|     ap_none|   B_TILES_0_13_3|       pointer|
|B_TILES_0_13_4                 |   in|   32|     ap_none|   B_TILES_0_13_4|       pointer|
|B_TILES_0_13_5                 |   in|   32|     ap_none|   B_TILES_0_13_5|       pointer|
|B_TILES_0_13_6                 |   in|   32|     ap_none|   B_TILES_0_13_6|       pointer|
|B_TILES_0_13_7                 |   in|   32|     ap_none|   B_TILES_0_13_7|       pointer|
|B_TILES_0_13_8                 |   in|   32|     ap_none|   B_TILES_0_13_8|       pointer|
|B_TILES_0_13_9                 |   in|   32|     ap_none|   B_TILES_0_13_9|       pointer|
|B_TILES_0_13_10                |   in|   32|     ap_none|  B_TILES_0_13_10|       pointer|
|B_TILES_0_13_11                |   in|   32|     ap_none|  B_TILES_0_13_11|       pointer|
|B_TILES_0_13_12                |   in|   32|     ap_none|  B_TILES_0_13_12|       pointer|
|B_TILES_0_13_13                |   in|   32|     ap_none|  B_TILES_0_13_13|       pointer|
|B_TILES_0_13_14                |   in|   32|     ap_none|  B_TILES_0_13_14|       pointer|
|B_TILES_0_13_15                |   in|   32|     ap_none|  B_TILES_0_13_15|       pointer|
|B_TILES_0_13_16                |   in|   32|     ap_none|  B_TILES_0_13_16|       pointer|
|B_TILES_0_13_17                |   in|   32|     ap_none|  B_TILES_0_13_17|       pointer|
|B_TILES_0_13_18                |   in|   32|     ap_none|  B_TILES_0_13_18|       pointer|
|B_TILES_0_13_19                |   in|   32|     ap_none|  B_TILES_0_13_19|       pointer|
|B_TILES_0_13_20                |   in|   32|     ap_none|  B_TILES_0_13_20|       pointer|
|B_TILES_0_13_21                |   in|   32|     ap_none|  B_TILES_0_13_21|       pointer|
|B_TILES_0_13_22                |   in|   32|     ap_none|  B_TILES_0_13_22|       pointer|
|B_TILES_0_13_23                |   in|   32|     ap_none|  B_TILES_0_13_23|       pointer|
|B_TILES_0_13_24                |   in|   32|     ap_none|  B_TILES_0_13_24|       pointer|
|B_TILES_0_13_25                |   in|   32|     ap_none|  B_TILES_0_13_25|       pointer|
|B_TILES_0_13_26                |   in|   32|     ap_none|  B_TILES_0_13_26|       pointer|
|B_TILES_0_13_27                |   in|   32|     ap_none|  B_TILES_0_13_27|       pointer|
|B_TILES_0_13_28                |   in|   32|     ap_none|  B_TILES_0_13_28|       pointer|
|B_TILES_0_13_29                |   in|   32|     ap_none|  B_TILES_0_13_29|       pointer|
|B_TILES_0_13_30                |   in|   32|     ap_none|  B_TILES_0_13_30|       pointer|
|B_TILES_0_13_31                |   in|   32|     ap_none|  B_TILES_0_13_31|       pointer|
|B_TILES_0_14_0                 |   in|   32|     ap_none|   B_TILES_0_14_0|       pointer|
|B_TILES_0_14_1                 |   in|   32|     ap_none|   B_TILES_0_14_1|       pointer|
|B_TILES_0_14_2                 |   in|   32|     ap_none|   B_TILES_0_14_2|       pointer|
|B_TILES_0_14_3                 |   in|   32|     ap_none|   B_TILES_0_14_3|       pointer|
|B_TILES_0_14_4                 |   in|   32|     ap_none|   B_TILES_0_14_4|       pointer|
|B_TILES_0_14_5                 |   in|   32|     ap_none|   B_TILES_0_14_5|       pointer|
|B_TILES_0_14_6                 |   in|   32|     ap_none|   B_TILES_0_14_6|       pointer|
|B_TILES_0_14_7                 |   in|   32|     ap_none|   B_TILES_0_14_7|       pointer|
|B_TILES_0_14_8                 |   in|   32|     ap_none|   B_TILES_0_14_8|       pointer|
|B_TILES_0_14_9                 |   in|   32|     ap_none|   B_TILES_0_14_9|       pointer|
|B_TILES_0_14_10                |   in|   32|     ap_none|  B_TILES_0_14_10|       pointer|
|B_TILES_0_14_11                |   in|   32|     ap_none|  B_TILES_0_14_11|       pointer|
|B_TILES_0_14_12                |   in|   32|     ap_none|  B_TILES_0_14_12|       pointer|
|B_TILES_0_14_13                |   in|   32|     ap_none|  B_TILES_0_14_13|       pointer|
|B_TILES_0_14_14                |   in|   32|     ap_none|  B_TILES_0_14_14|       pointer|
|B_TILES_0_14_15                |   in|   32|     ap_none|  B_TILES_0_14_15|       pointer|
|B_TILES_0_14_16                |   in|   32|     ap_none|  B_TILES_0_14_16|       pointer|
|B_TILES_0_14_17                |   in|   32|     ap_none|  B_TILES_0_14_17|       pointer|
|B_TILES_0_14_18                |   in|   32|     ap_none|  B_TILES_0_14_18|       pointer|
|B_TILES_0_14_19                |   in|   32|     ap_none|  B_TILES_0_14_19|       pointer|
|B_TILES_0_14_20                |   in|   32|     ap_none|  B_TILES_0_14_20|       pointer|
|B_TILES_0_14_21                |   in|   32|     ap_none|  B_TILES_0_14_21|       pointer|
|B_TILES_0_14_22                |   in|   32|     ap_none|  B_TILES_0_14_22|       pointer|
|B_TILES_0_14_23                |   in|   32|     ap_none|  B_TILES_0_14_23|       pointer|
|B_TILES_0_14_24                |   in|   32|     ap_none|  B_TILES_0_14_24|       pointer|
|B_TILES_0_14_25                |   in|   32|     ap_none|  B_TILES_0_14_25|       pointer|
|B_TILES_0_14_26                |   in|   32|     ap_none|  B_TILES_0_14_26|       pointer|
|B_TILES_0_14_27                |   in|   32|     ap_none|  B_TILES_0_14_27|       pointer|
|B_TILES_0_14_28                |   in|   32|     ap_none|  B_TILES_0_14_28|       pointer|
|B_TILES_0_14_29                |   in|   32|     ap_none|  B_TILES_0_14_29|       pointer|
|B_TILES_0_14_30                |   in|   32|     ap_none|  B_TILES_0_14_30|       pointer|
|B_TILES_0_14_31                |   in|   32|     ap_none|  B_TILES_0_14_31|       pointer|
|B_TILES_0_15_0                 |   in|   32|     ap_none|   B_TILES_0_15_0|       pointer|
|B_TILES_0_15_1                 |   in|   32|     ap_none|   B_TILES_0_15_1|       pointer|
|B_TILES_0_15_2                 |   in|   32|     ap_none|   B_TILES_0_15_2|       pointer|
|B_TILES_0_15_3                 |   in|   32|     ap_none|   B_TILES_0_15_3|       pointer|
|B_TILES_0_15_4                 |   in|   32|     ap_none|   B_TILES_0_15_4|       pointer|
|B_TILES_0_15_5                 |   in|   32|     ap_none|   B_TILES_0_15_5|       pointer|
|B_TILES_0_15_6                 |   in|   32|     ap_none|   B_TILES_0_15_6|       pointer|
|B_TILES_0_15_7                 |   in|   32|     ap_none|   B_TILES_0_15_7|       pointer|
|B_TILES_0_15_8                 |   in|   32|     ap_none|   B_TILES_0_15_8|       pointer|
|B_TILES_0_15_9                 |   in|   32|     ap_none|   B_TILES_0_15_9|       pointer|
|B_TILES_0_15_10                |   in|   32|     ap_none|  B_TILES_0_15_10|       pointer|
|B_TILES_0_15_11                |   in|   32|     ap_none|  B_TILES_0_15_11|       pointer|
|B_TILES_0_15_12                |   in|   32|     ap_none|  B_TILES_0_15_12|       pointer|
|B_TILES_0_15_13                |   in|   32|     ap_none|  B_TILES_0_15_13|       pointer|
|B_TILES_0_15_14                |   in|   32|     ap_none|  B_TILES_0_15_14|       pointer|
|B_TILES_0_15_15                |   in|   32|     ap_none|  B_TILES_0_15_15|       pointer|
|B_TILES_0_15_16                |   in|   32|     ap_none|  B_TILES_0_15_16|       pointer|
|B_TILES_0_15_17                |   in|   32|     ap_none|  B_TILES_0_15_17|       pointer|
|B_TILES_0_15_18                |   in|   32|     ap_none|  B_TILES_0_15_18|       pointer|
|B_TILES_0_15_19                |   in|   32|     ap_none|  B_TILES_0_15_19|       pointer|
|B_TILES_0_15_20                |   in|   32|     ap_none|  B_TILES_0_15_20|       pointer|
|B_TILES_0_15_21                |   in|   32|     ap_none|  B_TILES_0_15_21|       pointer|
|B_TILES_0_15_22                |   in|   32|     ap_none|  B_TILES_0_15_22|       pointer|
|B_TILES_0_15_23                |   in|   32|     ap_none|  B_TILES_0_15_23|       pointer|
|B_TILES_0_15_24                |   in|   32|     ap_none|  B_TILES_0_15_24|       pointer|
|B_TILES_0_15_25                |   in|   32|     ap_none|  B_TILES_0_15_25|       pointer|
|B_TILES_0_15_26                |   in|   32|     ap_none|  B_TILES_0_15_26|       pointer|
|B_TILES_0_15_27                |   in|   32|     ap_none|  B_TILES_0_15_27|       pointer|
|B_TILES_0_15_28                |   in|   32|     ap_none|  B_TILES_0_15_28|       pointer|
|B_TILES_0_15_29                |   in|   32|     ap_none|  B_TILES_0_15_29|       pointer|
|B_TILES_0_15_30                |   in|   32|     ap_none|  B_TILES_0_15_30|       pointer|
|B_TILES_0_15_31                |   in|   32|     ap_none|  B_TILES_0_15_31|       pointer|
+-------------------------------+-----+-----+------------+-----------------+--------------+

