

================================================================
== Vitis HLS Report for 'loader_A_tiles2_Pipeline_VITIS_LOOP_9_1_VITIS_LOOP_10_2'
================================================================
* Date:           Thu Jul  2 11:27:20 2026

* Version:        2023.2 (Build 4023990 on Oct 11 2023)
* Project:        hls_project
* Solution:       gemm2 (Vitis Kernel Flow Target)
* Product family: versalaicore
* Target device:  xcvc1902-vsva2197-2MP-e-S


================================================================
== Performance Estimates
================================================================
+ Timing: 
    * Summary: 
    +--------+---------+----------+------------+
    |  Clock |  Target | Estimated| Uncertainty|
    +--------+---------+----------+------------+
    |ap_clk  |  3.33 ns|  2.559 ns|     0.90 ns|
    +--------+---------+----------+------------+

+ Latency: 
    * Summary: 
    +---------+---------+----------+----------+-----+-----+---------+
    |  Latency (cycles) |  Latency (absolute) |  Interval | Pipeline|
    |   min   |   max   |    min   |    max   | min | max |   Type  |
    +---------+---------+----------+----------+-----+-----+---------+
    |      258|      258|  0.860 us|  0.860 us|  258|  258|       no|
    +---------+---------+----------+----------+-----+-----+---------+

    + Detail: 
        * Instance: 
        N/A

        * Loop: 
        +----------------------------------+---------+---------+----------+-----------+-----------+------+----------+
        |                                  |  Latency (cycles) | Iteration|  Initiation Interval  | Trip |          |
        |             Loop Name            |   min   |   max   |  Latency |  achieved |   target  | Count| Pipelined|
        +----------------------------------+---------+---------+----------+-----------+-----------+------+----------+
        |- VITIS_LOOP_9_1_VITIS_LOOP_10_2  |      256|      256|         2|          1|          1|   256|       yes|
        +----------------------------------+---------+---------+----------+-----------+-----------+------+----------+



================================================================
== Utilization Estimates
================================================================
* Summary: 
+-----------------+---------+------+---------+--------+-----+
|       Name      | BRAM_18K|  DSP |    FF   |   LUT  | URAM|
+-----------------+---------+------+---------+--------+-----+
|DSP              |        -|     -|        -|       -|    -|
|Expression       |        -|     -|        0|      51|    -|
|FIFO             |        -|     -|        -|       -|    -|
|Instance         |        -|     -|        0|    5472|    -|
|Memory           |        -|     -|        -|       -|    -|
|Multiplexer      |        -|     -|        -|      44|    -|
|Register         |        -|     -|     1050|       -|    -|
+-----------------+---------+------+---------+--------+-----+
|Total            |        0|     0|     1050|    5567|    0|
+-----------------+---------+------+---------+--------+-----+
|Available        |     1934|  1968|  1799680|  899840|  463|
+-----------------+---------+------+---------+--------+-----+
|Utilization (%)  |        0|     0|       ~0|      ~0|    0|
+-----------------+---------+------+---------+--------+-----+

+ Detail: 
    * Instance: 
    +-----------------------------+-----------------------+---------+----+---+-----+-----+
    |           Instance          |         Module        | BRAM_18K| DSP| FF| LUT | URAM|
    +-----------------------------+-----------------------+---------+----+---+-----+-----+
    |sparsemux_33_4_32_1_1_U2567  |sparsemux_33_4_32_1_1  |        0|   0|  0|  160|    0|
    |sparsemux_33_4_32_1_1_U2568  |sparsemux_33_4_32_1_1  |        0|   0|  0|  160|    0|
    |sparsemux_33_4_32_1_1_U2569  |sparsemux_33_4_32_1_1  |        0|   0|  0|  160|    0|
    |sparsemux_33_4_32_1_1_U2570  |sparsemux_33_4_32_1_1  |        0|   0|  0|  160|    0|
    |sparsemux_33_4_32_1_1_U2571  |sparsemux_33_4_32_1_1  |        0|   0|  0|  160|    0|
    |sparsemux_33_4_32_1_1_U2572  |sparsemux_33_4_32_1_1  |        0|   0|  0|  160|    0|
    |sparsemux_33_4_32_1_1_U2573  |sparsemux_33_4_32_1_1  |        0|   0|  0|  160|    0|
    |sparsemux_33_4_32_1_1_U2574  |sparsemux_33_4_32_1_1  |        0|   0|  0|  160|    0|
    |sparsemux_33_4_32_1_1_U2575  |sparsemux_33_4_32_1_1  |        0|   0|  0|  160|    0|
    |sparsemux_33_4_32_1_1_U2576  |sparsemux_33_4_32_1_1  |        0|   0|  0|  160|    0|
    |sparsemux_33_4_32_1_1_U2577  |sparsemux_33_4_32_1_1  |        0|   0|  0|  160|    0|
    |sparsemux_33_4_32_1_1_U2578  |sparsemux_33_4_32_1_1  |        0|   0|  0|  160|    0|
    |sparsemux_33_4_32_1_1_U2579  |sparsemux_33_4_32_1_1  |        0|   0|  0|  160|    0|
    |sparsemux_33_4_32_1_1_U2580  |sparsemux_33_4_32_1_1  |        0|   0|  0|  160|    0|
    |sparsemux_33_4_32_1_1_U2581  |sparsemux_33_4_32_1_1  |        0|   0|  0|  160|    0|
    |sparsemux_33_4_32_1_1_U2582  |sparsemux_33_4_32_1_1  |        0|   0|  0|  160|    0|
    |sparsemux_33_4_32_1_1_U2583  |sparsemux_33_4_32_1_1  |        0|   0|  0|  160|    0|
    |sparsemux_33_4_32_1_1_U2584  |sparsemux_33_4_32_1_1  |        0|   0|  0|  160|    0|
    |sparsemux_33_4_32_1_1_U2585  |sparsemux_33_4_32_1_1  |        0|   0|  0|  160|    0|
    |sparsemux_33_4_32_1_1_U2586  |sparsemux_33_4_32_1_1  |        0|   0|  0|  160|    0|
    |sparsemux_33_4_32_1_1_U2587  |sparsemux_33_4_32_1_1  |        0|   0|  0|  160|    0|
    |sparsemux_33_4_32_1_1_U2588  |sparsemux_33_4_32_1_1  |        0|   0|  0|  160|    0|
    |sparsemux_33_4_32_1_1_U2589  |sparsemux_33_4_32_1_1  |        0|   0|  0|  160|    0|
    |sparsemux_33_4_32_1_1_U2590  |sparsemux_33_4_32_1_1  |        0|   0|  0|  160|    0|
    |sparsemux_33_4_32_1_1_U2591  |sparsemux_33_4_32_1_1  |        0|   0|  0|  160|    0|
    |sparsemux_33_4_32_1_1_U2592  |sparsemux_33_4_32_1_1  |        0|   0|  0|  160|    0|
    |sparsemux_33_4_32_1_1_U2593  |sparsemux_33_4_32_1_1  |        0|   0|  0|  160|    0|
    |sparsemux_33_4_32_1_1_U2594  |sparsemux_33_4_32_1_1  |        0|   0|  0|  160|    0|
    |sparsemux_33_4_32_1_1_U2595  |sparsemux_33_4_32_1_1  |        0|   0|  0|  160|    0|
    |sparsemux_33_4_32_1_1_U2596  |sparsemux_33_4_32_1_1  |        0|   0|  0|  160|    0|
    |sparsemux_33_4_32_1_1_U2597  |sparsemux_33_4_32_1_1  |        0|   0|  0|  160|    0|
    |sparsemux_33_4_32_1_1_U2598  |sparsemux_33_4_32_1_1  |        0|   0|  0|  160|    0|
    |sparsemux_65_5_32_1_1_U2599  |sparsemux_65_5_32_1_1  |        0|   0|  0|  352|    0|
    +-----------------------------+-----------------------+---------+----+---+-----+-----+
    |Total                        |                       |        0|   0|  0| 5472|    0|
    +-----------------------------+-----------------------+---------+----+---+-----+-----+

    * DSP: 
    N/A

    * Memory: 
    N/A

    * FIFO: 
    N/A

    * Expression: 
    +----------------------------------+----------+----+---+----+------------+------------+
    |           Variable Name          | Operation| DSP| FF| LUT| Bitwidth P0| Bitwidth P1|
    +----------------------------------+----------+----+---+----+------------+------------+
    |add_ln10_fu_7704_p2               |         +|   0|  0|   5|           5|           1|
    |add_ln9_1_fu_5378_p2              |         +|   0|  0|   5|           5|           1|
    |add_ln9_fu_5340_p2                |         +|   0|  0|   9|           9|           1|
    |ap_block_pp0_stage0_01001         |       and|   0|  0|   2|           1|           1|
    |icmp_ln10_fu_5364_p2              |      icmp|   0|  0|   6|           5|           6|
    |icmp_ln9_fu_5346_p2               |      icmp|   0|  0|  10|           9|          10|
    |ap_block_state2_pp0_stage0_iter1  |        or|   0|  0|   2|           1|           1|
    |select_ln9_1_fu_5384_p3           |    select|   0|  0|   5|           1|           5|
    |select_ln9_fu_5370_p3             |    select|   0|  0|   5|           1|           1|
    |ap_enable_pp0                     |       xor|   0|  0|   2|           1|           2|
    +----------------------------------+----------+----+---+----+------------+------------+
    |Total                             |          |   0|  0|  51|          38|          29|
    +----------------------------------+----------+----+---+----+------------+------------+

    * Multiplexer: 
    +----------------------------------------+----+-----------+-----+-----------+
    |                  Name                  | LUT| Input Size| Bits| Total Bits|
    +----------------------------------------+----+-----------+-----+-----------+
    |A_streams_1_blk_n                       |   2|          2|    1|          2|
    |A_streams_blk_n                         |   2|          2|    1|          2|
    |ap_done_int                             |   2|          2|    1|          2|
    |ap_enable_reg_pp0_iter1                 |   2|          2|    1|          2|
    |ap_sig_allocacmp_i_load                 |   5|          2|    5|         10|
    |ap_sig_allocacmp_indvar_flatten_i_load  |   8|          2|    9|         18|
    |ap_sig_allocacmp_k_load                 |   5|          2|    5|         10|
    |i_fu_1172                               |   5|          2|    5|         10|
    |indvar_flatten_i_fu_1176                |   8|          2|    9|         18|
    |k_fu_1168                               |   5|          2|    5|         10|
    +----------------------------------------+----+-----------+-----+-----------+
    |Total                                   |  44|         20|   42|         84|
    +----------------------------------------+----+-----------+-----+-----------+

    * Register: 
    +--------------------------+----+----+-----+-----------+
    |           Name           | FF | LUT| Bits| Const Bits|
    +--------------------------+----+----+-----+-----------+
    |ap_CS_fsm                 |   1|   0|    1|          0|
    |ap_done_reg               |   1|   0|    1|          0|
    |ap_enable_reg_pp0_iter1   |   1|   0|    1|          0|
    |empty_33_reg_7904         |   4|   0|    4|          0|
    |i_fu_1172                 |   5|   0|    5|          0|
    |indvar_flatten_i_fu_1176  |   9|   0|    9|          0|
    |k_fu_1168                 |   5|   0|    5|          0|
    |tmp_61_i_i_reg_7919       |  32|   0|   32|          0|
    |tmp_62_i_i_reg_7924       |  32|   0|   32|          0|
    |tmp_63_i_i_reg_7929       |  32|   0|   32|          0|
    |tmp_64_i_i_reg_7934       |  32|   0|   32|          0|
    |tmp_65_i_i_reg_7939       |  32|   0|   32|          0|
    |tmp_66_i_i_reg_7944       |  32|   0|   32|          0|
    |tmp_67_i_i_reg_7949       |  32|   0|   32|          0|
    |tmp_68_i_i_reg_7954       |  32|   0|   32|          0|
    |tmp_69_i_i_reg_7959       |  32|   0|   32|          0|
    |tmp_70_i_i_reg_7964       |  32|   0|   32|          0|
    |tmp_71_i_i_reg_7969       |  32|   0|   32|          0|
    |tmp_72_i_i_reg_7974       |  32|   0|   32|          0|
    |tmp_73_i_i_reg_7979       |  32|   0|   32|          0|
    |tmp_74_i_i_reg_7984       |  32|   0|   32|          0|
    |tmp_75_i_i_reg_7989       |  32|   0|   32|          0|
    |tmp_76_i_i_reg_7994       |  32|   0|   32|          0|
    |tmp_77_i_i_reg_7999       |  32|   0|   32|          0|
    |tmp_78_i_i_reg_8004       |  32|   0|   32|          0|
    |tmp_79_i_i_reg_8009       |  32|   0|   32|          0|
    |tmp_80_i_i_reg_8014       |  32|   0|   32|          0|
    |tmp_81_i_i_reg_8019       |  32|   0|   32|          0|
    |tmp_82_i_i_reg_8024       |  32|   0|   32|          0|
    |tmp_83_i_i_reg_8029       |  32|   0|   32|          0|
    |tmp_84_i_i_reg_8034       |  32|   0|   32|          0|
    |tmp_85_i_i_reg_8039       |  32|   0|   32|          0|
    |tmp_86_i_i_reg_8044       |  32|   0|   32|          0|
    |tmp_87_i_i_reg_8049       |  32|   0|   32|          0|
    |tmp_88_i_i_reg_8054       |  32|   0|   32|          0|
    |tmp_89_i_i_reg_8059       |  32|   0|   32|          0|
    |tmp_90_i_i_reg_8064       |  32|   0|   32|          0|
    |tmp_i_i_34_reg_7914       |  32|   0|   32|          0|
    |tmp_i_i_reg_7909          |  32|   0|   32|          0|
    +--------------------------+----+----+-----+-----------+
    |Total                     |1050|   0| 1050|          0|
    +--------------------------+----+----+-----+-----------+



================================================================
== Interface
================================================================
* Summary: 
+----------------------------+-----+-----+------------+---------------------------------------------------------+--------------+
|          RTL Ports         | Dir | Bits|  Protocol  |                      Source Object                      |    C Type    |
+----------------------------+-----+-----+------------+---------------------------------------------------------+--------------+
|ap_clk                      |   in|    1|  ap_ctrl_hs|  loader_A_tiles2_Pipeline_VITIS_LOOP_9_1_VITIS_LOOP_10_2|  return value|
|ap_rst                      |   in|    1|  ap_ctrl_hs|  loader_A_tiles2_Pipeline_VITIS_LOOP_9_1_VITIS_LOOP_10_2|  return value|
|ap_start                    |   in|    1|  ap_ctrl_hs|  loader_A_tiles2_Pipeline_VITIS_LOOP_9_1_VITIS_LOOP_10_2|  return value|
|ap_done                     |  out|    1|  ap_ctrl_hs|  loader_A_tiles2_Pipeline_VITIS_LOOP_9_1_VITIS_LOOP_10_2|  return value|
|ap_idle                     |  out|    1|  ap_ctrl_hs|  loader_A_tiles2_Pipeline_VITIS_LOOP_9_1_VITIS_LOOP_10_2|  return value|
|ap_ready                    |  out|    1|  ap_ctrl_hs|  loader_A_tiles2_Pipeline_VITIS_LOOP_9_1_VITIS_LOOP_10_2|  return value|
|A_streams_1_din             |  out|   32|     ap_fifo|                                              A_streams_1|       pointer|
|A_streams_1_num_data_valid  |   in|    3|     ap_fifo|                                              A_streams_1|       pointer|
|A_streams_1_fifo_cap        |   in|    3|     ap_fifo|                                              A_streams_1|       pointer|
|A_streams_1_full_n          |   in|    1|     ap_fifo|                                              A_streams_1|       pointer|
|A_streams_1_write           |  out|    1|     ap_fifo|                                              A_streams_1|       pointer|
|A_streams_din               |  out|   32|     ap_fifo|                                                A_streams|       pointer|
|A_streams_num_data_valid    |   in|    3|     ap_fifo|                                                A_streams|       pointer|
|A_streams_fifo_cap          |   in|    3|     ap_fifo|                                                A_streams|       pointer|
|A_streams_full_n            |   in|    1|     ap_fifo|                                                A_streams|       pointer|
|A_streams_write             |  out|    1|     ap_fifo|                                                A_streams|       pointer|
|empty                       |   in|    1|     ap_none|                                                    empty|        scalar|
|p_read                      |   in|   32|     ap_none|                                                   p_read|        scalar|
|p_read1                     |   in|   32|     ap_none|                                                  p_read1|        scalar|
|p_read2                     |   in|   32|     ap_none|                                                  p_read2|        scalar|
|p_read3                     |   in|   32|     ap_none|                                                  p_read3|        scalar|
|p_read4                     |   in|   32|     ap_none|                                                  p_read4|        scalar|
|p_read5                     |   in|   32|     ap_none|                                                  p_read5|        scalar|
|p_read6                     |   in|   32|     ap_none|                                                  p_read6|        scalar|
|p_read7                     |   in|   32|     ap_none|                                                  p_read7|        scalar|
|p_read8                     |   in|   32|     ap_none|                                                  p_read8|        scalar|
|p_read9                     |   in|   32|     ap_none|                                                  p_read9|        scalar|
|p_read10                    |   in|   32|     ap_none|                                                 p_read10|        scalar|
|p_read11                    |   in|   32|     ap_none|                                                 p_read11|        scalar|
|p_read12                    |   in|   32|     ap_none|                                                 p_read12|        scalar|
|p_read13                    |   in|   32|     ap_none|                                                 p_read13|        scalar|
|p_read14                    |   in|   32|     ap_none|                                                 p_read14|        scalar|
|p_read15                    |   in|   32|     ap_none|                                                 p_read15|        scalar|
|p_read16                    |   in|   32|     ap_none|                                                 p_read16|        scalar|
|p_read17                    |   in|   32|     ap_none|                                                 p_read17|        scalar|
|p_read18                    |   in|   32|     ap_none|                                                 p_read18|        scalar|
|p_read19                    |   in|   32|     ap_none|                                                 p_read19|        scalar|
|p_read20                    |   in|   32|     ap_none|                                                 p_read20|        scalar|
|p_read21                    |   in|   32|     ap_none|                                                 p_read21|        scalar|
|p_read22                    |   in|   32|     ap_none|                                                 p_read22|        scalar|
|p_read23                    |   in|   32|     ap_none|                                                 p_read23|        scalar|
|p_read24                    |   in|   32|     ap_none|                                                 p_read24|        scalar|
|p_read25                    |   in|   32|     ap_none|                                                 p_read25|        scalar|
|p_read26                    |   in|   32|     ap_none|                                                 p_read26|        scalar|
|p_read27                    |   in|   32|     ap_none|                                                 p_read27|        scalar|
|p_read28                    |   in|   32|     ap_none|                                                 p_read28|        scalar|
|p_read29                    |   in|   32|     ap_none|                                                 p_read29|        scalar|
|p_read30                    |   in|   32|     ap_none|                                                 p_read30|        scalar|
|p_read31                    |   in|   32|     ap_none|                                                 p_read31|        scalar|
|p_read32                    |   in|   32|     ap_none|                                                 p_read32|        scalar|
|p_read33                    |   in|   32|     ap_none|                                                 p_read33|        scalar|
|p_read34                    |   in|   32|     ap_none|                                                 p_read34|        scalar|
|p_read35                    |   in|   32|     ap_none|                                                 p_read35|        scalar|
|p_read36                    |   in|   32|     ap_none|                                                 p_read36|        scalar|
|p_read37                    |   in|   32|     ap_none|                                                 p_read37|        scalar|
|p_read38                    |   in|   32|     ap_none|                                                 p_read38|        scalar|
|p_read39                    |   in|   32|     ap_none|                                                 p_read39|        scalar|
|p_read40                    |   in|   32|     ap_none|                                                 p_read40|        scalar|
|p_read41                    |   in|   32|     ap_none|                                                 p_read41|        scalar|
|p_read42                    |   in|   32|     ap_none|                                                 p_read42|        scalar|
|p_read43                    |   in|   32|     ap_none|                                                 p_read43|        scalar|
|p_read44                    |   in|   32|     ap_none|                                                 p_read44|        scalar|
|p_read45                    |   in|   32|     ap_none|                                                 p_read45|        scalar|
|p_read46                    |   in|   32|     ap_none|                                                 p_read46|        scalar|
|p_read47                    |   in|   32|     ap_none|                                                 p_read47|        scalar|
|p_read48                    |   in|   32|     ap_none|                                                 p_read48|        scalar|
|p_read49                    |   in|   32|     ap_none|                                                 p_read49|        scalar|
|p_read50                    |   in|   32|     ap_none|                                                 p_read50|        scalar|
|p_read51                    |   in|   32|     ap_none|                                                 p_read51|        scalar|
|p_read52                    |   in|   32|     ap_none|                                                 p_read52|        scalar|
|p_read53                    |   in|   32|     ap_none|                                                 p_read53|        scalar|
|p_read54                    |   in|   32|     ap_none|                                                 p_read54|        scalar|
|p_read55                    |   in|   32|     ap_none|                                                 p_read55|        scalar|
|p_read56                    |   in|   32|     ap_none|                                                 p_read56|        scalar|
|p_read57                    |   in|   32|     ap_none|                                                 p_read57|        scalar|
|p_read58                    |   in|   32|     ap_none|                                                 p_read58|        scalar|
|p_read59                    |   in|   32|     ap_none|                                                 p_read59|        scalar|
|p_read60                    |   in|   32|     ap_none|                                                 p_read60|        scalar|
|p_read61                    |   in|   32|     ap_none|                                                 p_read61|        scalar|
|p_read62                    |   in|   32|     ap_none|                                                 p_read62|        scalar|
|p_read63                    |   in|   32|     ap_none|                                                 p_read63|        scalar|
|p_read64                    |   in|   32|     ap_none|                                                 p_read64|        scalar|
|p_read65                    |   in|   32|     ap_none|                                                 p_read65|        scalar|
|p_read66                    |   in|   32|     ap_none|                                                 p_read66|        scalar|
|p_read67                    |   in|   32|     ap_none|                                                 p_read67|        scalar|
|p_read68                    |   in|   32|     ap_none|                                                 p_read68|        scalar|
|p_read69                    |   in|   32|     ap_none|                                                 p_read69|        scalar|
|p_read70                    |   in|   32|     ap_none|                                                 p_read70|        scalar|
|p_read71                    |   in|   32|     ap_none|                                                 p_read71|        scalar|
|p_read72                    |   in|   32|     ap_none|                                                 p_read72|        scalar|
|p_read73                    |   in|   32|     ap_none|                                                 p_read73|        scalar|
|p_read74                    |   in|   32|     ap_none|                                                 p_read74|        scalar|
|p_read75                    |   in|   32|     ap_none|                                                 p_read75|        scalar|
|p_read76                    |   in|   32|     ap_none|                                                 p_read76|        scalar|
|p_read77                    |   in|   32|     ap_none|                                                 p_read77|        scalar|
|p_read78                    |   in|   32|     ap_none|                                                 p_read78|        scalar|
|p_read79                    |   in|   32|     ap_none|                                                 p_read79|        scalar|
|p_read80                    |   in|   32|     ap_none|                                                 p_read80|        scalar|
|p_read81                    |   in|   32|     ap_none|                                                 p_read81|        scalar|
|p_read82                    |   in|   32|     ap_none|                                                 p_read82|        scalar|
|p_read83                    |   in|   32|     ap_none|                                                 p_read83|        scalar|
|p_read84                    |   in|   32|     ap_none|                                                 p_read84|        scalar|
|p_read85                    |   in|   32|     ap_none|                                                 p_read85|        scalar|
|p_read86                    |   in|   32|     ap_none|                                                 p_read86|        scalar|
|p_read87                    |   in|   32|     ap_none|                                                 p_read87|        scalar|
|p_read88                    |   in|   32|     ap_none|                                                 p_read88|        scalar|
|p_read89                    |   in|   32|     ap_none|                                                 p_read89|        scalar|
|p_read90                    |   in|   32|     ap_none|                                                 p_read90|        scalar|
|p_read91                    |   in|   32|     ap_none|                                                 p_read91|        scalar|
|p_read92                    |   in|   32|     ap_none|                                                 p_read92|        scalar|
|p_read93                    |   in|   32|     ap_none|                                                 p_read93|        scalar|
|p_read94                    |   in|   32|     ap_none|                                                 p_read94|        scalar|
|p_read95                    |   in|   32|     ap_none|                                                 p_read95|        scalar|
|p_read96                    |   in|   32|     ap_none|                                                 p_read96|        scalar|
|p_read97                    |   in|   32|     ap_none|                                                 p_read97|        scalar|
|p_read98                    |   in|   32|     ap_none|                                                 p_read98|        scalar|
|p_read99                    |   in|   32|     ap_none|                                                 p_read99|        scalar|
|p_read100                   |   in|   32|     ap_none|                                                p_read100|        scalar|
|p_read101                   |   in|   32|     ap_none|                                                p_read101|        scalar|
|p_read102                   |   in|   32|     ap_none|                                                p_read102|        scalar|
|p_read103                   |   in|   32|     ap_none|                                                p_read103|        scalar|
|p_read104                   |   in|   32|     ap_none|                                                p_read104|        scalar|
|p_read105                   |   in|   32|     ap_none|                                                p_read105|        scalar|
|p_read106                   |   in|   32|     ap_none|                                                p_read106|        scalar|
|p_read107                   |   in|   32|     ap_none|                                                p_read107|        scalar|
|p_read108                   |   in|   32|     ap_none|                                                p_read108|        scalar|
|p_read109                   |   in|   32|     ap_none|                                                p_read109|        scalar|
|p_read110                   |   in|   32|     ap_none|                                                p_read110|        scalar|
|p_read111                   |   in|   32|     ap_none|                                                p_read111|        scalar|
|p_read112                   |   in|   32|     ap_none|                                                p_read112|        scalar|
|p_read113                   |   in|   32|     ap_none|                                                p_read113|        scalar|
|p_read114                   |   in|   32|     ap_none|                                                p_read114|        scalar|
|p_read115                   |   in|   32|     ap_none|                                                p_read115|        scalar|
|p_read116                   |   in|   32|     ap_none|                                                p_read116|        scalar|
|p_read117                   |   in|   32|     ap_none|                                                p_read117|        scalar|
|p_read118                   |   in|   32|     ap_none|                                                p_read118|        scalar|
|p_read119                   |   in|   32|     ap_none|                                                p_read119|        scalar|
|p_read120                   |   in|   32|     ap_none|                                                p_read120|        scalar|
|p_read121                   |   in|   32|     ap_none|                                                p_read121|        scalar|
|p_read122                   |   in|   32|     ap_none|                                                p_read122|        scalar|
|p_read123                   |   in|   32|     ap_none|                                                p_read123|        scalar|
|p_read124                   |   in|   32|     ap_none|                                                p_read124|        scalar|
|p_read125                   |   in|   32|     ap_none|                                                p_read125|        scalar|
|p_read126                   |   in|   32|     ap_none|                                                p_read126|        scalar|
|p_read127                   |   in|   32|     ap_none|                                                p_read127|        scalar|
|p_read128                   |   in|   32|     ap_none|                                                p_read128|        scalar|
|p_read129                   |   in|   32|     ap_none|                                                p_read129|        scalar|
|p_read130                   |   in|   32|     ap_none|                                                p_read130|        scalar|
|p_read131                   |   in|   32|     ap_none|                                                p_read131|        scalar|
|p_read132                   |   in|   32|     ap_none|                                                p_read132|        scalar|
|p_read133                   |   in|   32|     ap_none|                                                p_read133|        scalar|
|p_read134                   |   in|   32|     ap_none|                                                p_read134|        scalar|
|p_read135                   |   in|   32|     ap_none|                                                p_read135|        scalar|
|p_read136                   |   in|   32|     ap_none|                                                p_read136|        scalar|
|p_read137                   |   in|   32|     ap_none|                                                p_read137|        scalar|
|p_read138                   |   in|   32|     ap_none|                                                p_read138|        scalar|
|p_read139                   |   in|   32|     ap_none|                                                p_read139|        scalar|
|p_read140                   |   in|   32|     ap_none|                                                p_read140|        scalar|
|p_read141                   |   in|   32|     ap_none|                                                p_read141|        scalar|
|p_read142                   |   in|   32|     ap_none|                                                p_read142|        scalar|
|p_read143                   |   in|   32|     ap_none|                                                p_read143|        scalar|
|p_read144                   |   in|   32|     ap_none|                                                p_read144|        scalar|
|p_read145                   |   in|   32|     ap_none|                                                p_read145|        scalar|
|p_read146                   |   in|   32|     ap_none|                                                p_read146|        scalar|
|p_read147                   |   in|   32|     ap_none|                                                p_read147|        scalar|
|p_read148                   |   in|   32|     ap_none|                                                p_read148|        scalar|
|p_read149                   |   in|   32|     ap_none|                                                p_read149|        scalar|
|p_read150                   |   in|   32|     ap_none|                                                p_read150|        scalar|
|p_read151                   |   in|   32|     ap_none|                                                p_read151|        scalar|
|p_read152                   |   in|   32|     ap_none|                                                p_read152|        scalar|
|p_read153                   |   in|   32|     ap_none|                                                p_read153|        scalar|
|p_read154                   |   in|   32|     ap_none|                                                p_read154|        scalar|
|p_read155                   |   in|   32|     ap_none|                                                p_read155|        scalar|
|p_read156                   |   in|   32|     ap_none|                                                p_read156|        scalar|
|p_read157                   |   in|   32|     ap_none|                                                p_read157|        scalar|
|p_read158                   |   in|   32|     ap_none|                                                p_read158|        scalar|
|p_read159                   |   in|   32|     ap_none|                                                p_read159|        scalar|
|p_read160                   |   in|   32|     ap_none|                                                p_read160|        scalar|
|p_read161                   |   in|   32|     ap_none|                                                p_read161|        scalar|
|p_read162                   |   in|   32|     ap_none|                                                p_read162|        scalar|
|p_read163                   |   in|   32|     ap_none|                                                p_read163|        scalar|
|p_read164                   |   in|   32|     ap_none|                                                p_read164|        scalar|
|p_read165                   |   in|   32|     ap_none|                                                p_read165|        scalar|
|p_read166                   |   in|   32|     ap_none|                                                p_read166|        scalar|
|p_read167                   |   in|   32|     ap_none|                                                p_read167|        scalar|
|p_read168                   |   in|   32|     ap_none|                                                p_read168|        scalar|
|p_read169                   |   in|   32|     ap_none|                                                p_read169|        scalar|
|p_read170                   |   in|   32|     ap_none|                                                p_read170|        scalar|
|p_read171                   |   in|   32|     ap_none|                                                p_read171|        scalar|
|p_read172                   |   in|   32|     ap_none|                                                p_read172|        scalar|
|p_read173                   |   in|   32|     ap_none|                                                p_read173|        scalar|
|p_read174                   |   in|   32|     ap_none|                                                p_read174|        scalar|
|p_read175                   |   in|   32|     ap_none|                                                p_read175|        scalar|
|p_read176                   |   in|   32|     ap_none|                                                p_read176|        scalar|
|p_read177                   |   in|   32|     ap_none|                                                p_read177|        scalar|
|p_read178                   |   in|   32|     ap_none|                                                p_read178|        scalar|
|p_read179                   |   in|   32|     ap_none|                                                p_read179|        scalar|
|p_read180                   |   in|   32|     ap_none|                                                p_read180|        scalar|
|p_read181                   |   in|   32|     ap_none|                                                p_read181|        scalar|
|p_read182                   |   in|   32|     ap_none|                                                p_read182|        scalar|
|p_read183                   |   in|   32|     ap_none|                                                p_read183|        scalar|
|p_read184                   |   in|   32|     ap_none|                                                p_read184|        scalar|
|p_read185                   |   in|   32|     ap_none|                                                p_read185|        scalar|
|p_read186                   |   in|   32|     ap_none|                                                p_read186|        scalar|
|p_read187                   |   in|   32|     ap_none|                                                p_read187|        scalar|
|p_read188                   |   in|   32|     ap_none|                                                p_read188|        scalar|
|p_read189                   |   in|   32|     ap_none|                                                p_read189|        scalar|
|p_read190                   |   in|   32|     ap_none|                                                p_read190|        scalar|
|p_read191                   |   in|   32|     ap_none|                                                p_read191|        scalar|
|p_read192                   |   in|   32|     ap_none|                                                p_read192|        scalar|
|p_read193                   |   in|   32|     ap_none|                                                p_read193|        scalar|
|p_read194                   |   in|   32|     ap_none|                                                p_read194|        scalar|
|p_read195                   |   in|   32|     ap_none|                                                p_read195|        scalar|
|p_read196                   |   in|   32|     ap_none|                                                p_read196|        scalar|
|p_read197                   |   in|   32|     ap_none|                                                p_read197|        scalar|
|p_read198                   |   in|   32|     ap_none|                                                p_read198|        scalar|
|p_read199                   |   in|   32|     ap_none|                                                p_read199|        scalar|
|p_read200                   |   in|   32|     ap_none|                                                p_read200|        scalar|
|p_read201                   |   in|   32|     ap_none|                                                p_read201|        scalar|
|p_read202                   |   in|   32|     ap_none|                                                p_read202|        scalar|
|p_read203                   |   in|   32|     ap_none|                                                p_read203|        scalar|
|p_read204                   |   in|   32|     ap_none|                                                p_read204|        scalar|
|p_read205                   |   in|   32|     ap_none|                                                p_read205|        scalar|
|p_read206                   |   in|   32|     ap_none|                                                p_read206|        scalar|
|p_read207                   |   in|   32|     ap_none|                                                p_read207|        scalar|
|p_read208                   |   in|   32|     ap_none|                                                p_read208|        scalar|
|p_read209                   |   in|   32|     ap_none|                                                p_read209|        scalar|
|p_read210                   |   in|   32|     ap_none|                                                p_read210|        scalar|
|p_read211                   |   in|   32|     ap_none|                                                p_read211|        scalar|
|p_read212                   |   in|   32|     ap_none|                                                p_read212|        scalar|
|p_read213                   |   in|   32|     ap_none|                                                p_read213|        scalar|
|p_read214                   |   in|   32|     ap_none|                                                p_read214|        scalar|
|p_read215                   |   in|   32|     ap_none|                                                p_read215|        scalar|
|p_read216                   |   in|   32|     ap_none|                                                p_read216|        scalar|
|p_read217                   |   in|   32|     ap_none|                                                p_read217|        scalar|
|p_read218                   |   in|   32|     ap_none|                                                p_read218|        scalar|
|p_read219                   |   in|   32|     ap_none|                                                p_read219|        scalar|
|p_read220                   |   in|   32|     ap_none|                                                p_read220|        scalar|
|p_read221                   |   in|   32|     ap_none|                                                p_read221|        scalar|
|p_read222                   |   in|   32|     ap_none|                                                p_read222|        scalar|
|p_read223                   |   in|   32|     ap_none|                                                p_read223|        scalar|
|p_read224                   |   in|   32|     ap_none|                                                p_read224|        scalar|
|p_read225                   |   in|   32|     ap_none|                                                p_read225|        scalar|
|p_read226                   |   in|   32|     ap_none|                                                p_read226|        scalar|
|p_read227                   |   in|   32|     ap_none|                                                p_read227|        scalar|
|p_read228                   |   in|   32|     ap_none|                                                p_read228|        scalar|
|p_read229                   |   in|   32|     ap_none|                                                p_read229|        scalar|
|p_read230                   |   in|   32|     ap_none|                                                p_read230|        scalar|
|p_read231                   |   in|   32|     ap_none|                                                p_read231|        scalar|
|p_read232                   |   in|   32|     ap_none|                                                p_read232|        scalar|
|p_read233                   |   in|   32|     ap_none|                                                p_read233|        scalar|
|p_read234                   |   in|   32|     ap_none|                                                p_read234|        scalar|
|p_read235                   |   in|   32|     ap_none|                                                p_read235|        scalar|
|p_read236                   |   in|   32|     ap_none|                                                p_read236|        scalar|
|p_read237                   |   in|   32|     ap_none|                                                p_read237|        scalar|
|p_read238                   |   in|   32|     ap_none|                                                p_read238|        scalar|
|p_read239                   |   in|   32|     ap_none|                                                p_read239|        scalar|
|p_read240                   |   in|   32|     ap_none|                                                p_read240|        scalar|
|p_read241                   |   in|   32|     ap_none|                                                p_read241|        scalar|
|p_read242                   |   in|   32|     ap_none|                                                p_read242|        scalar|
|p_read243                   |   in|   32|     ap_none|                                                p_read243|        scalar|
|p_read244                   |   in|   32|     ap_none|                                                p_read244|        scalar|
|p_read245                   |   in|   32|     ap_none|                                                p_read245|        scalar|
|p_read246                   |   in|   32|     ap_none|                                                p_read246|        scalar|
|p_read247                   |   in|   32|     ap_none|                                                p_read247|        scalar|
|p_read248                   |   in|   32|     ap_none|                                                p_read248|        scalar|
|p_read249                   |   in|   32|     ap_none|                                                p_read249|        scalar|
|p_read250                   |   in|   32|     ap_none|                                                p_read250|        scalar|
|p_read251                   |   in|   32|     ap_none|                                                p_read251|        scalar|
|p_read252                   |   in|   32|     ap_none|                                                p_read252|        scalar|
|p_read253                   |   in|   32|     ap_none|                                                p_read253|        scalar|
|p_read254                   |   in|   32|     ap_none|                                                p_read254|        scalar|
|p_read255                   |   in|   32|     ap_none|                                                p_read255|        scalar|
|p_read256                   |   in|   32|     ap_none|                                                p_read256|        scalar|
|p_read257                   |   in|   32|     ap_none|                                                p_read257|        scalar|
|p_read258                   |   in|   32|     ap_none|                                                p_read258|        scalar|
|p_read259                   |   in|   32|     ap_none|                                                p_read259|        scalar|
|p_read260                   |   in|   32|     ap_none|                                                p_read260|        scalar|
|p_read261                   |   in|   32|     ap_none|                                                p_read261|        scalar|
|p_read262                   |   in|   32|     ap_none|                                                p_read262|        scalar|
|p_read263                   |   in|   32|     ap_none|                                                p_read263|        scalar|
|p_read264                   |   in|   32|     ap_none|                                                p_read264|        scalar|
|p_read265                   |   in|   32|     ap_none|                                                p_read265|        scalar|
|p_read266                   |   in|   32|     ap_none|                                                p_read266|        scalar|
|p_read267                   |   in|   32|     ap_none|                                                p_read267|        scalar|
|p_read268                   |   in|   32|     ap_none|                                                p_read268|        scalar|
|p_read269                   |   in|   32|     ap_none|                                                p_read269|        scalar|
|p_read270                   |   in|   32|     ap_none|                                                p_read270|        scalar|
|p_read271                   |   in|   32|     ap_none|                                                p_read271|        scalar|
|p_read272                   |   in|   32|     ap_none|                                                p_read272|        scalar|
|p_read273                   |   in|   32|     ap_none|                                                p_read273|        scalar|
|p_read274                   |   in|   32|     ap_none|                                                p_read274|        scalar|
|p_read275                   |   in|   32|     ap_none|                                                p_read275|        scalar|
|p_read276                   |   in|   32|     ap_none|                                                p_read276|        scalar|
|p_read277                   |   in|   32|     ap_none|                                                p_read277|        scalar|
|p_read278                   |   in|   32|     ap_none|                                                p_read278|        scalar|
|p_read279                   |   in|   32|     ap_none|                                                p_read279|        scalar|
|p_read280                   |   in|   32|     ap_none|                                                p_read280|        scalar|
|p_read281                   |   in|   32|     ap_none|                                                p_read281|        scalar|
|p_read282                   |   in|   32|     ap_none|                                                p_read282|        scalar|
|p_read283                   |   in|   32|     ap_none|                                                p_read283|        scalar|
|p_read284                   |   in|   32|     ap_none|                                                p_read284|        scalar|
|p_read285                   |   in|   32|     ap_none|                                                p_read285|        scalar|
|p_read286                   |   in|   32|     ap_none|                                                p_read286|        scalar|
|p_read287                   |   in|   32|     ap_none|                                                p_read287|        scalar|
|p_read288                   |   in|   32|     ap_none|                                                p_read288|        scalar|
|p_read289                   |   in|   32|     ap_none|                                                p_read289|        scalar|
|p_read290                   |   in|   32|     ap_none|                                                p_read290|        scalar|
|p_read291                   |   in|   32|     ap_none|                                                p_read291|        scalar|
|p_read292                   |   in|   32|     ap_none|                                                p_read292|        scalar|
|p_read293                   |   in|   32|     ap_none|                                                p_read293|        scalar|
|p_read294                   |   in|   32|     ap_none|                                                p_read294|        scalar|
|p_read295                   |   in|   32|     ap_none|                                                p_read295|        scalar|
|p_read296                   |   in|   32|     ap_none|                                                p_read296|        scalar|
|p_read297                   |   in|   32|     ap_none|                                                p_read297|        scalar|
|p_read298                   |   in|   32|     ap_none|                                                p_read298|        scalar|
|p_read299                   |   in|   32|     ap_none|                                                p_read299|        scalar|
|p_read300                   |   in|   32|     ap_none|                                                p_read300|        scalar|
|p_read301                   |   in|   32|     ap_none|                                                p_read301|        scalar|
|p_read302                   |   in|   32|     ap_none|                                                p_read302|        scalar|
|p_read303                   |   in|   32|     ap_none|                                                p_read303|        scalar|
|p_read304                   |   in|   32|     ap_none|                                                p_read304|        scalar|
|p_read305                   |   in|   32|     ap_none|                                                p_read305|        scalar|
|p_read306                   |   in|   32|     ap_none|                                                p_read306|        scalar|
|p_read307                   |   in|   32|     ap_none|                                                p_read307|        scalar|
|p_read308                   |   in|   32|     ap_none|                                                p_read308|        scalar|
|p_read309                   |   in|   32|     ap_none|                                                p_read309|        scalar|
|p_read310                   |   in|   32|     ap_none|                                                p_read310|        scalar|
|p_read311                   |   in|   32|     ap_none|                                                p_read311|        scalar|
|p_read312                   |   in|   32|     ap_none|                                                p_read312|        scalar|
|p_read313                   |   in|   32|     ap_none|                                                p_read313|        scalar|
|p_read314                   |   in|   32|     ap_none|                                                p_read314|        scalar|
|p_read315                   |   in|   32|     ap_none|                                                p_read315|        scalar|
|p_read316                   |   in|   32|     ap_none|                                                p_read316|        scalar|
|p_read317                   |   in|   32|     ap_none|                                                p_read317|        scalar|
|p_read318                   |   in|   32|     ap_none|                                                p_read318|        scalar|
|p_read319                   |   in|   32|     ap_none|                                                p_read319|        scalar|
|p_read320                   |   in|   32|     ap_none|                                                p_read320|        scalar|
|p_read321                   |   in|   32|     ap_none|                                                p_read321|        scalar|
|p_read322                   |   in|   32|     ap_none|                                                p_read322|        scalar|
|p_read323                   |   in|   32|     ap_none|                                                p_read323|        scalar|
|p_read324                   |   in|   32|     ap_none|                                                p_read324|        scalar|
|p_read325                   |   in|   32|     ap_none|                                                p_read325|        scalar|
|p_read326                   |   in|   32|     ap_none|                                                p_read326|        scalar|
|p_read327                   |   in|   32|     ap_none|                                                p_read327|        scalar|
|p_read328                   |   in|   32|     ap_none|                                                p_read328|        scalar|
|p_read329                   |   in|   32|     ap_none|                                                p_read329|        scalar|
|p_read330                   |   in|   32|     ap_none|                                                p_read330|        scalar|
|p_read331                   |   in|   32|     ap_none|                                                p_read331|        scalar|
|p_read332                   |   in|   32|     ap_none|                                                p_read332|        scalar|
|p_read333                   |   in|   32|     ap_none|                                                p_read333|        scalar|
|p_read334                   |   in|   32|     ap_none|                                                p_read334|        scalar|
|p_read335                   |   in|   32|     ap_none|                                                p_read335|        scalar|
|p_read336                   |   in|   32|     ap_none|                                                p_read336|        scalar|
|p_read337                   |   in|   32|     ap_none|                                                p_read337|        scalar|
|p_read338                   |   in|   32|     ap_none|                                                p_read338|        scalar|
|p_read339                   |   in|   32|     ap_none|                                                p_read339|        scalar|
|p_read340                   |   in|   32|     ap_none|                                                p_read340|        scalar|
|p_read341                   |   in|   32|     ap_none|                                                p_read341|        scalar|
|p_read342                   |   in|   32|     ap_none|                                                p_read342|        scalar|
|p_read343                   |   in|   32|     ap_none|                                                p_read343|        scalar|
|p_read344                   |   in|   32|     ap_none|                                                p_read344|        scalar|
|p_read345                   |   in|   32|     ap_none|                                                p_read345|        scalar|
|p_read346                   |   in|   32|     ap_none|                                                p_read346|        scalar|
|p_read347                   |   in|   32|     ap_none|                                                p_read347|        scalar|
|p_read348                   |   in|   32|     ap_none|                                                p_read348|        scalar|
|p_read349                   |   in|   32|     ap_none|                                                p_read349|        scalar|
|p_read350                   |   in|   32|     ap_none|                                                p_read350|        scalar|
|p_read351                   |   in|   32|     ap_none|                                                p_read351|        scalar|
|p_read352                   |   in|   32|     ap_none|                                                p_read352|        scalar|
|p_read353                   |   in|   32|     ap_none|                                                p_read353|        scalar|
|p_read354                   |   in|   32|     ap_none|                                                p_read354|        scalar|
|p_read355                   |   in|   32|     ap_none|                                                p_read355|        scalar|
|p_read356                   |   in|   32|     ap_none|                                                p_read356|        scalar|
|p_read357                   |   in|   32|     ap_none|                                                p_read357|        scalar|
|p_read358                   |   in|   32|     ap_none|                                                p_read358|        scalar|
|p_read359                   |   in|   32|     ap_none|                                                p_read359|        scalar|
|p_read360                   |   in|   32|     ap_none|                                                p_read360|        scalar|
|p_read361                   |   in|   32|     ap_none|                                                p_read361|        scalar|
|p_read362                   |   in|   32|     ap_none|                                                p_read362|        scalar|
|p_read363                   |   in|   32|     ap_none|                                                p_read363|        scalar|
|p_read364                   |   in|   32|     ap_none|                                                p_read364|        scalar|
|p_read365                   |   in|   32|     ap_none|                                                p_read365|        scalar|
|p_read366                   |   in|   32|     ap_none|                                                p_read366|        scalar|
|p_read367                   |   in|   32|     ap_none|                                                p_read367|        scalar|
|p_read368                   |   in|   32|     ap_none|                                                p_read368|        scalar|
|p_read369                   |   in|   32|     ap_none|                                                p_read369|        scalar|
|p_read370                   |   in|   32|     ap_none|                                                p_read370|        scalar|
|p_read371                   |   in|   32|     ap_none|                                                p_read371|        scalar|
|p_read372                   |   in|   32|     ap_none|                                                p_read372|        scalar|
|p_read373                   |   in|   32|     ap_none|                                                p_read373|        scalar|
|p_read374                   |   in|   32|     ap_none|                                                p_read374|        scalar|
|p_read375                   |   in|   32|     ap_none|                                                p_read375|        scalar|
|p_read376                   |   in|   32|     ap_none|                                                p_read376|        scalar|
|p_read377                   |   in|   32|     ap_none|                                                p_read377|        scalar|
|p_read378                   |   in|   32|     ap_none|                                                p_read378|        scalar|
|p_read379                   |   in|   32|     ap_none|                                                p_read379|        scalar|
|p_read380                   |   in|   32|     ap_none|                                                p_read380|        scalar|
|p_read381                   |   in|   32|     ap_none|                                                p_read381|        scalar|
|p_read382                   |   in|   32|     ap_none|                                                p_read382|        scalar|
|p_read383                   |   in|   32|     ap_none|                                                p_read383|        scalar|
|p_read384                   |   in|   32|     ap_none|                                                p_read384|        scalar|
|p_read385                   |   in|   32|     ap_none|                                                p_read385|        scalar|
|p_read386                   |   in|   32|     ap_none|                                                p_read386|        scalar|
|p_read387                   |   in|   32|     ap_none|                                                p_read387|        scalar|
|p_read388                   |   in|   32|     ap_none|                                                p_read388|        scalar|
|p_read389                   |   in|   32|     ap_none|                                                p_read389|        scalar|
|p_read390                   |   in|   32|     ap_none|                                                p_read390|        scalar|
|p_read391                   |   in|   32|     ap_none|                                                p_read391|        scalar|
|p_read392                   |   in|   32|     ap_none|                                                p_read392|        scalar|
|p_read393                   |   in|   32|     ap_none|                                                p_read393|        scalar|
|p_read394                   |   in|   32|     ap_none|                                                p_read394|        scalar|
|p_read395                   |   in|   32|     ap_none|                                                p_read395|        scalar|
|p_read396                   |   in|   32|     ap_none|                                                p_read396|        scalar|
|p_read397                   |   in|   32|     ap_none|                                                p_read397|        scalar|
|p_read398                   |   in|   32|     ap_none|                                                p_read398|        scalar|
|p_read399                   |   in|   32|     ap_none|                                                p_read399|        scalar|
|p_read400                   |   in|   32|     ap_none|                                                p_read400|        scalar|
|p_read401                   |   in|   32|     ap_none|                                                p_read401|        scalar|
|p_read402                   |   in|   32|     ap_none|                                                p_read402|        scalar|
|p_read403                   |   in|   32|     ap_none|                                                p_read403|        scalar|
|p_read404                   |   in|   32|     ap_none|                                                p_read404|        scalar|
|p_read405                   |   in|   32|     ap_none|                                                p_read405|        scalar|
|p_read406                   |   in|   32|     ap_none|                                                p_read406|        scalar|
|p_read407                   |   in|   32|     ap_none|                                                p_read407|        scalar|
|p_read408                   |   in|   32|     ap_none|                                                p_read408|        scalar|
|p_read409                   |   in|   32|     ap_none|                                                p_read409|        scalar|
|p_read410                   |   in|   32|     ap_none|                                                p_read410|        scalar|
|p_read411                   |   in|   32|     ap_none|                                                p_read411|        scalar|
|p_read412                   |   in|   32|     ap_none|                                                p_read412|        scalar|
|p_read413                   |   in|   32|     ap_none|                                                p_read413|        scalar|
|p_read414                   |   in|   32|     ap_none|                                                p_read414|        scalar|
|p_read415                   |   in|   32|     ap_none|                                                p_read415|        scalar|
|p_read416                   |   in|   32|     ap_none|                                                p_read416|        scalar|
|p_read417                   |   in|   32|     ap_none|                                                p_read417|        scalar|
|p_read418                   |   in|   32|     ap_none|                                                p_read418|        scalar|
|p_read419                   |   in|   32|     ap_none|                                                p_read419|        scalar|
|p_read420                   |   in|   32|     ap_none|                                                p_read420|        scalar|
|p_read421                   |   in|   32|     ap_none|                                                p_read421|        scalar|
|p_read422                   |   in|   32|     ap_none|                                                p_read422|        scalar|
|p_read423                   |   in|   32|     ap_none|                                                p_read423|        scalar|
|p_read424                   |   in|   32|     ap_none|                                                p_read424|        scalar|
|p_read425                   |   in|   32|     ap_none|                                                p_read425|        scalar|
|p_read426                   |   in|   32|     ap_none|                                                p_read426|        scalar|
|p_read427                   |   in|   32|     ap_none|                                                p_read427|        scalar|
|p_read428                   |   in|   32|     ap_none|                                                p_read428|        scalar|
|p_read429                   |   in|   32|     ap_none|                                                p_read429|        scalar|
|p_read430                   |   in|   32|     ap_none|                                                p_read430|        scalar|
|p_read431                   |   in|   32|     ap_none|                                                p_read431|        scalar|
|p_read432                   |   in|   32|     ap_none|                                                p_read432|        scalar|
|p_read433                   |   in|   32|     ap_none|                                                p_read433|        scalar|
|p_read434                   |   in|   32|     ap_none|                                                p_read434|        scalar|
|p_read435                   |   in|   32|     ap_none|                                                p_read435|        scalar|
|p_read436                   |   in|   32|     ap_none|                                                p_read436|        scalar|
|p_read437                   |   in|   32|     ap_none|                                                p_read437|        scalar|
|p_read438                   |   in|   32|     ap_none|                                                p_read438|        scalar|
|p_read439                   |   in|   32|     ap_none|                                                p_read439|        scalar|
|p_read440                   |   in|   32|     ap_none|                                                p_read440|        scalar|
|p_read441                   |   in|   32|     ap_none|                                                p_read441|        scalar|
|p_read442                   |   in|   32|     ap_none|                                                p_read442|        scalar|
|p_read443                   |   in|   32|     ap_none|                                                p_read443|        scalar|
|p_read444                   |   in|   32|     ap_none|                                                p_read444|        scalar|
|p_read445                   |   in|   32|     ap_none|                                                p_read445|        scalar|
|p_read446                   |   in|   32|     ap_none|                                                p_read446|        scalar|
|p_read447                   |   in|   32|     ap_none|                                                p_read447|        scalar|
|p_read448                   |   in|   32|     ap_none|                                                p_read448|        scalar|
|p_read449                   |   in|   32|     ap_none|                                                p_read449|        scalar|
|p_read450                   |   in|   32|     ap_none|                                                p_read450|        scalar|
|p_read451                   |   in|   32|     ap_none|                                                p_read451|        scalar|
|p_read452                   |   in|   32|     ap_none|                                                p_read452|        scalar|
|p_read453                   |   in|   32|     ap_none|                                                p_read453|        scalar|
|p_read454                   |   in|   32|     ap_none|                                                p_read454|        scalar|
|p_read455                   |   in|   32|     ap_none|                                                p_read455|        scalar|
|p_read456                   |   in|   32|     ap_none|                                                p_read456|        scalar|
|p_read457                   |   in|   32|     ap_none|                                                p_read457|        scalar|
|p_read458                   |   in|   32|     ap_none|                                                p_read458|        scalar|
|p_read459                   |   in|   32|     ap_none|                                                p_read459|        scalar|
|p_read460                   |   in|   32|     ap_none|                                                p_read460|        scalar|
|p_read461                   |   in|   32|     ap_none|                                                p_read461|        scalar|
|p_read462                   |   in|   32|     ap_none|                                                p_read462|        scalar|
|p_read463                   |   in|   32|     ap_none|                                                p_read463|        scalar|
|p_read464                   |   in|   32|     ap_none|                                                p_read464|        scalar|
|p_read465                   |   in|   32|     ap_none|                                                p_read465|        scalar|
|p_read466                   |   in|   32|     ap_none|                                                p_read466|        scalar|
|p_read467                   |   in|   32|     ap_none|                                                p_read467|        scalar|
|p_read468                   |   in|   32|     ap_none|                                                p_read468|        scalar|
|p_read469                   |   in|   32|     ap_none|                                                p_read469|        scalar|
|p_read470                   |   in|   32|     ap_none|                                                p_read470|        scalar|
|p_read471                   |   in|   32|     ap_none|                                                p_read471|        scalar|
|p_read472                   |   in|   32|     ap_none|                                                p_read472|        scalar|
|p_read473                   |   in|   32|     ap_none|                                                p_read473|        scalar|
|p_read474                   |   in|   32|     ap_none|                                                p_read474|        scalar|
|p_read475                   |   in|   32|     ap_none|                                                p_read475|        scalar|
|p_read476                   |   in|   32|     ap_none|                                                p_read476|        scalar|
|p_read477                   |   in|   32|     ap_none|                                                p_read477|        scalar|
|p_read478                   |   in|   32|     ap_none|                                                p_read478|        scalar|
|p_read479                   |   in|   32|     ap_none|                                                p_read479|        scalar|
|p_read480                   |   in|   32|     ap_none|                                                p_read480|        scalar|
|p_read481                   |   in|   32|     ap_none|                                                p_read481|        scalar|
|p_read482                   |   in|   32|     ap_none|                                                p_read482|        scalar|
|p_read483                   |   in|   32|     ap_none|                                                p_read483|        scalar|
|p_read484                   |   in|   32|     ap_none|                                                p_read484|        scalar|
|p_read485                   |   in|   32|     ap_none|                                                p_read485|        scalar|
|p_read486                   |   in|   32|     ap_none|                                                p_read486|        scalar|
|p_read487                   |   in|   32|     ap_none|                                                p_read487|        scalar|
|p_read488                   |   in|   32|     ap_none|                                                p_read488|        scalar|
|p_read489                   |   in|   32|     ap_none|                                                p_read489|        scalar|
|p_read490                   |   in|   32|     ap_none|                                                p_read490|        scalar|
|p_read491                   |   in|   32|     ap_none|                                                p_read491|        scalar|
|p_read492                   |   in|   32|     ap_none|                                                p_read492|        scalar|
|p_read493                   |   in|   32|     ap_none|                                                p_read493|        scalar|
|p_read494                   |   in|   32|     ap_none|                                                p_read494|        scalar|
|p_read495                   |   in|   32|     ap_none|                                                p_read495|        scalar|
|p_read496                   |   in|   32|     ap_none|                                                p_read496|        scalar|
|p_read497                   |   in|   32|     ap_none|                                                p_read497|        scalar|
|p_read498                   |   in|   32|     ap_none|                                                p_read498|        scalar|
|p_read499                   |   in|   32|     ap_none|                                                p_read499|        scalar|
|p_read500                   |   in|   32|     ap_none|                                                p_read500|        scalar|
|p_read501                   |   in|   32|     ap_none|                                                p_read501|        scalar|
|p_read502                   |   in|   32|     ap_none|                                                p_read502|        scalar|
|p_read503                   |   in|   32|     ap_none|                                                p_read503|        scalar|
|p_read504                   |   in|   32|     ap_none|                                                p_read504|        scalar|
|p_read505                   |   in|   32|     ap_none|                                                p_read505|        scalar|
|p_read506                   |   in|   32|     ap_none|                                                p_read506|        scalar|
|p_read507                   |   in|   32|     ap_none|                                                p_read507|        scalar|
|p_read508                   |   in|   32|     ap_none|                                                p_read508|        scalar|
|p_read509                   |   in|   32|     ap_none|                                                p_read509|        scalar|
|p_read510                   |   in|   32|     ap_none|                                                p_read510|        scalar|
|p_read511                   |   in|   32|     ap_none|                                                p_read511|        scalar|
+----------------------------+-----+-----+------------+---------------------------------------------------------+--------------+

