

================================================================
== Vitis HLS Report for 'loader_C_tile6668707274767880828486889092949698100102104106108110112114116118120'
================================================================
* Date:           Fri Jul 10 16:26:29 2026

* Version:        2023.2 (Build 4023990 on Oct 11 2023)
* Project:        hls_project
* Solution:       gemm2 (Vitis Kernel Flow Target)
* Product family: versalaicore
* Target device:  xcvc1902-vsva2197-2MP-e-S


================================================================
== Performance Estimates
================================================================
+ Timing: 
    * Summary: 
    +--------+---------+----------+------------+
    |  Clock |  Target | Estimated| Uncertainty|
    +--------+---------+----------+------------+
    |ap_clk  |  3.33 ns|  2.512 ns|     0.90 ns|
    +--------+---------+----------+------------+

+ Latency: 
    * Summary: 
    +---------+---------+-----------+-----------+-----+-----+---------+
    |  Latency (cycles) |   Latency (absolute)  |  Interval | Pipeline|
    |   min   |   max   |    min    |    max    | min | max |   Type  |
    +---------+---------+-----------+-----------+-----+-----+---------+
    |       18|       18|  59.994 ns|  59.994 ns|   18|   18|       no|
    +---------+---------+-----------+-----------+-----+-----+---------+

    + Detail: 
        * Instance: 
        N/A

        * Loop: 
        +-------------------+---------+---------+----------+-----------+-----------+------+----------+
        |                   |  Latency (cycles) | Iteration|  Initiation Interval  | Trip |          |
        |     Loop Name     |   min   |   max   |  Latency |  achieved |   target  | Count| Pipelined|
        +-------------------+---------+---------+----------+-----------+-----------+------+----------+
        |- VITIS_LOOP_35_1  |       16|       16|         1|          1|          1|    16|       yes|
        +-------------------+---------+---------+----------+-----------+-----------+------+----------+



================================================================
== Utilization Estimates
================================================================
* Summary: 
+-----------------+---------+------+---------+--------+-----+
|       Name      | BRAM_18K|  DSP |    FF   |   LUT  | URAM|
+-----------------+---------+------+---------+--------+-----+
|DSP              |        -|     -|        -|       -|    -|
|Expression       |        -|     -|        0|      13|    -|
|FIFO             |        -|     -|        -|       -|    -|
|Instance         |        -|     -|        -|       -|    -|
|Memory           |        -|     -|        -|       -|    -|
|Multiplexer      |        -|     -|        -|      76|    -|
|Register         |        -|     -|        7|       -|    -|
+-----------------+---------+------+---------+--------+-----+
|Total            |        0|     0|        7|      89|    0|
+-----------------+---------+------+---------+--------+-----+
|Available        |     1934|  1968|  1799680|  899840|  463|
+-----------------+---------+------+---------+--------+-----+
|Utilization (%)  |        0|     0|       ~0|      ~0|    0|
+-----------------+---------+------+---------+--------+-----+

+ Detail: 
    * Instance: 
    N/A

    * DSP: 
    N/A

    * Memory: 
    N/A

    * FIFO: 
    N/A

    * Expression: 
    +----------------------------------+----------+----+---+----+------------+------------+
    |           Variable Name          | Operation| DSP| FF| LUT| Bitwidth P0| Bitwidth P1|
    +----------------------------------+----------+----+---+----+------------+------------+
    |add_ln35_fu_802_p2                |         +|   0|  0|   5|           5|           1|
    |icmp_ln35_fu_808_p2               |      icmp|   0|  0|   6|           5|           6|
    |ap_block_state1_pp0_stage0_iter0  |        or|   0|  0|   2|           1|           1|
    +----------------------------------+----------+----+---+----+------------+------------+
    |Total                             |          |   0|  0|  13|          11|           8|
    +----------------------------------+----------+----+---+----+------------+------------+

    * Multiplexer: 
    +----------------------+----+-----------+-----+-----------+
    |         Name         | LUT| Input Size| Bits| Total Bits|
    +----------------------+----+-----------+-----+-----------+
    |C_streams_0_0_blk_n   |   2|          2|    1|          2|
    |C_streams_0_10_blk_n  |   2|          2|    1|          2|
    |C_streams_0_11_blk_n  |   2|          2|    1|          2|
    |C_streams_0_12_blk_n  |   2|          2|    1|          2|
    |C_streams_0_13_blk_n  |   2|          2|    1|          2|
    |C_streams_0_14_blk_n  |   2|          2|    1|          2|
    |C_streams_0_15_blk_n  |   2|          2|    1|          2|
    |C_streams_0_16_blk_n  |   2|          2|    1|          2|
    |C_streams_0_17_blk_n  |   2|          2|    1|          2|
    |C_streams_0_18_blk_n  |   2|          2|    1|          2|
    |C_streams_0_19_blk_n  |   2|          2|    1|          2|
    |C_streams_0_1_blk_n   |   2|          2|    1|          2|
    |C_streams_0_20_blk_n  |   2|          2|    1|          2|
    |C_streams_0_21_blk_n  |   2|          2|    1|          2|
    |C_streams_0_22_blk_n  |   2|          2|    1|          2|
    |C_streams_0_23_blk_n  |   2|          2|    1|          2|
    |C_streams_0_24_blk_n  |   2|          2|    1|          2|
    |C_streams_0_25_blk_n  |   2|          2|    1|          2|
    |C_streams_0_26_blk_n  |   2|          2|    1|          2|
    |C_streams_0_27_blk_n  |   2|          2|    1|          2|
    |C_streams_0_28_blk_n  |   2|          2|    1|          2|
    |C_streams_0_29_blk_n  |   2|          2|    1|          2|
    |C_streams_0_2_blk_n   |   2|          2|    1|          2|
    |C_streams_0_30_blk_n  |   2|          2|    1|          2|
    |C_streams_0_31_blk_n  |   2|          2|    1|          2|
    |C_streams_0_3_blk_n   |   2|          2|    1|          2|
    |C_streams_0_4_blk_n   |   2|          2|    1|          2|
    |C_streams_0_5_blk_n   |   2|          2|    1|          2|
    |C_streams_0_6_blk_n   |   2|          2|    1|          2|
    |C_streams_0_7_blk_n   |   2|          2|    1|          2|
    |C_streams_0_8_blk_n   |   2|          2|    1|          2|
    |C_streams_0_9_blk_n   |   2|          2|    1|          2|
    |ap_done_int           |   2|          2|    1|          2|
    |ap_sig_allocacmp_i_1  |   5|          2|    5|         10|
    |i_fu_172              |   5|          2|    5|         10|
    +----------------------+----+-----------+-----+-----------+
    |Total                 |  76|         70|   43|         86|
    +----------------------+----+-----------+-----+-----------+

    * Register: 
    +-------------+---+----+-----+-----------+
    |     Name    | FF| LUT| Bits| Const Bits|
    +-------------+---+----+-----+-----------+
    |ap_CS_fsm    |  1|   0|    1|          0|
    |ap_done_reg  |  1|   0|    1|          0|
    |i_fu_172     |  5|   0|    5|          0|
    +-------------+---+----+-----+-----------+
    |Total        |  7|   0|    7|          0|
    +-------------+---+----+-----+-----------+



================================================================
== Interface
================================================================
* Summary: 
+-------------------------------+-----+-----+------------+----------------------------------------------------------------------------------+--------------+
|           RTL Ports           | Dir | Bits|  Protocol  |                                   Source Object                                  |    C Type    |
+-------------------------------+-----+-----+------------+----------------------------------------------------------------------------------+--------------+
|ap_clk                         |   in|    1|  ap_ctrl_hs|  loader_C_tile6668707274767880828486889092949698100102104106108110112114116118120|  return value|
|ap_rst                         |   in|    1|  ap_ctrl_hs|  loader_C_tile6668707274767880828486889092949698100102104106108110112114116118120|  return value|
|ap_start                       |   in|    1|  ap_ctrl_hs|  loader_C_tile6668707274767880828486889092949698100102104106108110112114116118120|  return value|
|ap_done                        |  out|    1|  ap_ctrl_hs|  loader_C_tile6668707274767880828486889092949698100102104106108110112114116118120|  return value|
|ap_continue                    |   in|    1|  ap_ctrl_hs|  loader_C_tile6668707274767880828486889092949698100102104106108110112114116118120|  return value|
|ap_idle                        |  out|    1|  ap_ctrl_hs|  loader_C_tile6668707274767880828486889092949698100102104106108110112114116118120|  return value|
|ap_ready                       |  out|    1|  ap_ctrl_hs|  loader_C_tile6668707274767880828486889092949698100102104106108110112114116118120|  return value|
|C_streams_0_0_dout             |   in|   32|     ap_fifo|                                                                     C_streams_0_0|       pointer|
|C_streams_0_0_num_data_valid   |   in|    3|     ap_fifo|                                                                     C_streams_0_0|       pointer|
|C_streams_0_0_fifo_cap         |   in|    3|     ap_fifo|                                                                     C_streams_0_0|       pointer|
|C_streams_0_0_empty_n          |   in|    1|     ap_fifo|                                                                     C_streams_0_0|       pointer|
|C_streams_0_0_read             |  out|    1|     ap_fifo|                                                                     C_streams_0_0|       pointer|
|C_streams_0_1_dout             |   in|   32|     ap_fifo|                                                                     C_streams_0_1|       pointer|
|C_streams_0_1_num_data_valid   |   in|    3|     ap_fifo|                                                                     C_streams_0_1|       pointer|
|C_streams_0_1_fifo_cap         |   in|    3|     ap_fifo|                                                                     C_streams_0_1|       pointer|
|C_streams_0_1_empty_n          |   in|    1|     ap_fifo|                                                                     C_streams_0_1|       pointer|
|C_streams_0_1_read             |  out|    1|     ap_fifo|                                                                     C_streams_0_1|       pointer|
|C_streams_0_2_dout             |   in|   32|     ap_fifo|                                                                     C_streams_0_2|       pointer|
|C_streams_0_2_num_data_valid   |   in|    3|     ap_fifo|                                                                     C_streams_0_2|       pointer|
|C_streams_0_2_fifo_cap         |   in|    3|     ap_fifo|                                                                     C_streams_0_2|       pointer|
|C_streams_0_2_empty_n          |   in|    1|     ap_fifo|                                                                     C_streams_0_2|       pointer|
|C_streams_0_2_read             |  out|    1|     ap_fifo|                                                                     C_streams_0_2|       pointer|
|C_streams_0_3_dout             |   in|   32|     ap_fifo|                                                                     C_streams_0_3|       pointer|
|C_streams_0_3_num_data_valid   |   in|    3|     ap_fifo|                                                                     C_streams_0_3|       pointer|
|C_streams_0_3_fifo_cap         |   in|    3|     ap_fifo|                                                                     C_streams_0_3|       pointer|
|C_streams_0_3_empty_n          |   in|    1|     ap_fifo|                                                                     C_streams_0_3|       pointer|
|C_streams_0_3_read             |  out|    1|     ap_fifo|                                                                     C_streams_0_3|       pointer|
|C_streams_0_4_dout             |   in|   32|     ap_fifo|                                                                     C_streams_0_4|       pointer|
|C_streams_0_4_num_data_valid   |   in|    3|     ap_fifo|                                                                     C_streams_0_4|       pointer|
|C_streams_0_4_fifo_cap         |   in|    3|     ap_fifo|                                                                     C_streams_0_4|       pointer|
|C_streams_0_4_empty_n          |   in|    1|     ap_fifo|                                                                     C_streams_0_4|       pointer|
|C_streams_0_4_read             |  out|    1|     ap_fifo|                                                                     C_streams_0_4|       pointer|
|C_streams_0_5_dout             |   in|   32|     ap_fifo|                                                                     C_streams_0_5|       pointer|
|C_streams_0_5_num_data_valid   |   in|    3|     ap_fifo|                                                                     C_streams_0_5|       pointer|
|C_streams_0_5_fifo_cap         |   in|    3|     ap_fifo|                                                                     C_streams_0_5|       pointer|
|C_streams_0_5_empty_n          |   in|    1|     ap_fifo|                                                                     C_streams_0_5|       pointer|
|C_streams_0_5_read             |  out|    1|     ap_fifo|                                                                     C_streams_0_5|       pointer|
|C_streams_0_6_dout             |   in|   32|     ap_fifo|                                                                     C_streams_0_6|       pointer|
|C_streams_0_6_num_data_valid   |   in|    3|     ap_fifo|                                                                     C_streams_0_6|       pointer|
|C_streams_0_6_fifo_cap         |   in|    3|     ap_fifo|                                                                     C_streams_0_6|       pointer|
|C_streams_0_6_empty_n          |   in|    1|     ap_fifo|                                                                     C_streams_0_6|       pointer|
|C_streams_0_6_read             |  out|    1|     ap_fifo|                                                                     C_streams_0_6|       pointer|
|C_streams_0_7_dout             |   in|   32|     ap_fifo|                                                                     C_streams_0_7|       pointer|
|C_streams_0_7_num_data_valid   |   in|    3|     ap_fifo|                                                                     C_streams_0_7|       pointer|
|C_streams_0_7_fifo_cap         |   in|    3|     ap_fifo|                                                                     C_streams_0_7|       pointer|
|C_streams_0_7_empty_n          |   in|    1|     ap_fifo|                                                                     C_streams_0_7|       pointer|
|C_streams_0_7_read             |  out|    1|     ap_fifo|                                                                     C_streams_0_7|       pointer|
|C_streams_0_8_dout             |   in|   32|     ap_fifo|                                                                     C_streams_0_8|       pointer|
|C_streams_0_8_num_data_valid   |   in|    3|     ap_fifo|                                                                     C_streams_0_8|       pointer|
|C_streams_0_8_fifo_cap         |   in|    3|     ap_fifo|                                                                     C_streams_0_8|       pointer|
|C_streams_0_8_empty_n          |   in|    1|     ap_fifo|                                                                     C_streams_0_8|       pointer|
|C_streams_0_8_read             |  out|    1|     ap_fifo|                                                                     C_streams_0_8|       pointer|
|C_streams_0_9_dout             |   in|   32|     ap_fifo|                                                                     C_streams_0_9|       pointer|
|C_streams_0_9_num_data_valid   |   in|    3|     ap_fifo|                                                                     C_streams_0_9|       pointer|
|C_streams_0_9_fifo_cap         |   in|    3|     ap_fifo|                                                                     C_streams_0_9|       pointer|
|C_streams_0_9_empty_n          |   in|    1|     ap_fifo|                                                                     C_streams_0_9|       pointer|
|C_streams_0_9_read             |  out|    1|     ap_fifo|                                                                     C_streams_0_9|       pointer|
|C_streams_0_10_dout            |   in|   32|     ap_fifo|                                                                    C_streams_0_10|       pointer|
|C_streams_0_10_num_data_valid  |   in|    3|     ap_fifo|                                                                    C_streams_0_10|       pointer|
|C_streams_0_10_fifo_cap        |   in|    3|     ap_fifo|                                                                    C_streams_0_10|       pointer|
|C_streams_0_10_empty_n         |   in|    1|     ap_fifo|                                                                    C_streams_0_10|       pointer|
|C_streams_0_10_read            |  out|    1|     ap_fifo|                                                                    C_streams_0_10|       pointer|
|C_streams_0_11_dout            |   in|   32|     ap_fifo|                                                                    C_streams_0_11|       pointer|
|C_streams_0_11_num_data_valid  |   in|    3|     ap_fifo|                                                                    C_streams_0_11|       pointer|
|C_streams_0_11_fifo_cap        |   in|    3|     ap_fifo|                                                                    C_streams_0_11|       pointer|
|C_streams_0_11_empty_n         |   in|    1|     ap_fifo|                                                                    C_streams_0_11|       pointer|
|C_streams_0_11_read            |  out|    1|     ap_fifo|                                                                    C_streams_0_11|       pointer|
|C_streams_0_12_dout            |   in|   32|     ap_fifo|                                                                    C_streams_0_12|       pointer|
|C_streams_0_12_num_data_valid  |   in|    3|     ap_fifo|                                                                    C_streams_0_12|       pointer|
|C_streams_0_12_fifo_cap        |   in|    3|     ap_fifo|                                                                    C_streams_0_12|       pointer|
|C_streams_0_12_empty_n         |   in|    1|     ap_fifo|                                                                    C_streams_0_12|       pointer|
|C_streams_0_12_read            |  out|    1|     ap_fifo|                                                                    C_streams_0_12|       pointer|
|C_streams_0_13_dout            |   in|   32|     ap_fifo|                                                                    C_streams_0_13|       pointer|
|C_streams_0_13_num_data_valid  |   in|    3|     ap_fifo|                                                                    C_streams_0_13|       pointer|
|C_streams_0_13_fifo_cap        |   in|    3|     ap_fifo|                                                                    C_streams_0_13|       pointer|
|C_streams_0_13_empty_n         |   in|    1|     ap_fifo|                                                                    C_streams_0_13|       pointer|
|C_streams_0_13_read            |  out|    1|     ap_fifo|                                                                    C_streams_0_13|       pointer|
|C_streams_0_14_dout            |   in|   32|     ap_fifo|                                                                    C_streams_0_14|       pointer|
|C_streams_0_14_num_data_valid  |   in|    3|     ap_fifo|                                                                    C_streams_0_14|       pointer|
|C_streams_0_14_fifo_cap        |   in|    3|     ap_fifo|                                                                    C_streams_0_14|       pointer|
|C_streams_0_14_empty_n         |   in|    1|     ap_fifo|                                                                    C_streams_0_14|       pointer|
|C_streams_0_14_read            |  out|    1|     ap_fifo|                                                                    C_streams_0_14|       pointer|
|C_streams_0_15_dout            |   in|   32|     ap_fifo|                                                                    C_streams_0_15|       pointer|
|C_streams_0_15_num_data_valid  |   in|    3|     ap_fifo|                                                                    C_streams_0_15|       pointer|
|C_streams_0_15_fifo_cap        |   in|    3|     ap_fifo|                                                                    C_streams_0_15|       pointer|
|C_streams_0_15_empty_n         |   in|    1|     ap_fifo|                                                                    C_streams_0_15|       pointer|
|C_streams_0_15_read            |  out|    1|     ap_fifo|                                                                    C_streams_0_15|       pointer|
|C_streams_0_16_dout            |   in|   32|     ap_fifo|                                                                    C_streams_0_16|       pointer|
|C_streams_0_16_num_data_valid  |   in|    3|     ap_fifo|                                                                    C_streams_0_16|       pointer|
|C_streams_0_16_fifo_cap        |   in|    3|     ap_fifo|                                                                    C_streams_0_16|       pointer|
|C_streams_0_16_empty_n         |   in|    1|     ap_fifo|                                                                    C_streams_0_16|       pointer|
|C_streams_0_16_read            |  out|    1|     ap_fifo|                                                                    C_streams_0_16|       pointer|
|C_streams_0_17_dout            |   in|   32|     ap_fifo|                                                                    C_streams_0_17|       pointer|
|C_streams_0_17_num_data_valid  |   in|    3|     ap_fifo|                                                                    C_streams_0_17|       pointer|
|C_streams_0_17_fifo_cap        |   in|    3|     ap_fifo|                                                                    C_streams_0_17|       pointer|
|C_streams_0_17_empty_n         |   in|    1|     ap_fifo|                                                                    C_streams_0_17|       pointer|
|C_streams_0_17_read            |  out|    1|     ap_fifo|                                                                    C_streams_0_17|       pointer|
|C_streams_0_18_dout            |   in|   32|     ap_fifo|                                                                    C_streams_0_18|       pointer|
|C_streams_0_18_num_data_valid  |   in|    3|     ap_fifo|                                                                    C_streams_0_18|       pointer|
|C_streams_0_18_fifo_cap        |   in|    3|     ap_fifo|                                                                    C_streams_0_18|       pointer|
|C_streams_0_18_empty_n         |   in|    1|     ap_fifo|                                                                    C_streams_0_18|       pointer|
|C_streams_0_18_read            |  out|    1|     ap_fifo|                                                                    C_streams_0_18|       pointer|
|C_streams_0_19_dout            |   in|   32|     ap_fifo|                                                                    C_streams_0_19|       pointer|
|C_streams_0_19_num_data_valid  |   in|    3|     ap_fifo|                                                                    C_streams_0_19|       pointer|
|C_streams_0_19_fifo_cap        |   in|    3|     ap_fifo|                                                                    C_streams_0_19|       pointer|
|C_streams_0_19_empty_n         |   in|    1|     ap_fifo|                                                                    C_streams_0_19|       pointer|
|C_streams_0_19_read            |  out|    1|     ap_fifo|                                                                    C_streams_0_19|       pointer|
|C_streams_0_20_dout            |   in|   32|     ap_fifo|                                                                    C_streams_0_20|       pointer|
|C_streams_0_20_num_data_valid  |   in|    3|     ap_fifo|                                                                    C_streams_0_20|       pointer|
|C_streams_0_20_fifo_cap        |   in|    3|     ap_fifo|                                                                    C_streams_0_20|       pointer|
|C_streams_0_20_empty_n         |   in|    1|     ap_fifo|                                                                    C_streams_0_20|       pointer|
|C_streams_0_20_read            |  out|    1|     ap_fifo|                                                                    C_streams_0_20|       pointer|
|C_streams_0_21_dout            |   in|   32|     ap_fifo|                                                                    C_streams_0_21|       pointer|
|C_streams_0_21_num_data_valid  |   in|    3|     ap_fifo|                                                                    C_streams_0_21|       pointer|
|C_streams_0_21_fifo_cap        |   in|    3|     ap_fifo|                                                                    C_streams_0_21|       pointer|
|C_streams_0_21_empty_n         |   in|    1|     ap_fifo|                                                                    C_streams_0_21|       pointer|
|C_streams_0_21_read            |  out|    1|     ap_fifo|                                                                    C_streams_0_21|       pointer|
|C_streams_0_22_dout            |   in|   32|     ap_fifo|                                                                    C_streams_0_22|       pointer|
|C_streams_0_22_num_data_valid  |   in|    3|     ap_fifo|                                                                    C_streams_0_22|       pointer|
|C_streams_0_22_fifo_cap        |   in|    3|     ap_fifo|                                                                    C_streams_0_22|       pointer|
|C_streams_0_22_empty_n         |   in|    1|     ap_fifo|                                                                    C_streams_0_22|       pointer|
|C_streams_0_22_read            |  out|    1|     ap_fifo|                                                                    C_streams_0_22|       pointer|
|C_streams_0_23_dout            |   in|   32|     ap_fifo|                                                                    C_streams_0_23|       pointer|
|C_streams_0_23_num_data_valid  |   in|    3|     ap_fifo|                                                                    C_streams_0_23|       pointer|
|C_streams_0_23_fifo_cap        |   in|    3|     ap_fifo|                                                                    C_streams_0_23|       pointer|
|C_streams_0_23_empty_n         |   in|    1|     ap_fifo|                                                                    C_streams_0_23|       pointer|
|C_streams_0_23_read            |  out|    1|     ap_fifo|                                                                    C_streams_0_23|       pointer|
|C_streams_0_24_dout            |   in|   32|     ap_fifo|                                                                    C_streams_0_24|       pointer|
|C_streams_0_24_num_data_valid  |   in|    3|     ap_fifo|                                                                    C_streams_0_24|       pointer|
|C_streams_0_24_fifo_cap        |   in|    3|     ap_fifo|                                                                    C_streams_0_24|       pointer|
|C_streams_0_24_empty_n         |   in|    1|     ap_fifo|                                                                    C_streams_0_24|       pointer|
|C_streams_0_24_read            |  out|    1|     ap_fifo|                                                                    C_streams_0_24|       pointer|
|C_streams_0_25_dout            |   in|   32|     ap_fifo|                                                                    C_streams_0_25|       pointer|
|C_streams_0_25_num_data_valid  |   in|    3|     ap_fifo|                                                                    C_streams_0_25|       pointer|
|C_streams_0_25_fifo_cap        |   in|    3|     ap_fifo|                                                                    C_streams_0_25|       pointer|
|C_streams_0_25_empty_n         |   in|    1|     ap_fifo|                                                                    C_streams_0_25|       pointer|
|C_streams_0_25_read            |  out|    1|     ap_fifo|                                                                    C_streams_0_25|       pointer|
|C_streams_0_26_dout            |   in|   32|     ap_fifo|                                                                    C_streams_0_26|       pointer|
|C_streams_0_26_num_data_valid  |   in|    3|     ap_fifo|                                                                    C_streams_0_26|       pointer|
|C_streams_0_26_fifo_cap        |   in|    3|     ap_fifo|                                                                    C_streams_0_26|       pointer|
|C_streams_0_26_empty_n         |   in|    1|     ap_fifo|                                                                    C_streams_0_26|       pointer|
|C_streams_0_26_read            |  out|    1|     ap_fifo|                                                                    C_streams_0_26|       pointer|
|C_streams_0_27_dout            |   in|   32|     ap_fifo|                                                                    C_streams_0_27|       pointer|
|C_streams_0_27_num_data_valid  |   in|    3|     ap_fifo|                                                                    C_streams_0_27|       pointer|
|C_streams_0_27_fifo_cap        |   in|    3|     ap_fifo|                                                                    C_streams_0_27|       pointer|
|C_streams_0_27_empty_n         |   in|    1|     ap_fifo|                                                                    C_streams_0_27|       pointer|
|C_streams_0_27_read            |  out|    1|     ap_fifo|                                                                    C_streams_0_27|       pointer|
|C_streams_0_28_dout            |   in|   32|     ap_fifo|                                                                    C_streams_0_28|       pointer|
|C_streams_0_28_num_data_valid  |   in|    3|     ap_fifo|                                                                    C_streams_0_28|       pointer|
|C_streams_0_28_fifo_cap        |   in|    3|     ap_fifo|                                                                    C_streams_0_28|       pointer|
|C_streams_0_28_empty_n         |   in|    1|     ap_fifo|                                                                    C_streams_0_28|       pointer|
|C_streams_0_28_read            |  out|    1|     ap_fifo|                                                                    C_streams_0_28|       pointer|
|C_streams_0_29_dout            |   in|   32|     ap_fifo|                                                                    C_streams_0_29|       pointer|
|C_streams_0_29_num_data_valid  |   in|    3|     ap_fifo|                                                                    C_streams_0_29|       pointer|
|C_streams_0_29_fifo_cap        |   in|    3|     ap_fifo|                                                                    C_streams_0_29|       pointer|
|C_streams_0_29_empty_n         |   in|    1|     ap_fifo|                                                                    C_streams_0_29|       pointer|
|C_streams_0_29_read            |  out|    1|     ap_fifo|                                                                    C_streams_0_29|       pointer|
|C_streams_0_30_dout            |   in|   32|     ap_fifo|                                                                    C_streams_0_30|       pointer|
|C_streams_0_30_num_data_valid  |   in|    3|     ap_fifo|                                                                    C_streams_0_30|       pointer|
|C_streams_0_30_fifo_cap        |   in|    3|     ap_fifo|                                                                    C_streams_0_30|       pointer|
|C_streams_0_30_empty_n         |   in|    1|     ap_fifo|                                                                    C_streams_0_30|       pointer|
|C_streams_0_30_read            |  out|    1|     ap_fifo|                                                                    C_streams_0_30|       pointer|
|C_streams_0_31_dout            |   in|   32|     ap_fifo|                                                                    C_streams_0_31|       pointer|
|C_streams_0_31_num_data_valid  |   in|    3|     ap_fifo|                                                                    C_streams_0_31|       pointer|
|C_streams_0_31_fifo_cap        |   in|    3|     ap_fifo|                                                                    C_streams_0_31|       pointer|
|C_streams_0_31_empty_n         |   in|    1|     ap_fifo|                                                                    C_streams_0_31|       pointer|
|C_streams_0_31_read            |  out|    1|     ap_fifo|                                                                    C_streams_0_31|       pointer|
|C_0_address0                   |  out|    4|   ap_memory|                                                                               C_0|         array|
|C_0_ce0                        |  out|    1|   ap_memory|                                                                               C_0|         array|
|C_0_we0                        |  out|    1|   ap_memory|                                                                               C_0|         array|
|C_0_d0                         |  out|   32|   ap_memory|                                                                               C_0|         array|
|C_1_address0                   |  out|    4|   ap_memory|                                                                               C_1|         array|
|C_1_ce0                        |  out|    1|   ap_memory|                                                                               C_1|         array|
|C_1_we0                        |  out|    1|   ap_memory|                                                                               C_1|         array|
|C_1_d0                         |  out|   32|   ap_memory|                                                                               C_1|         array|
|C_2_address0                   |  out|    4|   ap_memory|                                                                               C_2|         array|
|C_2_ce0                        |  out|    1|   ap_memory|                                                                               C_2|         array|
|C_2_we0                        |  out|    1|   ap_memory|                                                                               C_2|         array|
|C_2_d0                         |  out|   32|   ap_memory|                                                                               C_2|         array|
|C_3_address0                   |  out|    4|   ap_memory|                                                                               C_3|         array|
|C_3_ce0                        |  out|    1|   ap_memory|                                                                               C_3|         array|
|C_3_we0                        |  out|    1|   ap_memory|                                                                               C_3|         array|
|C_3_d0                         |  out|   32|   ap_memory|                                                                               C_3|         array|
|C_4_address0                   |  out|    4|   ap_memory|                                                                               C_4|         array|
|C_4_ce0                        |  out|    1|   ap_memory|                                                                               C_4|         array|
|C_4_we0                        |  out|    1|   ap_memory|                                                                               C_4|         array|
|C_4_d0                         |  out|   32|   ap_memory|                                                                               C_4|         array|
|C_5_address0                   |  out|    4|   ap_memory|                                                                               C_5|         array|
|C_5_ce0                        |  out|    1|   ap_memory|                                                                               C_5|         array|
|C_5_we0                        |  out|    1|   ap_memory|                                                                               C_5|         array|
|C_5_d0                         |  out|   32|   ap_memory|                                                                               C_5|         array|
|C_6_address0                   |  out|    4|   ap_memory|                                                                               C_6|         array|
|C_6_ce0                        |  out|    1|   ap_memory|                                                                               C_6|         array|
|C_6_we0                        |  out|    1|   ap_memory|                                                                               C_6|         array|
|C_6_d0                         |  out|   32|   ap_memory|                                                                               C_6|         array|
|C_7_address0                   |  out|    4|   ap_memory|                                                                               C_7|         array|
|C_7_ce0                        |  out|    1|   ap_memory|                                                                               C_7|         array|
|C_7_we0                        |  out|    1|   ap_memory|                                                                               C_7|         array|
|C_7_d0                         |  out|   32|   ap_memory|                                                                               C_7|         array|
|C_8_address0                   |  out|    4|   ap_memory|                                                                               C_8|         array|
|C_8_ce0                        |  out|    1|   ap_memory|                                                                               C_8|         array|
|C_8_we0                        |  out|    1|   ap_memory|                                                                               C_8|         array|
|C_8_d0                         |  out|   32|   ap_memory|                                                                               C_8|         array|
|C_9_address0                   |  out|    4|   ap_memory|                                                                               C_9|         array|
|C_9_ce0                        |  out|    1|   ap_memory|                                                                               C_9|         array|
|C_9_we0                        |  out|    1|   ap_memory|                                                                               C_9|         array|
|C_9_d0                         |  out|   32|   ap_memory|                                                                               C_9|         array|
|C_10_address0                  |  out|    4|   ap_memory|                                                                              C_10|         array|
|C_10_ce0                       |  out|    1|   ap_memory|                                                                              C_10|         array|
|C_10_we0                       |  out|    1|   ap_memory|                                                                              C_10|         array|
|C_10_d0                        |  out|   32|   ap_memory|                                                                              C_10|         array|
|C_11_address0                  |  out|    4|   ap_memory|                                                                              C_11|         array|
|C_11_ce0                       |  out|    1|   ap_memory|                                                                              C_11|         array|
|C_11_we0                       |  out|    1|   ap_memory|                                                                              C_11|         array|
|C_11_d0                        |  out|   32|   ap_memory|                                                                              C_11|         array|
|C_12_address0                  |  out|    4|   ap_memory|                                                                              C_12|         array|
|C_12_ce0                       |  out|    1|   ap_memory|                                                                              C_12|         array|
|C_12_we0                       |  out|    1|   ap_memory|                                                                              C_12|         array|
|C_12_d0                        |  out|   32|   ap_memory|                                                                              C_12|         array|
|C_13_address0                  |  out|    4|   ap_memory|                                                                              C_13|         array|
|C_13_ce0                       |  out|    1|   ap_memory|                                                                              C_13|         array|
|C_13_we0                       |  out|    1|   ap_memory|                                                                              C_13|         array|
|C_13_d0                        |  out|   32|   ap_memory|                                                                              C_13|         array|
|C_14_address0                  |  out|    4|   ap_memory|                                                                              C_14|         array|
|C_14_ce0                       |  out|    1|   ap_memory|                                                                              C_14|         array|
|C_14_we0                       |  out|    1|   ap_memory|                                                                              C_14|         array|
|C_14_d0                        |  out|   32|   ap_memory|                                                                              C_14|         array|
|C_15_address0                  |  out|    4|   ap_memory|                                                                              C_15|         array|
|C_15_ce0                       |  out|    1|   ap_memory|                                                                              C_15|         array|
|C_15_we0                       |  out|    1|   ap_memory|                                                                              C_15|         array|
|C_15_d0                        |  out|   32|   ap_memory|                                                                              C_15|         array|
|C_16_address0                  |  out|    4|   ap_memory|                                                                              C_16|         array|
|C_16_ce0                       |  out|    1|   ap_memory|                                                                              C_16|         array|
|C_16_we0                       |  out|    1|   ap_memory|                                                                              C_16|         array|
|C_16_d0                        |  out|   32|   ap_memory|                                                                              C_16|         array|
|C_17_address0                  |  out|    4|   ap_memory|                                                                              C_17|         array|
|C_17_ce0                       |  out|    1|   ap_memory|                                                                              C_17|         array|
|C_17_we0                       |  out|    1|   ap_memory|                                                                              C_17|         array|
|C_17_d0                        |  out|   32|   ap_memory|                                                                              C_17|         array|
|C_18_address0                  |  out|    4|   ap_memory|                                                                              C_18|         array|
|C_18_ce0                       |  out|    1|   ap_memory|                                                                              C_18|         array|
|C_18_we0                       |  out|    1|   ap_memory|                                                                              C_18|         array|
|C_18_d0                        |  out|   32|   ap_memory|                                                                              C_18|         array|
|C_19_address0                  |  out|    4|   ap_memory|                                                                              C_19|         array|
|C_19_ce0                       |  out|    1|   ap_memory|                                                                              C_19|         array|
|C_19_we0                       |  out|    1|   ap_memory|                                                                              C_19|         array|
|C_19_d0                        |  out|   32|   ap_memory|                                                                              C_19|         array|
|C_20_address0                  |  out|    4|   ap_memory|                                                                              C_20|         array|
|C_20_ce0                       |  out|    1|   ap_memory|                                                                              C_20|         array|
|C_20_we0                       |  out|    1|   ap_memory|                                                                              C_20|         array|
|C_20_d0                        |  out|   32|   ap_memory|                                                                              C_20|         array|
|C_21_address0                  |  out|    4|   ap_memory|                                                                              C_21|         array|
|C_21_ce0                       |  out|    1|   ap_memory|                                                                              C_21|         array|
|C_21_we0                       |  out|    1|   ap_memory|                                                                              C_21|         array|
|C_21_d0                        |  out|   32|   ap_memory|                                                                              C_21|         array|
|C_22_address0                  |  out|    4|   ap_memory|                                                                              C_22|         array|
|C_22_ce0                       |  out|    1|   ap_memory|                                                                              C_22|         array|
|C_22_we0                       |  out|    1|   ap_memory|                                                                              C_22|         array|
|C_22_d0                        |  out|   32|   ap_memory|                                                                              C_22|         array|
|C_23_address0                  |  out|    4|   ap_memory|                                                                              C_23|         array|
|C_23_ce0                       |  out|    1|   ap_memory|                                                                              C_23|         array|
|C_23_we0                       |  out|    1|   ap_memory|                                                                              C_23|         array|
|C_23_d0                        |  out|   32|   ap_memory|                                                                              C_23|         array|
|C_24_address0                  |  out|    4|   ap_memory|                                                                              C_24|         array|
|C_24_ce0                       |  out|    1|   ap_memory|                                                                              C_24|         array|
|C_24_we0                       |  out|    1|   ap_memory|                                                                              C_24|         array|
|C_24_d0                        |  out|   32|   ap_memory|                                                                              C_24|         array|
|C_25_address0                  |  out|    4|   ap_memory|                                                                              C_25|         array|
|C_25_ce0                       |  out|    1|   ap_memory|                                                                              C_25|         array|
|C_25_we0                       |  out|    1|   ap_memory|                                                                              C_25|         array|
|C_25_d0                        |  out|   32|   ap_memory|                                                                              C_25|         array|
|C_26_address0                  |  out|    4|   ap_memory|                                                                              C_26|         array|
|C_26_ce0                       |  out|    1|   ap_memory|                                                                              C_26|         array|
|C_26_we0                       |  out|    1|   ap_memory|                                                                              C_26|         array|
|C_26_d0                        |  out|   32|   ap_memory|                                                                              C_26|         array|
|C_27_address0                  |  out|    4|   ap_memory|                                                                              C_27|         array|
|C_27_ce0                       |  out|    1|   ap_memory|                                                                              C_27|         array|
|C_27_we0                       |  out|    1|   ap_memory|                                                                              C_27|         array|
|C_27_d0                        |  out|   32|   ap_memory|                                                                              C_27|         array|
|C_28_address0                  |  out|    4|   ap_memory|                                                                              C_28|         array|
|C_28_ce0                       |  out|    1|   ap_memory|                                                                              C_28|         array|
|C_28_we0                       |  out|    1|   ap_memory|                                                                              C_28|         array|
|C_28_d0                        |  out|   32|   ap_memory|                                                                              C_28|         array|
|C_29_address0                  |  out|    4|   ap_memory|                                                                              C_29|         array|
|C_29_ce0                       |  out|    1|   ap_memory|                                                                              C_29|         array|
|C_29_we0                       |  out|    1|   ap_memory|                                                                              C_29|         array|
|C_29_d0                        |  out|   32|   ap_memory|                                                                              C_29|         array|
|C_30_address0                  |  out|    4|   ap_memory|                                                                              C_30|         array|
|C_30_ce0                       |  out|    1|   ap_memory|                                                                              C_30|         array|
|C_30_we0                       |  out|    1|   ap_memory|                                                                              C_30|         array|
|C_30_d0                        |  out|   32|   ap_memory|                                                                              C_30|         array|
|C_31_address0                  |  out|    4|   ap_memory|                                                                              C_31|         array|
|C_31_ce0                       |  out|    1|   ap_memory|                                                                              C_31|         array|
|C_31_we0                       |  out|    1|   ap_memory|                                                                              C_31|         array|
|C_31_d0                        |  out|   32|   ap_memory|                                                                              C_31|         array|
+-------------------------------+-----+-----+------------+----------------------------------------------------------------------------------+--------------+

