

================================================================
== Vitis HLS Report for 'loader_A_tiles4'
================================================================
* Date:           Fri Jul  3 13:55:35 2026

* Version:        2023.2 (Build 4023990 on Oct 11 2023)
* Project:        hls_project
* Solution:       gemm2 (Vitis Kernel Flow Target)
* Product family: versalaicore
* Target device:  xcvc1902-vsva2197-2MP-e-S


================================================================
== Performance Estimates
================================================================
+ Timing: 
    * Summary: 
    +--------+---------+----------+------------+
    |  Clock |  Target | Estimated| Uncertainty|
    +--------+---------+----------+------------+
    |ap_clk  |  3.33 ns|  2.559 ns|     0.90 ns|
    +--------+---------+----------+------------+

+ Latency: 
    * Summary: 
    +---------+---------+----------+----------+-----+-----+---------+
    |  Latency (cycles) |  Latency (absolute) |  Interval | Pipeline|
    |   min   |   max   |    min   |    max   | min | max |   Type  |
    +---------+---------+----------+----------+-----+-----+---------+
    |      260|      260|  0.867 us|  0.867 us|  260|  260|       no|
    +---------+---------+----------+----------+-----+-----+---------+

    + Detail: 
        * Instance: 
        +--------------------------------------------------------------------+--------------------------------------------------------+---------+---------+----------+----------+-----+-----+---------+
        |                                                                    |                                                        |  Latency (cycles) |  Latency (absolute) |  Interval | Pipeline|
        |                              Instance                              |                         Module                         |   min   |   max   |    min   |    max   | min | max |   Type  |
        +--------------------------------------------------------------------+--------------------------------------------------------+---------+---------+----------+----------+-----+-----+---------+
        |grp_loader_A_tiles4_Pipeline_VITIS_LOOP_5_1_VITIS_LOOP_6_2_fu_4152  |loader_A_tiles4_Pipeline_VITIS_LOOP_5_1_VITIS_LOOP_6_2  |      258|      258|  0.860 us|  0.860 us|  258|  258|       no|
        +--------------------------------------------------------------------+--------------------------------------------------------+---------+---------+----------+----------+-----+-----+---------+

        * Loop: 
        N/A



================================================================
== Utilization Estimates
================================================================
* Summary: 
+-----------------+---------+------+---------+--------+-----+
|       Name      | BRAM_18K|  DSP |    FF   |   LUT  | URAM|
+-----------------+---------+------+---------+--------+-----+
|DSP              |        -|     -|        -|       -|    -|
|Expression       |        -|     -|        0|       2|    -|
|FIFO             |        -|     -|        -|       -|    -|
|Instance         |        -|     -|     1050|    5567|    -|
|Memory           |        -|     -|        -|       -|    -|
|Multiplexer      |        -|     -|        -|      12|    -|
|Register         |        -|     -|        6|       -|    -|
+-----------------+---------+------+---------+--------+-----+
|Total            |        0|     0|     1056|    5581|    0|
+-----------------+---------+------+---------+--------+-----+
|Available        |     1934|  1968|  1799680|  899840|  463|
+-----------------+---------+------+---------+--------+-----+
|Utilization (%)  |        0|     0|       ~0|      ~0|    0|
+-----------------+---------+------+---------+--------+-----+

+ Detail: 
    * Instance: 
    +--------------------------------------------------------------------+--------------------------------------------------------+---------+----+------+------+-----+
    |                              Instance                              |                         Module                         | BRAM_18K| DSP|  FF  |  LUT | URAM|
    +--------------------------------------------------------------------+--------------------------------------------------------+---------+----+------+------+-----+
    |grp_loader_A_tiles4_Pipeline_VITIS_LOOP_5_1_VITIS_LOOP_6_2_fu_4152  |loader_A_tiles4_Pipeline_VITIS_LOOP_5_1_VITIS_LOOP_6_2  |        0|   0|  1050|  5567|    0|
    +--------------------------------------------------------------------+--------------------------------------------------------+---------+----+------+------+-----+
    |Total                                                               |                                                        |        0|   0|  1050|  5567|    0|
    +--------------------------------------------------------------------+--------------------------------------------------------+---------+----+------+------+-----+

    * DSP: 
    N/A

    * Memory: 
    N/A

    * FIFO: 
    N/A

    * Expression: 
    +-----------------+----------+----+---+----+------------+------------+
    |  Variable Name  | Operation| DSP| FF| LUT| Bitwidth P0| Bitwidth P1|
    +-----------------+----------+----+---+----+------------+------------+
    |ap_block_state1  |        or|   0|  0|   2|           1|           1|
    +-----------------+----------+----+---+----+------------+------------+
    |Total            |          |   0|  0|   2|           1|           1|
    +-----------------+----------+----+---+----+------------+------------+

    * Multiplexer: 
    +-------------------+----+-----------+-----+-----------+
    |        Name       | LUT| Input Size| Bits| Total Bits|
    +-------------------+----+-----------+-----+-----------+
    |A_streams_1_write  |   2|          2|    1|          2|
    |A_streams_write    |   2|          2|    1|          2|
    |ap_NS_fsm          |   2|          4|    1|          4|
    |ap_done            |   2|          2|    1|          2|
    |real_start         |   2|          2|    1|          2|
    |tileA_c_blk_n      |   2|          2|    1|          2|
    +-------------------+----+-----------+-----+-----------+
    |Total              |  12|         14|    6|         14|
    +-------------------+----+-----------+-----+-----------+

    * Register: 
    +---------------------------------------------------------------------------------+---+----+-----+-----------+
    |                                       Name                                      | FF| LUT| Bits| Const Bits|
    +---------------------------------------------------------------------------------+---+----+-----+-----------+
    |ap_CS_fsm                                                                        |  3|   0|    3|          0|
    |ap_done_reg                                                                      |  1|   0|    1|          0|
    |grp_loader_A_tiles4_Pipeline_VITIS_LOOP_5_1_VITIS_LOOP_6_2_fu_4152_ap_start_reg  |  1|   0|    1|          0|
    |start_once_reg                                                                   |  1|   0|    1|          0|
    +---------------------------------------------------------------------------------+---+----+-----+-----------+
    |Total                                                                            |  6|   0|    6|          0|
    +---------------------------------------------------------------------------------+---+----+-----+-----------+



================================================================
== Interface
================================================================
* Summary: 
+----------------------------+-----+-----+------------+-----------------+--------------+
|          RTL Ports         | Dir | Bits|  Protocol  |  Source Object  |    C Type    |
+----------------------------+-----+-----+------------+-----------------+--------------+
|ap_clk                      |   in|    1|  ap_ctrl_hs|  loader_A_tiles4|  return value|
|ap_rst                      |   in|    1|  ap_ctrl_hs|  loader_A_tiles4|  return value|
|ap_start                    |   in|    1|  ap_ctrl_hs|  loader_A_tiles4|  return value|
|start_full_n                |   in|    1|  ap_ctrl_hs|  loader_A_tiles4|  return value|
|ap_done                     |  out|    1|  ap_ctrl_hs|  loader_A_tiles4|  return value|
|ap_continue                 |   in|    1|  ap_ctrl_hs|  loader_A_tiles4|  return value|
|ap_idle                     |  out|    1|  ap_ctrl_hs|  loader_A_tiles4|  return value|
|ap_ready                    |  out|    1|  ap_ctrl_hs|  loader_A_tiles4|  return value|
|start_out                   |  out|    1|  ap_ctrl_hs|  loader_A_tiles4|  return value|
|start_write                 |  out|    1|  ap_ctrl_hs|  loader_A_tiles4|  return value|
|A_BUF                       |   in|   32|   ap_stable|            A_BUF|       pointer|
|A_BUF_1                     |   in|   32|   ap_stable|          A_BUF_1|       pointer|
|A_BUF_2                     |   in|   32|   ap_stable|          A_BUF_2|       pointer|
|A_BUF_3                     |   in|   32|   ap_stable|          A_BUF_3|       pointer|
|A_BUF_4                     |   in|   32|   ap_stable|          A_BUF_4|       pointer|
|A_BUF_5                     |   in|   32|   ap_stable|          A_BUF_5|       pointer|
|A_BUF_6                     |   in|   32|   ap_stable|          A_BUF_6|       pointer|
|A_BUF_7                     |   in|   32|   ap_stable|          A_BUF_7|       pointer|
|A_BUF_8                     |   in|   32|   ap_stable|          A_BUF_8|       pointer|
|A_BUF_9                     |   in|   32|   ap_stable|          A_BUF_9|       pointer|
|A_BUF_10                    |   in|   32|   ap_stable|         A_BUF_10|       pointer|
|A_BUF_11                    |   in|   32|   ap_stable|         A_BUF_11|       pointer|
|A_BUF_12                    |   in|   32|   ap_stable|         A_BUF_12|       pointer|
|A_BUF_13                    |   in|   32|   ap_stable|         A_BUF_13|       pointer|
|A_BUF_14                    |   in|   32|   ap_stable|         A_BUF_14|       pointer|
|A_BUF_15                    |   in|   32|   ap_stable|         A_BUF_15|       pointer|
|A_BUF_16                    |   in|   32|   ap_stable|         A_BUF_16|       pointer|
|A_BUF_17                    |   in|   32|   ap_stable|         A_BUF_17|       pointer|
|A_BUF_18                    |   in|   32|   ap_stable|         A_BUF_18|       pointer|
|A_BUF_19                    |   in|   32|   ap_stable|         A_BUF_19|       pointer|
|A_BUF_20                    |   in|   32|   ap_stable|         A_BUF_20|       pointer|
|A_BUF_21                    |   in|   32|   ap_stable|         A_BUF_21|       pointer|
|A_BUF_22                    |   in|   32|   ap_stable|         A_BUF_22|       pointer|
|A_BUF_23                    |   in|   32|   ap_stable|         A_BUF_23|       pointer|
|A_BUF_24                    |   in|   32|   ap_stable|         A_BUF_24|       pointer|
|A_BUF_25                    |   in|   32|   ap_stable|         A_BUF_25|       pointer|
|A_BUF_26                    |   in|   32|   ap_stable|         A_BUF_26|       pointer|
|A_BUF_27                    |   in|   32|   ap_stable|         A_BUF_27|       pointer|
|A_BUF_28                    |   in|   32|   ap_stable|         A_BUF_28|       pointer|
|A_BUF_29                    |   in|   32|   ap_stable|         A_BUF_29|       pointer|
|A_BUF_30                    |   in|   32|   ap_stable|         A_BUF_30|       pointer|
|A_BUF_31                    |   in|   32|   ap_stable|         A_BUF_31|       pointer|
|A_BUF_32                    |   in|   32|   ap_stable|         A_BUF_32|       pointer|
|A_BUF_33                    |   in|   32|   ap_stable|         A_BUF_33|       pointer|
|A_BUF_34                    |   in|   32|   ap_stable|         A_BUF_34|       pointer|
|A_BUF_35                    |   in|   32|   ap_stable|         A_BUF_35|       pointer|
|A_BUF_36                    |   in|   32|   ap_stable|         A_BUF_36|       pointer|
|A_BUF_37                    |   in|   32|   ap_stable|         A_BUF_37|       pointer|
|A_BUF_38                    |   in|   32|   ap_stable|         A_BUF_38|       pointer|
|A_BUF_39                    |   in|   32|   ap_stable|         A_BUF_39|       pointer|
|A_BUF_40                    |   in|   32|   ap_stable|         A_BUF_40|       pointer|
|A_BUF_41                    |   in|   32|   ap_stable|         A_BUF_41|       pointer|
|A_BUF_42                    |   in|   32|   ap_stable|         A_BUF_42|       pointer|
|A_BUF_43                    |   in|   32|   ap_stable|         A_BUF_43|       pointer|
|A_BUF_44                    |   in|   32|   ap_stable|         A_BUF_44|       pointer|
|A_BUF_45                    |   in|   32|   ap_stable|         A_BUF_45|       pointer|
|A_BUF_46                    |   in|   32|   ap_stable|         A_BUF_46|       pointer|
|A_BUF_47                    |   in|   32|   ap_stable|         A_BUF_47|       pointer|
|A_BUF_48                    |   in|   32|   ap_stable|         A_BUF_48|       pointer|
|A_BUF_49                    |   in|   32|   ap_stable|         A_BUF_49|       pointer|
|A_BUF_50                    |   in|   32|   ap_stable|         A_BUF_50|       pointer|
|A_BUF_51                    |   in|   32|   ap_stable|         A_BUF_51|       pointer|
|A_BUF_52                    |   in|   32|   ap_stable|         A_BUF_52|       pointer|
|A_BUF_53                    |   in|   32|   ap_stable|         A_BUF_53|       pointer|
|A_BUF_54                    |   in|   32|   ap_stable|         A_BUF_54|       pointer|
|A_BUF_55                    |   in|   32|   ap_stable|         A_BUF_55|       pointer|
|A_BUF_56                    |   in|   32|   ap_stable|         A_BUF_56|       pointer|
|A_BUF_57                    |   in|   32|   ap_stable|         A_BUF_57|       pointer|
|A_BUF_58                    |   in|   32|   ap_stable|         A_BUF_58|       pointer|
|A_BUF_59                    |   in|   32|   ap_stable|         A_BUF_59|       pointer|
|A_BUF_60                    |   in|   32|   ap_stable|         A_BUF_60|       pointer|
|A_BUF_61                    |   in|   32|   ap_stable|         A_BUF_61|       pointer|
|A_BUF_62                    |   in|   32|   ap_stable|         A_BUF_62|       pointer|
|A_BUF_63                    |   in|   32|   ap_stable|         A_BUF_63|       pointer|
|A_BUF_64                    |   in|   32|   ap_stable|         A_BUF_64|       pointer|
|A_BUF_65                    |   in|   32|   ap_stable|         A_BUF_65|       pointer|
|A_BUF_66                    |   in|   32|   ap_stable|         A_BUF_66|       pointer|
|A_BUF_67                    |   in|   32|   ap_stable|         A_BUF_67|       pointer|
|A_BUF_68                    |   in|   32|   ap_stable|         A_BUF_68|       pointer|
|A_BUF_69                    |   in|   32|   ap_stable|         A_BUF_69|       pointer|
|A_BUF_70                    |   in|   32|   ap_stable|         A_BUF_70|       pointer|
|A_BUF_71                    |   in|   32|   ap_stable|         A_BUF_71|       pointer|
|A_BUF_72                    |   in|   32|   ap_stable|         A_BUF_72|       pointer|
|A_BUF_73                    |   in|   32|   ap_stable|         A_BUF_73|       pointer|
|A_BUF_74                    |   in|   32|   ap_stable|         A_BUF_74|       pointer|
|A_BUF_75                    |   in|   32|   ap_stable|         A_BUF_75|       pointer|
|A_BUF_76                    |   in|   32|   ap_stable|         A_BUF_76|       pointer|
|A_BUF_77                    |   in|   32|   ap_stable|         A_BUF_77|       pointer|
|A_BUF_78                    |   in|   32|   ap_stable|         A_BUF_78|       pointer|
|A_BUF_79                    |   in|   32|   ap_stable|         A_BUF_79|       pointer|
|A_BUF_80                    |   in|   32|   ap_stable|         A_BUF_80|       pointer|
|A_BUF_81                    |   in|   32|   ap_stable|         A_BUF_81|       pointer|
|A_BUF_82                    |   in|   32|   ap_stable|         A_BUF_82|       pointer|
|A_BUF_83                    |   in|   32|   ap_stable|         A_BUF_83|       pointer|
|A_BUF_84                    |   in|   32|   ap_stable|         A_BUF_84|       pointer|
|A_BUF_85                    |   in|   32|   ap_stable|         A_BUF_85|       pointer|
|A_BUF_86                    |   in|   32|   ap_stable|         A_BUF_86|       pointer|
|A_BUF_87                    |   in|   32|   ap_stable|         A_BUF_87|       pointer|
|A_BUF_88                    |   in|   32|   ap_stable|         A_BUF_88|       pointer|
|A_BUF_89                    |   in|   32|   ap_stable|         A_BUF_89|       pointer|
|A_BUF_90                    |   in|   32|   ap_stable|         A_BUF_90|       pointer|
|A_BUF_91                    |   in|   32|   ap_stable|         A_BUF_91|       pointer|
|A_BUF_92                    |   in|   32|   ap_stable|         A_BUF_92|       pointer|
|A_BUF_93                    |   in|   32|   ap_stable|         A_BUF_93|       pointer|
|A_BUF_94                    |   in|   32|   ap_stable|         A_BUF_94|       pointer|
|A_BUF_95                    |   in|   32|   ap_stable|         A_BUF_95|       pointer|
|A_BUF_96                    |   in|   32|   ap_stable|         A_BUF_96|       pointer|
|A_BUF_97                    |   in|   32|   ap_stable|         A_BUF_97|       pointer|
|A_BUF_98                    |   in|   32|   ap_stable|         A_BUF_98|       pointer|
|A_BUF_99                    |   in|   32|   ap_stable|         A_BUF_99|       pointer|
|A_BUF_100                   |   in|   32|   ap_stable|        A_BUF_100|       pointer|
|A_BUF_101                   |   in|   32|   ap_stable|        A_BUF_101|       pointer|
|A_BUF_102                   |   in|   32|   ap_stable|        A_BUF_102|       pointer|
|A_BUF_103                   |   in|   32|   ap_stable|        A_BUF_103|       pointer|
|A_BUF_104                   |   in|   32|   ap_stable|        A_BUF_104|       pointer|
|A_BUF_105                   |   in|   32|   ap_stable|        A_BUF_105|       pointer|
|A_BUF_106                   |   in|   32|   ap_stable|        A_BUF_106|       pointer|
|A_BUF_107                   |   in|   32|   ap_stable|        A_BUF_107|       pointer|
|A_BUF_108                   |   in|   32|   ap_stable|        A_BUF_108|       pointer|
|A_BUF_109                   |   in|   32|   ap_stable|        A_BUF_109|       pointer|
|A_BUF_110                   |   in|   32|   ap_stable|        A_BUF_110|       pointer|
|A_BUF_111                   |   in|   32|   ap_stable|        A_BUF_111|       pointer|
|A_BUF_112                   |   in|   32|   ap_stable|        A_BUF_112|       pointer|
|A_BUF_113                   |   in|   32|   ap_stable|        A_BUF_113|       pointer|
|A_BUF_114                   |   in|   32|   ap_stable|        A_BUF_114|       pointer|
|A_BUF_115                   |   in|   32|   ap_stable|        A_BUF_115|       pointer|
|A_BUF_116                   |   in|   32|   ap_stable|        A_BUF_116|       pointer|
|A_BUF_117                   |   in|   32|   ap_stable|        A_BUF_117|       pointer|
|A_BUF_118                   |   in|   32|   ap_stable|        A_BUF_118|       pointer|
|A_BUF_119                   |   in|   32|   ap_stable|        A_BUF_119|       pointer|
|A_BUF_120                   |   in|   32|   ap_stable|        A_BUF_120|       pointer|
|A_BUF_121                   |   in|   32|   ap_stable|        A_BUF_121|       pointer|
|A_BUF_122                   |   in|   32|   ap_stable|        A_BUF_122|       pointer|
|A_BUF_123                   |   in|   32|   ap_stable|        A_BUF_123|       pointer|
|A_BUF_124                   |   in|   32|   ap_stable|        A_BUF_124|       pointer|
|A_BUF_125                   |   in|   32|   ap_stable|        A_BUF_125|       pointer|
|A_BUF_126                   |   in|   32|   ap_stable|        A_BUF_126|       pointer|
|A_BUF_127                   |   in|   32|   ap_stable|        A_BUF_127|       pointer|
|A_BUF_128                   |   in|   32|   ap_stable|        A_BUF_128|       pointer|
|A_BUF_129                   |   in|   32|   ap_stable|        A_BUF_129|       pointer|
|A_BUF_130                   |   in|   32|   ap_stable|        A_BUF_130|       pointer|
|A_BUF_131                   |   in|   32|   ap_stable|        A_BUF_131|       pointer|
|A_BUF_132                   |   in|   32|   ap_stable|        A_BUF_132|       pointer|
|A_BUF_133                   |   in|   32|   ap_stable|        A_BUF_133|       pointer|
|A_BUF_134                   |   in|   32|   ap_stable|        A_BUF_134|       pointer|
|A_BUF_135                   |   in|   32|   ap_stable|        A_BUF_135|       pointer|
|A_BUF_136                   |   in|   32|   ap_stable|        A_BUF_136|       pointer|
|A_BUF_137                   |   in|   32|   ap_stable|        A_BUF_137|       pointer|
|A_BUF_138                   |   in|   32|   ap_stable|        A_BUF_138|       pointer|
|A_BUF_139                   |   in|   32|   ap_stable|        A_BUF_139|       pointer|
|A_BUF_140                   |   in|   32|   ap_stable|        A_BUF_140|       pointer|
|A_BUF_141                   |   in|   32|   ap_stable|        A_BUF_141|       pointer|
|A_BUF_142                   |   in|   32|   ap_stable|        A_BUF_142|       pointer|
|A_BUF_143                   |   in|   32|   ap_stable|        A_BUF_143|       pointer|
|A_BUF_144                   |   in|   32|   ap_stable|        A_BUF_144|       pointer|
|A_BUF_145                   |   in|   32|   ap_stable|        A_BUF_145|       pointer|
|A_BUF_146                   |   in|   32|   ap_stable|        A_BUF_146|       pointer|
|A_BUF_147                   |   in|   32|   ap_stable|        A_BUF_147|       pointer|
|A_BUF_148                   |   in|   32|   ap_stable|        A_BUF_148|       pointer|
|A_BUF_149                   |   in|   32|   ap_stable|        A_BUF_149|       pointer|
|A_BUF_150                   |   in|   32|   ap_stable|        A_BUF_150|       pointer|
|A_BUF_151                   |   in|   32|   ap_stable|        A_BUF_151|       pointer|
|A_BUF_152                   |   in|   32|   ap_stable|        A_BUF_152|       pointer|
|A_BUF_153                   |   in|   32|   ap_stable|        A_BUF_153|       pointer|
|A_BUF_154                   |   in|   32|   ap_stable|        A_BUF_154|       pointer|
|A_BUF_155                   |   in|   32|   ap_stable|        A_BUF_155|       pointer|
|A_BUF_156                   |   in|   32|   ap_stable|        A_BUF_156|       pointer|
|A_BUF_157                   |   in|   32|   ap_stable|        A_BUF_157|       pointer|
|A_BUF_158                   |   in|   32|   ap_stable|        A_BUF_158|       pointer|
|A_BUF_159                   |   in|   32|   ap_stable|        A_BUF_159|       pointer|
|A_BUF_160                   |   in|   32|   ap_stable|        A_BUF_160|       pointer|
|A_BUF_161                   |   in|   32|   ap_stable|        A_BUF_161|       pointer|
|A_BUF_162                   |   in|   32|   ap_stable|        A_BUF_162|       pointer|
|A_BUF_163                   |   in|   32|   ap_stable|        A_BUF_163|       pointer|
|A_BUF_164                   |   in|   32|   ap_stable|        A_BUF_164|       pointer|
|A_BUF_165                   |   in|   32|   ap_stable|        A_BUF_165|       pointer|
|A_BUF_166                   |   in|   32|   ap_stable|        A_BUF_166|       pointer|
|A_BUF_167                   |   in|   32|   ap_stable|        A_BUF_167|       pointer|
|A_BUF_168                   |   in|   32|   ap_stable|        A_BUF_168|       pointer|
|A_BUF_169                   |   in|   32|   ap_stable|        A_BUF_169|       pointer|
|A_BUF_170                   |   in|   32|   ap_stable|        A_BUF_170|       pointer|
|A_BUF_171                   |   in|   32|   ap_stable|        A_BUF_171|       pointer|
|A_BUF_172                   |   in|   32|   ap_stable|        A_BUF_172|       pointer|
|A_BUF_173                   |   in|   32|   ap_stable|        A_BUF_173|       pointer|
|A_BUF_174                   |   in|   32|   ap_stable|        A_BUF_174|       pointer|
|A_BUF_175                   |   in|   32|   ap_stable|        A_BUF_175|       pointer|
|A_BUF_176                   |   in|   32|   ap_stable|        A_BUF_176|       pointer|
|A_BUF_177                   |   in|   32|   ap_stable|        A_BUF_177|       pointer|
|A_BUF_178                   |   in|   32|   ap_stable|        A_BUF_178|       pointer|
|A_BUF_179                   |   in|   32|   ap_stable|        A_BUF_179|       pointer|
|A_BUF_180                   |   in|   32|   ap_stable|        A_BUF_180|       pointer|
|A_BUF_181                   |   in|   32|   ap_stable|        A_BUF_181|       pointer|
|A_BUF_182                   |   in|   32|   ap_stable|        A_BUF_182|       pointer|
|A_BUF_183                   |   in|   32|   ap_stable|        A_BUF_183|       pointer|
|A_BUF_184                   |   in|   32|   ap_stable|        A_BUF_184|       pointer|
|A_BUF_185                   |   in|   32|   ap_stable|        A_BUF_185|       pointer|
|A_BUF_186                   |   in|   32|   ap_stable|        A_BUF_186|       pointer|
|A_BUF_187                   |   in|   32|   ap_stable|        A_BUF_187|       pointer|
|A_BUF_188                   |   in|   32|   ap_stable|        A_BUF_188|       pointer|
|A_BUF_189                   |   in|   32|   ap_stable|        A_BUF_189|       pointer|
|A_BUF_190                   |   in|   32|   ap_stable|        A_BUF_190|       pointer|
|A_BUF_191                   |   in|   32|   ap_stable|        A_BUF_191|       pointer|
|A_BUF_192                   |   in|   32|   ap_stable|        A_BUF_192|       pointer|
|A_BUF_193                   |   in|   32|   ap_stable|        A_BUF_193|       pointer|
|A_BUF_194                   |   in|   32|   ap_stable|        A_BUF_194|       pointer|
|A_BUF_195                   |   in|   32|   ap_stable|        A_BUF_195|       pointer|
|A_BUF_196                   |   in|   32|   ap_stable|        A_BUF_196|       pointer|
|A_BUF_197                   |   in|   32|   ap_stable|        A_BUF_197|       pointer|
|A_BUF_198                   |   in|   32|   ap_stable|        A_BUF_198|       pointer|
|A_BUF_199                   |   in|   32|   ap_stable|        A_BUF_199|       pointer|
|A_BUF_200                   |   in|   32|   ap_stable|        A_BUF_200|       pointer|
|A_BUF_201                   |   in|   32|   ap_stable|        A_BUF_201|       pointer|
|A_BUF_202                   |   in|   32|   ap_stable|        A_BUF_202|       pointer|
|A_BUF_203                   |   in|   32|   ap_stable|        A_BUF_203|       pointer|
|A_BUF_204                   |   in|   32|   ap_stable|        A_BUF_204|       pointer|
|A_BUF_205                   |   in|   32|   ap_stable|        A_BUF_205|       pointer|
|A_BUF_206                   |   in|   32|   ap_stable|        A_BUF_206|       pointer|
|A_BUF_207                   |   in|   32|   ap_stable|        A_BUF_207|       pointer|
|A_BUF_208                   |   in|   32|   ap_stable|        A_BUF_208|       pointer|
|A_BUF_209                   |   in|   32|   ap_stable|        A_BUF_209|       pointer|
|A_BUF_210                   |   in|   32|   ap_stable|        A_BUF_210|       pointer|
|A_BUF_211                   |   in|   32|   ap_stable|        A_BUF_211|       pointer|
|A_BUF_212                   |   in|   32|   ap_stable|        A_BUF_212|       pointer|
|A_BUF_213                   |   in|   32|   ap_stable|        A_BUF_213|       pointer|
|A_BUF_214                   |   in|   32|   ap_stable|        A_BUF_214|       pointer|
|A_BUF_215                   |   in|   32|   ap_stable|        A_BUF_215|       pointer|
|A_BUF_216                   |   in|   32|   ap_stable|        A_BUF_216|       pointer|
|A_BUF_217                   |   in|   32|   ap_stable|        A_BUF_217|       pointer|
|A_BUF_218                   |   in|   32|   ap_stable|        A_BUF_218|       pointer|
|A_BUF_219                   |   in|   32|   ap_stable|        A_BUF_219|       pointer|
|A_BUF_220                   |   in|   32|   ap_stable|        A_BUF_220|       pointer|
|A_BUF_221                   |   in|   32|   ap_stable|        A_BUF_221|       pointer|
|A_BUF_222                   |   in|   32|   ap_stable|        A_BUF_222|       pointer|
|A_BUF_223                   |   in|   32|   ap_stable|        A_BUF_223|       pointer|
|A_BUF_224                   |   in|   32|   ap_stable|        A_BUF_224|       pointer|
|A_BUF_225                   |   in|   32|   ap_stable|        A_BUF_225|       pointer|
|A_BUF_226                   |   in|   32|   ap_stable|        A_BUF_226|       pointer|
|A_BUF_227                   |   in|   32|   ap_stable|        A_BUF_227|       pointer|
|A_BUF_228                   |   in|   32|   ap_stable|        A_BUF_228|       pointer|
|A_BUF_229                   |   in|   32|   ap_stable|        A_BUF_229|       pointer|
|A_BUF_230                   |   in|   32|   ap_stable|        A_BUF_230|       pointer|
|A_BUF_231                   |   in|   32|   ap_stable|        A_BUF_231|       pointer|
|A_BUF_232                   |   in|   32|   ap_stable|        A_BUF_232|       pointer|
|A_BUF_233                   |   in|   32|   ap_stable|        A_BUF_233|       pointer|
|A_BUF_234                   |   in|   32|   ap_stable|        A_BUF_234|       pointer|
|A_BUF_235                   |   in|   32|   ap_stable|        A_BUF_235|       pointer|
|A_BUF_236                   |   in|   32|   ap_stable|        A_BUF_236|       pointer|
|A_BUF_237                   |   in|   32|   ap_stable|        A_BUF_237|       pointer|
|A_BUF_238                   |   in|   32|   ap_stable|        A_BUF_238|       pointer|
|A_BUF_239                   |   in|   32|   ap_stable|        A_BUF_239|       pointer|
|A_BUF_240                   |   in|   32|   ap_stable|        A_BUF_240|       pointer|
|A_BUF_241                   |   in|   32|   ap_stable|        A_BUF_241|       pointer|
|A_BUF_242                   |   in|   32|   ap_stable|        A_BUF_242|       pointer|
|A_BUF_243                   |   in|   32|   ap_stable|        A_BUF_243|       pointer|
|A_BUF_244                   |   in|   32|   ap_stable|        A_BUF_244|       pointer|
|A_BUF_245                   |   in|   32|   ap_stable|        A_BUF_245|       pointer|
|A_BUF_246                   |   in|   32|   ap_stable|        A_BUF_246|       pointer|
|A_BUF_247                   |   in|   32|   ap_stable|        A_BUF_247|       pointer|
|A_BUF_248                   |   in|   32|   ap_stable|        A_BUF_248|       pointer|
|A_BUF_249                   |   in|   32|   ap_stable|        A_BUF_249|       pointer|
|A_BUF_250                   |   in|   32|   ap_stable|        A_BUF_250|       pointer|
|A_BUF_251                   |   in|   32|   ap_stable|        A_BUF_251|       pointer|
|A_BUF_252                   |   in|   32|   ap_stable|        A_BUF_252|       pointer|
|A_BUF_253                   |   in|   32|   ap_stable|        A_BUF_253|       pointer|
|A_BUF_254                   |   in|   32|   ap_stable|        A_BUF_254|       pointer|
|A_BUF_255                   |   in|   32|   ap_stable|        A_BUF_255|       pointer|
|A_BUF_256                   |   in|   32|   ap_stable|        A_BUF_256|       pointer|
|A_BUF_257                   |   in|   32|   ap_stable|        A_BUF_257|       pointer|
|A_BUF_258                   |   in|   32|   ap_stable|        A_BUF_258|       pointer|
|A_BUF_259                   |   in|   32|   ap_stable|        A_BUF_259|       pointer|
|A_BUF_260                   |   in|   32|   ap_stable|        A_BUF_260|       pointer|
|A_BUF_261                   |   in|   32|   ap_stable|        A_BUF_261|       pointer|
|A_BUF_262                   |   in|   32|   ap_stable|        A_BUF_262|       pointer|
|A_BUF_263                   |   in|   32|   ap_stable|        A_BUF_263|       pointer|
|A_BUF_264                   |   in|   32|   ap_stable|        A_BUF_264|       pointer|
|A_BUF_265                   |   in|   32|   ap_stable|        A_BUF_265|       pointer|
|A_BUF_266                   |   in|   32|   ap_stable|        A_BUF_266|       pointer|
|A_BUF_267                   |   in|   32|   ap_stable|        A_BUF_267|       pointer|
|A_BUF_268                   |   in|   32|   ap_stable|        A_BUF_268|       pointer|
|A_BUF_269                   |   in|   32|   ap_stable|        A_BUF_269|       pointer|
|A_BUF_270                   |   in|   32|   ap_stable|        A_BUF_270|       pointer|
|A_BUF_271                   |   in|   32|   ap_stable|        A_BUF_271|       pointer|
|A_BUF_272                   |   in|   32|   ap_stable|        A_BUF_272|       pointer|
|A_BUF_273                   |   in|   32|   ap_stable|        A_BUF_273|       pointer|
|A_BUF_274                   |   in|   32|   ap_stable|        A_BUF_274|       pointer|
|A_BUF_275                   |   in|   32|   ap_stable|        A_BUF_275|       pointer|
|A_BUF_276                   |   in|   32|   ap_stable|        A_BUF_276|       pointer|
|A_BUF_277                   |   in|   32|   ap_stable|        A_BUF_277|       pointer|
|A_BUF_278                   |   in|   32|   ap_stable|        A_BUF_278|       pointer|
|A_BUF_279                   |   in|   32|   ap_stable|        A_BUF_279|       pointer|
|A_BUF_280                   |   in|   32|   ap_stable|        A_BUF_280|       pointer|
|A_BUF_281                   |   in|   32|   ap_stable|        A_BUF_281|       pointer|
|A_BUF_282                   |   in|   32|   ap_stable|        A_BUF_282|       pointer|
|A_BUF_283                   |   in|   32|   ap_stable|        A_BUF_283|       pointer|
|A_BUF_284                   |   in|   32|   ap_stable|        A_BUF_284|       pointer|
|A_BUF_285                   |   in|   32|   ap_stable|        A_BUF_285|       pointer|
|A_BUF_286                   |   in|   32|   ap_stable|        A_BUF_286|       pointer|
|A_BUF_287                   |   in|   32|   ap_stable|        A_BUF_287|       pointer|
|A_BUF_288                   |   in|   32|   ap_stable|        A_BUF_288|       pointer|
|A_BUF_289                   |   in|   32|   ap_stable|        A_BUF_289|       pointer|
|A_BUF_290                   |   in|   32|   ap_stable|        A_BUF_290|       pointer|
|A_BUF_291                   |   in|   32|   ap_stable|        A_BUF_291|       pointer|
|A_BUF_292                   |   in|   32|   ap_stable|        A_BUF_292|       pointer|
|A_BUF_293                   |   in|   32|   ap_stable|        A_BUF_293|       pointer|
|A_BUF_294                   |   in|   32|   ap_stable|        A_BUF_294|       pointer|
|A_BUF_295                   |   in|   32|   ap_stable|        A_BUF_295|       pointer|
|A_BUF_296                   |   in|   32|   ap_stable|        A_BUF_296|       pointer|
|A_BUF_297                   |   in|   32|   ap_stable|        A_BUF_297|       pointer|
|A_BUF_298                   |   in|   32|   ap_stable|        A_BUF_298|       pointer|
|A_BUF_299                   |   in|   32|   ap_stable|        A_BUF_299|       pointer|
|A_BUF_300                   |   in|   32|   ap_stable|        A_BUF_300|       pointer|
|A_BUF_301                   |   in|   32|   ap_stable|        A_BUF_301|       pointer|
|A_BUF_302                   |   in|   32|   ap_stable|        A_BUF_302|       pointer|
|A_BUF_303                   |   in|   32|   ap_stable|        A_BUF_303|       pointer|
|A_BUF_304                   |   in|   32|   ap_stable|        A_BUF_304|       pointer|
|A_BUF_305                   |   in|   32|   ap_stable|        A_BUF_305|       pointer|
|A_BUF_306                   |   in|   32|   ap_stable|        A_BUF_306|       pointer|
|A_BUF_307                   |   in|   32|   ap_stable|        A_BUF_307|       pointer|
|A_BUF_308                   |   in|   32|   ap_stable|        A_BUF_308|       pointer|
|A_BUF_309                   |   in|   32|   ap_stable|        A_BUF_309|       pointer|
|A_BUF_310                   |   in|   32|   ap_stable|        A_BUF_310|       pointer|
|A_BUF_311                   |   in|   32|   ap_stable|        A_BUF_311|       pointer|
|A_BUF_312                   |   in|   32|   ap_stable|        A_BUF_312|       pointer|
|A_BUF_313                   |   in|   32|   ap_stable|        A_BUF_313|       pointer|
|A_BUF_314                   |   in|   32|   ap_stable|        A_BUF_314|       pointer|
|A_BUF_315                   |   in|   32|   ap_stable|        A_BUF_315|       pointer|
|A_BUF_316                   |   in|   32|   ap_stable|        A_BUF_316|       pointer|
|A_BUF_317                   |   in|   32|   ap_stable|        A_BUF_317|       pointer|
|A_BUF_318                   |   in|   32|   ap_stable|        A_BUF_318|       pointer|
|A_BUF_319                   |   in|   32|   ap_stable|        A_BUF_319|       pointer|
|A_BUF_320                   |   in|   32|   ap_stable|        A_BUF_320|       pointer|
|A_BUF_321                   |   in|   32|   ap_stable|        A_BUF_321|       pointer|
|A_BUF_322                   |   in|   32|   ap_stable|        A_BUF_322|       pointer|
|A_BUF_323                   |   in|   32|   ap_stable|        A_BUF_323|       pointer|
|A_BUF_324                   |   in|   32|   ap_stable|        A_BUF_324|       pointer|
|A_BUF_325                   |   in|   32|   ap_stable|        A_BUF_325|       pointer|
|A_BUF_326                   |   in|   32|   ap_stable|        A_BUF_326|       pointer|
|A_BUF_327                   |   in|   32|   ap_stable|        A_BUF_327|       pointer|
|A_BUF_328                   |   in|   32|   ap_stable|        A_BUF_328|       pointer|
|A_BUF_329                   |   in|   32|   ap_stable|        A_BUF_329|       pointer|
|A_BUF_330                   |   in|   32|   ap_stable|        A_BUF_330|       pointer|
|A_BUF_331                   |   in|   32|   ap_stable|        A_BUF_331|       pointer|
|A_BUF_332                   |   in|   32|   ap_stable|        A_BUF_332|       pointer|
|A_BUF_333                   |   in|   32|   ap_stable|        A_BUF_333|       pointer|
|A_BUF_334                   |   in|   32|   ap_stable|        A_BUF_334|       pointer|
|A_BUF_335                   |   in|   32|   ap_stable|        A_BUF_335|       pointer|
|A_BUF_336                   |   in|   32|   ap_stable|        A_BUF_336|       pointer|
|A_BUF_337                   |   in|   32|   ap_stable|        A_BUF_337|       pointer|
|A_BUF_338                   |   in|   32|   ap_stable|        A_BUF_338|       pointer|
|A_BUF_339                   |   in|   32|   ap_stable|        A_BUF_339|       pointer|
|A_BUF_340                   |   in|   32|   ap_stable|        A_BUF_340|       pointer|
|A_BUF_341                   |   in|   32|   ap_stable|        A_BUF_341|       pointer|
|A_BUF_342                   |   in|   32|   ap_stable|        A_BUF_342|       pointer|
|A_BUF_343                   |   in|   32|   ap_stable|        A_BUF_343|       pointer|
|A_BUF_344                   |   in|   32|   ap_stable|        A_BUF_344|       pointer|
|A_BUF_345                   |   in|   32|   ap_stable|        A_BUF_345|       pointer|
|A_BUF_346                   |   in|   32|   ap_stable|        A_BUF_346|       pointer|
|A_BUF_347                   |   in|   32|   ap_stable|        A_BUF_347|       pointer|
|A_BUF_348                   |   in|   32|   ap_stable|        A_BUF_348|       pointer|
|A_BUF_349                   |   in|   32|   ap_stable|        A_BUF_349|       pointer|
|A_BUF_350                   |   in|   32|   ap_stable|        A_BUF_350|       pointer|
|A_BUF_351                   |   in|   32|   ap_stable|        A_BUF_351|       pointer|
|A_BUF_352                   |   in|   32|   ap_stable|        A_BUF_352|       pointer|
|A_BUF_353                   |   in|   32|   ap_stable|        A_BUF_353|       pointer|
|A_BUF_354                   |   in|   32|   ap_stable|        A_BUF_354|       pointer|
|A_BUF_355                   |   in|   32|   ap_stable|        A_BUF_355|       pointer|
|A_BUF_356                   |   in|   32|   ap_stable|        A_BUF_356|       pointer|
|A_BUF_357                   |   in|   32|   ap_stable|        A_BUF_357|       pointer|
|A_BUF_358                   |   in|   32|   ap_stable|        A_BUF_358|       pointer|
|A_BUF_359                   |   in|   32|   ap_stable|        A_BUF_359|       pointer|
|A_BUF_360                   |   in|   32|   ap_stable|        A_BUF_360|       pointer|
|A_BUF_361                   |   in|   32|   ap_stable|        A_BUF_361|       pointer|
|A_BUF_362                   |   in|   32|   ap_stable|        A_BUF_362|       pointer|
|A_BUF_363                   |   in|   32|   ap_stable|        A_BUF_363|       pointer|
|A_BUF_364                   |   in|   32|   ap_stable|        A_BUF_364|       pointer|
|A_BUF_365                   |   in|   32|   ap_stable|        A_BUF_365|       pointer|
|A_BUF_366                   |   in|   32|   ap_stable|        A_BUF_366|       pointer|
|A_BUF_367                   |   in|   32|   ap_stable|        A_BUF_367|       pointer|
|A_BUF_368                   |   in|   32|   ap_stable|        A_BUF_368|       pointer|
|A_BUF_369                   |   in|   32|   ap_stable|        A_BUF_369|       pointer|
|A_BUF_370                   |   in|   32|   ap_stable|        A_BUF_370|       pointer|
|A_BUF_371                   |   in|   32|   ap_stable|        A_BUF_371|       pointer|
|A_BUF_372                   |   in|   32|   ap_stable|        A_BUF_372|       pointer|
|A_BUF_373                   |   in|   32|   ap_stable|        A_BUF_373|       pointer|
|A_BUF_374                   |   in|   32|   ap_stable|        A_BUF_374|       pointer|
|A_BUF_375                   |   in|   32|   ap_stable|        A_BUF_375|       pointer|
|A_BUF_376                   |   in|   32|   ap_stable|        A_BUF_376|       pointer|
|A_BUF_377                   |   in|   32|   ap_stable|        A_BUF_377|       pointer|
|A_BUF_378                   |   in|   32|   ap_stable|        A_BUF_378|       pointer|
|A_BUF_379                   |   in|   32|   ap_stable|        A_BUF_379|       pointer|
|A_BUF_380                   |   in|   32|   ap_stable|        A_BUF_380|       pointer|
|A_BUF_381                   |   in|   32|   ap_stable|        A_BUF_381|       pointer|
|A_BUF_382                   |   in|   32|   ap_stable|        A_BUF_382|       pointer|
|A_BUF_383                   |   in|   32|   ap_stable|        A_BUF_383|       pointer|
|A_BUF_384                   |   in|   32|   ap_stable|        A_BUF_384|       pointer|
|A_BUF_385                   |   in|   32|   ap_stable|        A_BUF_385|       pointer|
|A_BUF_386                   |   in|   32|   ap_stable|        A_BUF_386|       pointer|
|A_BUF_387                   |   in|   32|   ap_stable|        A_BUF_387|       pointer|
|A_BUF_388                   |   in|   32|   ap_stable|        A_BUF_388|       pointer|
|A_BUF_389                   |   in|   32|   ap_stable|        A_BUF_389|       pointer|
|A_BUF_390                   |   in|   32|   ap_stable|        A_BUF_390|       pointer|
|A_BUF_391                   |   in|   32|   ap_stable|        A_BUF_391|       pointer|
|A_BUF_392                   |   in|   32|   ap_stable|        A_BUF_392|       pointer|
|A_BUF_393                   |   in|   32|   ap_stable|        A_BUF_393|       pointer|
|A_BUF_394                   |   in|   32|   ap_stable|        A_BUF_394|       pointer|
|A_BUF_395                   |   in|   32|   ap_stable|        A_BUF_395|       pointer|
|A_BUF_396                   |   in|   32|   ap_stable|        A_BUF_396|       pointer|
|A_BUF_397                   |   in|   32|   ap_stable|        A_BUF_397|       pointer|
|A_BUF_398                   |   in|   32|   ap_stable|        A_BUF_398|       pointer|
|A_BUF_399                   |   in|   32|   ap_stable|        A_BUF_399|       pointer|
|A_BUF_400                   |   in|   32|   ap_stable|        A_BUF_400|       pointer|
|A_BUF_401                   |   in|   32|   ap_stable|        A_BUF_401|       pointer|
|A_BUF_402                   |   in|   32|   ap_stable|        A_BUF_402|       pointer|
|A_BUF_403                   |   in|   32|   ap_stable|        A_BUF_403|       pointer|
|A_BUF_404                   |   in|   32|   ap_stable|        A_BUF_404|       pointer|
|A_BUF_405                   |   in|   32|   ap_stable|        A_BUF_405|       pointer|
|A_BUF_406                   |   in|   32|   ap_stable|        A_BUF_406|       pointer|
|A_BUF_407                   |   in|   32|   ap_stable|        A_BUF_407|       pointer|
|A_BUF_408                   |   in|   32|   ap_stable|        A_BUF_408|       pointer|
|A_BUF_409                   |   in|   32|   ap_stable|        A_BUF_409|       pointer|
|A_BUF_410                   |   in|   32|   ap_stable|        A_BUF_410|       pointer|
|A_BUF_411                   |   in|   32|   ap_stable|        A_BUF_411|       pointer|
|A_BUF_412                   |   in|   32|   ap_stable|        A_BUF_412|       pointer|
|A_BUF_413                   |   in|   32|   ap_stable|        A_BUF_413|       pointer|
|A_BUF_414                   |   in|   32|   ap_stable|        A_BUF_414|       pointer|
|A_BUF_415                   |   in|   32|   ap_stable|        A_BUF_415|       pointer|
|A_BUF_416                   |   in|   32|   ap_stable|        A_BUF_416|       pointer|
|A_BUF_417                   |   in|   32|   ap_stable|        A_BUF_417|       pointer|
|A_BUF_418                   |   in|   32|   ap_stable|        A_BUF_418|       pointer|
|A_BUF_419                   |   in|   32|   ap_stable|        A_BUF_419|       pointer|
|A_BUF_420                   |   in|   32|   ap_stable|        A_BUF_420|       pointer|
|A_BUF_421                   |   in|   32|   ap_stable|        A_BUF_421|       pointer|
|A_BUF_422                   |   in|   32|   ap_stable|        A_BUF_422|       pointer|
|A_BUF_423                   |   in|   32|   ap_stable|        A_BUF_423|       pointer|
|A_BUF_424                   |   in|   32|   ap_stable|        A_BUF_424|       pointer|
|A_BUF_425                   |   in|   32|   ap_stable|        A_BUF_425|       pointer|
|A_BUF_426                   |   in|   32|   ap_stable|        A_BUF_426|       pointer|
|A_BUF_427                   |   in|   32|   ap_stable|        A_BUF_427|       pointer|
|A_BUF_428                   |   in|   32|   ap_stable|        A_BUF_428|       pointer|
|A_BUF_429                   |   in|   32|   ap_stable|        A_BUF_429|       pointer|
|A_BUF_430                   |   in|   32|   ap_stable|        A_BUF_430|       pointer|
|A_BUF_431                   |   in|   32|   ap_stable|        A_BUF_431|       pointer|
|A_BUF_432                   |   in|   32|   ap_stable|        A_BUF_432|       pointer|
|A_BUF_433                   |   in|   32|   ap_stable|        A_BUF_433|       pointer|
|A_BUF_434                   |   in|   32|   ap_stable|        A_BUF_434|       pointer|
|A_BUF_435                   |   in|   32|   ap_stable|        A_BUF_435|       pointer|
|A_BUF_436                   |   in|   32|   ap_stable|        A_BUF_436|       pointer|
|A_BUF_437                   |   in|   32|   ap_stable|        A_BUF_437|       pointer|
|A_BUF_438                   |   in|   32|   ap_stable|        A_BUF_438|       pointer|
|A_BUF_439                   |   in|   32|   ap_stable|        A_BUF_439|       pointer|
|A_BUF_440                   |   in|   32|   ap_stable|        A_BUF_440|       pointer|
|A_BUF_441                   |   in|   32|   ap_stable|        A_BUF_441|       pointer|
|A_BUF_442                   |   in|   32|   ap_stable|        A_BUF_442|       pointer|
|A_BUF_443                   |   in|   32|   ap_stable|        A_BUF_443|       pointer|
|A_BUF_444                   |   in|   32|   ap_stable|        A_BUF_444|       pointer|
|A_BUF_445                   |   in|   32|   ap_stable|        A_BUF_445|       pointer|
|A_BUF_446                   |   in|   32|   ap_stable|        A_BUF_446|       pointer|
|A_BUF_447                   |   in|   32|   ap_stable|        A_BUF_447|       pointer|
|A_BUF_448                   |   in|   32|   ap_stable|        A_BUF_448|       pointer|
|A_BUF_449                   |   in|   32|   ap_stable|        A_BUF_449|       pointer|
|A_BUF_450                   |   in|   32|   ap_stable|        A_BUF_450|       pointer|
|A_BUF_451                   |   in|   32|   ap_stable|        A_BUF_451|       pointer|
|A_BUF_452                   |   in|   32|   ap_stable|        A_BUF_452|       pointer|
|A_BUF_453                   |   in|   32|   ap_stable|        A_BUF_453|       pointer|
|A_BUF_454                   |   in|   32|   ap_stable|        A_BUF_454|       pointer|
|A_BUF_455                   |   in|   32|   ap_stable|        A_BUF_455|       pointer|
|A_BUF_456                   |   in|   32|   ap_stable|        A_BUF_456|       pointer|
|A_BUF_457                   |   in|   32|   ap_stable|        A_BUF_457|       pointer|
|A_BUF_458                   |   in|   32|   ap_stable|        A_BUF_458|       pointer|
|A_BUF_459                   |   in|   32|   ap_stable|        A_BUF_459|       pointer|
|A_BUF_460                   |   in|   32|   ap_stable|        A_BUF_460|       pointer|
|A_BUF_461                   |   in|   32|   ap_stable|        A_BUF_461|       pointer|
|A_BUF_462                   |   in|   32|   ap_stable|        A_BUF_462|       pointer|
|A_BUF_463                   |   in|   32|   ap_stable|        A_BUF_463|       pointer|
|A_BUF_464                   |   in|   32|   ap_stable|        A_BUF_464|       pointer|
|A_BUF_465                   |   in|   32|   ap_stable|        A_BUF_465|       pointer|
|A_BUF_466                   |   in|   32|   ap_stable|        A_BUF_466|       pointer|
|A_BUF_467                   |   in|   32|   ap_stable|        A_BUF_467|       pointer|
|A_BUF_468                   |   in|   32|   ap_stable|        A_BUF_468|       pointer|
|A_BUF_469                   |   in|   32|   ap_stable|        A_BUF_469|       pointer|
|A_BUF_470                   |   in|   32|   ap_stable|        A_BUF_470|       pointer|
|A_BUF_471                   |   in|   32|   ap_stable|        A_BUF_471|       pointer|
|A_BUF_472                   |   in|   32|   ap_stable|        A_BUF_472|       pointer|
|A_BUF_473                   |   in|   32|   ap_stable|        A_BUF_473|       pointer|
|A_BUF_474                   |   in|   32|   ap_stable|        A_BUF_474|       pointer|
|A_BUF_475                   |   in|   32|   ap_stable|        A_BUF_475|       pointer|
|A_BUF_476                   |   in|   32|   ap_stable|        A_BUF_476|       pointer|
|A_BUF_477                   |   in|   32|   ap_stable|        A_BUF_477|       pointer|
|A_BUF_478                   |   in|   32|   ap_stable|        A_BUF_478|       pointer|
|A_BUF_479                   |   in|   32|   ap_stable|        A_BUF_479|       pointer|
|A_BUF_480                   |   in|   32|   ap_stable|        A_BUF_480|       pointer|
|A_BUF_481                   |   in|   32|   ap_stable|        A_BUF_481|       pointer|
|A_BUF_482                   |   in|   32|   ap_stable|        A_BUF_482|       pointer|
|A_BUF_483                   |   in|   32|   ap_stable|        A_BUF_483|       pointer|
|A_BUF_484                   |   in|   32|   ap_stable|        A_BUF_484|       pointer|
|A_BUF_485                   |   in|   32|   ap_stable|        A_BUF_485|       pointer|
|A_BUF_486                   |   in|   32|   ap_stable|        A_BUF_486|       pointer|
|A_BUF_487                   |   in|   32|   ap_stable|        A_BUF_487|       pointer|
|A_BUF_488                   |   in|   32|   ap_stable|        A_BUF_488|       pointer|
|A_BUF_489                   |   in|   32|   ap_stable|        A_BUF_489|       pointer|
|A_BUF_490                   |   in|   32|   ap_stable|        A_BUF_490|       pointer|
|A_BUF_491                   |   in|   32|   ap_stable|        A_BUF_491|       pointer|
|A_BUF_492                   |   in|   32|   ap_stable|        A_BUF_492|       pointer|
|A_BUF_493                   |   in|   32|   ap_stable|        A_BUF_493|       pointer|
|A_BUF_494                   |   in|   32|   ap_stable|        A_BUF_494|       pointer|
|A_BUF_495                   |   in|   32|   ap_stable|        A_BUF_495|       pointer|
|A_BUF_496                   |   in|   32|   ap_stable|        A_BUF_496|       pointer|
|A_BUF_497                   |   in|   32|   ap_stable|        A_BUF_497|       pointer|
|A_BUF_498                   |   in|   32|   ap_stable|        A_BUF_498|       pointer|
|A_BUF_499                   |   in|   32|   ap_stable|        A_BUF_499|       pointer|
|A_BUF_500                   |   in|   32|   ap_stable|        A_BUF_500|       pointer|
|A_BUF_501                   |   in|   32|   ap_stable|        A_BUF_501|       pointer|
|A_BUF_502                   |   in|   32|   ap_stable|        A_BUF_502|       pointer|
|A_BUF_503                   |   in|   32|   ap_stable|        A_BUF_503|       pointer|
|A_BUF_504                   |   in|   32|   ap_stable|        A_BUF_504|       pointer|
|A_BUF_505                   |   in|   32|   ap_stable|        A_BUF_505|       pointer|
|A_BUF_506                   |   in|   32|   ap_stable|        A_BUF_506|       pointer|
|A_BUF_507                   |   in|   32|   ap_stable|        A_BUF_507|       pointer|
|A_BUF_508                   |   in|   32|   ap_stable|        A_BUF_508|       pointer|
|A_BUF_509                   |   in|   32|   ap_stable|        A_BUF_509|       pointer|
|A_BUF_510                   |   in|   32|   ap_stable|        A_BUF_510|       pointer|
|A_BUF_511                   |   in|   32|   ap_stable|        A_BUF_511|       pointer|
|A_streams_1_din             |  out|   32|     ap_fifo|      A_streams_1|       pointer|
|A_streams_1_num_data_valid  |   in|    3|     ap_fifo|      A_streams_1|       pointer|
|A_streams_1_fifo_cap        |   in|    3|     ap_fifo|      A_streams_1|       pointer|
|A_streams_1_full_n          |   in|    1|     ap_fifo|      A_streams_1|       pointer|
|A_streams_1_write           |  out|    1|     ap_fifo|      A_streams_1|       pointer|
|A_streams_din               |  out|   32|     ap_fifo|        A_streams|       pointer|
|A_streams_num_data_valid    |   in|    3|     ap_fifo|        A_streams|       pointer|
|A_streams_fifo_cap          |   in|    3|     ap_fifo|        A_streams|       pointer|
|A_streams_full_n            |   in|    1|     ap_fifo|        A_streams|       pointer|
|A_streams_write             |  out|    1|     ap_fifo|        A_streams|       pointer|
|tileA                       |   in|    1|     ap_none|            tileA|        scalar|
|tileA_c_din                 |  out|    1|     ap_fifo|          tileA_c|       pointer|
|tileA_c_num_data_valid      |   in|    3|     ap_fifo|          tileA_c|       pointer|
|tileA_c_fifo_cap            |   in|    3|     ap_fifo|          tileA_c|       pointer|
|tileA_c_full_n              |   in|    1|     ap_fifo|          tileA_c|       pointer|
|tileA_c_write               |  out|    1|     ap_fifo|          tileA_c|       pointer|
+----------------------------+-----+-----+------------+-----------------+--------------+

