

================================================================
== Vitis HLS Report for 'matMulTile62'
================================================================
* Date:           Fri May 29 17:37:38 2026

* Version:        2023.2 (Build 4023990 on Oct 11 2023)
* Project:        hls_project
* Solution:       gemm2 (Vitis Kernel Flow Target)
* Product family: zynquplus
* Target device:  xczu7ev-ffvc1156-2-e


================================================================
== Performance Estimates
================================================================
+ Timing: 
    * Summary: 
    +--------+---------+----------+------------+
    |  Clock |  Target | Estimated| Uncertainty|
    +--------+---------+----------+------------+
    |ap_clk  |  3.33 ns|  2.829 ns|     0.90 ns|
    +--------+---------+----------+------------+

+ Latency: 
    * Summary: 
    +---------+---------+-----------+-----------+------+------+---------+
    |  Latency (cycles) |   Latency (absolute)  |   Interval  | Pipeline|
    |   min   |   max   |    min    |    max    |  min |  max |   Type  |
    +---------+---------+-----------+-----------+------+------+---------+
    |     4103|     4103|  13.675 us|  13.675 us|  4103|  4103|       no|
    +---------+---------+-----------+-----------+------+------+---------+

    + Detail: 
        * Instance: 
        N/A

        * Loop: 
        +-----------------------+---------+---------+----------+-----------+-----------+------+----------+
        |                       |  Latency (cycles) | Iteration|  Initiation Interval  | Trip |          |
        |       Loop Name       |   min   |   max   |  Latency |  achieved |   target  | Count| Pipelined|
        +-----------------------+---------+---------+----------+-----------+-----------+------+----------+
        |- mat_mul_i_mat_mul_j  |     4101|     4101|        14|          8|          1|   512|       yes|
        +-----------------------+---------+---------+----------+-----------+-----------+------+----------+



================================================================
== Utilization Estimates
================================================================
* Summary: 
+-----------------+---------+------+--------+--------+-----+
|       Name      | BRAM_18K|  DSP |   FF   |   LUT  | URAM|
+-----------------+---------+------+--------+--------+-----+
|DSP              |        -|     -|       -|       -|    -|
|Expression       |        -|     -|       0|    1158|    -|
|FIFO             |        -|     -|       -|       -|    -|
|Instance         |        -|     8|     330|      98|    -|
|Memory           |        -|     -|       -|       -|    -|
|Multiplexer      |        -|     -|       -|     537|    -|
|Register         |        -|     -|     927|       -|    -|
+-----------------+---------+------+--------+--------+-----+
|Total            |        0|     8|    1257|    1793|    0|
+-----------------+---------+------+--------+--------+-----+
|Available        |      624|  1728|  460800|  230400|   96|
+-----------------+---------+------+--------+--------+-----+
|Utilization (%)  |        0|    ~0|      ~0|      ~0|    0|
+-----------------+---------+------+--------+--------+-----+

+ Detail: 
    * Instance: 
    +------------------------+--------------------+---------+----+-----+----+-----+
    |        Instance        |       Module       | BRAM_18K| DSP|  FF | LUT| URAM|
    +------------------------+--------------------+---------+----+-----+----+-----+
    |mul_32s_32s_56_2_1_U24  |mul_32s_32s_56_2_1  |        0|   4|  165|  49|    0|
    |mul_32s_32s_56_2_1_U25  |mul_32s_32s_56_2_1  |        0|   4|  165|  49|    0|
    +------------------------+--------------------+---------+----+-----+----+-----+
    |Total                   |                    |        0|   8|  330|  98|    0|
    +------------------------+--------------------+---------+----+-----+----+-----+

    * DSP: 
    N/A

    * Memory: 
    N/A

    * FIFO: 
    N/A

    * Expression: 
    +---------------------------+----------+----+---+----+------------+------------+
    |       Variable Name       | Operation| DSP| FF| LUT| Bitwidth P0| Bitwidth P1|
    +---------------------------+----------+----+---+----+------------+------------+
    |add_ln46_1_fu_469_p2       |         +|   0|  0|  17|          10|           1|
    |add_ln46_fu_481_p2         |         +|   0|  0|  12|           5|           1|
    |add_ln48_fu_921_p2         |         +|   0|  0|  13|           6|           1|
    |add_ln52_10_fu_1131_p2     |         +|   0|  0|  63|          56|          56|
    |add_ln52_11_fu_1162_p2     |         +|   0|  0|  63|          56|          56|
    |add_ln52_12_fu_1186_p2     |         +|   0|  0|  63|          56|          56|
    |add_ln52_13_fu_1209_p2     |         +|   0|  0|  63|          56|          56|
    |add_ln52_14_fu_1233_p2     |         +|   0|  0|  63|          56|          56|
    |add_ln52_15_fu_555_p2      |         +|   0|  0|  14|           7|           6|
    |add_ln52_16_fu_567_p2      |         +|   0|  0|  15|           8|           7|
    |add_ln52_17_fu_608_p2      |         +|   0|  0|  15|           8|           8|
    |add_ln52_1_fu_795_p2       |         +|   0|  0|  63|          56|          56|
    |add_ln52_2_fu_819_p2       |         +|   0|  0|  63|          56|          56|
    |add_ln52_3_fu_871_p2       |         +|   0|  0|  63|          56|          56|
    |add_ln52_4_fu_895_p2       |         +|   0|  0|  63|          56|          56|
    |add_ln52_5_fu_975_p2       |         +|   0|  0|  63|          56|          56|
    |add_ln52_6_fu_999_p2       |         +|   0|  0|  63|          56|          56|
    |add_ln52_7_fu_1040_p2      |         +|   0|  0|  63|          56|          56|
    |add_ln52_8_fu_1064_p2      |         +|   0|  0|  63|          56|          56|
    |add_ln52_9_fu_1107_p2      |         +|   0|  0|  63|          56|          56|
    |add_ln52_fu_743_p2         |         +|   0|  0|  63|          56|          56|
    |add_ln54_fu_962_p2         |         +|   0|  0|  16|           9|           9|
    |ap_block_pp0_stage0_11001  |       and|   0|  0|   2|           1|           1|
    |ap_condition_1021          |       and|   0|  0|   2|           1|           1|
    |ap_condition_1025          |       and|   0|  0|   2|           1|           1|
    |ap_condition_1031          |       and|   0|  0|   2|           1|           1|
    |ap_condition_499           |       and|   0|  0|   2|           1|           1|
    |icmp_ln46_fu_463_p2        |      icmp|   0|  0|  18|          10|          11|
    |icmp_ln48_fu_487_p2        |      icmp|   0|  0|  14|           6|           7|
    |or_ln52_1_fu_619_p2        |        or|   0|  0|   7|           7|           2|
    |or_ln52_2_fu_674_p2        |        or|   0|  0|   7|           7|           2|
    |or_ln52_3_fu_715_p2        |        or|   0|  0|   7|           7|           3|
    |or_ln52_4_fu_767_p2        |        or|   0|  0|   7|           7|           3|
    |or_ln52_5_fu_843_p2        |        or|   0|  0|   7|           7|           3|
    |or_ln52_6_fu_931_p2        |        or|   0|  0|   7|           7|           3|
    |or_ln52_fu_584_p2          |        or|   0|  0|   7|           7|           1|
    |select_ln46_1_fu_526_p3    |    select|   0|  0|   5|           1|           5|
    |select_ln46_fu_493_p3      |    select|   0|  0|   6|           1|           1|
    |ap_enable_pp0              |       xor|   0|  0|   2|           1|           2|
    |xor_ln52_fu_649_p2         |       xor|   0|  0|   7|           6|           7|
    +---------------------------+----------+----+---+----+------------+------------+
    |Total                      |          |   0|  0|1158|         972|         928|
    +---------------------------+----------+----+---+----+------------+------------+

    * Multiplexer: 
    +--------------------------------------+----+-----------+-----+-----------+
    |                 Name                 | LUT| Input Size| Bits| Total Bits|
    +--------------------------------------+----+-----------+-----+-----------+
    |A_0_address0                          |  49|          9|    7|         63|
    |A_1_address0                          |  49|          9|    7|         63|
    |B_0_address0                          |  26|          5|    8|         40|
    |B_0_address1                          |  26|          5|    8|         40|
    |B_1_address0                          |  26|          5|    8|         40|
    |B_1_address1                          |  26|          5|    8|         40|
    |ap_NS_fsm                             |  49|          9|    1|          9|
    |ap_done_int                           |   9|          2|    1|          2|
    |ap_enable_reg_pp0_iter0               |   9|          2|    1|          2|
    |ap_enable_reg_pp0_iter0_reg           |   9|          2|    1|          2|
    |ap_enable_reg_pp0_iter1               |   9|          2|    1|          2|
    |ap_sig_allocacmp_i_load               |   9|          2|    5|         10|
    |ap_sig_allocacmp_indvar_flatten_load  |   9|          2|   10|         20|
    |ap_sig_allocacmp_j_load               |   9|          2|    6|         12|
    |grp_fu_405_p0                         |  49|          9|   32|        288|
    |grp_fu_405_p1                         |  49|          9|   32|        288|
    |grp_fu_409_p0                         |  49|          9|   32|        288|
    |grp_fu_409_p1                         |  49|          9|   32|        288|
    |i_fu_100                              |   9|          2|    5|         10|
    |indvar_flatten_fu_104                 |   9|          2|   10|         20|
    |j_fu_96                               |   9|          2|    6|         12|
    +--------------------------------------+----+-----------+-----+-----------+
    |Total                                 | 537|        103|  221|       1539|
    +--------------------------------------+----+-----------+-----+-----------+

    * Register: 
    +-----------------------------+----+----+-----+-----------+
    |             Name            | FF | LUT| Bits| Const Bits|
    +-----------------------------+----+----+-----+-----------+
    |B_0_load_2_reg_1379          |  32|   0|   32|          0|
    |B_0_load_3_reg_1419          |  32|   0|   32|          0|
    |B_0_load_5_reg_1479          |  32|   0|   32|          0|
    |B_0_load_7_reg_1524          |  32|   0|   32|          0|
    |B_1_load_2_reg_1384          |  32|   0|   32|          0|
    |B_1_load_3_reg_1424          |  32|   0|   32|          0|
    |B_1_load_5_reg_1484          |  32|   0|   32|          0|
    |B_1_load_7_reg_1529          |  32|   0|   32|          0|
    |add_ln46_reg_1283            |   5|   0|    5|          0|
    |add_ln54_reg_1659            |   9|   0|    9|          0|
    |ap_CS_fsm                    |   8|   0|    8|          0|
    |ap_done_reg                  |   1|   0|    1|          0|
    |ap_enable_reg_pp0_iter0_reg  |   1|   0|    1|          0|
    |ap_enable_reg_pp0_iter1      |   1|   0|    1|          0|
    |i_fu_100                     |   5|   0|    5|          0|
    |i_load_reg_1278              |   5|   0|    5|          0|
    |icmp_ln46_reg_1274           |   1|   0|    1|          0|
    |icmp_ln48_reg_1288           |   1|   0|    1|          0|
    |indvar_flatten_fu_104        |  10|   0|   10|          0|
    |j_fu_96                      |   6|   0|    6|          0|
    |psum_reg_1734                |  32|   0|   32|          0|
    |reg_413                      |  32|   0|   32|          0|
    |reg_417                      |  32|   0|   32|          0|
    |reg_421                      |  32|   0|   32|          0|
    |reg_425                      |  32|   0|   32|          0|
    |reg_429                      |  32|   0|   32|          0|
    |reg_433                      |  32|   0|   32|          0|
    |reg_437                      |  56|   0|   56|          0|
    |reg_441                      |  56|   0|   56|          0|
    |select_ln46_reg_1293         |   6|   0|    6|          0|
    |tmp_10_reg_1689              |  32|   0|   32|          0|
    |tmp_12_reg_1714              |  32|   0|   32|          0|
    |tmp_14_reg_1729              |  32|   0|   32|          0|
    |tmp_1_reg_1554               |  32|   0|   32|          0|
    |tmp_3_reg_1589               |  32|   0|   32|          0|
    |tmp_5_reg_1624               |  32|   0|   32|          0|
    |tmp_7_reg_1664               |  32|   0|   32|          0|
    |tmp_9_cast_reg_1308          |   6|   0|    7|          1|
    |tmp_reg_1333                 |   4|   0|    7|          3|
    |tmp_s_reg_1509               |  32|   0|   32|          0|
    |trunc_ln52_reg_1328          |   4|   0|    4|          0|
    |zext_ln52_9_reg_1354         |   6|   0|    8|          2|
    +-----------------------------+----+----+-----+-----------+
    |Total                        | 927|   0|  933|          6|
    +-----------------------------+----+----+-----+-----------+



================================================================
== Interface
================================================================
* Summary: 
+--------------+-----+-----+------------+--------------+--------------+
|   RTL Ports  | Dir | Bits|  Protocol  | Source Object|    C Type    |
+--------------+-----+-----+------------+--------------+--------------+
|ap_clk        |   in|    1|  ap_ctrl_hs|  matMulTile62|  return value|
|ap_rst        |   in|    1|  ap_ctrl_hs|  matMulTile62|  return value|
|ap_start      |   in|    1|  ap_ctrl_hs|  matMulTile62|  return value|
|ap_done       |  out|    1|  ap_ctrl_hs|  matMulTile62|  return value|
|ap_continue   |   in|    1|  ap_ctrl_hs|  matMulTile62|  return value|
|ap_idle       |  out|    1|  ap_ctrl_hs|  matMulTile62|  return value|
|ap_ready      |  out|    1|  ap_ctrl_hs|  matMulTile62|  return value|
|A_0_address0  |  out|    7|   ap_memory|           A_0|         array|
|A_0_ce0       |  out|    1|   ap_memory|           A_0|         array|
|A_0_q0        |   in|   32|   ap_memory|           A_0|         array|
|A_1_address0  |  out|    7|   ap_memory|           A_1|         array|
|A_1_ce0       |  out|    1|   ap_memory|           A_1|         array|
|A_1_q0        |   in|   32|   ap_memory|           A_1|         array|
|B_0_address0  |  out|    8|   ap_memory|           B_0|         array|
|B_0_ce0       |  out|    1|   ap_memory|           B_0|         array|
|B_0_q0        |   in|   32|   ap_memory|           B_0|         array|
|B_0_address1  |  out|    8|   ap_memory|           B_0|         array|
|B_0_ce1       |  out|    1|   ap_memory|           B_0|         array|
|B_0_q1        |   in|   32|   ap_memory|           B_0|         array|
|B_1_address0  |  out|    8|   ap_memory|           B_1|         array|
|B_1_ce0       |  out|    1|   ap_memory|           B_1|         array|
|B_1_q0        |   in|   32|   ap_memory|           B_1|         array|
|B_1_address1  |  out|    8|   ap_memory|           B_1|         array|
|B_1_ce1       |  out|    1|   ap_memory|           B_1|         array|
|B_1_q1        |   in|   32|   ap_memory|           B_1|         array|
|C_address0    |  out|    9|   ap_memory|             C|         array|
|C_ce0         |  out|    1|   ap_memory|             C|         array|
|C_we0         |  out|    1|   ap_memory|             C|         array|
|C_d0          |  out|   32|   ap_memory|             C|         array|
+--------------+-----+-----+------------+--------------+--------------+

