

================================================================
== Vitis HLS Report for 'matMulTile_274'
================================================================
* Date:           Fri May 29 17:37:38 2026

* Version:        2023.2 (Build 4023990 on Oct 11 2023)
* Project:        hls_project
* Solution:       gemm2 (Vitis Kernel Flow Target)
* Product family: zynquplus
* Target device:  xczu7ev-ffvc1156-2-e


================================================================
== Performance Estimates
================================================================
+ Timing: 
    * Summary: 
    +--------+---------+----------+------------+
    |  Clock |  Target | Estimated| Uncertainty|
    +--------+---------+----------+------------+
    |ap_clk  |  3.33 ns|  2.829 ns|     0.90 ns|
    +--------+---------+----------+------------+

+ Latency: 
    * Summary: 
    +---------+---------+----------+----------+------+------+---------+
    |  Latency (cycles) |  Latency (absolute) |   Interval  | Pipeline|
    |   min   |   max   |    min   |    max   |  min |  max |   Type  |
    +---------+---------+----------+----------+------+------+---------+
    |     2058|     2058|  6.859 us|  6.859 us|  2058|  2058|       no|
    +---------+---------+----------+----------+------+------+---------+

    + Detail: 
        * Instance: 
        N/A

        * Loop: 
        +-----------------------+---------+---------+----------+-----------+-----------+------+----------+
        |                       |  Latency (cycles) | Iteration|  Initiation Interval  | Trip |          |
        |       Loop Name       |   min   |   max   |  Latency |  achieved |   target  | Count| Pipelined|
        +-----------------------+---------+---------+----------+-----------+-----------+------+----------+
        |- mat_mul_i_mat_mul_j  |     2056|     2056|        13|          4|          1|   512|       yes|
        +-----------------------+---------+---------+----------+-----------+-----------+------+----------+



================================================================
== Utilization Estimates
================================================================
* Summary: 
+-----------------+---------+------+--------+--------+-----+
|       Name      | BRAM_18K|  DSP |   FF   |   LUT  | URAM|
+-----------------+---------+------+--------+--------+-----+
|DSP              |        -|     -|       -|       -|    -|
|Expression       |        -|     -|       0|    1158|    -|
|FIFO             |        -|     -|       -|       -|    -|
|Instance         |        -|    16|     660|     196|    -|
|Memory           |        -|     -|       -|       -|    -|
|Multiplexer      |        -|     -|       -|     580|    -|
|Register         |        -|     -|    1521|       -|    -|
+-----------------+---------+------+--------+--------+-----+
|Total            |        0|    16|    2181|    1934|    0|
+-----------------+---------+------+--------+--------+-----+
|Available        |      624|  1728|  460800|  230400|   96|
+-----------------+---------+------+--------+--------+-----+
|Utilization (%)  |        0|    ~0|      ~0|      ~0|    0|
+-----------------+---------+------+--------+--------+-----+

+ Detail: 
    * Instance: 
    +------------------------+--------------------+---------+----+-----+----+-----+
    |        Instance        |       Module       | BRAM_18K| DSP|  FF | LUT| URAM|
    +------------------------+--------------------+---------+----+-----+----+-----+
    |mul_32s_32s_56_2_1_U32  |mul_32s_32s_56_2_1  |        0|   4|  165|  49|    0|
    |mul_32s_32s_56_2_1_U33  |mul_32s_32s_56_2_1  |        0|   4|  165|  49|    0|
    |mul_32s_32s_56_2_1_U34  |mul_32s_32s_56_2_1  |        0|   4|  165|  49|    0|
    |mul_32s_32s_56_2_1_U35  |mul_32s_32s_56_2_1  |        0|   4|  165|  49|    0|
    +------------------------+--------------------+---------+----+-----+----+-----+
    |Total                   |                    |        0|  16|  660| 196|    0|
    +------------------------+--------------------+---------+----+-----+----+-----+

    * DSP: 
    N/A

    * Memory: 
    N/A

    * FIFO: 
    N/A

    * Expression: 
    +---------------------------+----------+----+---+----+------------+------------+
    |       Variable Name       | Operation| DSP| FF| LUT| Bitwidth P0| Bitwidth P1|
    +---------------------------+----------+----+---+----+------------+------------+
    |add_ln46_2_fu_509_p2       |         +|   0|  0|  17|          10|           1|
    |add_ln46_fu_521_p2         |         +|   0|  0|  12|           5|           1|
    |add_ln48_fu_768_p2         |         +|   0|  0|  13|           6|           1|
    |add_ln52_10_fu_1180_p2     |         +|   0|  0|  63|          56|          56|
    |add_ln52_11_fu_1203_p2     |         +|   0|  0|  63|          56|          56|
    |add_ln52_12_fu_1225_p2     |         +|   0|  0|  63|          56|          56|
    |add_ln52_13_fu_1248_p2     |         +|   0|  0|  63|          56|          56|
    |add_ln52_14_fu_1274_p2     |         +|   0|  0|  63|          56|          56|
    |add_ln52_18_fu_607_p2      |         +|   0|  0|  14|           7|           6|
    |add_ln52_19_fu_619_p2      |         +|   0|  0|  15|           8|           7|
    |add_ln52_1_fu_915_p2       |         +|   0|  0|  63|          56|          56|
    |add_ln52_20_fu_671_p2      |         +|   0|  0|  15|           8|           8|
    |add_ln52_2_fu_978_p2       |         +|   0|  0|  63|          56|          56|
    |add_ln52_3_fu_1001_p2      |         +|   0|  0|  63|          56|          56|
    |add_ln52_4_fu_1042_p2      |         +|   0|  0|  63|          56|          56|
    |add_ln52_5_fu_1066_p2      |         +|   0|  0|  63|          56|          56|
    |add_ln52_6_fu_1089_p2      |         +|   0|  0|  63|          56|          56|
    |add_ln52_7_fu_1112_p2      |         +|   0|  0|  63|          56|          56|
    |add_ln52_8_fu_1135_p2      |         +|   0|  0|  63|          56|          56|
    |add_ln52_9_fu_1158_p2      |         +|   0|  0|  63|          56|          56|
    |add_ln52_fu_891_p2         |         +|   0|  0|  63|          56|          56|
    |add_ln54_fu_830_p2         |         +|   0|  0|  16|           9|           9|
    |ap_block_pp0_stage0_11001  |       and|   0|  0|   2|           1|           1|
    |ap_condition_437           |       and|   0|  0|   2|           1|           1|
    |ap_condition_964           |       and|   0|  0|   2|           1|           1|
    |ap_condition_968           |       and|   0|  0|   2|           1|           1|
    |ap_condition_974           |       and|   0|  0|   2|           1|           1|
    |icmp_ln46_fu_503_p2        |      icmp|   0|  0|  18|          10|          11|
    |icmp_ln48_fu_527_p2        |      icmp|   0|  0|  14|           6|           7|
    |or_ln52_10_fu_693_p2       |        or|   0|  0|   7|           7|           3|
    |or_ln52_11_fu_778_p2       |        or|   0|  0|   7|           7|           3|
    |or_ln52_12_fu_789_p2       |        or|   0|  0|   7|           7|           3|
    |or_ln52_7_fu_636_p2        |        or|   0|  0|   7|           7|           2|
    |or_ln52_8_fu_647_p2        |        or|   0|  0|   7|           7|           2|
    |or_ln52_9_fu_682_p2        |        or|   0|  0|   7|           7|           3|
    |or_ln52_fu_589_p2          |        or|   0|  0|   7|           7|           1|
    |select_ln46_2_fu_566_p3    |    select|   0|  0|   5|           1|           5|
    |select_ln46_fu_533_p3      |    select|   0|  0|   6|           1|           1|
    |ap_enable_pp0              |       xor|   0|  0|   2|           1|           2|
    |xor_ln52_fu_733_p2         |       xor|   0|  0|   7|           6|           7|
    +---------------------------+----------+----+---+----+------------+------------+
    |Total                      |          |   0|  0|1158|         972|         928|
    +---------------------------+----------+----+---+----+------------+------------+

    * Multiplexer: 
    +--------------------------------------+----+-----------+-----+-----------+
    |                 Name                 | LUT| Input Size| Bits| Total Bits|
    +--------------------------------------+----+-----------+-----+-----------+
    |A_0_address1                          |  49|          9|    7|         63|
    |A_1_address1                          |  49|          9|    7|         63|
    |B_0_address0                          |  26|          5|    8|         40|
    |B_0_address1                          |  26|          5|    8|         40|
    |B_1_address0                          |  26|          5|    8|         40|
    |B_1_address1                          |  26|          5|    8|         40|
    |ap_NS_fsm                             |  26|          5|    1|          5|
    |ap_done_int                           |   9|          2|    1|          2|
    |ap_enable_reg_pp0_iter0               |   9|          2|    1|          2|
    |ap_enable_reg_pp0_iter1               |   9|          2|    1|          2|
    |ap_enable_reg_pp0_iter3               |   9|          2|    1|          2|
    |ap_loop_exit_ready_pp0_iter1_reg      |   9|          2|    1|          2|
    |ap_loop_exit_ready_pp0_iter2_reg      |   9|          2|    1|          2|
    |ap_sig_allocacmp_i_load               |   9|          2|    5|         10|
    |ap_sig_allocacmp_indvar_flatten_load  |   9|          2|   10|         20|
    |ap_sig_allocacmp_j_load               |   9|          2|    6|         12|
    |grp_fu_413_p0                         |  26|          5|   32|        160|
    |grp_fu_413_p1                         |  26|          5|   32|        160|
    |grp_fu_417_p0                         |  26|          5|   32|        160|
    |grp_fu_417_p1                         |  26|          5|   32|        160|
    |grp_fu_421_p0                         |  26|          5|   32|        160|
    |grp_fu_421_p1                         |  26|          5|   32|        160|
    |grp_fu_425_p0                         |  26|          5|   32|        160|
    |grp_fu_425_p1                         |  26|          5|   32|        160|
    |i_fu_100                              |   9|          2|    5|         10|
    |indvar_flatten_fu_104                 |   9|          2|   10|         20|
    |j_fu_96                               |   9|          2|    6|         12|
    |reg_453                               |   9|          2|   32|         64|
    |reg_458                               |   9|          2|   32|         64|
    |reg_463                               |   9|          2|   32|         64|
    |reg_468                               |   9|          2|   32|         64|
    +--------------------------------------+----+-----------+-----+-----------+
    |Total                                 | 580|        115|  479|       1923|
    +--------------------------------------+----+-----------+-----+-----------+

    * Register: 
    +------------------------------------+----+----+-----+-----------+
    |                Name                | FF | LUT| Bits| Const Bits|
    +------------------------------------+----+----+-----+-----------+
    |B_0_load_2_reg_1425                 |  32|   0|   32|          0|
    |B_0_load_7_reg_1630                 |  32|   0|   32|          0|
    |B_1_load_2_reg_1430                 |  32|   0|   32|          0|
    |B_1_load_7_reg_1635                 |  32|   0|   32|          0|
    |add_ln46_reg_1320                   |   5|   0|    5|          0|
    |add_ln54_reg_1595                   |   9|   0|    9|          0|
    |add_ln54_reg_1595_pp0_iter2_reg     |   9|   0|    9|          0|
    |ap_CS_fsm                           |   4|   0|    4|          0|
    |ap_done_reg                         |   1|   0|    1|          0|
    |ap_enable_reg_pp0_iter0_reg         |   1|   0|    1|          0|
    |ap_enable_reg_pp0_iter1             |   1|   0|    1|          0|
    |ap_enable_reg_pp0_iter2             |   1|   0|    1|          0|
    |ap_enable_reg_pp0_iter3             |   1|   0|    1|          0|
    |ap_loop_exit_ready_pp0_iter1_reg    |   1|   0|    1|          0|
    |ap_loop_exit_ready_pp0_iter2_reg    |   1|   0|    1|          0|
    |i_fu_100                            |   5|   0|    5|          0|
    |i_load_reg_1315                     |   5|   0|    5|          0|
    |icmp_ln46_reg_1311                  |   1|   0|    1|          0|
    |icmp_ln46_reg_1311_pp0_iter1_reg    |   1|   0|    1|          0|
    |icmp_ln48_reg_1325                  |   1|   0|    1|          0|
    |indvar_flatten_fu_104               |  10|   0|   10|          0|
    |j_fu_96                             |   6|   0|    6|          0|
    |mul_ln52_10_reg_1720                |  56|   0|   56|          0|
    |mul_ln52_11_reg_1725                |  56|   0|   56|          0|
    |mul_ln52_12_reg_1755                |  56|   0|   56|          0|
    |mul_ln52_13_reg_1760                |  56|   0|   56|          0|
    |mul_ln52_14_reg_1765                |  56|   0|   56|          0|
    |mul_ln52_15_reg_1770                |  56|   0|   56|          0|
    |mul_ln52_15_reg_1770_pp0_iter2_reg  |  56|   0|   56|          0|
    |mul_ln52_3_reg_1605                 |  56|   0|   56|          0|
    |mul_ln52_7_reg_1665                 |  56|   0|   56|          0|
    |mul_ln52_9_reg_1715                 |  56|   0|   56|          0|
    |reg_429                             |  32|   0|   32|          0|
    |reg_433                             |  32|   0|   32|          0|
    |reg_437                             |  32|   0|   32|          0|
    |reg_441                             |  32|   0|   32|          0|
    |reg_445                             |  32|   0|   32|          0|
    |reg_449                             |  32|   0|   32|          0|
    |reg_453                             |  32|   0|   32|          0|
    |reg_458                             |  32|   0|   32|          0|
    |reg_463                             |  32|   0|   32|          0|
    |reg_468                             |  32|   0|   32|          0|
    |reg_473                             |  56|   0|   56|          0|
    |reg_477                             |  56|   0|   56|          0|
    |reg_481                             |  56|   0|   56|          0|
    |select_ln46_reg_1330                |   6|   0|    6|          0|
    |tmp_16_reg_1600                     |  32|   0|   32|          0|
    |tmp_18_reg_1660                     |  32|   0|   32|          0|
    |tmp_20_reg_1710                     |  32|   0|   32|          0|
    |tmp_22_reg_1750                     |  32|   0|   32|          0|
    |tmp_24_reg_1775                     |  32|   0|   32|          0|
    |tmp_26_reg_1780                     |  32|   0|   32|          0|
    |tmp_28_reg_1785                     |  32|   0|   32|          0|
    |tmp_30_reg_1790                     |  32|   0|   32|          0|
    |tmp_35_cast_reg_1345                |   6|   0|    7|          1|
    |tmp_reg_1370                        |   4|   0|    7|          3|
    |trunc_ln52_reg_1365                 |   4|   0|    4|          0|
    |zext_ln52_26_reg_1400               |   6|   0|    8|          2|
    +------------------------------------+----+----+-----+-----------+
    |Total                               |1521|   0| 1527|          6|
    +------------------------------------+----+----+-----+-----------+



================================================================
== Interface
================================================================
* Summary: 
+--------------+-----+-----+------------+----------------+--------------+
|   RTL Ports  | Dir | Bits|  Protocol  |  Source Object |    C Type    |
+--------------+-----+-----+------------+----------------+--------------+
|ap_clk        |   in|    1|  ap_ctrl_hs|  matMulTile.274|  return value|
|ap_rst        |   in|    1|  ap_ctrl_hs|  matMulTile.274|  return value|
|ap_start      |   in|    1|  ap_ctrl_hs|  matMulTile.274|  return value|
|ap_done       |  out|    1|  ap_ctrl_hs|  matMulTile.274|  return value|
|ap_continue   |   in|    1|  ap_ctrl_hs|  matMulTile.274|  return value|
|ap_idle       |  out|    1|  ap_ctrl_hs|  matMulTile.274|  return value|
|ap_ready      |  out|    1|  ap_ctrl_hs|  matMulTile.274|  return value|
|A_0_address1  |  out|    7|   ap_memory|             A_0|         array|
|A_0_ce1       |  out|    1|   ap_memory|             A_0|         array|
|A_0_q1        |   in|   32|   ap_memory|             A_0|         array|
|A_1_address1  |  out|    7|   ap_memory|             A_1|         array|
|A_1_ce1       |  out|    1|   ap_memory|             A_1|         array|
|A_1_q1        |   in|   32|   ap_memory|             A_1|         array|
|B_0_address0  |  out|    8|   ap_memory|             B_0|         array|
|B_0_ce0       |  out|    1|   ap_memory|             B_0|         array|
|B_0_q0        |   in|   32|   ap_memory|             B_0|         array|
|B_0_address1  |  out|    8|   ap_memory|             B_0|         array|
|B_0_ce1       |  out|    1|   ap_memory|             B_0|         array|
|B_0_q1        |   in|   32|   ap_memory|             B_0|         array|
|B_1_address0  |  out|    8|   ap_memory|             B_1|         array|
|B_1_ce0       |  out|    1|   ap_memory|             B_1|         array|
|B_1_q0        |   in|   32|   ap_memory|             B_1|         array|
|B_1_address1  |  out|    8|   ap_memory|             B_1|         array|
|B_1_ce1       |  out|    1|   ap_memory|             B_1|         array|
|B_1_q1        |   in|   32|   ap_memory|             B_1|         array|
|C_address0    |  out|    9|   ap_memory|               C|         array|
|C_ce0         |  out|    1|   ap_memory|               C|         array|
|C_we0         |  out|    1|   ap_memory|               C|         array|
|C_d0          |  out|   32|   ap_memory|               C|         array|
+--------------+-----+-----+------------+----------------+--------------+

