

================================================================
== Vitis HLS Report for 'matMulTile62'
================================================================
* Date:           Fri May 29 17:50:26 2026

* Version:        2023.2 (Build 4023990 on Oct 11 2023)
* Project:        hls_project
* Solution:       gemm2 (Vitis Kernel Flow Target)
* Product family: zynquplus
* Target device:  xczu7ev-ffvc1156-2-e


================================================================
== Performance Estimates
================================================================
+ Timing: 
    * Summary: 
    +--------+---------+----------+------------+
    |  Clock |  Target | Estimated| Uncertainty|
    +--------+---------+----------+------------+
    |ap_clk  |  3.33 ns|  2.365 ns|     0.90 ns|
    +--------+---------+----------+------------+

+ Latency: 
    * Summary: 
    +---------+---------+----------+----------+-------+-------+---------+
    |  Latency (cycles) |  Latency (absolute) |    Interval   | Pipeline|
    |   min   |   max   |    min   |    max   |  min  |  max  |   Type  |
    +---------+---------+----------+----------+-------+-------+---------+
    |    42017|    42017|  0.140 ms|  0.140 ms|  42017|  42017|       no|
    +---------+---------+----------+----------+-------+-------+---------+

    + Detail: 
        * Instance: 
        N/A

        * Loop: 
        +----------------+---------+---------+----------+-----------+-----------+------+----------+
        |                |  Latency (cycles) | Iteration|  Initiation Interval  | Trip |          |
        |    Loop Name   |   min   |   max   |  Latency |  achieved |   target  | Count| Pipelined|
        +----------------+---------+---------+----------+-----------+-----------+------+----------+
        |- mat_mul_i     |    42016|    42016|      2626|          -|          -|    16|        no|
        | + mat_mul_j    |     2624|     2624|        82|          -|          -|    32|        no|
        |  ++ mat_mul_k  |       80|       80|         5|          -|          -|    16|        no|
        +----------------+---------+---------+----------+-----------+-----------+------+----------+



================================================================
== Utilization Estimates
================================================================
* Summary: 
+-----------------+---------+------+--------+--------+-----+
|       Name      | BRAM_18K|  DSP |   FF   |   LUT  | URAM|
+-----------------+---------+------+--------+--------+-----+
|DSP              |        -|     -|       -|       -|    -|
|Expression       |        -|     -|       0|     237|    -|
|FIFO             |        -|     -|       -|       -|    -|
|Instance         |        -|     4|     165|      49|    -|
|Memory           |        -|     -|       -|       -|    -|
|Multiplexer      |        -|     -|       -|      94|    -|
|Register         |        -|     -|     217|       -|    -|
+-----------------+---------+------+--------+--------+-----+
|Total            |        0|     4|     382|     380|    0|
+-----------------+---------+------+--------+--------+-----+
|Available        |      624|  1728|  460800|  230400|   96|
+-----------------+---------+------+--------+--------+-----+
|Utilization (%)  |        0|    ~0|      ~0|      ~0|    0|
+-----------------+---------+------+--------+--------+-----+

+ Detail: 
    * Instance: 
    +------------------------+--------------------+---------+----+-----+----+-----+
    |        Instance        |       Module       | BRAM_18K| DSP|  FF | LUT| URAM|
    +------------------------+--------------------+---------+----+-----+----+-----+
    |mul_32s_32s_56_2_1_U14  |mul_32s_32s_56_2_1  |        0|   4|  165|  49|    0|
    +------------------------+--------------------+---------+----+-----+----+-----+
    |Total                   |                    |        0|   4|  165|  49|    0|
    +------------------------+--------------------+---------+----+-----+----+-----+

    * DSP: 
    N/A

    * Memory: 
    N/A

    * FIFO: 
    N/A

    * Expression: 
    +-------------------------+----------+----+---+----+------------+------------+
    |      Variable Name      | Operation| DSP| FF| LUT| Bitwidth P0| Bitwidth P1|
    +-------------------------+----------+----+---+----+------------+------------+
    |add_ln10_fu_213_p2       |         +|   0|  0|  13|           6|           1|
    |add_ln13_fu_247_p2       |         +|   0|  0|  12|           5|           1|
    |add_ln14_1_fu_288_p2     |         +|   0|  0|  15|           8|           8|
    |add_ln14_fu_329_p2       |         +|   0|  0|  63|          56|          56|
    |add_ln16_fu_227_p2       |         +|   0|  0|  16|           9|           9|
    |add_ln8_fu_193_p2        |         +|   0|  0|  12|           5|           1|
    |icmp_ln10_fu_207_p2      |      icmp|   0|  0|  14|           6|           7|
    |icmp_ln13_fu_241_p2      |      icmp|   0|  0|  13|           5|           6|
    |icmp_ln8_fu_187_p2       |      icmp|   0|  0|  13|           5|           6|
    |ap_block_state1          |        or|   0|  0|   2|           1|           1|
    |select_ln14_1_fu_306_p3  |    select|   0|  0|  32|           1|          32|
    |select_ln14_fu_299_p3    |    select|   0|  0|  32|           1|          32|
    +-------------------------+----------+----+---+----+------------+------------+
    |Total                    |          |   0|  0| 237|         108|         160|
    +-------------------------+----------+----+---+----+------------+------------+

    * Multiplexer: 
    +----------------+----+-----------+-----+-----------+
    |      Name      | LUT| Input Size| Bits| Total Bits|
    +----------------+----+-----------+-----+-----------+
    |ap_NS_fsm       |  49|          9|    1|          9|
    |ap_done         |   9|          2|    1|          2|
    |i_fu_68         |   9|          2|    5|         10|
    |j_reg_136       |   9|          2|    6|         12|
    |k_reg_147       |   9|          2|    5|         10|
    |psum_1_reg_158  |   9|          2|   32|         64|
    +----------------+----+-----------+-----+-----------+
    |Total           |  94|         19|   50|        107|
    +----------------+----+-----------+-----+-----------+

    * Register: 
    +-----------------------+----+----+-----+-----------+
    |          Name         | FF | LUT| Bits| Const Bits|
    +-----------------------+----+----+-----+-----------+
    |C_addr_reg_382         |   9|   0|    9|          0|
    |add_ln10_reg_372       |   6|   0|    6|          0|
    |add_ln13_reg_390       |   5|   0|    5|          0|
    |add_ln8_reg_359        |   5|   0|    5|          0|
    |ap_CS_fsm              |   8|   0|    8|          0|
    |ap_done_reg            |   1|   0|    1|          0|
    |i_fu_68                |   5|   0|    5|          0|
    |j_reg_136              |   6|   0|    6|          0|
    |k_reg_147              |   5|   0|    5|          0|
    |mul_ln14_reg_441       |  56|   0|   56|          0|
    |psum_1_reg_158         |  32|   0|   32|          0|
    |select_ln14_1_reg_426  |  32|   0|   32|          0|
    |select_ln14_reg_421    |  32|   0|   32|          0|
    |tmp_reg_364            |   4|   0|    9|          5|
    |trunc_ln13_reg_395     |   1|   0|    1|          0|
    |trunc_ln8_reg_351      |   4|   0|    4|          0|
    |zext_ln16_reg_377      |   6|   0|    8|          2|
    +-----------------------+----+----+-----+-----------+
    |Total                  | 217|   0|  224|          7|
    +-----------------------+----+----+-----+-----------+



================================================================
== Interface
================================================================
* Summary: 
+--------------+-----+-----+------------+--------------+--------------+
|   RTL Ports  | Dir | Bits|  Protocol  | Source Object|    C Type    |
+--------------+-----+-----+------------+--------------+--------------+
|ap_clk        |   in|    1|  ap_ctrl_hs|  matMulTile62|  return value|
|ap_rst        |   in|    1|  ap_ctrl_hs|  matMulTile62|  return value|
|ap_start      |   in|    1|  ap_ctrl_hs|  matMulTile62|  return value|
|ap_done       |  out|    1|  ap_ctrl_hs|  matMulTile62|  return value|
|ap_continue   |   in|    1|  ap_ctrl_hs|  matMulTile62|  return value|
|ap_idle       |  out|    1|  ap_ctrl_hs|  matMulTile62|  return value|
|ap_ready      |  out|    1|  ap_ctrl_hs|  matMulTile62|  return value|
|A_0_address0  |  out|    7|   ap_memory|           A_0|         array|
|A_0_ce0       |  out|    1|   ap_memory|           A_0|         array|
|A_0_q0        |   in|   32|   ap_memory|           A_0|         array|
|A_1_address0  |  out|    7|   ap_memory|           A_1|         array|
|A_1_ce0       |  out|    1|   ap_memory|           A_1|         array|
|A_1_q0        |   in|   32|   ap_memory|           A_1|         array|
|B_0_address0  |  out|    8|   ap_memory|           B_0|         array|
|B_0_ce0       |  out|    1|   ap_memory|           B_0|         array|
|B_0_q0        |   in|   32|   ap_memory|           B_0|         array|
|B_1_address0  |  out|    8|   ap_memory|           B_1|         array|
|B_1_ce0       |  out|    1|   ap_memory|           B_1|         array|
|B_1_q0        |   in|   32|   ap_memory|           B_1|         array|
|C_address0    |  out|    9|   ap_memory|             C|         array|
|C_ce0         |  out|    1|   ap_memory|             C|         array|
|C_we0         |  out|    1|   ap_memory|             C|         array|
|C_d0          |  out|   32|   ap_memory|             C|         array|
+--------------+-----+-----+------------+--------------+--------------+

