

================================================================
== Vitis HLS Report for 'matMulTile_113'
================================================================
* Date:           Sun May 31 15:46:42 2026

* Version:        2023.2 (Build 4023990 on Oct 11 2023)
* Project:        hls_project
* Solution:       gemm2 (Vitis Kernel Flow Target)
* Product family: versalaicore
* Target device:  xcvc1902-vsva2197-2MP-e-S


================================================================
== Performance Estimates
================================================================
+ Timing: 
    * Summary: 
    +--------+---------+----------+------------+
    |  Clock |  Target | Estimated| Uncertainty|
    +--------+---------+----------+------------+
    |ap_clk  |  3.33 ns|  2.422 ns|     0.90 ns|
    +--------+---------+----------+------------+

+ Latency: 
    * Summary: 
    +---------+---------+-----------+-----------+------+------+---------+
    |  Latency (cycles) |   Latency (absolute)  |   Interval  | Pipeline|
    |   min   |   max   |    min    |    max    |  min |  max |   Type  |
    +---------+---------+-----------+-----------+------+------+---------+
    |     9489|     9489|  31.627 us|  31.627 us|  9489|  9489|       no|
    +---------+---------+-----------+-----------+------+------+---------+

    + Detail: 
        * Instance: 
        N/A

        * Loop: 
        +--------------+---------+---------+----------+-----------+-----------+------+----------+
        |              |  Latency (cycles) | Iteration|  Initiation Interval  | Trip |          |
        |   Loop Name  |   min   |   max   |  Latency |  achieved |   target  | Count| Pipelined|
        +--------------+---------+---------+----------+-----------+-----------+------+----------+
        |- mat_mul_i   |     9488|     9488|       593|          -|          -|    16|        no|
        | + mat_mul_k  |      560|      560|        35|          -|          -|    16|        no|
        +--------------+---------+---------+----------+-----------+-----------+------+----------+



================================================================
== Utilization Estimates
================================================================
* Summary: 
+-----------------+---------+------+---------+--------+-----+
|       Name      | BRAM_18K|  DSP |    FF   |   LUT  | URAM|
+-----------------+---------+------+---------+--------+-----+
|DSP              |        -|     -|        -|       -|    -|
|Expression       |        -|     -|        0|    1818|    -|
|FIFO             |        -|     -|        -|       -|    -|
|Instance         |        -|     4|       46|      42|    -|
|Memory           |        -|     -|        -|       -|    -|
|Multiplexer      |        -|     -|        -|    2504|    -|
|Register         |        -|     -|     2225|       -|    -|
+-----------------+---------+------+---------+--------+-----+
|Total            |        0|     4|     2271|    4364|    0|
+-----------------+---------+------+---------+--------+-----+
|Available        |     1934|  1968|  1799680|  899840|  463|
+-----------------+---------+------+---------+--------+-----+
|Utilization (%)  |        0|    ~0|       ~0|      ~0|    0|
+-----------------+---------+------+---------+--------+-----+

+ Detail: 
    * Instance: 
    +------------------------+--------------------+---------+----+----+----+-----+
    |        Instance        |       Module       | BRAM_18K| DSP| FF | LUT| URAM|
    +------------------------+--------------------+---------+----+----+----+-----+
    |mul_32s_32s_56_3_1_U37  |mul_32s_32s_56_3_1  |        0|   4|  46|  42|    0|
    +------------------------+--------------------+---------+----+----+----+-----+
    |Total                   |                    |        0|   4|  46|  42|    0|
    +------------------------+--------------------+---------+----+----+----+-----+

    * DSP: 
    N/A

    * Memory: 
    N/A

    * FIFO: 
    N/A

    * Expression: 
    +------------------------+----------+----+---+----+------------+------------+
    |      Variable Name     | Operation| DSP| FF| LUT| Bitwidth P0| Bitwidth P1|
    +------------------------+----------+----+---+----+------------+------------+
    |add_ln22_10_fu_930_p2   |         +|   0|  0|  56|          56|          56|
    |add_ln22_11_fu_963_p2   |         +|   0|  0|  56|          56|          56|
    |add_ln22_12_fu_996_p2   |         +|   0|  0|  56|          56|          56|
    |add_ln22_13_fu_1029_p2  |         +|   0|  0|  56|          56|          56|
    |add_ln22_14_fu_1062_p2  |         +|   0|  0|  56|          56|          56|
    |add_ln22_15_fu_1095_p2  |         +|   0|  0|  56|          56|          56|
    |add_ln22_16_fu_1128_p2  |         +|   0|  0|  56|          56|          56|
    |add_ln22_17_fu_1161_p2  |         +|   0|  0|  56|          56|          56|
    |add_ln22_18_fu_1194_p2  |         +|   0|  0|  56|          56|          56|
    |add_ln22_19_fu_1227_p2  |         +|   0|  0|  56|          56|          56|
    |add_ln22_1_fu_633_p2    |         +|   0|  0|  56|          56|          56|
    |add_ln22_20_fu_1260_p2  |         +|   0|  0|  56|          56|          56|
    |add_ln22_21_fu_1293_p2  |         +|   0|  0|  56|          56|          56|
    |add_ln22_22_fu_1326_p2  |         +|   0|  0|  56|          56|          56|
    |add_ln22_23_fu_1359_p2  |         +|   0|  0|  56|          56|          56|
    |add_ln22_24_fu_1392_p2  |         +|   0|  0|  56|          56|          56|
    |add_ln22_25_fu_1425_p2  |         +|   0|  0|  56|          56|          56|
    |add_ln22_26_fu_1458_p2  |         +|   0|  0|  56|          56|          56|
    |add_ln22_27_fu_1491_p2  |         +|   0|  0|  56|          56|          56|
    |add_ln22_28_fu_1524_p2  |         +|   0|  0|  56|          56|          56|
    |add_ln22_29_fu_1557_p2  |         +|   0|  0|  56|          56|          56|
    |add_ln22_2_fu_666_p2    |         +|   0|  0|  56|          56|          56|
    |add_ln22_30_fu_1590_p2  |         +|   0|  0|  56|          56|          56|
    |add_ln22_31_fu_1614_p2  |         +|   0|  0|  56|          56|          56|
    |add_ln22_3_fu_699_p2    |         +|   0|  0|  56|          56|          56|
    |add_ln22_4_fu_732_p2    |         +|   0|  0|  56|          56|          56|
    |add_ln22_5_fu_765_p2    |         +|   0|  0|  56|          56|          56|
    |add_ln22_6_fu_798_p2    |         +|   0|  0|  56|          56|          56|
    |add_ln22_7_fu_831_p2    |         +|   0|  0|  56|          56|          56|
    |add_ln22_8_fu_864_p2    |         +|   0|  0|  56|          56|          56|
    |add_ln22_9_fu_897_p2    |         +|   0|  0|  56|          56|          56|
    |add_ln22_fu_600_p2      |         +|   0|  0|  56|          56|          56|
    |i_6_fu_529_p2           |         +|   0|  0|   5|           5|           1|
    |k_2_fu_541_p2           |         +|   0|  0|   5|           5|           1|
    |icmp_ln10_fu_535_p2     |      icmp|   0|  0|   6|           5|           6|
    |icmp_ln15_fu_547_p2     |      icmp|   0|  0|   6|           5|           6|
    |ap_block_state1         |        or|   0|  0|   2|           1|           1|
    |ap_block_state3         |        or|   0|  0|   2|           1|           1|
    +------------------------+----------+----+---+----+------------+------------+
    |Total                   |          |   0|  0|1818|        1814|        1808|
    +------------------------+----------+----+---+----+------------+------------+

    * Multiplexer: 
    +-----------------------+-----+-----------+-----+-----------+
    |          Name         | LUT | Input Size| Bits| Total Bits|
    +-----------------------+-----+-----------+-----+-----------+
    |A_streams_0_blk_n      |    2|          2|    1|          2|
    |B_streams_0_blk_n      |    2|          2|    1|          2|
    |C_streams_0_blk_n      |    2|          2|    1|          2|
    |C_streams_0_din        |  672|         33|   32|       1056|
    |ap_NS_fsm              |   86|         69|    1|         69|
    |ap_done                |    2|          2|    1|          2|
    |conv_i_i6_reg_474      |   32|          2|   32|         64|
    |conv_i_i_1019_reg_344  |   32|          2|   32|         64|
    |conv_i_i_110_reg_461   |   32|          2|   32|         64|
    |conv_i_i_1120_reg_331  |   32|          2|   32|         64|
    |conv_i_i_1221_reg_318  |   32|          2|   32|         64|
    |conv_i_i_1322_reg_305  |   32|          2|   32|         64|
    |conv_i_i_1423_reg_292  |   32|          2|   32|         64|
    |conv_i_i_1524_reg_279  |   32|          2|   32|         64|
    |conv_i_i_1625_reg_266  |   32|          2|   32|         64|
    |conv_i_i_1726_reg_253  |   32|          2|   32|         64|
    |conv_i_i_1827_reg_240  |   32|          2|   32|         64|
    |conv_i_i_1928_reg_227  |   32|          2|   32|         64|
    |conv_i_i_2029_reg_214  |   32|          2|   32|         64|
    |conv_i_i_211_reg_448   |   32|          2|   32|         64|
    |conv_i_i_2130_reg_201  |   32|          2|   32|         64|
    |conv_i_i_2231_reg_188  |   32|          2|   32|         64|
    |conv_i_i_2332_reg_175  |   32|          2|   32|         64|
    |conv_i_i_2433_reg_162  |   32|          2|   32|         64|
    |conv_i_i_2534_reg_149  |   32|          2|   32|         64|
    |conv_i_i_2635_reg_136  |   32|          2|   32|         64|
    |conv_i_i_2736_reg_123  |   32|          2|   32|         64|
    |conv_i_i_2837_reg_110  |   32|          2|   32|         64|
    |conv_i_i_2938_reg_97   |   32|          2|   32|         64|
    |conv_i_i_3039_reg_84   |   32|          2|   32|         64|
    |conv_i_i_312_reg_435   |   32|          2|   32|         64|
    |conv_i_i_3140_reg_71   |   32|          2|   32|         64|
    |conv_i_i_413_reg_422   |   32|          2|   32|         64|
    |conv_i_i_514_reg_409   |   32|          2|   32|         64|
    |conv_i_i_615_reg_396   |   32|          2|   32|         64|
    |conv_i_i_716_reg_383   |   32|          2|   32|         64|
    |conv_i_i_817_reg_370   |   32|          2|   32|         64|
    |conv_i_i_918_reg_357   |   32|          2|   32|         64|
    |grp_fu_498_p0          |  672|         33|   32|       1056|
    |grp_fu_498_p1          |   32|          3|   32|         96|
    |i_fu_48                |    5|          2|    5|         10|
    |k_reg_487              |    5|          2|    5|         10|
    +-----------------------+-----+-----------+-----+-----------+
    |Total                  | 2504|        214| 1135|       4353|
    +-----------------------+-----+-----------+-----+-----------+

    * Register: 
    +------------------------+----+----+-----+-----------+
    |          Name          | FF | LUT| Bits| Const Bits|
    +------------------------+----+----+-----+-----------+
    |a_val_reg_1780          |  32|   0|   32|          0|
    |ap_CS_fsm               |  68|   0|   68|          0|
    |ap_done_reg             |   1|   0|    1|          0|
    |conv_i_i6_reg_474       |  32|   0|   32|          0|
    |conv_i_i_1019_reg_344   |  32|   0|   32|          0|
    |conv_i_i_110_reg_461    |  32|   0|   32|          0|
    |conv_i_i_1120_reg_331   |  32|   0|   32|          0|
    |conv_i_i_1221_reg_318   |  32|   0|   32|          0|
    |conv_i_i_1322_reg_305   |  32|   0|   32|          0|
    |conv_i_i_1423_reg_292   |  32|   0|   32|          0|
    |conv_i_i_1524_reg_279   |  32|   0|   32|          0|
    |conv_i_i_1625_reg_266   |  32|   0|   32|          0|
    |conv_i_i_1726_reg_253   |  32|   0|   32|          0|
    |conv_i_i_1827_reg_240   |  32|   0|   32|          0|
    |conv_i_i_1928_reg_227   |  32|   0|   32|          0|
    |conv_i_i_2029_reg_214   |  32|   0|   32|          0|
    |conv_i_i_211_reg_448    |  32|   0|   32|          0|
    |conv_i_i_2130_reg_201   |  32|   0|   32|          0|
    |conv_i_i_2231_reg_188   |  32|   0|   32|          0|
    |conv_i_i_2332_reg_175   |  32|   0|   32|          0|
    |conv_i_i_2433_reg_162   |  32|   0|   32|          0|
    |conv_i_i_2534_reg_149   |  32|   0|   32|          0|
    |conv_i_i_2635_reg_136   |  32|   0|   32|          0|
    |conv_i_i_2736_reg_123   |  32|   0|   32|          0|
    |conv_i_i_2837_reg_110   |  32|   0|   32|          0|
    |conv_i_i_2938_reg_97    |  32|   0|   32|          0|
    |conv_i_i_3039_reg_84    |  32|   0|   32|          0|
    |conv_i_i_312_reg_435    |  32|   0|   32|          0|
    |conv_i_i_3140_reg_71    |  32|   0|   32|          0|
    |conv_i_i_413_reg_422    |  32|   0|   32|          0|
    |conv_i_i_514_reg_409    |  32|   0|   32|          0|
    |conv_i_i_615_reg_396    |  32|   0|   32|          0|
    |conv_i_i_716_reg_383    |  32|   0|   32|          0|
    |conv_i_i_817_reg_370    |  32|   0|   32|          0|
    |conv_i_i_918_reg_357    |  32|   0|   32|          0|
    |i_6_reg_1763            |   5|   0|    5|          0|
    |i_fu_48                 |   5|   0|    5|          0|
    |k_2_reg_1772            |   5|   0|    5|          0|
    |k_reg_487               |   5|   0|    5|          0|
    |reg_510                 |  32|   0|   32|          0|
    |sext_ln22_reg_1785      |  56|   0|   56|          0|
    |trunc_ln22_10_reg_1901  |  32|   0|   32|          0|
    |trunc_ln22_11_reg_1911  |  32|   0|   32|          0|
    |trunc_ln22_12_reg_1921  |  32|   0|   32|          0|
    |trunc_ln22_13_reg_1931  |  32|   0|   32|          0|
    |trunc_ln22_14_reg_1941  |  32|   0|   32|          0|
    |trunc_ln22_15_reg_1951  |  32|   0|   32|          0|
    |trunc_ln22_16_reg_1961  |  32|   0|   32|          0|
    |trunc_ln22_17_reg_1971  |  32|   0|   32|          0|
    |trunc_ln22_18_reg_1981  |  32|   0|   32|          0|
    |trunc_ln22_19_reg_1991  |  32|   0|   32|          0|
    |trunc_ln22_1_reg_1811   |  32|   0|   32|          0|
    |trunc_ln22_20_reg_2001  |  32|   0|   32|          0|
    |trunc_ln22_21_reg_2011  |  32|   0|   32|          0|
    |trunc_ln22_22_reg_2021  |  32|   0|   32|          0|
    |trunc_ln22_23_reg_2031  |  32|   0|   32|          0|
    |trunc_ln22_24_reg_2041  |  32|   0|   32|          0|
    |trunc_ln22_25_reg_2051  |  32|   0|   32|          0|
    |trunc_ln22_26_reg_2061  |  32|   0|   32|          0|
    |trunc_ln22_27_reg_2071  |  32|   0|   32|          0|
    |trunc_ln22_28_reg_2081  |  32|   0|   32|          0|
    |trunc_ln22_29_reg_2091  |  32|   0|   32|          0|
    |trunc_ln22_2_reg_1821   |  32|   0|   32|          0|
    |trunc_ln22_30_reg_2101  |  32|   0|   32|          0|
    |trunc_ln22_3_reg_1831   |  32|   0|   32|          0|
    |trunc_ln22_4_reg_1841   |  32|   0|   32|          0|
    |trunc_ln22_5_reg_1851   |  32|   0|   32|          0|
    |trunc_ln22_6_reg_1861   |  32|   0|   32|          0|
    |trunc_ln22_7_reg_1871   |  32|   0|   32|          0|
    |trunc_ln22_8_reg_1881   |  32|   0|   32|          0|
    |trunc_ln22_9_reg_1891   |  32|   0|   32|          0|
    |trunc_ln_reg_1801       |  32|   0|   32|          0|
    +------------------------+----+----+-----+-----------+
    |Total                   |2225|   0| 2225|          0|
    +------------------------+----+----+-----+-----------+



================================================================
== Interface
================================================================
* Summary: 
+----------------------------+-----+-----+------------+----------------+--------------+
|          RTL Ports         | Dir | Bits|  Protocol  |  Source Object |    C Type    |
+----------------------------+-----+-----+------------+----------------+--------------+
|ap_clk                      |   in|    1|  ap_ctrl_hs|  matMulTile.113|  return value|
|ap_rst                      |   in|    1|  ap_ctrl_hs|  matMulTile.113|  return value|
|ap_start                    |   in|    1|  ap_ctrl_hs|  matMulTile.113|  return value|
|ap_done                     |  out|    1|  ap_ctrl_hs|  matMulTile.113|  return value|
|ap_continue                 |   in|    1|  ap_ctrl_hs|  matMulTile.113|  return value|
|ap_idle                     |  out|    1|  ap_ctrl_hs|  matMulTile.113|  return value|
|ap_ready                    |  out|    1|  ap_ctrl_hs|  matMulTile.113|  return value|
|A_streams_0_dout            |   in|   32|     ap_fifo|     A_streams_0|       pointer|
|A_streams_0_num_data_valid  |   in|    3|     ap_fifo|     A_streams_0|       pointer|
|A_streams_0_fifo_cap        |   in|    3|     ap_fifo|     A_streams_0|       pointer|
|A_streams_0_empty_n         |   in|    1|     ap_fifo|     A_streams_0|       pointer|
|A_streams_0_read            |  out|    1|     ap_fifo|     A_streams_0|       pointer|
|B_streams_0_dout            |   in|   32|     ap_fifo|     B_streams_0|       pointer|
|B_streams_0_num_data_valid  |   in|    3|     ap_fifo|     B_streams_0|       pointer|
|B_streams_0_fifo_cap        |   in|    3|     ap_fifo|     B_streams_0|       pointer|
|B_streams_0_empty_n         |   in|    1|     ap_fifo|     B_streams_0|       pointer|
|B_streams_0_read            |  out|    1|     ap_fifo|     B_streams_0|       pointer|
|C_streams_0_din             |  out|   32|     ap_fifo|     C_streams_0|       pointer|
|C_streams_0_num_data_valid  |   in|    3|     ap_fifo|     C_streams_0|       pointer|
|C_streams_0_fifo_cap        |   in|    3|     ap_fifo|     C_streams_0|       pointer|
|C_streams_0_full_n          |   in|    1|     ap_fifo|     C_streams_0|       pointer|
|C_streams_0_write           |  out|    1|     ap_fifo|     C_streams_0|       pointer|
+----------------------------+-----+-----+------------+----------------+--------------+

