

================================================================
== Vitis HLS Report for 'matMulTile14'
================================================================
* Date:           Sat May 30 20:35:35 2026

* Version:        2023.2 (Build 4023990 on Oct 11 2023)
* Project:        hls_project
* Solution:       gemm2 (Vitis Kernel Flow Target)
* Product family: zynquplus
* Target device:  xczu7ev-ffvc1156-2-e


================================================================
== Performance Estimates
================================================================
+ Timing: 
    * Summary: 
    +--------+---------+----------+------------+
    |  Clock |  Target | Estimated| Uncertainty|
    +--------+---------+----------+------------+
    |ap_clk  |  3.33 ns|  2.365 ns|     0.90 ns|
    +--------+---------+----------+------------+

+ Latency: 
    * Summary: 
    +---------+---------+----------+----------+-------+-------+---------+
    |  Latency (cycles) |  Latency (absolute) |    Interval   | Pipeline|
    |   min   |   max   |    min   |    max   |  min  |  max  |   Type  |
    +---------+---------+----------+----------+-------+-------+---------+
    |    42033|    42033|  0.140 ms|  0.140 ms|  42033|  42033|       no|
    +---------+---------+----------+----------+-------+-------+---------+

    + Detail: 
        * Instance: 
        N/A

        * Loop: 
        +----------------------+---------+---------+----------+-----------+-----------+------+----------+
        |                      |  Latency (cycles) | Iteration|  Initiation Interval  | Trip |          |
        |       Loop Name      |   min   |   max   |  Latency |  achieved |   target  | Count| Pipelined|
        +----------------------+---------+---------+----------+-----------+-----------+------+----------+
        |- mat_mul_i           |    42032|    42032|      2627|          -|          -|    16|        no|
        | + mat_mul_k          |     2592|     2592|       162|          -|          -|    16|        no|
        |  ++ VITIS_LOOP_16_1  |      160|      160|         5|          -|          -|    32|        no|
        | + mat_mul_write      |       32|       32|         1|          -|          -|    32|        no|
        +----------------------+---------+---------+----------+-----------+-----------+------+----------+



================================================================
== Utilization Estimates
================================================================
* Summary: 
+-----------------+---------+------+--------+--------+-----+
|       Name      | BRAM_18K|  DSP |   FF   |   LUT  | URAM|
+-----------------+---------+------+--------+--------+-----+
|DSP              |        -|     -|       -|       -|    -|
|Expression       |        -|     -|       0|     254|    -|
|FIFO             |        -|     -|       -|       -|    -|
|Instance         |        -|     4|     165|     345|    -|
|Memory           |        -|     -|       -|       -|    -|
|Multiplexer      |        -|     -|       -|    1598|    -|
|Register         |        -|     -|    2390|       -|    -|
+-----------------+---------+------+--------+--------+-----+
|Total            |        0|     4|    2555|    2197|    0|
+-----------------+---------+------+--------+--------+-----+
|Available        |      624|  1728|  460800|  230400|   96|
+-----------------+---------+------+--------+--------+-----+
|Utilization (%)  |        0|    ~0|      ~0|      ~0|    0|
+-----------------+---------+------+--------+--------+-----+

+ Detail: 
    * Instance: 
    +---------------------------+-----------------------+---------+----+-----+-----+-----+
    |          Instance         |         Module        | BRAM_18K| DSP|  FF | LUT | URAM|
    +---------------------------+-----------------------+---------+----+-----+-----+-----+
    |mul_32s_32s_64_2_1_U45     |mul_32s_32s_64_2_1     |        0|   4|  165|   49|    0|
    |sparsemux_65_5_32_1_1_U46  |sparsemux_65_5_32_1_1  |        0|   0|    0|  148|    0|
    |sparsemux_65_5_32_1_1_U47  |sparsemux_65_5_32_1_1  |        0|   0|    0|  148|    0|
    +---------------------------+-----------------------+---------+----+-----+-----+-----+
    |Total                      |                       |        0|   4|  165|  345|    0|
    +---------------------------+-----------------------+---------+----+-----+-----+-----+

    * DSP: 
    N/A

    * Memory: 
    N/A

    * FIFO: 
    N/A

    * Expression: 
    +----------------------+----------+----+---+----+------------+------------+
    |     Variable Name    | Operation| DSP| FF| LUT| Bitwidth P0| Bitwidth P1|
    +----------------------+----------+----+---+----+------------+------------+
    |add_ln16_fu_7586_p2   |         +|   0|  0|  13|           6|           1|
    |add_ln18_fu_7746_p2   |         +|   0|  0|  71|          64|          64|
    |add_ln22_fu_7804_p2   |         +|   0|  0|  13|           6|           1|
    |i_4_fu_7558_p2        |         +|   0|  0|  12|           5|           1|
    |k_1_fu_7570_p2        |         +|   0|  0|  12|           5|           1|
    |ap_block_state3       |       and|   0|  0|   2|           1|           1|
    |ap_block_state4       |       and|   0|  0|   2|           1|           1|
    |ap_block_state9       |       and|   0|  0|   2|           1|           1|
    |icmp_ln13_fu_7564_p2  |      icmp|   0|  0|  13|           5|           6|
    |icmp_ln16_fu_7580_p2  |      icmp|   0|  0|  14|           6|           7|
    |icmp_ln18_fu_7751_p2  |      icmp|   0|  0|  71|          64|           1|
    |icmp_ln22_fu_7798_p2  |      icmp|   0|  0|  14|           6|           7|
    |icmp_ln9_fu_7552_p2   |      icmp|   0|  0|  13|           5|           6|
    |ap_block_state1       |        or|   0|  0|   2|           1|           1|
    +----------------------+----------+----+---+----+------------+------------+
    |Total                 |          |   0|  0| 254|         176|          99|
    +----------------------+----------+----+---+----+------------+------------+

    * Multiplexer: 
    +-------------------------------------+----+-----------+-----+-----------+
    |                 Name                | LUT| Input Size| Bits| Total Bits|
    +-------------------------------------+----+-----------+-----+-----------+
    |A_streams_1_blk_n                    |   9|          2|    1|          2|
    |B_streams_1_blk_n                    |   9|          2|    1|          2|
    |C_streams_1_blk_n                    |   9|          2|    1|          2|
    |ap_NS_fsm                            |  54|         10|    1|         10|
    |ap_done                              |   9|          2|    1|          2|
    |ap_phi_mux_psum_100_phi_fu_7125_p64  |  14|          3|   32|         96|
    |ap_phi_mux_psum_101_phi_fu_7023_p64  |  14|          3|   32|         96|
    |ap_phi_mux_psum_102_phi_fu_6921_p64  |  14|          3|   32|         96|
    |ap_phi_mux_psum_103_phi_fu_6819_p64  |  14|          3|   32|         96|
    |ap_phi_mux_psum_104_phi_fu_6717_p64  |  14|          3|   32|         96|
    |ap_phi_mux_psum_105_phi_fu_6615_p64  |  14|          3|   32|         96|
    |ap_phi_mux_psum_106_phi_fu_6513_p64  |  14|          3|   32|         96|
    |ap_phi_mux_psum_107_phi_fu_6411_p64  |  14|          3|   32|         96|
    |ap_phi_mux_psum_108_phi_fu_6309_p64  |  14|          3|   32|         96|
    |ap_phi_mux_psum_109_phi_fu_6207_p64  |  14|          3|   32|         96|
    |ap_phi_mux_psum_110_phi_fu_6105_p64  |  14|          3|   32|         96|
    |ap_phi_mux_psum_111_phi_fu_6003_p64  |  14|          3|   32|         96|
    |ap_phi_mux_psum_112_phi_fu_5901_p64  |  14|          3|   32|         96|
    |ap_phi_mux_psum_113_phi_fu_5799_p64  |  14|          3|   32|         96|
    |ap_phi_mux_psum_114_phi_fu_5697_p64  |  14|          3|   32|         96|
    |ap_phi_mux_psum_115_phi_fu_5595_p64  |  14|          3|   32|         96|
    |ap_phi_mux_psum_116_phi_fu_5493_p64  |  14|          3|   32|         96|
    |ap_phi_mux_psum_117_phi_fu_5391_p64  |  14|          3|   32|         96|
    |ap_phi_mux_psum_118_phi_fu_5289_p64  |  14|          3|   32|         96|
    |ap_phi_mux_psum_119_phi_fu_5187_p64  |  14|          3|   32|         96|
    |ap_phi_mux_psum_120_phi_fu_5085_p64  |  14|          3|   32|         96|
    |ap_phi_mux_psum_121_phi_fu_4983_p64  |  14|          3|   32|         96|
    |ap_phi_mux_psum_122_phi_fu_4881_p64  |  14|          3|   32|         96|
    |ap_phi_mux_psum_123_phi_fu_4779_p64  |  14|          3|   32|         96|
    |ap_phi_mux_psum_124_phi_fu_4677_p64  |  14|          3|   32|         96|
    |ap_phi_mux_psum_125_phi_fu_4575_p64  |  14|          3|   32|         96|
    |ap_phi_mux_psum_126_phi_fu_4473_p64  |  14|          3|   32|         96|
    |ap_phi_mux_psum_127_phi_fu_4371_p64  |  14|          3|   32|         96|
    |ap_phi_mux_psum_128_phi_fu_4269_p64  |  14|          3|   32|         96|
    |ap_phi_mux_psum_64_phi_fu_4164_p66   |  14|          3|   32|         96|
    |ap_phi_mux_psum_65_phi_fu_4060_p66   |  14|          3|   32|         96|
    |ap_phi_mux_psum_66_phi_fu_3956_p66   |  14|          3|   32|         96|
    |ap_phi_mux_psum_67_phi_fu_3852_p66   |  14|          3|   32|         96|
    |ap_phi_mux_psum_68_phi_fu_3748_p66   |  14|          3|   32|         96|
    |ap_phi_mux_psum_69_phi_fu_3644_p66   |  14|          3|   32|         96|
    |ap_phi_mux_psum_70_phi_fu_3540_p66   |  14|          3|   32|         96|
    |ap_phi_mux_psum_71_phi_fu_3436_p66   |  14|          3|   32|         96|
    |ap_phi_mux_psum_72_phi_fu_3332_p66   |  14|          3|   32|         96|
    |ap_phi_mux_psum_73_phi_fu_3228_p66   |  14|          3|   32|         96|
    |ap_phi_mux_psum_74_phi_fu_3124_p66   |  14|          3|   32|         96|
    |ap_phi_mux_psum_75_phi_fu_3020_p66   |  14|          3|   32|         96|
    |ap_phi_mux_psum_76_phi_fu_2916_p66   |  14|          3|   32|         96|
    |ap_phi_mux_psum_77_phi_fu_2812_p66   |  14|          3|   32|         96|
    |ap_phi_mux_psum_78_phi_fu_2708_p66   |  14|          3|   32|         96|
    |ap_phi_mux_psum_79_phi_fu_2604_p66   |  14|          3|   32|         96|
    |ap_phi_mux_psum_80_phi_fu_2500_p66   |  14|          3|   32|         96|
    |ap_phi_mux_psum_81_phi_fu_2396_p66   |  14|          3|   32|         96|
    |ap_phi_mux_psum_82_phi_fu_2292_p66   |  14|          3|   32|         96|
    |ap_phi_mux_psum_83_phi_fu_2188_p66   |  14|          3|   32|         96|
    |ap_phi_mux_psum_84_phi_fu_2084_p66   |  14|          3|   32|         96|
    |ap_phi_mux_psum_85_phi_fu_1980_p66   |  14|          3|   32|         96|
    |ap_phi_mux_psum_86_phi_fu_1876_p66   |  14|          3|   32|         96|
    |ap_phi_mux_psum_87_phi_fu_1772_p66   |  14|          3|   32|         96|
    |ap_phi_mux_psum_88_phi_fu_1668_p66   |  14|          3|   32|         96|
    |ap_phi_mux_psum_89_phi_fu_1564_p66   |  14|          3|   32|         96|
    |ap_phi_mux_psum_90_phi_fu_1460_p66   |  14|          3|   32|         96|
    |ap_phi_mux_psum_91_phi_fu_1356_p66   |  14|          3|   32|         96|
    |ap_phi_mux_psum_92_phi_fu_1252_p66   |  14|          3|   32|         96|
    |ap_phi_mux_psum_93_phi_fu_1148_p66   |  14|          3|   32|         96|
    |ap_phi_mux_psum_94_phi_fu_1044_p66   |  14|          3|   32|         96|
    |ap_phi_mux_psum_95_phi_fu_940_p66    |  14|          3|   32|         96|
    |ap_phi_mux_psum_97_phi_fu_7431_p64   |  14|          3|   32|         96|
    |ap_phi_mux_psum_98_phi_fu_7329_p64   |  14|          3|   32|         96|
    |ap_phi_mux_psum_99_phi_fu_7227_p64   |  14|          3|   32|         96|
    |i_fu_124                             |   9|          2|    5|         10|
    |j_1_reg_926                          |   9|          2|    6|         12|
    |j_reg_7529                           |   9|          2|    6|         12|
    |k_reg_531                            |   9|          2|    5|         10|
    |psum_10_reg_399                      |   9|          2|   32|         64|
    |psum_11_reg_387                      |   9|          2|   32|         64|
    |psum_12_reg_375                      |   9|          2|   32|         64|
    |psum_13_reg_363                      |   9|          2|   32|         64|
    |psum_14_reg_351                      |   9|          2|   32|         64|
    |psum_15_reg_339                      |   9|          2|   32|         64|
    |psum_16_reg_327                      |   9|          2|   32|         64|
    |psum_17_reg_315                      |   9|          2|   32|         64|
    |psum_18_reg_303                      |   9|          2|   32|         64|
    |psum_19_reg_291                      |   9|          2|   32|         64|
    |psum_1_reg_507                       |   9|          2|   32|         64|
    |psum_20_reg_279                      |   9|          2|   32|         64|
    |psum_21_reg_267                      |   9|          2|   32|         64|
    |psum_22_reg_255                      |   9|          2|   32|         64|
    |psum_23_reg_243                      |   9|          2|   32|         64|
    |psum_24_reg_231                      |   9|          2|   32|         64|
    |psum_25_reg_219                      |   9|          2|   32|         64|
    |psum_26_reg_207                      |   9|          2|   32|         64|
    |psum_27_reg_195                      |   9|          2|   32|         64|
    |psum_28_reg_183                      |   9|          2|   32|         64|
    |psum_29_reg_171                      |   9|          2|   32|         64|
    |psum_2_reg_495                       |   9|          2|   32|         64|
    |psum_30_reg_159                      |   9|          2|   32|         64|
    |psum_31_reg_147                      |   9|          2|   32|         64|
    |psum_32_reg_914                      |   9|          2|   32|         64|
    |psum_33_reg_902                      |   9|          2|   32|         64|
    |psum_34_reg_890                      |   9|          2|   32|         64|
    |psum_35_reg_878                      |   9|          2|   32|         64|
    |psum_36_reg_866                      |   9|          2|   32|         64|
    |psum_37_reg_854                      |   9|          2|   32|         64|
    |psum_38_reg_842                      |   9|          2|   32|         64|
    |psum_39_reg_830                      |   9|          2|   32|         64|
    |psum_3_reg_483                       |   9|          2|   32|         64|
    |psum_40_reg_818                      |   9|          2|   32|         64|
    |psum_41_reg_806                      |   9|          2|   32|         64|
    |psum_42_reg_794                      |   9|          2|   32|         64|
    |psum_43_reg_782                      |   9|          2|   32|         64|
    |psum_44_reg_770                      |   9|          2|   32|         64|
    |psum_45_reg_758                      |   9|          2|   32|         64|
    |psum_46_reg_746                      |   9|          2|   32|         64|
    |psum_47_reg_734                      |   9|          2|   32|         64|
    |psum_48_reg_722                      |   9|          2|   32|         64|
    |psum_49_reg_710                      |   9|          2|   32|         64|
    |psum_4_reg_471                       |   9|          2|   32|         64|
    |psum_50_reg_698                      |   9|          2|   32|         64|
    |psum_51_reg_686                      |   9|          2|   32|         64|
    |psum_52_reg_674                      |   9|          2|   32|         64|
    |psum_53_reg_662                      |   9|          2|   32|         64|
    |psum_54_reg_650                      |   9|          2|   32|         64|
    |psum_55_reg_638                      |   9|          2|   32|         64|
    |psum_56_reg_626                      |   9|          2|   32|         64|
    |psum_57_reg_614                      |   9|          2|   32|         64|
    |psum_58_reg_602                      |   9|          2|   32|         64|
    |psum_59_reg_590                      |   9|          2|   32|         64|
    |psum_5_reg_459                       |   9|          2|   32|         64|
    |psum_60_reg_578                      |   9|          2|   32|         64|
    |psum_61_reg_566                      |   9|          2|   32|         64|
    |psum_62_reg_554                      |   9|          2|   32|         64|
    |psum_63_reg_542                      |   9|          2|   32|         64|
    |psum_6_reg_447                       |   9|          2|   32|         64|
    |psum_7_reg_435                       |   9|          2|   32|         64|
    |psum_8_reg_423                       |   9|          2|   32|         64|
    |psum_9_reg_411                       |   9|          2|   32|         64|
    |psum_reg_519                         |   9|          2|   32|         64|
    +-------------------------------------+----+-----------+-----+-----------+
    |Total                                |1598|        346| 4123|      10302|
    +-------------------------------------+----+-----------+-----+-----------+

    * Register: 
    +-----------------------------+----+----+-----+-----------+
    |             Name            | FF | LUT| Bits| Const Bits|
    +-----------------------------+----+----+-----+-----------+
    |B_streams_1_read_reg_7996    |  32|   0|   32|          0|
    |add_ln16_reg_7986            |   6|   0|    6|          0|
    |add_ln18_reg_8016            |  64|   0|   64|          0|
    |ap_CS_fsm                    |   9|   0|    9|          0|
    |ap_done_reg                  |   1|   0|    1|          0|
    |ap_predicate_pred327_state8  |   1|   0|    1|          0|
    |ap_predicate_pred331_state8  |   1|   0|    1|          0|
    |ap_predicate_pred335_state8  |   1|   0|    1|          0|
    |ap_predicate_pred340_state8  |   1|   0|    1|          0|
    |ap_predicate_pred345_state8  |   1|   0|    1|          0|
    |ap_predicate_pred350_state8  |   1|   0|    1|          0|
    |ap_predicate_pred355_state8  |   1|   0|    1|          0|
    |ap_predicate_pred360_state8  |   1|   0|    1|          0|
    |ap_predicate_pred365_state8  |   1|   0|    1|          0|
    |ap_predicate_pred370_state8  |   1|   0|    1|          0|
    |ap_predicate_pred375_state8  |   1|   0|    1|          0|
    |ap_predicate_pred380_state8  |   1|   0|    1|          0|
    |ap_predicate_pred385_state8  |   1|   0|    1|          0|
    |ap_predicate_pred390_state8  |   1|   0|    1|          0|
    |ap_predicate_pred395_state8  |   1|   0|    1|          0|
    |ap_predicate_pred400_state8  |   1|   0|    1|          0|
    |ap_predicate_pred405_state8  |   1|   0|    1|          0|
    |ap_predicate_pred410_state8  |   1|   0|    1|          0|
    |ap_predicate_pred415_state8  |   1|   0|    1|          0|
    |ap_predicate_pred420_state8  |   1|   0|    1|          0|
    |ap_predicate_pred425_state8  |   1|   0|    1|          0|
    |ap_predicate_pred430_state8  |   1|   0|    1|          0|
    |ap_predicate_pred435_state8  |   1|   0|    1|          0|
    |ap_predicate_pred440_state8  |   1|   0|    1|          0|
    |ap_predicate_pred445_state8  |   1|   0|    1|          0|
    |ap_predicate_pred450_state8  |   1|   0|    1|          0|
    |ap_predicate_pred455_state8  |   1|   0|    1|          0|
    |ap_predicate_pred460_state8  |   1|   0|    1|          0|
    |ap_predicate_pred465_state8  |   1|   0|    1|          0|
    |ap_predicate_pred470_state8  |   1|   0|    1|          0|
    |ap_predicate_pred474_state8  |   1|   0|    1|          0|
    |ap_predicate_pred479_state8  |   1|   0|    1|          0|
    |conv_i_reg_7978              |  64|   0|   64|          0|
    |i_4_reg_7965                 |   5|   0|    5|          0|
    |i_fu_124                     |   5|   0|    5|          0|
    |icmp_ln18_reg_8021           |   1|   0|    1|          0|
    |j_1_reg_926                  |   6|   0|    6|          0|
    |j_reg_7529                   |   6|   0|    6|          0|
    |k_1_reg_7973                 |   5|   0|    5|          0|
    |k_reg_531                    |   5|   0|    5|          0|
    |mul_ln18_reg_8006            |  64|   0|   64|          0|
    |psum_10_reg_399              |  32|   0|   32|          0|
    |psum_11_reg_387              |  32|   0|   32|          0|
    |psum_12_reg_375              |  32|   0|   32|          0|
    |psum_13_reg_363              |  32|   0|   32|          0|
    |psum_14_reg_351              |  32|   0|   32|          0|
    |psum_15_reg_339              |  32|   0|   32|          0|
    |psum_16_reg_327              |  32|   0|   32|          0|
    |psum_17_reg_315              |  32|   0|   32|          0|
    |psum_18_reg_303              |  32|   0|   32|          0|
    |psum_19_reg_291              |  32|   0|   32|          0|
    |psum_1_reg_507               |  32|   0|   32|          0|
    |psum_20_reg_279              |  32|   0|   32|          0|
    |psum_21_reg_267              |  32|   0|   32|          0|
    |psum_22_reg_255              |  32|   0|   32|          0|
    |psum_23_reg_243              |  32|   0|   32|          0|
    |psum_24_reg_231              |  32|   0|   32|          0|
    |psum_25_reg_219              |  32|   0|   32|          0|
    |psum_26_reg_207              |  32|   0|   32|          0|
    |psum_27_reg_195              |  32|   0|   32|          0|
    |psum_28_reg_183              |  32|   0|   32|          0|
    |psum_29_reg_171              |  32|   0|   32|          0|
    |psum_2_reg_495               |  32|   0|   32|          0|
    |psum_30_reg_159              |  32|   0|   32|          0|
    |psum_31_reg_147              |  32|   0|   32|          0|
    |psum_32_reg_914              |  32|   0|   32|          0|
    |psum_33_reg_902              |  32|   0|   32|          0|
    |psum_34_reg_890              |  32|   0|   32|          0|
    |psum_35_reg_878              |  32|   0|   32|          0|
    |psum_36_reg_866              |  32|   0|   32|          0|
    |psum_37_reg_854              |  32|   0|   32|          0|
    |psum_38_reg_842              |  32|   0|   32|          0|
    |psum_39_reg_830              |  32|   0|   32|          0|
    |psum_3_reg_483               |  32|   0|   32|          0|
    |psum_40_reg_818              |  32|   0|   32|          0|
    |psum_41_reg_806              |  32|   0|   32|          0|
    |psum_42_reg_794              |  32|   0|   32|          0|
    |psum_43_reg_782              |  32|   0|   32|          0|
    |psum_44_reg_770              |  32|   0|   32|          0|
    |psum_45_reg_758              |  32|   0|   32|          0|
    |psum_46_reg_746              |  32|   0|   32|          0|
    |psum_47_reg_734              |  32|   0|   32|          0|
    |psum_48_reg_722              |  32|   0|   32|          0|
    |psum_49_reg_710              |  32|   0|   32|          0|
    |psum_4_reg_471               |  32|   0|   32|          0|
    |psum_50_reg_698              |  32|   0|   32|          0|
    |psum_51_reg_686              |  32|   0|   32|          0|
    |psum_52_reg_674              |  32|   0|   32|          0|
    |psum_53_reg_662              |  32|   0|   32|          0|
    |psum_54_reg_650              |  32|   0|   32|          0|
    |psum_55_reg_638              |  32|   0|   32|          0|
    |psum_56_reg_626              |  32|   0|   32|          0|
    |psum_57_reg_614              |  32|   0|   32|          0|
    |psum_58_reg_602              |  32|   0|   32|          0|
    |psum_59_reg_590              |  32|   0|   32|          0|
    |psum_5_reg_459               |  32|   0|   32|          0|
    |psum_60_reg_578              |  32|   0|   32|          0|
    |psum_61_reg_566              |  32|   0|   32|          0|
    |psum_62_reg_554              |  32|   0|   32|          0|
    |psum_63_reg_542              |  32|   0|   32|          0|
    |psum_6_reg_447               |  32|   0|   32|          0|
    |psum_7_reg_435               |  32|   0|   32|          0|
    |psum_8_reg_423               |  32|   0|   32|          0|
    |psum_9_reg_411               |  32|   0|   32|          0|
    |psum_reg_519                 |  32|   0|   32|          0|
    |tmp_4_reg_8011               |  32|   0|   32|          0|
    |trunc_ln16_reg_7991          |   5|   0|    5|          0|
    +-----------------------------+----+----+-----+-----------+
    |Total                        |2390|   0| 2390|          0|
    +-----------------------------+----+----+-----+-----------+



================================================================
== Interface
================================================================
* Summary: 
+----------------------------+-----+-----+------------+--------------+--------------+
|          RTL Ports         | Dir | Bits|  Protocol  | Source Object|    C Type    |
+----------------------------+-----+-----+------------+--------------+--------------+
|ap_clk                      |   in|    1|  ap_ctrl_hs|  matMulTile14|  return value|
|ap_rst                      |   in|    1|  ap_ctrl_hs|  matMulTile14|  return value|
|ap_start                    |   in|    1|  ap_ctrl_hs|  matMulTile14|  return value|
|ap_done                     |  out|    1|  ap_ctrl_hs|  matMulTile14|  return value|
|ap_continue                 |   in|    1|  ap_ctrl_hs|  matMulTile14|  return value|
|ap_idle                     |  out|    1|  ap_ctrl_hs|  matMulTile14|  return value|
|ap_ready                    |  out|    1|  ap_ctrl_hs|  matMulTile14|  return value|
|A_streams_1_dout            |   in|   32|     ap_fifo|   A_streams_1|       pointer|
|A_streams_1_num_data_valid  |   in|    3|     ap_fifo|   A_streams_1|       pointer|
|A_streams_1_fifo_cap        |   in|    3|     ap_fifo|   A_streams_1|       pointer|
|A_streams_1_empty_n         |   in|    1|     ap_fifo|   A_streams_1|       pointer|
|A_streams_1_read            |  out|    1|     ap_fifo|   A_streams_1|       pointer|
|B_streams_1_dout            |   in|   32|     ap_fifo|   B_streams_1|       pointer|
|B_streams_1_num_data_valid  |   in|    3|     ap_fifo|   B_streams_1|       pointer|
|B_streams_1_fifo_cap        |   in|    3|     ap_fifo|   B_streams_1|       pointer|
|B_streams_1_empty_n         |   in|    1|     ap_fifo|   B_streams_1|       pointer|
|B_streams_1_read            |  out|    1|     ap_fifo|   B_streams_1|       pointer|
|C_streams_1_din             |  out|   32|     ap_fifo|   C_streams_1|       pointer|
|C_streams_1_num_data_valid  |   in|    3|     ap_fifo|   C_streams_1|       pointer|
|C_streams_1_fifo_cap        |   in|    3|     ap_fifo|   C_streams_1|       pointer|
|C_streams_1_full_n          |   in|    1|     ap_fifo|   C_streams_1|       pointer|
|C_streams_1_write           |  out|    1|     ap_fifo|   C_streams_1|       pointer|
+----------------------------+-----+-----+------------+--------------+--------------+

