

================================================================
== Vitis HLS Report for 'matMulTile_514'
================================================================
* Date:           Mon Jun  1 17:49:54 2026

* Version:        2023.2 (Build 4023990 on Oct 11 2023)
* Project:        hls_project
* Solution:       gemm2 (Vitis Kernel Flow Target)
* Product family: versalaicore
* Target device:  xcvc1902-vsva2197-2MP-e-S


================================================================
== Performance Estimates
================================================================
+ Timing: 
    * Summary: 
    +--------+---------+----------+------------+
    |  Clock |  Target | Estimated| Uncertainty|
    +--------+---------+----------+------------+
    |ap_clk  |  3.33 ns|  2.269 ns|     0.90 ns|
    +--------+---------+----------+------------+

+ Latency: 
    * Summary: 
    +---------+---------+----------+----------+------+------+---------+
    |  Latency (cycles) |  Latency (absolute) |   Interval  | Pipeline|
    |   min   |   max   |    min   |    max   |  min |  max |   Type  |
    +---------+---------+----------+----------+------+------+---------+
    |     1553|     1553|  5.176 us|  5.176 us|  1553|  1553|       no|
    +---------+---------+----------+----------+------+------+---------+

    + Detail: 
        * Instance: 
        N/A

        * Loop: 
        +--------------+---------+---------+----------+-----------+-----------+------+----------+
        |              |  Latency (cycles) | Iteration|  Initiation Interval  | Trip |          |
        |   Loop Name  |   min   |   max   |  Latency |  achieved |   target  | Count| Pipelined|
        +--------------+---------+---------+----------+-----------+-----------+------+----------+
        |- mat_mul_i   |     1552|     1552|        97|          -|          -|    16|        no|
        | + mat_mul_k  |       64|       64|         4|          -|          -|    16|        no|
        +--------------+---------+---------+----------+-----------+-----------+------+----------+



================================================================
== Utilization Estimates
================================================================
* Summary: 
+-----------------+---------+------+---------+--------+-----+
|       Name      | BRAM_18K|  DSP |    FF   |   LUT  | URAM|
+-----------------+---------+------+---------+--------+-----+
|DSP              |        -|     -|        -|       -|    -|
|Expression       |        -|     -|        0|    1818|    -|
|FIFO             |        -|     -|        -|       -|    -|
|Instance         |        -|   128|     1472|    1344|    -|
|Memory           |        -|     -|        -|       -|    -|
|Multiplexer      |        -|     -|        -|    1818|    -|
|Register         |        -|     -|     2138|       -|    -|
+-----------------+---------+------+---------+--------+-----+
|Total            |        0|   128|     3610|    4980|    0|
+-----------------+---------+------+---------+--------+-----+
|Available        |     1934|  1968|  1799680|  899840|  463|
+-----------------+---------+------+---------+--------+-----+
|Utilization (%)  |        0|     6|       ~0|      ~0|    0|
+-----------------+---------+------+---------+--------+-----+

+ Detail: 
    * Instance: 
    +-------------------------+--------------------+---------+----+----+----+-----+
    |         Instance        |       Module       | BRAM_18K| DSP| FF | LUT| URAM|
    +-------------------------+--------------------+---------+----+----+----+-----+
    |mul_32s_32s_56_3_1_U228  |mul_32s_32s_56_3_1  |        0|   4|  46|  42|    0|
    |mul_32s_32s_56_3_1_U229  |mul_32s_32s_56_3_1  |        0|   4|  46|  42|    0|
    |mul_32s_32s_56_3_1_U230  |mul_32s_32s_56_3_1  |        0|   4|  46|  42|    0|
    |mul_32s_32s_56_3_1_U231  |mul_32s_32s_56_3_1  |        0|   4|  46|  42|    0|
    |mul_32s_32s_56_3_1_U232  |mul_32s_32s_56_3_1  |        0|   4|  46|  42|    0|
    |mul_32s_32s_56_3_1_U233  |mul_32s_32s_56_3_1  |        0|   4|  46|  42|    0|
    |mul_32s_32s_56_3_1_U234  |mul_32s_32s_56_3_1  |        0|   4|  46|  42|    0|
    |mul_32s_32s_56_3_1_U235  |mul_32s_32s_56_3_1  |        0|   4|  46|  42|    0|
    |mul_32s_32s_56_3_1_U236  |mul_32s_32s_56_3_1  |        0|   4|  46|  42|    0|
    |mul_32s_32s_56_3_1_U237  |mul_32s_32s_56_3_1  |        0|   4|  46|  42|    0|
    |mul_32s_32s_56_3_1_U238  |mul_32s_32s_56_3_1  |        0|   4|  46|  42|    0|
    |mul_32s_32s_56_3_1_U239  |mul_32s_32s_56_3_1  |        0|   4|  46|  42|    0|
    |mul_32s_32s_56_3_1_U240  |mul_32s_32s_56_3_1  |        0|   4|  46|  42|    0|
    |mul_32s_32s_56_3_1_U241  |mul_32s_32s_56_3_1  |        0|   4|  46|  42|    0|
    |mul_32s_32s_56_3_1_U242  |mul_32s_32s_56_3_1  |        0|   4|  46|  42|    0|
    |mul_32s_32s_56_3_1_U243  |mul_32s_32s_56_3_1  |        0|   4|  46|  42|    0|
    |mul_32s_32s_56_3_1_U244  |mul_32s_32s_56_3_1  |        0|   4|  46|  42|    0|
    |mul_32s_32s_56_3_1_U245  |mul_32s_32s_56_3_1  |        0|   4|  46|  42|    0|
    |mul_32s_32s_56_3_1_U246  |mul_32s_32s_56_3_1  |        0|   4|  46|  42|    0|
    |mul_32s_32s_56_3_1_U247  |mul_32s_32s_56_3_1  |        0|   4|  46|  42|    0|
    |mul_32s_32s_56_3_1_U248  |mul_32s_32s_56_3_1  |        0|   4|  46|  42|    0|
    |mul_32s_32s_56_3_1_U249  |mul_32s_32s_56_3_1  |        0|   4|  46|  42|    0|
    |mul_32s_32s_56_3_1_U250  |mul_32s_32s_56_3_1  |        0|   4|  46|  42|    0|
    |mul_32s_32s_56_3_1_U251  |mul_32s_32s_56_3_1  |        0|   4|  46|  42|    0|
    |mul_32s_32s_56_3_1_U252  |mul_32s_32s_56_3_1  |        0|   4|  46|  42|    0|
    |mul_32s_32s_56_3_1_U253  |mul_32s_32s_56_3_1  |        0|   4|  46|  42|    0|
    |mul_32s_32s_56_3_1_U254  |mul_32s_32s_56_3_1  |        0|   4|  46|  42|    0|
    |mul_32s_32s_56_3_1_U255  |mul_32s_32s_56_3_1  |        0|   4|  46|  42|    0|
    |mul_32s_32s_56_3_1_U256  |mul_32s_32s_56_3_1  |        0|   4|  46|  42|    0|
    |mul_32s_32s_56_3_1_U257  |mul_32s_32s_56_3_1  |        0|   4|  46|  42|    0|
    |mul_32s_32s_56_3_1_U258  |mul_32s_32s_56_3_1  |        0|   4|  46|  42|    0|
    |mul_32s_32s_56_3_1_U259  |mul_32s_32s_56_3_1  |        0|   4|  46|  42|    0|
    +-------------------------+--------------------+---------+----+----+----+-----+
    |Total                    |                    |        0| 128|1472|1344|    0|
    +-------------------------+--------------------+---------+----+----+----+-----+

    * DSP: 
    N/A

    * Memory: 
    N/A

    * FIFO: 
    N/A

    * Expression: 
    +------------------------+----------+----+---+----+------------+------------+
    |      Variable Name     | Operation| DSP| FF| LUT| Bitwidth P0| Bitwidth P1|
    +------------------------+----------+----+---+----+------------+------------+
    |add_ln22_10_fu_1660_p2  |         +|   0|  0|  56|          56|          56|
    |add_ln22_11_fu_1684_p2  |         +|   0|  0|  56|          56|          56|
    |add_ln22_12_fu_1708_p2  |         +|   0|  0|  56|          56|          56|
    |add_ln22_13_fu_1732_p2  |         +|   0|  0|  56|          56|          56|
    |add_ln22_14_fu_1756_p2  |         +|   0|  0|  56|          56|          56|
    |add_ln22_15_fu_1780_p2  |         +|   0|  0|  56|          56|          56|
    |add_ln22_16_fu_1804_p2  |         +|   0|  0|  56|          56|          56|
    |add_ln22_17_fu_1828_p2  |         +|   0|  0|  56|          56|          56|
    |add_ln22_18_fu_1852_p2  |         +|   0|  0|  56|          56|          56|
    |add_ln22_19_fu_1876_p2  |         +|   0|  0|  56|          56|          56|
    |add_ln22_1_fu_1444_p2   |         +|   0|  0|  56|          56|          56|
    |add_ln22_20_fu_1900_p2  |         +|   0|  0|  56|          56|          56|
    |add_ln22_21_fu_1924_p2  |         +|   0|  0|  56|          56|          56|
    |add_ln22_22_fu_1948_p2  |         +|   0|  0|  56|          56|          56|
    |add_ln22_23_fu_1972_p2  |         +|   0|  0|  56|          56|          56|
    |add_ln22_24_fu_1996_p2  |         +|   0|  0|  56|          56|          56|
    |add_ln22_25_fu_2020_p2  |         +|   0|  0|  56|          56|          56|
    |add_ln22_26_fu_2044_p2  |         +|   0|  0|  56|          56|          56|
    |add_ln22_27_fu_2068_p2  |         +|   0|  0|  56|          56|          56|
    |add_ln22_28_fu_2092_p2  |         +|   0|  0|  56|          56|          56|
    |add_ln22_29_fu_2116_p2  |         +|   0|  0|  56|          56|          56|
    |add_ln22_2_fu_1468_p2   |         +|   0|  0|  56|          56|          56|
    |add_ln22_30_fu_2140_p2  |         +|   0|  0|  56|          56|          56|
    |add_ln22_31_fu_2164_p2  |         +|   0|  0|  56|          56|          56|
    |add_ln22_3_fu_1492_p2   |         +|   0|  0|  56|          56|          56|
    |add_ln22_4_fu_1516_p2   |         +|   0|  0|  56|          56|          56|
    |add_ln22_5_fu_1540_p2   |         +|   0|  0|  56|          56|          56|
    |add_ln22_6_fu_1564_p2   |         +|   0|  0|  56|          56|          56|
    |add_ln22_7_fu_1588_p2   |         +|   0|  0|  56|          56|          56|
    |add_ln22_8_fu_1612_p2   |         +|   0|  0|  56|          56|          56|
    |add_ln22_9_fu_1636_p2   |         +|   0|  0|  56|          56|          56|
    |add_ln22_fu_1420_p2     |         +|   0|  0|  56|          56|          56|
    |i_6_fu_892_p2           |         +|   0|  0|   5|           5|           1|
    |k_2_fu_904_p2           |         +|   0|  0|   5|           5|           1|
    |icmp_ln10_fu_898_p2     |      icmp|   0|  0|   6|           5|           6|
    |icmp_ln15_fu_910_p2     |      icmp|   0|  0|   6|           5|           6|
    |ap_block_state1         |        or|   0|  0|   2|           1|           1|
    |ap_block_state3         |        or|   0|  0|   2|           1|           1|
    +------------------------+----------+----+---+----+------------+------------+
    |Total                   |          |   0|  0|1818|        1814|        1808|
    +------------------------+----------+----+---+----+------------+------------+

    * Multiplexer: 
    +-----------------------+-----+-----------+-----+-----------+
    |          Name         | LUT | Input Size| Bits| Total Bits|
    +-----------------------+-----+-----------+-----+-----------+
    |A_streams_1_blk_n      |    2|          2|    1|          2|
    |B_streams_1_0_blk_n    |    2|          2|    1|          2|
    |B_streams_1_10_blk_n   |    2|          2|    1|          2|
    |B_streams_1_11_blk_n   |    2|          2|    1|          2|
    |B_streams_1_12_blk_n   |    2|          2|    1|          2|
    |B_streams_1_13_blk_n   |    2|          2|    1|          2|
    |B_streams_1_14_blk_n   |    2|          2|    1|          2|
    |B_streams_1_15_blk_n   |    2|          2|    1|          2|
    |B_streams_1_16_blk_n   |    2|          2|    1|          2|
    |B_streams_1_17_blk_n   |    2|          2|    1|          2|
    |B_streams_1_18_blk_n   |    2|          2|    1|          2|
    |B_streams_1_19_blk_n   |    2|          2|    1|          2|
    |B_streams_1_1_blk_n    |    2|          2|    1|          2|
    |B_streams_1_20_blk_n   |    2|          2|    1|          2|
    |B_streams_1_21_blk_n   |    2|          2|    1|          2|
    |B_streams_1_22_blk_n   |    2|          2|    1|          2|
    |B_streams_1_23_blk_n   |    2|          2|    1|          2|
    |B_streams_1_24_blk_n   |    2|          2|    1|          2|
    |B_streams_1_25_blk_n   |    2|          2|    1|          2|
    |B_streams_1_26_blk_n   |    2|          2|    1|          2|
    |B_streams_1_27_blk_n   |    2|          2|    1|          2|
    |B_streams_1_28_blk_n   |    2|          2|    1|          2|
    |B_streams_1_29_blk_n   |    2|          2|    1|          2|
    |B_streams_1_2_blk_n    |    2|          2|    1|          2|
    |B_streams_1_30_blk_n   |    2|          2|    1|          2|
    |B_streams_1_31_blk_n   |    2|          2|    1|          2|
    |B_streams_1_3_blk_n    |    2|          2|    1|          2|
    |B_streams_1_4_blk_n    |    2|          2|    1|          2|
    |B_streams_1_5_blk_n    |    2|          2|    1|          2|
    |B_streams_1_6_blk_n    |    2|          2|    1|          2|
    |B_streams_1_7_blk_n    |    2|          2|    1|          2|
    |B_streams_1_8_blk_n    |    2|          2|    1|          2|
    |B_streams_1_9_blk_n    |    2|          2|    1|          2|
    |C_streams_1_blk_n      |    2|          2|    1|          2|
    |C_streams_1_din        |  672|         33|   32|       1056|
    |ap_NS_fsm              |   42|         38|    1|         38|
    |ap_done                |    2|          2|    1|          2|
    |conv_i_i6_reg_722      |   32|          2|   32|         64|
    |conv_i_i_1019_reg_592  |   32|          2|   32|         64|
    |conv_i_i_110_reg_709   |   32|          2|   32|         64|
    |conv_i_i_1120_reg_579  |   32|          2|   32|         64|
    |conv_i_i_1221_reg_566  |   32|          2|   32|         64|
    |conv_i_i_1322_reg_553  |   32|          2|   32|         64|
    |conv_i_i_1423_reg_540  |   32|          2|   32|         64|
    |conv_i_i_1524_reg_527  |   32|          2|   32|         64|
    |conv_i_i_1625_reg_514  |   32|          2|   32|         64|
    |conv_i_i_1726_reg_501  |   32|          2|   32|         64|
    |conv_i_i_1827_reg_488  |   32|          2|   32|         64|
    |conv_i_i_1928_reg_475  |   32|          2|   32|         64|
    |conv_i_i_2029_reg_462  |   32|          2|   32|         64|
    |conv_i_i_211_reg_696   |   32|          2|   32|         64|
    |conv_i_i_2130_reg_449  |   32|          2|   32|         64|
    |conv_i_i_2231_reg_436  |   32|          2|   32|         64|
    |conv_i_i_2332_reg_423  |   32|          2|   32|         64|
    |conv_i_i_2433_reg_410  |   32|          2|   32|         64|
    |conv_i_i_2534_reg_397  |   32|          2|   32|         64|
    |conv_i_i_2635_reg_384  |   32|          2|   32|         64|
    |conv_i_i_2736_reg_371  |   32|          2|   32|         64|
    |conv_i_i_2837_reg_358  |   32|          2|   32|         64|
    |conv_i_i_2938_reg_345  |   32|          2|   32|         64|
    |conv_i_i_3039_reg_332  |   32|          2|   32|         64|
    |conv_i_i_312_reg_683   |   32|          2|   32|         64|
    |conv_i_i_3140_reg_319  |   32|          2|   32|         64|
    |conv_i_i_413_reg_670   |   32|          2|   32|         64|
    |conv_i_i_514_reg_657   |   32|          2|   32|         64|
    |conv_i_i_615_reg_644   |   32|          2|   32|         64|
    |conv_i_i_716_reg_631   |   32|          2|   32|         64|
    |conv_i_i_817_reg_618   |   32|          2|   32|         64|
    |conv_i_i_918_reg_605   |   32|          2|   32|         64|
    |i_fu_110               |    5|          2|    5|         10|
    |k_reg_735              |    5|          2|    5|         10|
    +-----------------------+-----+-----------+-----+-----------+
    |Total                  | 1818|        209| 1102|       3232|
    +-----------------------+-----+-----------+-----+-----------+

    * Register: 
    +------------------------------+----+----+-----+-----------+
    |             Name             | FF | LUT| Bits| Const Bits|
    +------------------------------+----+----+-----+-----------+
    |B_streams_1_0_read_reg_2335   |  32|   0|   32|          0|
    |B_streams_1_10_read_reg_2385  |  32|   0|   32|          0|
    |B_streams_1_11_read_reg_2390  |  32|   0|   32|          0|
    |B_streams_1_12_read_reg_2395  |  32|   0|   32|          0|
    |B_streams_1_13_read_reg_2400  |  32|   0|   32|          0|
    |B_streams_1_14_read_reg_2405  |  32|   0|   32|          0|
    |B_streams_1_15_read_reg_2410  |  32|   0|   32|          0|
    |B_streams_1_16_read_reg_2415  |  32|   0|   32|          0|
    |B_streams_1_17_read_reg_2420  |  32|   0|   32|          0|
    |B_streams_1_18_read_reg_2425  |  32|   0|   32|          0|
    |B_streams_1_19_read_reg_2430  |  32|   0|   32|          0|
    |B_streams_1_1_read_reg_2340   |  32|   0|   32|          0|
    |B_streams_1_20_read_reg_2435  |  32|   0|   32|          0|
    |B_streams_1_21_read_reg_2440  |  32|   0|   32|          0|
    |B_streams_1_22_read_reg_2445  |  32|   0|   32|          0|
    |B_streams_1_23_read_reg_2450  |  32|   0|   32|          0|
    |B_streams_1_24_read_reg_2455  |  32|   0|   32|          0|
    |B_streams_1_25_read_reg_2460  |  32|   0|   32|          0|
    |B_streams_1_26_read_reg_2465  |  32|   0|   32|          0|
    |B_streams_1_27_read_reg_2470  |  32|   0|   32|          0|
    |B_streams_1_28_read_reg_2475  |  32|   0|   32|          0|
    |B_streams_1_29_read_reg_2480  |  32|   0|   32|          0|
    |B_streams_1_2_read_reg_2345   |  32|   0|   32|          0|
    |B_streams_1_30_read_reg_2485  |  32|   0|   32|          0|
    |B_streams_1_31_read_reg_2490  |  32|   0|   32|          0|
    |B_streams_1_3_read_reg_2350   |  32|   0|   32|          0|
    |B_streams_1_4_read_reg_2355   |  32|   0|   32|          0|
    |B_streams_1_5_read_reg_2360   |  32|   0|   32|          0|
    |B_streams_1_6_read_reg_2365   |  32|   0|   32|          0|
    |B_streams_1_7_read_reg_2370   |  32|   0|   32|          0|
    |B_streams_1_8_read_reg_2375   |  32|   0|   32|          0|
    |B_streams_1_9_read_reg_2380   |  32|   0|   32|          0|
    |a_val_reg_2330                |  32|   0|   32|          0|
    |ap_CS_fsm                     |  37|   0|   37|          0|
    |ap_done_reg                   |   1|   0|    1|          0|
    |conv_i_i6_reg_722             |  32|   0|   32|          0|
    |conv_i_i_1019_reg_592         |  32|   0|   32|          0|
    |conv_i_i_110_reg_709          |  32|   0|   32|          0|
    |conv_i_i_1120_reg_579         |  32|   0|   32|          0|
    |conv_i_i_1221_reg_566         |  32|   0|   32|          0|
    |conv_i_i_1322_reg_553         |  32|   0|   32|          0|
    |conv_i_i_1423_reg_540         |  32|   0|   32|          0|
    |conv_i_i_1524_reg_527         |  32|   0|   32|          0|
    |conv_i_i_1625_reg_514         |  32|   0|   32|          0|
    |conv_i_i_1726_reg_501         |  32|   0|   32|          0|
    |conv_i_i_1827_reg_488         |  32|   0|   32|          0|
    |conv_i_i_1928_reg_475         |  32|   0|   32|          0|
    |conv_i_i_2029_reg_462         |  32|   0|   32|          0|
    |conv_i_i_211_reg_696          |  32|   0|   32|          0|
    |conv_i_i_2130_reg_449         |  32|   0|   32|          0|
    |conv_i_i_2231_reg_436         |  32|   0|   32|          0|
    |conv_i_i_2332_reg_423         |  32|   0|   32|          0|
    |conv_i_i_2433_reg_410         |  32|   0|   32|          0|
    |conv_i_i_2534_reg_397         |  32|   0|   32|          0|
    |conv_i_i_2635_reg_384         |  32|   0|   32|          0|
    |conv_i_i_2736_reg_371         |  32|   0|   32|          0|
    |conv_i_i_2837_reg_358         |  32|   0|   32|          0|
    |conv_i_i_2938_reg_345         |  32|   0|   32|          0|
    |conv_i_i_3039_reg_332         |  32|   0|   32|          0|
    |conv_i_i_312_reg_683          |  32|   0|   32|          0|
    |conv_i_i_3140_reg_319         |  32|   0|   32|          0|
    |conv_i_i_413_reg_670          |  32|   0|   32|          0|
    |conv_i_i_514_reg_657          |  32|   0|   32|          0|
    |conv_i_i_615_reg_644          |  32|   0|   32|          0|
    |conv_i_i_716_reg_631          |  32|   0|   32|          0|
    |conv_i_i_817_reg_618          |  32|   0|   32|          0|
    |conv_i_i_918_reg_605          |  32|   0|   32|          0|
    |i_6_reg_2313                  |   5|   0|    5|          0|
    |i_fu_110                      |   5|   0|    5|          0|
    |k_2_reg_2322                  |   5|   0|    5|          0|
    |k_reg_735                     |   5|   0|    5|          0|
    +------------------------------+----+----+-----+-----------+
    |Total                         |2138|   0| 2138|          0|
    +------------------------------+----+----+-----+-----------+



================================================================
== Interface
================================================================
* Summary: 
+-------------------------------+-----+-----+------------+----------------+--------------+
|           RTL Ports           | Dir | Bits|  Protocol  |  Source Object |    C Type    |
+-------------------------------+-----+-----+------------+----------------+--------------+
|ap_clk                         |   in|    1|  ap_ctrl_hs|  matMulTile.514|  return value|
|ap_rst                         |   in|    1|  ap_ctrl_hs|  matMulTile.514|  return value|
|ap_start                       |   in|    1|  ap_ctrl_hs|  matMulTile.514|  return value|
|ap_done                        |  out|    1|  ap_ctrl_hs|  matMulTile.514|  return value|
|ap_continue                    |   in|    1|  ap_ctrl_hs|  matMulTile.514|  return value|
|ap_idle                        |  out|    1|  ap_ctrl_hs|  matMulTile.514|  return value|
|ap_ready                       |  out|    1|  ap_ctrl_hs|  matMulTile.514|  return value|
|A_streams_1_dout               |   in|   32|     ap_fifo|     A_streams_1|       pointer|
|A_streams_1_num_data_valid     |   in|    3|     ap_fifo|     A_streams_1|       pointer|
|A_streams_1_fifo_cap           |   in|    3|     ap_fifo|     A_streams_1|       pointer|
|A_streams_1_empty_n            |   in|    1|     ap_fifo|     A_streams_1|       pointer|
|A_streams_1_read               |  out|    1|     ap_fifo|     A_streams_1|       pointer|
|B_streams_1_0_dout             |   in|   32|     ap_fifo|   B_streams_1_0|       pointer|
|B_streams_1_0_num_data_valid   |   in|    3|     ap_fifo|   B_streams_1_0|       pointer|
|B_streams_1_0_fifo_cap         |   in|    3|     ap_fifo|   B_streams_1_0|       pointer|
|B_streams_1_0_empty_n          |   in|    1|     ap_fifo|   B_streams_1_0|       pointer|
|B_streams_1_0_read             |  out|    1|     ap_fifo|   B_streams_1_0|       pointer|
|B_streams_1_1_dout             |   in|   32|     ap_fifo|   B_streams_1_1|       pointer|
|B_streams_1_1_num_data_valid   |   in|    3|     ap_fifo|   B_streams_1_1|       pointer|
|B_streams_1_1_fifo_cap         |   in|    3|     ap_fifo|   B_streams_1_1|       pointer|
|B_streams_1_1_empty_n          |   in|    1|     ap_fifo|   B_streams_1_1|       pointer|
|B_streams_1_1_read             |  out|    1|     ap_fifo|   B_streams_1_1|       pointer|
|B_streams_1_2_dout             |   in|   32|     ap_fifo|   B_streams_1_2|       pointer|
|B_streams_1_2_num_data_valid   |   in|    3|     ap_fifo|   B_streams_1_2|       pointer|
|B_streams_1_2_fifo_cap         |   in|    3|     ap_fifo|   B_streams_1_2|       pointer|
|B_streams_1_2_empty_n          |   in|    1|     ap_fifo|   B_streams_1_2|       pointer|
|B_streams_1_2_read             |  out|    1|     ap_fifo|   B_streams_1_2|       pointer|
|B_streams_1_3_dout             |   in|   32|     ap_fifo|   B_streams_1_3|       pointer|
|B_streams_1_3_num_data_valid   |   in|    3|     ap_fifo|   B_streams_1_3|       pointer|
|B_streams_1_3_fifo_cap         |   in|    3|     ap_fifo|   B_streams_1_3|       pointer|
|B_streams_1_3_empty_n          |   in|    1|     ap_fifo|   B_streams_1_3|       pointer|
|B_streams_1_3_read             |  out|    1|     ap_fifo|   B_streams_1_3|       pointer|
|B_streams_1_4_dout             |   in|   32|     ap_fifo|   B_streams_1_4|       pointer|
|B_streams_1_4_num_data_valid   |   in|    3|     ap_fifo|   B_streams_1_4|       pointer|
|B_streams_1_4_fifo_cap         |   in|    3|     ap_fifo|   B_streams_1_4|       pointer|
|B_streams_1_4_empty_n          |   in|    1|     ap_fifo|   B_streams_1_4|       pointer|
|B_streams_1_4_read             |  out|    1|     ap_fifo|   B_streams_1_4|       pointer|
|B_streams_1_5_dout             |   in|   32|     ap_fifo|   B_streams_1_5|       pointer|
|B_streams_1_5_num_data_valid   |   in|    3|     ap_fifo|   B_streams_1_5|       pointer|
|B_streams_1_5_fifo_cap         |   in|    3|     ap_fifo|   B_streams_1_5|       pointer|
|B_streams_1_5_empty_n          |   in|    1|     ap_fifo|   B_streams_1_5|       pointer|
|B_streams_1_5_read             |  out|    1|     ap_fifo|   B_streams_1_5|       pointer|
|B_streams_1_6_dout             |   in|   32|     ap_fifo|   B_streams_1_6|       pointer|
|B_streams_1_6_num_data_valid   |   in|    3|     ap_fifo|   B_streams_1_6|       pointer|
|B_streams_1_6_fifo_cap         |   in|    3|     ap_fifo|   B_streams_1_6|       pointer|
|B_streams_1_6_empty_n          |   in|    1|     ap_fifo|   B_streams_1_6|       pointer|
|B_streams_1_6_read             |  out|    1|     ap_fifo|   B_streams_1_6|       pointer|
|B_streams_1_7_dout             |   in|   32|     ap_fifo|   B_streams_1_7|       pointer|
|B_streams_1_7_num_data_valid   |   in|    3|     ap_fifo|   B_streams_1_7|       pointer|
|B_streams_1_7_fifo_cap         |   in|    3|     ap_fifo|   B_streams_1_7|       pointer|
|B_streams_1_7_empty_n          |   in|    1|     ap_fifo|   B_streams_1_7|       pointer|
|B_streams_1_7_read             |  out|    1|     ap_fifo|   B_streams_1_7|       pointer|
|B_streams_1_8_dout             |   in|   32|     ap_fifo|   B_streams_1_8|       pointer|
|B_streams_1_8_num_data_valid   |   in|    3|     ap_fifo|   B_streams_1_8|       pointer|
|B_streams_1_8_fifo_cap         |   in|    3|     ap_fifo|   B_streams_1_8|       pointer|
|B_streams_1_8_empty_n          |   in|    1|     ap_fifo|   B_streams_1_8|       pointer|
|B_streams_1_8_read             |  out|    1|     ap_fifo|   B_streams_1_8|       pointer|
|B_streams_1_9_dout             |   in|   32|     ap_fifo|   B_streams_1_9|       pointer|
|B_streams_1_9_num_data_valid   |   in|    3|     ap_fifo|   B_streams_1_9|       pointer|
|B_streams_1_9_fifo_cap         |   in|    3|     ap_fifo|   B_streams_1_9|       pointer|
|B_streams_1_9_empty_n          |   in|    1|     ap_fifo|   B_streams_1_9|       pointer|
|B_streams_1_9_read             |  out|    1|     ap_fifo|   B_streams_1_9|       pointer|
|B_streams_1_10_dout            |   in|   32|     ap_fifo|  B_streams_1_10|       pointer|
|B_streams_1_10_num_data_valid  |   in|    3|     ap_fifo|  B_streams_1_10|       pointer|
|B_streams_1_10_fifo_cap        |   in|    3|     ap_fifo|  B_streams_1_10|       pointer|
|B_streams_1_10_empty_n         |   in|    1|     ap_fifo|  B_streams_1_10|       pointer|
|B_streams_1_10_read            |  out|    1|     ap_fifo|  B_streams_1_10|       pointer|
|B_streams_1_11_dout            |   in|   32|     ap_fifo|  B_streams_1_11|       pointer|
|B_streams_1_11_num_data_valid  |   in|    3|     ap_fifo|  B_streams_1_11|       pointer|
|B_streams_1_11_fifo_cap        |   in|    3|     ap_fifo|  B_streams_1_11|       pointer|
|B_streams_1_11_empty_n         |   in|    1|     ap_fifo|  B_streams_1_11|       pointer|
|B_streams_1_11_read            |  out|    1|     ap_fifo|  B_streams_1_11|       pointer|
|B_streams_1_12_dout            |   in|   32|     ap_fifo|  B_streams_1_12|       pointer|
|B_streams_1_12_num_data_valid  |   in|    3|     ap_fifo|  B_streams_1_12|       pointer|
|B_streams_1_12_fifo_cap        |   in|    3|     ap_fifo|  B_streams_1_12|       pointer|
|B_streams_1_12_empty_n         |   in|    1|     ap_fifo|  B_streams_1_12|       pointer|
|B_streams_1_12_read            |  out|    1|     ap_fifo|  B_streams_1_12|       pointer|
|B_streams_1_13_dout            |   in|   32|     ap_fifo|  B_streams_1_13|       pointer|
|B_streams_1_13_num_data_valid  |   in|    3|     ap_fifo|  B_streams_1_13|       pointer|
|B_streams_1_13_fifo_cap        |   in|    3|     ap_fifo|  B_streams_1_13|       pointer|
|B_streams_1_13_empty_n         |   in|    1|     ap_fifo|  B_streams_1_13|       pointer|
|B_streams_1_13_read            |  out|    1|     ap_fifo|  B_streams_1_13|       pointer|
|B_streams_1_14_dout            |   in|   32|     ap_fifo|  B_streams_1_14|       pointer|
|B_streams_1_14_num_data_valid  |   in|    3|     ap_fifo|  B_streams_1_14|       pointer|
|B_streams_1_14_fifo_cap        |   in|    3|     ap_fifo|  B_streams_1_14|       pointer|
|B_streams_1_14_empty_n         |   in|    1|     ap_fifo|  B_streams_1_14|       pointer|
|B_streams_1_14_read            |  out|    1|     ap_fifo|  B_streams_1_14|       pointer|
|B_streams_1_15_dout            |   in|   32|     ap_fifo|  B_streams_1_15|       pointer|
|B_streams_1_15_num_data_valid  |   in|    3|     ap_fifo|  B_streams_1_15|       pointer|
|B_streams_1_15_fifo_cap        |   in|    3|     ap_fifo|  B_streams_1_15|       pointer|
|B_streams_1_15_empty_n         |   in|    1|     ap_fifo|  B_streams_1_15|       pointer|
|B_streams_1_15_read            |  out|    1|     ap_fifo|  B_streams_1_15|       pointer|
|B_streams_1_16_dout            |   in|   32|     ap_fifo|  B_streams_1_16|       pointer|
|B_streams_1_16_num_data_valid  |   in|    3|     ap_fifo|  B_streams_1_16|       pointer|
|B_streams_1_16_fifo_cap        |   in|    3|     ap_fifo|  B_streams_1_16|       pointer|
|B_streams_1_16_empty_n         |   in|    1|     ap_fifo|  B_streams_1_16|       pointer|
|B_streams_1_16_read            |  out|    1|     ap_fifo|  B_streams_1_16|       pointer|
|B_streams_1_17_dout            |   in|   32|     ap_fifo|  B_streams_1_17|       pointer|
|B_streams_1_17_num_data_valid  |   in|    3|     ap_fifo|  B_streams_1_17|       pointer|
|B_streams_1_17_fifo_cap        |   in|    3|     ap_fifo|  B_streams_1_17|       pointer|
|B_streams_1_17_empty_n         |   in|    1|     ap_fifo|  B_streams_1_17|       pointer|
|B_streams_1_17_read            |  out|    1|     ap_fifo|  B_streams_1_17|       pointer|
|B_streams_1_18_dout            |   in|   32|     ap_fifo|  B_streams_1_18|       pointer|
|B_streams_1_18_num_data_valid  |   in|    3|     ap_fifo|  B_streams_1_18|       pointer|
|B_streams_1_18_fifo_cap        |   in|    3|     ap_fifo|  B_streams_1_18|       pointer|
|B_streams_1_18_empty_n         |   in|    1|     ap_fifo|  B_streams_1_18|       pointer|
|B_streams_1_18_read            |  out|    1|     ap_fifo|  B_streams_1_18|       pointer|
|B_streams_1_19_dout            |   in|   32|     ap_fifo|  B_streams_1_19|       pointer|
|B_streams_1_19_num_data_valid  |   in|    3|     ap_fifo|  B_streams_1_19|       pointer|
|B_streams_1_19_fifo_cap        |   in|    3|     ap_fifo|  B_streams_1_19|       pointer|
|B_streams_1_19_empty_n         |   in|    1|     ap_fifo|  B_streams_1_19|       pointer|
|B_streams_1_19_read            |  out|    1|     ap_fifo|  B_streams_1_19|       pointer|
|B_streams_1_20_dout            |   in|   32|     ap_fifo|  B_streams_1_20|       pointer|
|B_streams_1_20_num_data_valid  |   in|    3|     ap_fifo|  B_streams_1_20|       pointer|
|B_streams_1_20_fifo_cap        |   in|    3|     ap_fifo|  B_streams_1_20|       pointer|
|B_streams_1_20_empty_n         |   in|    1|     ap_fifo|  B_streams_1_20|       pointer|
|B_streams_1_20_read            |  out|    1|     ap_fifo|  B_streams_1_20|       pointer|
|B_streams_1_21_dout            |   in|   32|     ap_fifo|  B_streams_1_21|       pointer|
|B_streams_1_21_num_data_valid  |   in|    3|     ap_fifo|  B_streams_1_21|       pointer|
|B_streams_1_21_fifo_cap        |   in|    3|     ap_fifo|  B_streams_1_21|       pointer|
|B_streams_1_21_empty_n         |   in|    1|     ap_fifo|  B_streams_1_21|       pointer|
|B_streams_1_21_read            |  out|    1|     ap_fifo|  B_streams_1_21|       pointer|
|B_streams_1_22_dout            |   in|   32|     ap_fifo|  B_streams_1_22|       pointer|
|B_streams_1_22_num_data_valid  |   in|    3|     ap_fifo|  B_streams_1_22|       pointer|
|B_streams_1_22_fifo_cap        |   in|    3|     ap_fifo|  B_streams_1_22|       pointer|
|B_streams_1_22_empty_n         |   in|    1|     ap_fifo|  B_streams_1_22|       pointer|
|B_streams_1_22_read            |  out|    1|     ap_fifo|  B_streams_1_22|       pointer|
|B_streams_1_23_dout            |   in|   32|     ap_fifo|  B_streams_1_23|       pointer|
|B_streams_1_23_num_data_valid  |   in|    3|     ap_fifo|  B_streams_1_23|       pointer|
|B_streams_1_23_fifo_cap        |   in|    3|     ap_fifo|  B_streams_1_23|       pointer|
|B_streams_1_23_empty_n         |   in|    1|     ap_fifo|  B_streams_1_23|       pointer|
|B_streams_1_23_read            |  out|    1|     ap_fifo|  B_streams_1_23|       pointer|
|B_streams_1_24_dout            |   in|   32|     ap_fifo|  B_streams_1_24|       pointer|
|B_streams_1_24_num_data_valid  |   in|    3|     ap_fifo|  B_streams_1_24|       pointer|
|B_streams_1_24_fifo_cap        |   in|    3|     ap_fifo|  B_streams_1_24|       pointer|
|B_streams_1_24_empty_n         |   in|    1|     ap_fifo|  B_streams_1_24|       pointer|
|B_streams_1_24_read            |  out|    1|     ap_fifo|  B_streams_1_24|       pointer|
|B_streams_1_25_dout            |   in|   32|     ap_fifo|  B_streams_1_25|       pointer|
|B_streams_1_25_num_data_valid  |   in|    3|     ap_fifo|  B_streams_1_25|       pointer|
|B_streams_1_25_fifo_cap        |   in|    3|     ap_fifo|  B_streams_1_25|       pointer|
|B_streams_1_25_empty_n         |   in|    1|     ap_fifo|  B_streams_1_25|       pointer|
|B_streams_1_25_read            |  out|    1|     ap_fifo|  B_streams_1_25|       pointer|
|B_streams_1_26_dout            |   in|   32|     ap_fifo|  B_streams_1_26|       pointer|
|B_streams_1_26_num_data_valid  |   in|    3|     ap_fifo|  B_streams_1_26|       pointer|
|B_streams_1_26_fifo_cap        |   in|    3|     ap_fifo|  B_streams_1_26|       pointer|
|B_streams_1_26_empty_n         |   in|    1|     ap_fifo|  B_streams_1_26|       pointer|
|B_streams_1_26_read            |  out|    1|     ap_fifo|  B_streams_1_26|       pointer|
|B_streams_1_27_dout            |   in|   32|     ap_fifo|  B_streams_1_27|       pointer|
|B_streams_1_27_num_data_valid  |   in|    3|     ap_fifo|  B_streams_1_27|       pointer|
|B_streams_1_27_fifo_cap        |   in|    3|     ap_fifo|  B_streams_1_27|       pointer|
|B_streams_1_27_empty_n         |   in|    1|     ap_fifo|  B_streams_1_27|       pointer|
|B_streams_1_27_read            |  out|    1|     ap_fifo|  B_streams_1_27|       pointer|
|B_streams_1_28_dout            |   in|   32|     ap_fifo|  B_streams_1_28|       pointer|
|B_streams_1_28_num_data_valid  |   in|    3|     ap_fifo|  B_streams_1_28|       pointer|
|B_streams_1_28_fifo_cap        |   in|    3|     ap_fifo|  B_streams_1_28|       pointer|
|B_streams_1_28_empty_n         |   in|    1|     ap_fifo|  B_streams_1_28|       pointer|
|B_streams_1_28_read            |  out|    1|     ap_fifo|  B_streams_1_28|       pointer|
|B_streams_1_29_dout            |   in|   32|     ap_fifo|  B_streams_1_29|       pointer|
|B_streams_1_29_num_data_valid  |   in|    3|     ap_fifo|  B_streams_1_29|       pointer|
|B_streams_1_29_fifo_cap        |   in|    3|     ap_fifo|  B_streams_1_29|       pointer|
|B_streams_1_29_empty_n         |   in|    1|     ap_fifo|  B_streams_1_29|       pointer|
|B_streams_1_29_read            |  out|    1|     ap_fifo|  B_streams_1_29|       pointer|
|B_streams_1_30_dout            |   in|   32|     ap_fifo|  B_streams_1_30|       pointer|
|B_streams_1_30_num_data_valid  |   in|    3|     ap_fifo|  B_streams_1_30|       pointer|
|B_streams_1_30_fifo_cap        |   in|    3|     ap_fifo|  B_streams_1_30|       pointer|
|B_streams_1_30_empty_n         |   in|    1|     ap_fifo|  B_streams_1_30|       pointer|
|B_streams_1_30_read            |  out|    1|     ap_fifo|  B_streams_1_30|       pointer|
|B_streams_1_31_dout            |   in|   32|     ap_fifo|  B_streams_1_31|       pointer|
|B_streams_1_31_num_data_valid  |   in|    3|     ap_fifo|  B_streams_1_31|       pointer|
|B_streams_1_31_fifo_cap        |   in|    3|     ap_fifo|  B_streams_1_31|       pointer|
|B_streams_1_31_empty_n         |   in|    1|     ap_fifo|  B_streams_1_31|       pointer|
|B_streams_1_31_read            |  out|    1|     ap_fifo|  B_streams_1_31|       pointer|
|C_streams_1_din                |  out|   32|     ap_fifo|     C_streams_1|       pointer|
|C_streams_1_num_data_valid     |   in|    3|     ap_fifo|     C_streams_1|       pointer|
|C_streams_1_fifo_cap           |   in|    3|     ap_fifo|     C_streams_1|       pointer|
|C_streams_1_full_n             |   in|    1|     ap_fifo|     C_streams_1|       pointer|
|C_streams_1_write              |  out|    1|     ap_fifo|     C_streams_1|       pointer|
+-------------------------------+-----+-----+------------+----------------+--------------+

