

================================================================
== Vitis HLS Report for 'matMulTiles4'
================================================================
* Date:           Fri May 29 19:00:31 2026

* Version:        2023.2 (Build 4023990 on Oct 11 2023)
* Project:        hls_project
* Solution:       gemm2 (Vitis Kernel Flow Target)
* Product family: zynquplus
* Target device:  xczu7ev-ffvc1156-2-e


================================================================
== Performance Estimates
================================================================
+ Timing: 
    * Summary: 
    +--------+---------+----------+------------+
    |  Clock |  Target | Estimated| Uncertainty|
    +--------+---------+----------+------------+
    |ap_clk  |  3.33 ns|  2.365 ns|     0.90 ns|
    +--------+---------+----------+------------+

+ Latency: 
    * Summary: 
    +---------+---------+----------+----------+-------+-------+----------+
    |  Latency (cycles) |  Latency (absolute) |    Interval   | Pipeline |
    |   min   |   max   |    min   |    max   |  min  |  max  |   Type   |
    +---------+---------+----------+----------+-------+-------+----------+
    |    42017|    42017|  0.140 ms|  0.140 ms|  42018|  42018|  dataflow|
    +---------+---------+----------+----------+-------+-------+----------+

    + Detail: 
        * Instance: 
        +------------------+---------------+---------+---------+----------+----------+-------+-------+---------+
        |                  |               |  Latency (cycles) |  Latency (absolute) |    Interval   | Pipeline|
        |     Instance     |     Module    |   min   |   max   |    min   |    max   |  min  |  max  |   Type  |
        +------------------+---------------+---------+---------+----------+----------+-------+-------+---------+
        |matMulTile8_U0    |matMulTile8    |    42017|    42017|  0.140 ms|  0.140 ms|  42017|  42017|       no|
        |matMulTile_19_U0  |matMulTile_19  |    42017|    42017|  0.140 ms|  0.140 ms|  42017|  42017|       no|
        +------------------+---------------+---------+---------+----------+----------+-------+-------+---------+

        * Loop: 
        N/A



================================================================
== Utilization Estimates
================================================================
* Summary: 
+-----------------+---------+------+--------+--------+-----+
|       Name      | BRAM_18K|  DSP |   FF   |   LUT  | URAM|
+-----------------+---------+------+--------+--------+-----+
|DSP              |        -|     -|       -|       -|    -|
|Expression       |        -|     -|       0|      16|    -|
|FIFO             |        -|     -|       -|       -|    -|
|Instance         |        -|     8|     762|     664|    -|
|Memory           |        -|     -|       -|       -|    -|
|Multiplexer      |        -|     -|       -|      18|    -|
|Register         |        -|     -|       2|       -|    -|
+-----------------+---------+------+--------+--------+-----+
|Total            |        0|     8|     764|     698|    0|
+-----------------+---------+------+--------+--------+-----+
|Available        |      624|  1728|  460800|  230400|   96|
+-----------------+---------+------+--------+--------+-----+
|Utilization (%)  |        0|    ~0|      ~0|      ~0|    0|
+-----------------+---------+------+--------+--------+-----+

+ Detail: 
    * Instance: 
    +------------------+---------------+---------+----+-----+-----+-----+
    |     Instance     |     Module    | BRAM_18K| DSP|  FF | LUT | URAM|
    +------------------+---------------+---------+----+-----+-----+-----+
    |matMulTile8_U0    |matMulTile8    |        0|   4|  381|  332|    0|
    |matMulTile_19_U0  |matMulTile_19  |        0|   4|  381|  332|    0|
    +------------------+---------------+---------+----+-----+-----+-----+
    |Total             |               |        0|   8|  762|  664|    0|
    +------------------+---------------+---------+----+-----+-----+-----+

    * DSP: 
    N/A

    * Memory: 
    N/A

    * FIFO: 
    N/A

    * Expression: 
    +-----------------------------------+----------+----+---+----+------------+------------+
    |           Variable Name           | Operation| DSP| FF| LUT| Bitwidth P0| Bitwidth P1|
    +-----------------------------------+----------+----+---+----+------------+------------+
    |ap_idle                            |       and|   0|  0|   2|           1|           1|
    |ap_sync_continue                   |       and|   0|  0|   2|           1|           1|
    |ap_sync_done                       |       and|   0|  0|   2|           1|           1|
    |ap_sync_ready                      |       and|   0|  0|   2|           1|           1|
    |matMulTile8_U0_ap_start            |       and|   0|  0|   2|           1|           1|
    |matMulTile_19_U0_ap_start          |       and|   0|  0|   2|           1|           1|
    |ap_sync_matMulTile8_U0_ap_ready    |        or|   0|  0|   2|           1|           1|
    |ap_sync_matMulTile_19_U0_ap_ready  |        or|   0|  0|   2|           1|           1|
    +-----------------------------------+----------+----+---+----+------------+------------+
    |Total                              |          |   0|  0|  16|           8|           8|
    +-----------------------------------+----------+----+---+----+------------+------------+

    * Multiplexer: 
    +---------------------------------------+----+-----------+-----+-----------+
    |                  Name                 | LUT| Input Size| Bits| Total Bits|
    +---------------------------------------+----+-----------+-----+-----------+
    |ap_sync_reg_matMulTile8_U0_ap_ready    |   9|          2|    1|          2|
    |ap_sync_reg_matMulTile_19_U0_ap_ready  |   9|          2|    1|          2|
    +---------------------------------------+----+-----------+-----+-----------+
    |Total                                  |  18|          4|    2|          4|
    +---------------------------------------+----+-----------+-----+-----------+

    * Register: 
    +---------------------------------------+---+----+-----+-----------+
    |                  Name                 | FF| LUT| Bits| Const Bits|
    +---------------------------------------+---+----+-----+-----------+
    |ap_sync_reg_matMulTile8_U0_ap_ready    |  1|   0|    1|          0|
    |ap_sync_reg_matMulTile_19_U0_ap_ready  |  1|   0|    1|          0|
    +---------------------------------------+---+----+-----+-----------+
    |Total                                  |  2|   0|    2|          0|
    +---------------------------------------+---+----+-----+-----------+



================================================================
== Interface
================================================================
* Summary: 
+--------------+-----+-----+------------+--------------+--------------+
|   RTL Ports  | Dir | Bits|  Protocol  | Source Object|    C Type    |
+--------------+-----+-----+------------+--------------+--------------+
|A_address0    |  out|    8|   ap_memory|             A|         array|
|A_ce0         |  out|    1|   ap_memory|             A|         array|
|A_d0          |  out|   32|   ap_memory|             A|         array|
|A_q0          |   in|   32|   ap_memory|             A|         array|
|A_we0         |  out|    1|   ap_memory|             A|         array|
|A_address1    |  out|    8|   ap_memory|             A|         array|
|A_ce1         |  out|    1|   ap_memory|             A|         array|
|A_d1          |  out|   32|   ap_memory|             A|         array|
|A_q1          |   in|   32|   ap_memory|             A|         array|
|A_we1         |  out|    1|   ap_memory|             A|         array|
|B_0_address0  |  out|    9|   ap_memory|           B_0|         array|
|B_0_ce0       |  out|    1|   ap_memory|           B_0|         array|
|B_0_d0        |  out|   32|   ap_memory|           B_0|         array|
|B_0_q0        |   in|   32|   ap_memory|           B_0|         array|
|B_0_we0       |  out|    1|   ap_memory|           B_0|         array|
|B_0_address1  |  out|    9|   ap_memory|           B_0|         array|
|B_0_ce1       |  out|    1|   ap_memory|           B_0|         array|
|B_0_d1        |  out|   32|   ap_memory|           B_0|         array|
|B_0_q1        |   in|   32|   ap_memory|           B_0|         array|
|B_0_we1       |  out|    1|   ap_memory|           B_0|         array|
|B_1_address0  |  out|    9|   ap_memory|           B_1|         array|
|B_1_ce0       |  out|    1|   ap_memory|           B_1|         array|
|B_1_d0        |  out|   32|   ap_memory|           B_1|         array|
|B_1_q0        |   in|   32|   ap_memory|           B_1|         array|
|B_1_we0       |  out|    1|   ap_memory|           B_1|         array|
|B_1_address1  |  out|    9|   ap_memory|           B_1|         array|
|B_1_ce1       |  out|    1|   ap_memory|           B_1|         array|
|B_1_d1        |  out|   32|   ap_memory|           B_1|         array|
|B_1_q1        |   in|   32|   ap_memory|           B_1|         array|
|B_1_we1       |  out|    1|   ap_memory|           B_1|         array|
|C_0_address0  |  out|    9|   ap_memory|           C_0|         array|
|C_0_ce0       |  out|    1|   ap_memory|           C_0|         array|
|C_0_d0        |  out|   32|   ap_memory|           C_0|         array|
|C_0_q0        |   in|   32|   ap_memory|           C_0|         array|
|C_0_we0       |  out|    1|   ap_memory|           C_0|         array|
|C_0_address1  |  out|    9|   ap_memory|           C_0|         array|
|C_0_ce1       |  out|    1|   ap_memory|           C_0|         array|
|C_0_d1        |  out|   32|   ap_memory|           C_0|         array|
|C_0_q1        |   in|   32|   ap_memory|           C_0|         array|
|C_0_we1       |  out|    1|   ap_memory|           C_0|         array|
|C_1_address0  |  out|    9|   ap_memory|           C_1|         array|
|C_1_ce0       |  out|    1|   ap_memory|           C_1|         array|
|C_1_d0        |  out|   32|   ap_memory|           C_1|         array|
|C_1_q0        |   in|   32|   ap_memory|           C_1|         array|
|C_1_we0       |  out|    1|   ap_memory|           C_1|         array|
|C_1_address1  |  out|    9|   ap_memory|           C_1|         array|
|C_1_ce1       |  out|    1|   ap_memory|           C_1|         array|
|C_1_d1        |  out|   32|   ap_memory|           C_1|         array|
|C_1_q1        |   in|   32|   ap_memory|           C_1|         array|
|C_1_we1       |  out|    1|   ap_memory|           C_1|         array|
|ap_clk        |   in|    1|  ap_ctrl_hs|  matMulTiles4|  return value|
|ap_rst        |   in|    1|  ap_ctrl_hs|  matMulTiles4|  return value|
|A_empty_n     |   in|    1|  ap_ctrl_hs|  matMulTiles4|  return value|
|A_read        |  out|    1|  ap_ctrl_hs|  matMulTiles4|  return value|
|B_0_empty_n   |   in|    1|  ap_ctrl_hs|  matMulTiles4|  return value|
|B_0_read      |  out|    1|  ap_ctrl_hs|  matMulTiles4|  return value|
|C_0_full_n    |   in|    1|  ap_ctrl_hs|  matMulTiles4|  return value|
|C_0_write     |  out|    1|  ap_ctrl_hs|  matMulTiles4|  return value|
|ap_start      |   in|    1|  ap_ctrl_hs|  matMulTiles4|  return value|
|ap_done       |  out|    1|  ap_ctrl_hs|  matMulTiles4|  return value|
|B_1_empty_n   |   in|    1|  ap_ctrl_hs|  matMulTiles4|  return value|
|B_1_read      |  out|    1|  ap_ctrl_hs|  matMulTiles4|  return value|
|C_1_full_n    |   in|    1|  ap_ctrl_hs|  matMulTiles4|  return value|
|C_1_write     |  out|    1|  ap_ctrl_hs|  matMulTiles4|  return value|
|ap_ready      |  out|    1|  ap_ctrl_hs|  matMulTiles4|  return value|
|ap_idle       |  out|    1|  ap_ctrl_hs|  matMulTiles4|  return value|
|ap_continue   |   in|    1|  ap_ctrl_hs|  matMulTiles4|  return value|
+--------------+-----+-----+------------+--------------+--------------+

