

================================================================
== Vitis HLS Report for 'matMulTiles6'
================================================================
* Date:           Sat May 30 18:50:12 2026

* Version:        2023.2 (Build 4023990 on Oct 11 2023)
* Project:        hls_project
* Solution:       gemm2 (Vitis Kernel Flow Target)
* Product family: zynquplus
* Target device:  xczu7ev-ffvc1156-2-e


================================================================
== Performance Estimates
================================================================
+ Timing: 
    * Summary: 
    +--------+---------+----------+------------+
    |  Clock |  Target | Estimated| Uncertainty|
    +--------+---------+----------+------------+
    |ap_clk  |  3.33 ns|  2.365 ns|     0.90 ns|
    +--------+---------+----------+------------+

+ Latency: 
    * Summary: 
    +---------+---------+----------+----------+-------+-------+----------+
    |  Latency (cycles) |  Latency (absolute) |    Interval   | Pipeline |
    |   min   |   max   |    min   |    max   |  min  |  max  |   Type   |
    +---------+---------+----------+----------+-------+-------+----------+
    |    33825|    33825|  0.113 ms|  0.113 ms|  33826|  33826|  dataflow|
    +---------+---------+----------+----------+-------+-------+----------+

    + Detail: 
        * Instance: 
        +-------------------+----------------+---------+---------+----------+----------+-------+-------+---------+
        |                   |                |  Latency (cycles) |  Latency (absolute) |    Interval   | Pipeline|
        |      Instance     |     Module     |   min   |   max   |    min   |    max   |  min  |  max  |   Type  |
        +-------------------+----------------+---------+---------+----------+----------+-------+-------+---------+
        |matMulTile_113_U0  |matMulTile_113  |    33825|    33825|  0.113 ms|  0.113 ms|  33825|  33825|       no|
        |matMulTile14_U0    |matMulTile14    |    33825|    33825|  0.113 ms|  0.113 ms|  33825|  33825|       no|
        +-------------------+----------------+---------+---------+----------+----------+-------+-------+---------+

        * Loop: 
        N/A



================================================================
== Utilization Estimates
================================================================
* Summary: 
+-----------------+---------+------+--------+--------+-----+
|       Name      | BRAM_18K|  DSP |   FF   |   LUT  | URAM|
+-----------------+---------+------+--------+--------+-----+
|DSP              |        -|     -|       -|       -|    -|
|Expression       |        -|     -|       0|      16|    -|
|FIFO             |        -|     -|       -|       -|    -|
|Instance         |        -|     8|     714|     616|    -|
|Memory           |        -|     -|       -|       -|    -|
|Multiplexer      |        -|     -|       -|      27|    -|
|Register         |        -|     -|       3|       -|    -|
+-----------------+---------+------+--------+--------+-----+
|Total            |        0|     8|     717|     659|    0|
+-----------------+---------+------+--------+--------+-----+
|Available        |      624|  1728|  460800|  230400|   96|
+-----------------+---------+------+--------+--------+-----+
|Utilization (%)  |        0|    ~0|      ~0|      ~0|    0|
+-----------------+---------+------+--------+--------+-----+

+ Detail: 
    * Instance: 
    +-------------------+----------------+---------+----+-----+-----+-----+
    |      Instance     |     Module     | BRAM_18K| DSP|  FF | LUT | URAM|
    +-------------------+----------------+---------+----+-----+-----+-----+
    |matMulTile14_U0    |matMulTile14    |        0|   4|  357|  308|    0|
    |matMulTile_113_U0  |matMulTile_113  |        0|   4|  357|  308|    0|
    +-------------------+----------------+---------+----+-----+-----+-----+
    |Total              |                |        0|   8|  714|  616|    0|
    +-------------------+----------------+---------+----+-----+-----+-----+

    * DSP: 
    N/A

    * Memory: 
    N/A

    * FIFO: 
    N/A

    * Expression: 
    +------------------------------------+----------+----+---+----+------------+------------+
    |            Variable Name           | Operation| DSP| FF| LUT| Bitwidth P0| Bitwidth P1|
    +------------------------------------+----------+----+---+----+------------+------------+
    |ap_idle                             |       and|   0|  0|   2|           1|           1|
    |ap_sync_continue                    |       and|   0|  0|   2|           1|           1|
    |ap_sync_done                        |       and|   0|  0|   2|           1|           1|
    |ap_sync_ready                       |       and|   0|  0|   2|           1|           1|
    |matMulTile14_U0_ap_start            |       and|   0|  0|   2|           1|           1|
    |matMulTile_113_U0_ap_start          |       and|   0|  0|   2|           1|           1|
    |ap_sync_matMulTile14_U0_ap_ready    |        or|   0|  0|   2|           1|           1|
    |ap_sync_matMulTile_113_U0_ap_ready  |        or|   0|  0|   2|           1|           1|
    +------------------------------------+----------+----+---+----+------------+------------+
    |Total                               |          |   0|  0|  16|           8|           8|
    +------------------------------------+----------+----+---+----+------------+------------+

    * Multiplexer: 
    +----------------------------------------+----+-----------+-----+-----------+
    |                  Name                  | LUT| Input Size| Bits| Total Bits|
    +----------------------------------------+----+-----------+-----+-----------+
    |ap_sync_reg_matMulTile14_U0_ap_ready    |   9|          2|    1|          2|
    |ap_sync_reg_matMulTile_113_U0_ap_ready  |   9|          2|    1|          2|
    |real_start                              |   9|          2|    1|          2|
    +----------------------------------------+----+-----------+-----+-----------+
    |Total                                   |  27|          6|    3|          6|
    +----------------------------------------+----+-----------+-----+-----------+

    * Register: 
    +----------------------------------------+---+----+-----+-----------+
    |                  Name                  | FF| LUT| Bits| Const Bits|
    +----------------------------------------+---+----+-----+-----------+
    |ap_sync_reg_matMulTile14_U0_ap_ready    |  1|   0|    1|          0|
    |ap_sync_reg_matMulTile_113_U0_ap_ready  |  1|   0|    1|          0|
    |start_once_reg                          |  1|   0|    1|          0|
    +----------------------------------------+---+----+-----+-----------+
    |Total                                   |  3|   0|    3|          0|
    +----------------------------------------+---+----+-----+-----------+



================================================================
== Interface
================================================================
* Summary: 
+---------------------+-----+-----+------------+--------------+--------------+
|      RTL Ports      | Dir | Bits|  Protocol  | Source Object|    C Type    |
+---------------------+-----+-----+------------+--------------+--------------+
|ap_start             |   in|    1|  ap_ctrl_hs|  matMulTiles6|  return value|
|start_full_n         |   in|    1|  ap_ctrl_hs|  matMulTiles6|  return value|
|start_out            |  out|    1|  ap_ctrl_hs|  matMulTiles6|  return value|
|start_write          |  out|    1|  ap_ctrl_hs|  matMulTiles6|  return value|
|ap_clk               |   in|    1|  ap_ctrl_hs|  matMulTiles6|  return value|
|ap_rst               |   in|    1|  ap_ctrl_hs|  matMulTiles6|  return value|
|ap_done              |  out|    1|  ap_ctrl_hs|  matMulTiles6|  return value|
|ap_ready             |  out|    1|  ap_ctrl_hs|  matMulTiles6|  return value|
|ap_idle              |  out|    1|  ap_ctrl_hs|  matMulTiles6|  return value|
|ap_continue          |   in|    1|  ap_ctrl_hs|  matMulTiles6|  return value|
|A_streams_0_dout     |   in|   32|     ap_fifo|   A_streams_0|       pointer|
|A_streams_0_empty_n  |   in|    1|     ap_fifo|   A_streams_0|       pointer|
|A_streams_0_read     |  out|    1|     ap_fifo|   A_streams_0|       pointer|
|A_streams_1_dout     |   in|   32|     ap_fifo|   A_streams_1|       pointer|
|A_streams_1_empty_n  |   in|    1|     ap_fifo|   A_streams_1|       pointer|
|A_streams_1_read     |  out|    1|     ap_fifo|   A_streams_1|       pointer|
|B_streams_0_dout     |   in|   32|     ap_fifo|   B_streams_0|       pointer|
|B_streams_0_empty_n  |   in|    1|     ap_fifo|   B_streams_0|       pointer|
|B_streams_0_read     |  out|    1|     ap_fifo|   B_streams_0|       pointer|
|B_streams_1_dout     |   in|   32|     ap_fifo|   B_streams_1|       pointer|
|B_streams_1_empty_n  |   in|    1|     ap_fifo|   B_streams_1|       pointer|
|B_streams_1_read     |  out|    1|     ap_fifo|   B_streams_1|       pointer|
|C_streams_0_din      |  out|   32|     ap_fifo|   C_streams_0|       pointer|
|C_streams_0_full_n   |   in|    1|     ap_fifo|   C_streams_0|       pointer|
|C_streams_0_write    |  out|    1|     ap_fifo|   C_streams_0|       pointer|
|C_streams_1_din      |  out|   32|     ap_fifo|   C_streams_1|       pointer|
|C_streams_1_full_n   |   in|    1|     ap_fifo|   C_streams_1|       pointer|
|C_streams_1_write    |  out|    1|     ap_fifo|   C_streams_1|       pointer|
+---------------------+-----+-----+------------+--------------+--------------+

