

================================================================
== Vitis HLS Report for 'psumToStream_421'
================================================================
* Date:           Wed Jul  1 18:24:21 2026

* Version:        2023.2 (Build 4023990 on Oct 11 2023)
* Project:        hls_project
* Solution:       gemm2 (Vitis Kernel Flow Target)
* Product family: versalaicore
* Target device:  xcvc1902-vsva2197-2MP-e-S


================================================================
== Performance Estimates
================================================================
+ Timing: 
    * Summary: 
    +--------+---------+----------+------------+
    |  Clock |  Target | Estimated| Uncertainty|
    +--------+---------+----------+------------+
    |ap_clk  |  3.33 ns|  1.799 ns|     0.90 ns|
    +--------+---------+----------+------------+

+ Latency: 
    * Summary: 
    +---------+---------+----------+----------+-----+-----+---------+
    |  Latency (cycles) |  Latency (absolute) |  Interval | Pipeline|
    |   min   |   max   |    min   |    max   | min | max |   Type  |
    +---------+---------+----------+----------+-----+-----+---------+
    |        0|        0|      0 ns|      0 ns|    0|    0|       no|
    +---------+---------+----------+----------+-----+-----+---------+

    + Detail: 
        * Instance: 
        N/A

        * Loop: 
        N/A



================================================================
== Utilization Estimates
================================================================
* Summary: 
+-----------------+---------+------+---------+--------+-----+
|       Name      | BRAM_18K|  DSP |    FF   |   LUT  | URAM|
+-----------------+---------+------+---------+--------+-----+
|DSP              |        -|     -|        -|       -|    -|
|Expression       |        -|     -|        0|       2|    -|
|FIFO             |        -|     -|        -|       -|    -|
|Instance         |        -|     -|        -|       -|    -|
|Memory           |        -|     -|        -|       -|    -|
|Multiplexer      |        -|     -|        -|      66|    -|
|Register         |        -|     -|        2|       -|    -|
+-----------------+---------+------+---------+--------+-----+
|Total            |        0|     0|        2|      68|    0|
+-----------------+---------+------+---------+--------+-----+
|Available        |     1934|  1968|  1799680|  899840|  463|
+-----------------+---------+------+---------+--------+-----+
|Utilization (%)  |        0|     0|       ~0|      ~0|    0|
+-----------------+---------+------+---------+--------+-----+

+ Detail: 
    * Instance: 
    N/A

    * DSP: 
    N/A

    * Memory: 
    N/A

    * FIFO: 
    N/A

    * Expression: 
    +-----------------+----------+----+---+----+------------+------------+
    |  Variable Name  | Operation| DSP| FF| LUT| Bitwidth P0| Bitwidth P1|
    +-----------------+----------+----+---+----+------------+------------+
    |ap_block_state1  |        or|   0|  0|   2|           1|           1|
    +-----------------+----------+----+---+----+------------+------------+
    |Total            |          |   0|  0|   2|           1|           1|
    +-----------------+----------+----+---+----+------------+------------+

    * Multiplexer: 
    +----------------------+----+-----------+-----+-----------+
    |         Name         | LUT| Input Size| Bits| Total Bits|
    +----------------------+----+-----------+-----+-----------+
    |C_streams_1_0_blk_n   |   2|          2|    1|          2|
    |C_streams_1_10_blk_n  |   2|          2|    1|          2|
    |C_streams_1_11_blk_n  |   2|          2|    1|          2|
    |C_streams_1_12_blk_n  |   2|          2|    1|          2|
    |C_streams_1_13_blk_n  |   2|          2|    1|          2|
    |C_streams_1_14_blk_n  |   2|          2|    1|          2|
    |C_streams_1_15_blk_n  |   2|          2|    1|          2|
    |C_streams_1_16_blk_n  |   2|          2|    1|          2|
    |C_streams_1_17_blk_n  |   2|          2|    1|          2|
    |C_streams_1_18_blk_n  |   2|          2|    1|          2|
    |C_streams_1_19_blk_n  |   2|          2|    1|          2|
    |C_streams_1_1_blk_n   |   2|          2|    1|          2|
    |C_streams_1_20_blk_n  |   2|          2|    1|          2|
    |C_streams_1_21_blk_n  |   2|          2|    1|          2|
    |C_streams_1_22_blk_n  |   2|          2|    1|          2|
    |C_streams_1_23_blk_n  |   2|          2|    1|          2|
    |C_streams_1_24_blk_n  |   2|          2|    1|          2|
    |C_streams_1_25_blk_n  |   2|          2|    1|          2|
    |C_streams_1_26_blk_n  |   2|          2|    1|          2|
    |C_streams_1_27_blk_n  |   2|          2|    1|          2|
    |C_streams_1_28_blk_n  |   2|          2|    1|          2|
    |C_streams_1_29_blk_n  |   2|          2|    1|          2|
    |C_streams_1_2_blk_n   |   2|          2|    1|          2|
    |C_streams_1_30_blk_n  |   2|          2|    1|          2|
    |C_streams_1_31_blk_n  |   2|          2|    1|          2|
    |C_streams_1_3_blk_n   |   2|          2|    1|          2|
    |C_streams_1_4_blk_n   |   2|          2|    1|          2|
    |C_streams_1_5_blk_n   |   2|          2|    1|          2|
    |C_streams_1_6_blk_n   |   2|          2|    1|          2|
    |C_streams_1_7_blk_n   |   2|          2|    1|          2|
    |C_streams_1_8_blk_n   |   2|          2|    1|          2|
    |C_streams_1_9_blk_n   |   2|          2|    1|          2|
    |ap_done               |   2|          2|    1|          2|
    +----------------------+----+-----------+-----+-----------+
    |Total                 |  66|         66|   33|         66|
    +----------------------+----+-----------+-----+-----------+

    * Register: 
    +-------------+---+----+-----+-----------+
    |     Name    | FF| LUT| Bits| Const Bits|
    +-------------+---+----+-----+-----------+
    |ap_CS_fsm    |  1|   0|    1|          0|
    |ap_done_reg  |  1|   0|    1|          0|
    +-------------+---+----+-----+-----------+
    |Total        |  2|   0|    2|          0|
    +-------------+---+----+-----+-----------+



================================================================
== Interface
================================================================
* Summary: 
+-------------------------------+-----+-----+------------+------------------+--------------+
|           RTL Ports           | Dir | Bits|  Protocol  |   Source Object  |    C Type    |
+-------------------------------+-----+-----+------------+------------------+--------------+
|ap_clk                         |   in|    1|  ap_ctrl_hs|  psumToStream.421|  return value|
|ap_rst                         |   in|    1|  ap_ctrl_hs|  psumToStream.421|  return value|
|ap_start                       |   in|    1|  ap_ctrl_hs|  psumToStream.421|  return value|
|ap_done                        |  out|    1|  ap_ctrl_hs|  psumToStream.421|  return value|
|ap_continue                    |   in|    1|  ap_ctrl_hs|  psumToStream.421|  return value|
|ap_idle                        |  out|    1|  ap_ctrl_hs|  psumToStream.421|  return value|
|ap_ready                       |  out|    1|  ap_ctrl_hs|  psumToStream.421|  return value|
|p_read                         |   in|   32|     ap_none|            p_read|        scalar|
|p_read1                        |   in|   32|     ap_none|           p_read1|        scalar|
|p_read2                        |   in|   32|     ap_none|           p_read2|        scalar|
|p_read3                        |   in|   32|     ap_none|           p_read3|        scalar|
|p_read4                        |   in|   32|     ap_none|           p_read4|        scalar|
|p_read5                        |   in|   32|     ap_none|           p_read5|        scalar|
|p_read6                        |   in|   32|     ap_none|           p_read6|        scalar|
|p_read7                        |   in|   32|     ap_none|           p_read7|        scalar|
|p_read8                        |   in|   32|     ap_none|           p_read8|        scalar|
|p_read9                        |   in|   32|     ap_none|           p_read9|        scalar|
|p_read10                       |   in|   32|     ap_none|          p_read10|        scalar|
|p_read11                       |   in|   32|     ap_none|          p_read11|        scalar|
|p_read12                       |   in|   32|     ap_none|          p_read12|        scalar|
|p_read13                       |   in|   32|     ap_none|          p_read13|        scalar|
|p_read14                       |   in|   32|     ap_none|          p_read14|        scalar|
|p_read15                       |   in|   32|     ap_none|          p_read15|        scalar|
|p_read16                       |   in|   32|     ap_none|          p_read16|        scalar|
|p_read17                       |   in|   32|     ap_none|          p_read17|        scalar|
|p_read18                       |   in|   32|     ap_none|          p_read18|        scalar|
|p_read19                       |   in|   32|     ap_none|          p_read19|        scalar|
|p_read20                       |   in|   32|     ap_none|          p_read20|        scalar|
|p_read21                       |   in|   32|     ap_none|          p_read21|        scalar|
|p_read22                       |   in|   32|     ap_none|          p_read22|        scalar|
|p_read23                       |   in|   32|     ap_none|          p_read23|        scalar|
|p_read24                       |   in|   32|     ap_none|          p_read24|        scalar|
|p_read25                       |   in|   32|     ap_none|          p_read25|        scalar|
|p_read26                       |   in|   32|     ap_none|          p_read26|        scalar|
|p_read27                       |   in|   32|     ap_none|          p_read27|        scalar|
|p_read28                       |   in|   32|     ap_none|          p_read28|        scalar|
|p_read29                       |   in|   32|     ap_none|          p_read29|        scalar|
|p_read30                       |   in|   32|     ap_none|          p_read30|        scalar|
|p_read31                       |   in|   32|     ap_none|          p_read31|        scalar|
|C_streams_1_0_din              |  out|   32|     ap_fifo|     C_streams_1_0|       pointer|
|C_streams_1_0_num_data_valid   |   in|    3|     ap_fifo|     C_streams_1_0|       pointer|
|C_streams_1_0_fifo_cap         |   in|    3|     ap_fifo|     C_streams_1_0|       pointer|
|C_streams_1_0_full_n           |   in|    1|     ap_fifo|     C_streams_1_0|       pointer|
|C_streams_1_0_write            |  out|    1|     ap_fifo|     C_streams_1_0|       pointer|
|C_streams_1_1_din              |  out|   32|     ap_fifo|     C_streams_1_1|       pointer|
|C_streams_1_1_num_data_valid   |   in|    3|     ap_fifo|     C_streams_1_1|       pointer|
|C_streams_1_1_fifo_cap         |   in|    3|     ap_fifo|     C_streams_1_1|       pointer|
|C_streams_1_1_full_n           |   in|    1|     ap_fifo|     C_streams_1_1|       pointer|
|C_streams_1_1_write            |  out|    1|     ap_fifo|     C_streams_1_1|       pointer|
|C_streams_1_2_din              |  out|   32|     ap_fifo|     C_streams_1_2|       pointer|
|C_streams_1_2_num_data_valid   |   in|    3|     ap_fifo|     C_streams_1_2|       pointer|
|C_streams_1_2_fifo_cap         |   in|    3|     ap_fifo|     C_streams_1_2|       pointer|
|C_streams_1_2_full_n           |   in|    1|     ap_fifo|     C_streams_1_2|       pointer|
|C_streams_1_2_write            |  out|    1|     ap_fifo|     C_streams_1_2|       pointer|
|C_streams_1_3_din              |  out|   32|     ap_fifo|     C_streams_1_3|       pointer|
|C_streams_1_3_num_data_valid   |   in|    3|     ap_fifo|     C_streams_1_3|       pointer|
|C_streams_1_3_fifo_cap         |   in|    3|     ap_fifo|     C_streams_1_3|       pointer|
|C_streams_1_3_full_n           |   in|    1|     ap_fifo|     C_streams_1_3|       pointer|
|C_streams_1_3_write            |  out|    1|     ap_fifo|     C_streams_1_3|       pointer|
|C_streams_1_4_din              |  out|   32|     ap_fifo|     C_streams_1_4|       pointer|
|C_streams_1_4_num_data_valid   |   in|    3|     ap_fifo|     C_streams_1_4|       pointer|
|C_streams_1_4_fifo_cap         |   in|    3|     ap_fifo|     C_streams_1_4|       pointer|
|C_streams_1_4_full_n           |   in|    1|     ap_fifo|     C_streams_1_4|       pointer|
|C_streams_1_4_write            |  out|    1|     ap_fifo|     C_streams_1_4|       pointer|
|C_streams_1_5_din              |  out|   32|     ap_fifo|     C_streams_1_5|       pointer|
|C_streams_1_5_num_data_valid   |   in|    3|     ap_fifo|     C_streams_1_5|       pointer|
|C_streams_1_5_fifo_cap         |   in|    3|     ap_fifo|     C_streams_1_5|       pointer|
|C_streams_1_5_full_n           |   in|    1|     ap_fifo|     C_streams_1_5|       pointer|
|C_streams_1_5_write            |  out|    1|     ap_fifo|     C_streams_1_5|       pointer|
|C_streams_1_6_din              |  out|   32|     ap_fifo|     C_streams_1_6|       pointer|
|C_streams_1_6_num_data_valid   |   in|    3|     ap_fifo|     C_streams_1_6|       pointer|
|C_streams_1_6_fifo_cap         |   in|    3|     ap_fifo|     C_streams_1_6|       pointer|
|C_streams_1_6_full_n           |   in|    1|     ap_fifo|     C_streams_1_6|       pointer|
|C_streams_1_6_write            |  out|    1|     ap_fifo|     C_streams_1_6|       pointer|
|C_streams_1_7_din              |  out|   32|     ap_fifo|     C_streams_1_7|       pointer|
|C_streams_1_7_num_data_valid   |   in|    3|     ap_fifo|     C_streams_1_7|       pointer|
|C_streams_1_7_fifo_cap         |   in|    3|     ap_fifo|     C_streams_1_7|       pointer|
|C_streams_1_7_full_n           |   in|    1|     ap_fifo|     C_streams_1_7|       pointer|
|C_streams_1_7_write            |  out|    1|     ap_fifo|     C_streams_1_7|       pointer|
|C_streams_1_8_din              |  out|   32|     ap_fifo|     C_streams_1_8|       pointer|
|C_streams_1_8_num_data_valid   |   in|    3|     ap_fifo|     C_streams_1_8|       pointer|
|C_streams_1_8_fifo_cap         |   in|    3|     ap_fifo|     C_streams_1_8|       pointer|
|C_streams_1_8_full_n           |   in|    1|     ap_fifo|     C_streams_1_8|       pointer|
|C_streams_1_8_write            |  out|    1|     ap_fifo|     C_streams_1_8|       pointer|
|C_streams_1_9_din              |  out|   32|     ap_fifo|     C_streams_1_9|       pointer|
|C_streams_1_9_num_data_valid   |   in|    3|     ap_fifo|     C_streams_1_9|       pointer|
|C_streams_1_9_fifo_cap         |   in|    3|     ap_fifo|     C_streams_1_9|       pointer|
|C_streams_1_9_full_n           |   in|    1|     ap_fifo|     C_streams_1_9|       pointer|
|C_streams_1_9_write            |  out|    1|     ap_fifo|     C_streams_1_9|       pointer|
|C_streams_1_10_din             |  out|   32|     ap_fifo|    C_streams_1_10|       pointer|
|C_streams_1_10_num_data_valid  |   in|    3|     ap_fifo|    C_streams_1_10|       pointer|
|C_streams_1_10_fifo_cap        |   in|    3|     ap_fifo|    C_streams_1_10|       pointer|
|C_streams_1_10_full_n          |   in|    1|     ap_fifo|    C_streams_1_10|       pointer|
|C_streams_1_10_write           |  out|    1|     ap_fifo|    C_streams_1_10|       pointer|
|C_streams_1_11_din             |  out|   32|     ap_fifo|    C_streams_1_11|       pointer|
|C_streams_1_11_num_data_valid  |   in|    3|     ap_fifo|    C_streams_1_11|       pointer|
|C_streams_1_11_fifo_cap        |   in|    3|     ap_fifo|    C_streams_1_11|       pointer|
|C_streams_1_11_full_n          |   in|    1|     ap_fifo|    C_streams_1_11|       pointer|
|C_streams_1_11_write           |  out|    1|     ap_fifo|    C_streams_1_11|       pointer|
|C_streams_1_12_din             |  out|   32|     ap_fifo|    C_streams_1_12|       pointer|
|C_streams_1_12_num_data_valid  |   in|    3|     ap_fifo|    C_streams_1_12|       pointer|
|C_streams_1_12_fifo_cap        |   in|    3|     ap_fifo|    C_streams_1_12|       pointer|
|C_streams_1_12_full_n          |   in|    1|     ap_fifo|    C_streams_1_12|       pointer|
|C_streams_1_12_write           |  out|    1|     ap_fifo|    C_streams_1_12|       pointer|
|C_streams_1_13_din             |  out|   32|     ap_fifo|    C_streams_1_13|       pointer|
|C_streams_1_13_num_data_valid  |   in|    3|     ap_fifo|    C_streams_1_13|       pointer|
|C_streams_1_13_fifo_cap        |   in|    3|     ap_fifo|    C_streams_1_13|       pointer|
|C_streams_1_13_full_n          |   in|    1|     ap_fifo|    C_streams_1_13|       pointer|
|C_streams_1_13_write           |  out|    1|     ap_fifo|    C_streams_1_13|       pointer|
|C_streams_1_14_din             |  out|   32|     ap_fifo|    C_streams_1_14|       pointer|
|C_streams_1_14_num_data_valid  |   in|    3|     ap_fifo|    C_streams_1_14|       pointer|
|C_streams_1_14_fifo_cap        |   in|    3|     ap_fifo|    C_streams_1_14|       pointer|
|C_streams_1_14_full_n          |   in|    1|     ap_fifo|    C_streams_1_14|       pointer|
|C_streams_1_14_write           |  out|    1|     ap_fifo|    C_streams_1_14|       pointer|
|C_streams_1_15_din             |  out|   32|     ap_fifo|    C_streams_1_15|       pointer|
|C_streams_1_15_num_data_valid  |   in|    3|     ap_fifo|    C_streams_1_15|       pointer|
|C_streams_1_15_fifo_cap        |   in|    3|     ap_fifo|    C_streams_1_15|       pointer|
|C_streams_1_15_full_n          |   in|    1|     ap_fifo|    C_streams_1_15|       pointer|
|C_streams_1_15_write           |  out|    1|     ap_fifo|    C_streams_1_15|       pointer|
|C_streams_1_16_din             |  out|   32|     ap_fifo|    C_streams_1_16|       pointer|
|C_streams_1_16_num_data_valid  |   in|    3|     ap_fifo|    C_streams_1_16|       pointer|
|C_streams_1_16_fifo_cap        |   in|    3|     ap_fifo|    C_streams_1_16|       pointer|
|C_streams_1_16_full_n          |   in|    1|     ap_fifo|    C_streams_1_16|       pointer|
|C_streams_1_16_write           |  out|    1|     ap_fifo|    C_streams_1_16|       pointer|
|C_streams_1_17_din             |  out|   32|     ap_fifo|    C_streams_1_17|       pointer|
|C_streams_1_17_num_data_valid  |   in|    3|     ap_fifo|    C_streams_1_17|       pointer|
|C_streams_1_17_fifo_cap        |   in|    3|     ap_fifo|    C_streams_1_17|       pointer|
|C_streams_1_17_full_n          |   in|    1|     ap_fifo|    C_streams_1_17|       pointer|
|C_streams_1_17_write           |  out|    1|     ap_fifo|    C_streams_1_17|       pointer|
|C_streams_1_18_din             |  out|   32|     ap_fifo|    C_streams_1_18|       pointer|
|C_streams_1_18_num_data_valid  |   in|    3|     ap_fifo|    C_streams_1_18|       pointer|
|C_streams_1_18_fifo_cap        |   in|    3|     ap_fifo|    C_streams_1_18|       pointer|
|C_streams_1_18_full_n          |   in|    1|     ap_fifo|    C_streams_1_18|       pointer|
|C_streams_1_18_write           |  out|    1|     ap_fifo|    C_streams_1_18|       pointer|
|C_streams_1_19_din             |  out|   32|     ap_fifo|    C_streams_1_19|       pointer|
|C_streams_1_19_num_data_valid  |   in|    3|     ap_fifo|    C_streams_1_19|       pointer|
|C_streams_1_19_fifo_cap        |   in|    3|     ap_fifo|    C_streams_1_19|       pointer|
|C_streams_1_19_full_n          |   in|    1|     ap_fifo|    C_streams_1_19|       pointer|
|C_streams_1_19_write           |  out|    1|     ap_fifo|    C_streams_1_19|       pointer|
|C_streams_1_20_din             |  out|   32|     ap_fifo|    C_streams_1_20|       pointer|
|C_streams_1_20_num_data_valid  |   in|    3|     ap_fifo|    C_streams_1_20|       pointer|
|C_streams_1_20_fifo_cap        |   in|    3|     ap_fifo|    C_streams_1_20|       pointer|
|C_streams_1_20_full_n          |   in|    1|     ap_fifo|    C_streams_1_20|       pointer|
|C_streams_1_20_write           |  out|    1|     ap_fifo|    C_streams_1_20|       pointer|
|C_streams_1_21_din             |  out|   32|     ap_fifo|    C_streams_1_21|       pointer|
|C_streams_1_21_num_data_valid  |   in|    3|     ap_fifo|    C_streams_1_21|       pointer|
|C_streams_1_21_fifo_cap        |   in|    3|     ap_fifo|    C_streams_1_21|       pointer|
|C_streams_1_21_full_n          |   in|    1|     ap_fifo|    C_streams_1_21|       pointer|
|C_streams_1_21_write           |  out|    1|     ap_fifo|    C_streams_1_21|       pointer|
|C_streams_1_22_din             |  out|   32|     ap_fifo|    C_streams_1_22|       pointer|
|C_streams_1_22_num_data_valid  |   in|    3|     ap_fifo|    C_streams_1_22|       pointer|
|C_streams_1_22_fifo_cap        |   in|    3|     ap_fifo|    C_streams_1_22|       pointer|
|C_streams_1_22_full_n          |   in|    1|     ap_fifo|    C_streams_1_22|       pointer|
|C_streams_1_22_write           |  out|    1|     ap_fifo|    C_streams_1_22|       pointer|
|C_streams_1_23_din             |  out|   32|     ap_fifo|    C_streams_1_23|       pointer|
|C_streams_1_23_num_data_valid  |   in|    3|     ap_fifo|    C_streams_1_23|       pointer|
|C_streams_1_23_fifo_cap        |   in|    3|     ap_fifo|    C_streams_1_23|       pointer|
|C_streams_1_23_full_n          |   in|    1|     ap_fifo|    C_streams_1_23|       pointer|
|C_streams_1_23_write           |  out|    1|     ap_fifo|    C_streams_1_23|       pointer|
|C_streams_1_24_din             |  out|   32|     ap_fifo|    C_streams_1_24|       pointer|
|C_streams_1_24_num_data_valid  |   in|    3|     ap_fifo|    C_streams_1_24|       pointer|
|C_streams_1_24_fifo_cap        |   in|    3|     ap_fifo|    C_streams_1_24|       pointer|
|C_streams_1_24_full_n          |   in|    1|     ap_fifo|    C_streams_1_24|       pointer|
|C_streams_1_24_write           |  out|    1|     ap_fifo|    C_streams_1_24|       pointer|
|C_streams_1_25_din             |  out|   32|     ap_fifo|    C_streams_1_25|       pointer|
|C_streams_1_25_num_data_valid  |   in|    3|     ap_fifo|    C_streams_1_25|       pointer|
|C_streams_1_25_fifo_cap        |   in|    3|     ap_fifo|    C_streams_1_25|       pointer|
|C_streams_1_25_full_n          |   in|    1|     ap_fifo|    C_streams_1_25|       pointer|
|C_streams_1_25_write           |  out|    1|     ap_fifo|    C_streams_1_25|       pointer|
|C_streams_1_26_din             |  out|   32|     ap_fifo|    C_streams_1_26|       pointer|
|C_streams_1_26_num_data_valid  |   in|    3|     ap_fifo|    C_streams_1_26|       pointer|
|C_streams_1_26_fifo_cap        |   in|    3|     ap_fifo|    C_streams_1_26|       pointer|
|C_streams_1_26_full_n          |   in|    1|     ap_fifo|    C_streams_1_26|       pointer|
|C_streams_1_26_write           |  out|    1|     ap_fifo|    C_streams_1_26|       pointer|
|C_streams_1_27_din             |  out|   32|     ap_fifo|    C_streams_1_27|       pointer|
|C_streams_1_27_num_data_valid  |   in|    3|     ap_fifo|    C_streams_1_27|       pointer|
|C_streams_1_27_fifo_cap        |   in|    3|     ap_fifo|    C_streams_1_27|       pointer|
|C_streams_1_27_full_n          |   in|    1|     ap_fifo|    C_streams_1_27|       pointer|
|C_streams_1_27_write           |  out|    1|     ap_fifo|    C_streams_1_27|       pointer|
|C_streams_1_28_din             |  out|   32|     ap_fifo|    C_streams_1_28|       pointer|
|C_streams_1_28_num_data_valid  |   in|    3|     ap_fifo|    C_streams_1_28|       pointer|
|C_streams_1_28_fifo_cap        |   in|    3|     ap_fifo|    C_streams_1_28|       pointer|
|C_streams_1_28_full_n          |   in|    1|     ap_fifo|    C_streams_1_28|       pointer|
|C_streams_1_28_write           |  out|    1|     ap_fifo|    C_streams_1_28|       pointer|
|C_streams_1_29_din             |  out|   32|     ap_fifo|    C_streams_1_29|       pointer|
|C_streams_1_29_num_data_valid  |   in|    3|     ap_fifo|    C_streams_1_29|       pointer|
|C_streams_1_29_fifo_cap        |   in|    3|     ap_fifo|    C_streams_1_29|       pointer|
|C_streams_1_29_full_n          |   in|    1|     ap_fifo|    C_streams_1_29|       pointer|
|C_streams_1_29_write           |  out|    1|     ap_fifo|    C_streams_1_29|       pointer|
|C_streams_1_30_din             |  out|   32|     ap_fifo|    C_streams_1_30|       pointer|
|C_streams_1_30_num_data_valid  |   in|    3|     ap_fifo|    C_streams_1_30|       pointer|
|C_streams_1_30_fifo_cap        |   in|    3|     ap_fifo|    C_streams_1_30|       pointer|
|C_streams_1_30_full_n          |   in|    1|     ap_fifo|    C_streams_1_30|       pointer|
|C_streams_1_30_write           |  out|    1|     ap_fifo|    C_streams_1_30|       pointer|
|C_streams_1_31_din             |  out|   32|     ap_fifo|    C_streams_1_31|       pointer|
|C_streams_1_31_num_data_valid  |   in|    3|     ap_fifo|    C_streams_1_31|       pointer|
|C_streams_1_31_fifo_cap        |   in|    3|     ap_fifo|    C_streams_1_31|       pointer|
|C_streams_1_31_full_n          |   in|    1|     ap_fifo|    C_streams_1_31|       pointer|
|C_streams_1_31_write           |  out|    1|     ap_fifo|    C_streams_1_31|       pointer|
+-------------------------------+-----+-----+------------+------------------+--------------+

