

================================================================
== Vitis HLS Report for 'psumToStream207'
================================================================
* Date:           Sat Jul 11 12:32:35 2026

* Version:        2023.2 (Build 4023990 on Oct 11 2023)
* Project:        hls_project
* Solution:       gemm2 (Vitis Kernel Flow Target)
* Product family: versalaicore
* Target device:  xcvc1902-vsva2197-2MP-e-S


================================================================
== Performance Estimates
================================================================
+ Timing: 
    * Summary: 
    +--------+---------+----------+------------+
    |  Clock |  Target | Estimated| Uncertainty|
    +--------+---------+----------+------------+
    |ap_clk  |  3.33 ns|  1.799 ns|     0.90 ns|
    +--------+---------+----------+------------+

+ Latency: 
    * Summary: 
    +---------+---------+----------+----------+-----+-----+---------+
    |  Latency (cycles) |  Latency (absolute) |  Interval | Pipeline|
    |   min   |   max   |    min   |    max   | min | max |   Type  |
    +---------+---------+----------+----------+-----+-----+---------+
    |        0|        0|      0 ns|      0 ns|    0|    0|       no|
    +---------+---------+----------+----------+-----+-----+---------+

    + Detail: 
        * Instance: 
        N/A

        * Loop: 
        N/A



================================================================
== Utilization Estimates
================================================================
* Summary: 
+-----------------+---------+------+---------+--------+-----+
|       Name      | BRAM_18K|  DSP |    FF   |   LUT  | URAM|
+-----------------+---------+------+---------+--------+-----+
|DSP              |        -|     -|        -|       -|    -|
|Expression       |        -|     -|        0|       2|    -|
|FIFO             |        -|     -|        -|       -|    -|
|Instance         |        -|     -|        -|       -|    -|
|Memory           |        -|     -|        -|       -|    -|
|Multiplexer      |        -|     -|        -|      66|    -|
|Register         |        -|     -|        2|       -|    -|
+-----------------+---------+------+---------+--------+-----+
|Total            |        0|     0|        2|      68|    0|
+-----------------+---------+------+---------+--------+-----+
|Available        |     1934|  1968|  1799680|  899840|  463|
+-----------------+---------+------+---------+--------+-----+
|Utilization (%)  |        0|     0|       ~0|      ~0|    0|
+-----------------+---------+------+---------+--------+-----+

+ Detail: 
    * Instance: 
    N/A

    * DSP: 
    N/A

    * Memory: 
    N/A

    * FIFO: 
    N/A

    * Expression: 
    +-----------------+----------+----+---+----+------------+------------+
    |  Variable Name  | Operation| DSP| FF| LUT| Bitwidth P0| Bitwidth P1|
    +-----------------+----------+----+---+----+------------+------------+
    |ap_block_state1  |        or|   0|  0|   2|           1|           1|
    +-----------------+----------+----+---+----+------------+------------+
    |Total            |          |   0|  0|   2|           1|           1|
    +-----------------+----------+----+---+----+------------+------------+

    * Multiplexer: 
    +----------------------+----+-----------+-----+-----------+
    |         Name         | LUT| Input Size| Bits| Total Bits|
    +----------------------+----+-----------+-----+-----------+
    |C_streams_0_0_blk_n   |   2|          2|    1|          2|
    |C_streams_0_10_blk_n  |   2|          2|    1|          2|
    |C_streams_0_11_blk_n  |   2|          2|    1|          2|
    |C_streams_0_12_blk_n  |   2|          2|    1|          2|
    |C_streams_0_13_blk_n  |   2|          2|    1|          2|
    |C_streams_0_14_blk_n  |   2|          2|    1|          2|
    |C_streams_0_15_blk_n  |   2|          2|    1|          2|
    |C_streams_0_16_blk_n  |   2|          2|    1|          2|
    |C_streams_0_17_blk_n  |   2|          2|    1|          2|
    |C_streams_0_18_blk_n  |   2|          2|    1|          2|
    |C_streams_0_19_blk_n  |   2|          2|    1|          2|
    |C_streams_0_1_blk_n   |   2|          2|    1|          2|
    |C_streams_0_20_blk_n  |   2|          2|    1|          2|
    |C_streams_0_21_blk_n  |   2|          2|    1|          2|
    |C_streams_0_22_blk_n  |   2|          2|    1|          2|
    |C_streams_0_23_blk_n  |   2|          2|    1|          2|
    |C_streams_0_24_blk_n  |   2|          2|    1|          2|
    |C_streams_0_25_blk_n  |   2|          2|    1|          2|
    |C_streams_0_26_blk_n  |   2|          2|    1|          2|
    |C_streams_0_27_blk_n  |   2|          2|    1|          2|
    |C_streams_0_28_blk_n  |   2|          2|    1|          2|
    |C_streams_0_29_blk_n  |   2|          2|    1|          2|
    |C_streams_0_2_blk_n   |   2|          2|    1|          2|
    |C_streams_0_30_blk_n  |   2|          2|    1|          2|
    |C_streams_0_31_blk_n  |   2|          2|    1|          2|
    |C_streams_0_3_blk_n   |   2|          2|    1|          2|
    |C_streams_0_4_blk_n   |   2|          2|    1|          2|
    |C_streams_0_5_blk_n   |   2|          2|    1|          2|
    |C_streams_0_6_blk_n   |   2|          2|    1|          2|
    |C_streams_0_7_blk_n   |   2|          2|    1|          2|
    |C_streams_0_8_blk_n   |   2|          2|    1|          2|
    |C_streams_0_9_blk_n   |   2|          2|    1|          2|
    |ap_done               |   2|          2|    1|          2|
    +----------------------+----+-----------+-----+-----------+
    |Total                 |  66|         66|   33|         66|
    +----------------------+----+-----------+-----+-----------+

    * Register: 
    +-------------+---+----+-----+-----------+
    |     Name    | FF| LUT| Bits| Const Bits|
    +-------------+---+----+-----+-----------+
    |ap_CS_fsm    |  1|   0|    1|          0|
    |ap_done_reg  |  1|   0|    1|          0|
    +-------------+---+----+-----+-----------+
    |Total        |  2|   0|    2|          0|
    +-------------+---+----+-----+-----------+



================================================================
== Interface
================================================================
* Summary: 
+-------------------------------+-----+-----+------------+-----------------+--------------+
|           RTL Ports           | Dir | Bits|  Protocol  |  Source Object  |    C Type    |
+-------------------------------+-----+-----+------------+-----------------+--------------+
|ap_clk                         |   in|    1|  ap_ctrl_hs|  psumToStream207|  return value|
|ap_rst                         |   in|    1|  ap_ctrl_hs|  psumToStream207|  return value|
|ap_start                       |   in|    1|  ap_ctrl_hs|  psumToStream207|  return value|
|ap_done                        |  out|    1|  ap_ctrl_hs|  psumToStream207|  return value|
|ap_continue                    |   in|    1|  ap_ctrl_hs|  psumToStream207|  return value|
|ap_idle                        |  out|    1|  ap_ctrl_hs|  psumToStream207|  return value|
|ap_ready                       |  out|    1|  ap_ctrl_hs|  psumToStream207|  return value|
|psum_0                         |   in|   32|     ap_none|           psum_0|       pointer|
|psum_1                         |   in|   32|     ap_none|           psum_1|       pointer|
|psum_2                         |   in|   32|     ap_none|           psum_2|       pointer|
|psum_3                         |   in|   32|     ap_none|           psum_3|       pointer|
|psum_4                         |   in|   32|     ap_none|           psum_4|       pointer|
|psum_5                         |   in|   32|     ap_none|           psum_5|       pointer|
|psum_6                         |   in|   32|     ap_none|           psum_6|       pointer|
|psum_7                         |   in|   32|     ap_none|           psum_7|       pointer|
|psum_8                         |   in|   32|     ap_none|           psum_8|       pointer|
|psum_9                         |   in|   32|     ap_none|           psum_9|       pointer|
|psum_10                        |   in|   32|     ap_none|          psum_10|       pointer|
|psum_11                        |   in|   32|     ap_none|          psum_11|       pointer|
|psum_12                        |   in|   32|     ap_none|          psum_12|       pointer|
|psum_13                        |   in|   32|     ap_none|          psum_13|       pointer|
|psum_14                        |   in|   32|     ap_none|          psum_14|       pointer|
|psum_15                        |   in|   32|     ap_none|          psum_15|       pointer|
|psum_16                        |   in|   32|     ap_none|          psum_16|       pointer|
|psum_17                        |   in|   32|     ap_none|          psum_17|       pointer|
|psum_18                        |   in|   32|     ap_none|          psum_18|       pointer|
|psum_19                        |   in|   32|     ap_none|          psum_19|       pointer|
|psum_20                        |   in|   32|     ap_none|          psum_20|       pointer|
|psum_21                        |   in|   32|     ap_none|          psum_21|       pointer|
|psum_22                        |   in|   32|     ap_none|          psum_22|       pointer|
|psum_23                        |   in|   32|     ap_none|          psum_23|       pointer|
|psum_24                        |   in|   32|     ap_none|          psum_24|       pointer|
|psum_25                        |   in|   32|     ap_none|          psum_25|       pointer|
|psum_26                        |   in|   32|     ap_none|          psum_26|       pointer|
|psum_27                        |   in|   32|     ap_none|          psum_27|       pointer|
|psum_28                        |   in|   32|     ap_none|          psum_28|       pointer|
|psum_29                        |   in|   32|     ap_none|          psum_29|       pointer|
|psum_30                        |   in|   32|     ap_none|          psum_30|       pointer|
|psum_31                        |   in|   32|     ap_none|          psum_31|       pointer|
|C_streams_0_0_din              |  out|   32|     ap_fifo|    C_streams_0_0|       pointer|
|C_streams_0_0_num_data_valid   |   in|    3|     ap_fifo|    C_streams_0_0|       pointer|
|C_streams_0_0_fifo_cap         |   in|    3|     ap_fifo|    C_streams_0_0|       pointer|
|C_streams_0_0_full_n           |   in|    1|     ap_fifo|    C_streams_0_0|       pointer|
|C_streams_0_0_write            |  out|    1|     ap_fifo|    C_streams_0_0|       pointer|
|C_streams_0_1_din              |  out|   32|     ap_fifo|    C_streams_0_1|       pointer|
|C_streams_0_1_num_data_valid   |   in|    3|     ap_fifo|    C_streams_0_1|       pointer|
|C_streams_0_1_fifo_cap         |   in|    3|     ap_fifo|    C_streams_0_1|       pointer|
|C_streams_0_1_full_n           |   in|    1|     ap_fifo|    C_streams_0_1|       pointer|
|C_streams_0_1_write            |  out|    1|     ap_fifo|    C_streams_0_1|       pointer|
|C_streams_0_2_din              |  out|   32|     ap_fifo|    C_streams_0_2|       pointer|
|C_streams_0_2_num_data_valid   |   in|    3|     ap_fifo|    C_streams_0_2|       pointer|
|C_streams_0_2_fifo_cap         |   in|    3|     ap_fifo|    C_streams_0_2|       pointer|
|C_streams_0_2_full_n           |   in|    1|     ap_fifo|    C_streams_0_2|       pointer|
|C_streams_0_2_write            |  out|    1|     ap_fifo|    C_streams_0_2|       pointer|
|C_streams_0_3_din              |  out|   32|     ap_fifo|    C_streams_0_3|       pointer|
|C_streams_0_3_num_data_valid   |   in|    3|     ap_fifo|    C_streams_0_3|       pointer|
|C_streams_0_3_fifo_cap         |   in|    3|     ap_fifo|    C_streams_0_3|       pointer|
|C_streams_0_3_full_n           |   in|    1|     ap_fifo|    C_streams_0_3|       pointer|
|C_streams_0_3_write            |  out|    1|     ap_fifo|    C_streams_0_3|       pointer|
|C_streams_0_4_din              |  out|   32|     ap_fifo|    C_streams_0_4|       pointer|
|C_streams_0_4_num_data_valid   |   in|    3|     ap_fifo|    C_streams_0_4|       pointer|
|C_streams_0_4_fifo_cap         |   in|    3|     ap_fifo|    C_streams_0_4|       pointer|
|C_streams_0_4_full_n           |   in|    1|     ap_fifo|    C_streams_0_4|       pointer|
|C_streams_0_4_write            |  out|    1|     ap_fifo|    C_streams_0_4|       pointer|
|C_streams_0_5_din              |  out|   32|     ap_fifo|    C_streams_0_5|       pointer|
|C_streams_0_5_num_data_valid   |   in|    3|     ap_fifo|    C_streams_0_5|       pointer|
|C_streams_0_5_fifo_cap         |   in|    3|     ap_fifo|    C_streams_0_5|       pointer|
|C_streams_0_5_full_n           |   in|    1|     ap_fifo|    C_streams_0_5|       pointer|
|C_streams_0_5_write            |  out|    1|     ap_fifo|    C_streams_0_5|       pointer|
|C_streams_0_6_din              |  out|   32|     ap_fifo|    C_streams_0_6|       pointer|
|C_streams_0_6_num_data_valid   |   in|    3|     ap_fifo|    C_streams_0_6|       pointer|
|C_streams_0_6_fifo_cap         |   in|    3|     ap_fifo|    C_streams_0_6|       pointer|
|C_streams_0_6_full_n           |   in|    1|     ap_fifo|    C_streams_0_6|       pointer|
|C_streams_0_6_write            |  out|    1|     ap_fifo|    C_streams_0_6|       pointer|
|C_streams_0_7_din              |  out|   32|     ap_fifo|    C_streams_0_7|       pointer|
|C_streams_0_7_num_data_valid   |   in|    3|     ap_fifo|    C_streams_0_7|       pointer|
|C_streams_0_7_fifo_cap         |   in|    3|     ap_fifo|    C_streams_0_7|       pointer|
|C_streams_0_7_full_n           |   in|    1|     ap_fifo|    C_streams_0_7|       pointer|
|C_streams_0_7_write            |  out|    1|     ap_fifo|    C_streams_0_7|       pointer|
|C_streams_0_8_din              |  out|   32|     ap_fifo|    C_streams_0_8|       pointer|
|C_streams_0_8_num_data_valid   |   in|    3|     ap_fifo|    C_streams_0_8|       pointer|
|C_streams_0_8_fifo_cap         |   in|    3|     ap_fifo|    C_streams_0_8|       pointer|
|C_streams_0_8_full_n           |   in|    1|     ap_fifo|    C_streams_0_8|       pointer|
|C_streams_0_8_write            |  out|    1|     ap_fifo|    C_streams_0_8|       pointer|
|C_streams_0_9_din              |  out|   32|     ap_fifo|    C_streams_0_9|       pointer|
|C_streams_0_9_num_data_valid   |   in|    3|     ap_fifo|    C_streams_0_9|       pointer|
|C_streams_0_9_fifo_cap         |   in|    3|     ap_fifo|    C_streams_0_9|       pointer|
|C_streams_0_9_full_n           |   in|    1|     ap_fifo|    C_streams_0_9|       pointer|
|C_streams_0_9_write            |  out|    1|     ap_fifo|    C_streams_0_9|       pointer|
|C_streams_0_10_din             |  out|   32|     ap_fifo|   C_streams_0_10|       pointer|
|C_streams_0_10_num_data_valid  |   in|    3|     ap_fifo|   C_streams_0_10|       pointer|
|C_streams_0_10_fifo_cap        |   in|    3|     ap_fifo|   C_streams_0_10|       pointer|
|C_streams_0_10_full_n          |   in|    1|     ap_fifo|   C_streams_0_10|       pointer|
|C_streams_0_10_write           |  out|    1|     ap_fifo|   C_streams_0_10|       pointer|
|C_streams_0_11_din             |  out|   32|     ap_fifo|   C_streams_0_11|       pointer|
|C_streams_0_11_num_data_valid  |   in|    3|     ap_fifo|   C_streams_0_11|       pointer|
|C_streams_0_11_fifo_cap        |   in|    3|     ap_fifo|   C_streams_0_11|       pointer|
|C_streams_0_11_full_n          |   in|    1|     ap_fifo|   C_streams_0_11|       pointer|
|C_streams_0_11_write           |  out|    1|     ap_fifo|   C_streams_0_11|       pointer|
|C_streams_0_12_din             |  out|   32|     ap_fifo|   C_streams_0_12|       pointer|
|C_streams_0_12_num_data_valid  |   in|    3|     ap_fifo|   C_streams_0_12|       pointer|
|C_streams_0_12_fifo_cap        |   in|    3|     ap_fifo|   C_streams_0_12|       pointer|
|C_streams_0_12_full_n          |   in|    1|     ap_fifo|   C_streams_0_12|       pointer|
|C_streams_0_12_write           |  out|    1|     ap_fifo|   C_streams_0_12|       pointer|
|C_streams_0_13_din             |  out|   32|     ap_fifo|   C_streams_0_13|       pointer|
|C_streams_0_13_num_data_valid  |   in|    3|     ap_fifo|   C_streams_0_13|       pointer|
|C_streams_0_13_fifo_cap        |   in|    3|     ap_fifo|   C_streams_0_13|       pointer|
|C_streams_0_13_full_n          |   in|    1|     ap_fifo|   C_streams_0_13|       pointer|
|C_streams_0_13_write           |  out|    1|     ap_fifo|   C_streams_0_13|       pointer|
|C_streams_0_14_din             |  out|   32|     ap_fifo|   C_streams_0_14|       pointer|
|C_streams_0_14_num_data_valid  |   in|    3|     ap_fifo|   C_streams_0_14|       pointer|
|C_streams_0_14_fifo_cap        |   in|    3|     ap_fifo|   C_streams_0_14|       pointer|
|C_streams_0_14_full_n          |   in|    1|     ap_fifo|   C_streams_0_14|       pointer|
|C_streams_0_14_write           |  out|    1|     ap_fifo|   C_streams_0_14|       pointer|
|C_streams_0_15_din             |  out|   32|     ap_fifo|   C_streams_0_15|       pointer|
|C_streams_0_15_num_data_valid  |   in|    3|     ap_fifo|   C_streams_0_15|       pointer|
|C_streams_0_15_fifo_cap        |   in|    3|     ap_fifo|   C_streams_0_15|       pointer|
|C_streams_0_15_full_n          |   in|    1|     ap_fifo|   C_streams_0_15|       pointer|
|C_streams_0_15_write           |  out|    1|     ap_fifo|   C_streams_0_15|       pointer|
|C_streams_0_16_din             |  out|   32|     ap_fifo|   C_streams_0_16|       pointer|
|C_streams_0_16_num_data_valid  |   in|    3|     ap_fifo|   C_streams_0_16|       pointer|
|C_streams_0_16_fifo_cap        |   in|    3|     ap_fifo|   C_streams_0_16|       pointer|
|C_streams_0_16_full_n          |   in|    1|     ap_fifo|   C_streams_0_16|       pointer|
|C_streams_0_16_write           |  out|    1|     ap_fifo|   C_streams_0_16|       pointer|
|C_streams_0_17_din             |  out|   32|     ap_fifo|   C_streams_0_17|       pointer|
|C_streams_0_17_num_data_valid  |   in|    3|     ap_fifo|   C_streams_0_17|       pointer|
|C_streams_0_17_fifo_cap        |   in|    3|     ap_fifo|   C_streams_0_17|       pointer|
|C_streams_0_17_full_n          |   in|    1|     ap_fifo|   C_streams_0_17|       pointer|
|C_streams_0_17_write           |  out|    1|     ap_fifo|   C_streams_0_17|       pointer|
|C_streams_0_18_din             |  out|   32|     ap_fifo|   C_streams_0_18|       pointer|
|C_streams_0_18_num_data_valid  |   in|    3|     ap_fifo|   C_streams_0_18|       pointer|
|C_streams_0_18_fifo_cap        |   in|    3|     ap_fifo|   C_streams_0_18|       pointer|
|C_streams_0_18_full_n          |   in|    1|     ap_fifo|   C_streams_0_18|       pointer|
|C_streams_0_18_write           |  out|    1|     ap_fifo|   C_streams_0_18|       pointer|
|C_streams_0_19_din             |  out|   32|     ap_fifo|   C_streams_0_19|       pointer|
|C_streams_0_19_num_data_valid  |   in|    3|     ap_fifo|   C_streams_0_19|       pointer|
|C_streams_0_19_fifo_cap        |   in|    3|     ap_fifo|   C_streams_0_19|       pointer|
|C_streams_0_19_full_n          |   in|    1|     ap_fifo|   C_streams_0_19|       pointer|
|C_streams_0_19_write           |  out|    1|     ap_fifo|   C_streams_0_19|       pointer|
|C_streams_0_20_din             |  out|   32|     ap_fifo|   C_streams_0_20|       pointer|
|C_streams_0_20_num_data_valid  |   in|    3|     ap_fifo|   C_streams_0_20|       pointer|
|C_streams_0_20_fifo_cap        |   in|    3|     ap_fifo|   C_streams_0_20|       pointer|
|C_streams_0_20_full_n          |   in|    1|     ap_fifo|   C_streams_0_20|       pointer|
|C_streams_0_20_write           |  out|    1|     ap_fifo|   C_streams_0_20|       pointer|
|C_streams_0_21_din             |  out|   32|     ap_fifo|   C_streams_0_21|       pointer|
|C_streams_0_21_num_data_valid  |   in|    3|     ap_fifo|   C_streams_0_21|       pointer|
|C_streams_0_21_fifo_cap        |   in|    3|     ap_fifo|   C_streams_0_21|       pointer|
|C_streams_0_21_full_n          |   in|    1|     ap_fifo|   C_streams_0_21|       pointer|
|C_streams_0_21_write           |  out|    1|     ap_fifo|   C_streams_0_21|       pointer|
|C_streams_0_22_din             |  out|   32|     ap_fifo|   C_streams_0_22|       pointer|
|C_streams_0_22_num_data_valid  |   in|    3|     ap_fifo|   C_streams_0_22|       pointer|
|C_streams_0_22_fifo_cap        |   in|    3|     ap_fifo|   C_streams_0_22|       pointer|
|C_streams_0_22_full_n          |   in|    1|     ap_fifo|   C_streams_0_22|       pointer|
|C_streams_0_22_write           |  out|    1|     ap_fifo|   C_streams_0_22|       pointer|
|C_streams_0_23_din             |  out|   32|     ap_fifo|   C_streams_0_23|       pointer|
|C_streams_0_23_num_data_valid  |   in|    3|     ap_fifo|   C_streams_0_23|       pointer|
|C_streams_0_23_fifo_cap        |   in|    3|     ap_fifo|   C_streams_0_23|       pointer|
|C_streams_0_23_full_n          |   in|    1|     ap_fifo|   C_streams_0_23|       pointer|
|C_streams_0_23_write           |  out|    1|     ap_fifo|   C_streams_0_23|       pointer|
|C_streams_0_24_din             |  out|   32|     ap_fifo|   C_streams_0_24|       pointer|
|C_streams_0_24_num_data_valid  |   in|    3|     ap_fifo|   C_streams_0_24|       pointer|
|C_streams_0_24_fifo_cap        |   in|    3|     ap_fifo|   C_streams_0_24|       pointer|
|C_streams_0_24_full_n          |   in|    1|     ap_fifo|   C_streams_0_24|       pointer|
|C_streams_0_24_write           |  out|    1|     ap_fifo|   C_streams_0_24|       pointer|
|C_streams_0_25_din             |  out|   32|     ap_fifo|   C_streams_0_25|       pointer|
|C_streams_0_25_num_data_valid  |   in|    3|     ap_fifo|   C_streams_0_25|       pointer|
|C_streams_0_25_fifo_cap        |   in|    3|     ap_fifo|   C_streams_0_25|       pointer|
|C_streams_0_25_full_n          |   in|    1|     ap_fifo|   C_streams_0_25|       pointer|
|C_streams_0_25_write           |  out|    1|     ap_fifo|   C_streams_0_25|       pointer|
|C_streams_0_26_din             |  out|   32|     ap_fifo|   C_streams_0_26|       pointer|
|C_streams_0_26_num_data_valid  |   in|    3|     ap_fifo|   C_streams_0_26|       pointer|
|C_streams_0_26_fifo_cap        |   in|    3|     ap_fifo|   C_streams_0_26|       pointer|
|C_streams_0_26_full_n          |   in|    1|     ap_fifo|   C_streams_0_26|       pointer|
|C_streams_0_26_write           |  out|    1|     ap_fifo|   C_streams_0_26|       pointer|
|C_streams_0_27_din             |  out|   32|     ap_fifo|   C_streams_0_27|       pointer|
|C_streams_0_27_num_data_valid  |   in|    3|     ap_fifo|   C_streams_0_27|       pointer|
|C_streams_0_27_fifo_cap        |   in|    3|     ap_fifo|   C_streams_0_27|       pointer|
|C_streams_0_27_full_n          |   in|    1|     ap_fifo|   C_streams_0_27|       pointer|
|C_streams_0_27_write           |  out|    1|     ap_fifo|   C_streams_0_27|       pointer|
|C_streams_0_28_din             |  out|   32|     ap_fifo|   C_streams_0_28|       pointer|
|C_streams_0_28_num_data_valid  |   in|    3|     ap_fifo|   C_streams_0_28|       pointer|
|C_streams_0_28_fifo_cap        |   in|    3|     ap_fifo|   C_streams_0_28|       pointer|
|C_streams_0_28_full_n          |   in|    1|     ap_fifo|   C_streams_0_28|       pointer|
|C_streams_0_28_write           |  out|    1|     ap_fifo|   C_streams_0_28|       pointer|
|C_streams_0_29_din             |  out|   32|     ap_fifo|   C_streams_0_29|       pointer|
|C_streams_0_29_num_data_valid  |   in|    3|     ap_fifo|   C_streams_0_29|       pointer|
|C_streams_0_29_fifo_cap        |   in|    3|     ap_fifo|   C_streams_0_29|       pointer|
|C_streams_0_29_full_n          |   in|    1|     ap_fifo|   C_streams_0_29|       pointer|
|C_streams_0_29_write           |  out|    1|     ap_fifo|   C_streams_0_29|       pointer|
|C_streams_0_30_din             |  out|   32|     ap_fifo|   C_streams_0_30|       pointer|
|C_streams_0_30_num_data_valid  |   in|    3|     ap_fifo|   C_streams_0_30|       pointer|
|C_streams_0_30_fifo_cap        |   in|    3|     ap_fifo|   C_streams_0_30|       pointer|
|C_streams_0_30_full_n          |   in|    1|     ap_fifo|   C_streams_0_30|       pointer|
|C_streams_0_30_write           |  out|    1|     ap_fifo|   C_streams_0_30|       pointer|
|C_streams_0_31_din             |  out|   32|     ap_fifo|   C_streams_0_31|       pointer|
|C_streams_0_31_num_data_valid  |   in|    3|     ap_fifo|   C_streams_0_31|       pointer|
|C_streams_0_31_fifo_cap        |   in|    3|     ap_fifo|   C_streams_0_31|       pointer|
|C_streams_0_31_full_n          |   in|    1|     ap_fifo|   C_streams_0_31|       pointer|
|C_streams_0_31_write           |  out|    1|     ap_fifo|   C_streams_0_31|       pointer|
+-------------------------------+-----+-----+------------+-----------------+--------------+

