

================================================================
== Vitis HLS Report for 'storeTileToDRAM_7_Loop_store_C_tile_proc'
================================================================
* Date:           Sun Jun 14 13:11:54 2026

* Version:        2023.2 (Build 4023990 on Oct 11 2023)
* Project:        hls_project
* Solution:       gemm2 (Vitis Kernel Flow Target)
* Product family: versalaicore
* Target device:  xcvc1902-vsva2197-2MP-e-S


================================================================
== Performance Estimates
================================================================
+ Timing: 
    * Summary: 
    +--------+---------+----------+------------+
    |  Clock |  Target | Estimated| Uncertainty|
    +--------+---------+----------+------------+
    |ap_clk  |  3.33 ns|  1.439 ns|     0.90 ns|
    +--------+---------+----------+------------+

+ Latency: 
    * Summary: 
    +---------+---------+-----------+-----------+-----+-----+---------+
    |  Latency (cycles) |   Latency (absolute)  |  Interval | Pipeline|
    |   min   |   max   |    min    |    max    | min | max |   Type  |
    +---------+---------+-----------+-----------+-----+-----+---------+
    |       18|       18|  59.994 ns|  59.994 ns|   18|   18|       no|
    +---------+---------+-----------+-----------+-----+-----+---------+

    + Detail: 
        * Instance: 
        N/A

        * Loop: 
        +----------------+---------+---------+----------+-----------+-----------+------+----------+
        |                |  Latency (cycles) | Iteration|  Initiation Interval  | Trip |          |
        |    Loop Name   |   min   |   max   |  Latency |  achieved |   target  | Count| Pipelined|
        +----------------+---------+---------+----------+-----------+-----------+------+----------+
        |- store_C_tile  |       16|       16|         2|          1|          1|    16|       yes|
        +----------------+---------+---------+----------+-----------+-----------+------+----------+



================================================================
== Utilization Estimates
================================================================
* Summary: 
+-----------------+---------+------+---------+--------+-----+
|       Name      | BRAM_18K|  DSP |    FF   |   LUT  | URAM|
+-----------------+---------+------+---------+--------+-----+
|DSP              |        -|     -|        -|       -|    -|
|Expression       |        -|     -|        0|      17|    -|
|FIFO             |        -|     -|        -|       -|    -|
|Instance         |        -|     -|        -|       -|    -|
|Memory           |        -|     -|        -|       -|    -|
|Multiplexer      |        -|     -|        -|      14|    -|
|Register         |        -|     -|       13|       -|    -|
+-----------------+---------+------+---------+--------+-----+
|Total            |        0|     0|       13|      31|    0|
+-----------------+---------+------+---------+--------+-----+
|Available        |     1934|  1968|  1799680|  899840|  463|
+-----------------+---------+------+---------+--------+-----+
|Utilization (%)  |        0|     0|       ~0|      ~0|    0|
+-----------------+---------+------+---------+--------+-----+

+ Detail: 
    * Instance: 
    N/A

    * DSP: 
    N/A

    * Memory: 
    N/A

    * FIFO: 
    N/A

    * Expression: 
    +---------------------------+----------+----+---+----+------------+------------+
    |       Variable Name       | Operation| DSP| FF| LUT| Bitwidth P0| Bitwidth P1|
    +---------------------------+----------+----+---+----+------------+------------+
    |add_ln42_fu_1046_p2        |         +|   0|  0|   5|           5|           1|
    |ap_condition_1547          |       and|   0|  0|   2|           1|           1|
    |icmp_ln42_fu_1052_p2       |      icmp|   0|  0|   6|           5|           6|
    |ap_block_pp0_stage0_11001  |        or|   0|  0|   2|           1|           1|
    |ap_enable_pp0              |       xor|   0|  0|   2|           1|           2|
    +---------------------------+----------+----+---+----+------------+------------+
    |Total                      |          |   0|  0|  17|          13|          11|
    +---------------------------+----------+----+---+----+------------+------------+

    * Multiplexer: 
    +-------------------------+----+-----------+-----+-----------+
    |           Name          | LUT| Input Size| Bits| Total Bits|
    +-------------------------+----+-----------+-----+-----------+
    |ap_done_int              |   2|          2|    1|          2|
    |ap_enable_reg_pp0_iter1  |   2|          2|    1|          2|
    |ap_sig_allocacmp_i_2     |   5|          2|    5|         10|
    |i_fu_160                 |   5|          2|    5|         10|
    +-------------------------+----+-----------+-----+-----------+
    |Total                    |  14|          8|   12|         24|
    +-------------------------+----+-----------+-----+-----------+

    * Register: 
    +-------------------------+---+----+-----+-----------+
    |           Name          | FF| LUT| Bits| Const Bits|
    +-------------------------+---+----+-----+-----------+
    |ap_CS_fsm                |  1|   0|    1|          0|
    |ap_done_reg              |  1|   0|    1|          0|
    |ap_enable_reg_pp0_iter1  |  1|   0|    1|          0|
    |i_fu_160                 |  5|   0|    5|          0|
    |zext_ln42_reg_1503       |  5|   0|   64|         59|
    +-------------------------+---+----+-----+-----------+
    |Total                    | 13|   0|   72|         59|
    +-------------------------+---+----+-----+-----------+



================================================================
== Interface
================================================================
* Summary: 
+--------------------+-----+-----+------------+------------------------------------------+--------------+
|      RTL Ports     | Dir | Bits|  Protocol  |               Source Object              |    C Type    |
+--------------------+-----+-----+------------+------------------------------------------+--------------+
|ap_clk              |   in|    1|  ap_ctrl_hs|  storeTileToDRAM.7_Loop_store_C_tile_proc|  return value|
|ap_rst              |   in|    1|  ap_ctrl_hs|  storeTileToDRAM.7_Loop_store_C_tile_proc|  return value|
|ap_start            |   in|    1|  ap_ctrl_hs|  storeTileToDRAM.7_Loop_store_C_tile_proc|  return value|
|ap_done             |  out|    1|  ap_ctrl_hs|  storeTileToDRAM.7_Loop_store_C_tile_proc|  return value|
|ap_continue         |   in|    1|  ap_ctrl_hs|  storeTileToDRAM.7_Loop_store_C_tile_proc|  return value|
|ap_idle             |  out|    1|  ap_ctrl_hs|  storeTileToDRAM.7_Loop_store_C_tile_proc|  return value|
|ap_ready            |  out|    1|  ap_ctrl_hs|  storeTileToDRAM.7_Loop_store_C_tile_proc|  return value|
|C_DRAM_31_address0  |  out|    4|   ap_memory|                                 C_DRAM_31|         array|
|C_DRAM_31_ce0       |  out|    1|   ap_memory|                                 C_DRAM_31|         array|
|C_DRAM_31_we0       |  out|    1|   ap_memory|                                 C_DRAM_31|         array|
|C_DRAM_31_d0        |  out|   32|   ap_memory|                                 C_DRAM_31|         array|
|C_DRAM_30_address0  |  out|    4|   ap_memory|                                 C_DRAM_30|         array|
|C_DRAM_30_ce0       |  out|    1|   ap_memory|                                 C_DRAM_30|         array|
|C_DRAM_30_we0       |  out|    1|   ap_memory|                                 C_DRAM_30|         array|
|C_DRAM_30_d0        |  out|   32|   ap_memory|                                 C_DRAM_30|         array|
|C_DRAM_29_address0  |  out|    4|   ap_memory|                                 C_DRAM_29|         array|
|C_DRAM_29_ce0       |  out|    1|   ap_memory|                                 C_DRAM_29|         array|
|C_DRAM_29_we0       |  out|    1|   ap_memory|                                 C_DRAM_29|         array|
|C_DRAM_29_d0        |  out|   32|   ap_memory|                                 C_DRAM_29|         array|
|C_DRAM_28_address0  |  out|    4|   ap_memory|                                 C_DRAM_28|         array|
|C_DRAM_28_ce0       |  out|    1|   ap_memory|                                 C_DRAM_28|         array|
|C_DRAM_28_we0       |  out|    1|   ap_memory|                                 C_DRAM_28|         array|
|C_DRAM_28_d0        |  out|   32|   ap_memory|                                 C_DRAM_28|         array|
|C_DRAM_27_address0  |  out|    4|   ap_memory|                                 C_DRAM_27|         array|
|C_DRAM_27_ce0       |  out|    1|   ap_memory|                                 C_DRAM_27|         array|
|C_DRAM_27_we0       |  out|    1|   ap_memory|                                 C_DRAM_27|         array|
|C_DRAM_27_d0        |  out|   32|   ap_memory|                                 C_DRAM_27|         array|
|C_DRAM_26_address0  |  out|    4|   ap_memory|                                 C_DRAM_26|         array|
|C_DRAM_26_ce0       |  out|    1|   ap_memory|                                 C_DRAM_26|         array|
|C_DRAM_26_we0       |  out|    1|   ap_memory|                                 C_DRAM_26|         array|
|C_DRAM_26_d0        |  out|   32|   ap_memory|                                 C_DRAM_26|         array|
|C_DRAM_25_address0  |  out|    4|   ap_memory|                                 C_DRAM_25|         array|
|C_DRAM_25_ce0       |  out|    1|   ap_memory|                                 C_DRAM_25|         array|
|C_DRAM_25_we0       |  out|    1|   ap_memory|                                 C_DRAM_25|         array|
|C_DRAM_25_d0        |  out|   32|   ap_memory|                                 C_DRAM_25|         array|
|C_DRAM_24_address0  |  out|    4|   ap_memory|                                 C_DRAM_24|         array|
|C_DRAM_24_ce0       |  out|    1|   ap_memory|                                 C_DRAM_24|         array|
|C_DRAM_24_we0       |  out|    1|   ap_memory|                                 C_DRAM_24|         array|
|C_DRAM_24_d0        |  out|   32|   ap_memory|                                 C_DRAM_24|         array|
|C_DRAM_23_address0  |  out|    4|   ap_memory|                                 C_DRAM_23|         array|
|C_DRAM_23_ce0       |  out|    1|   ap_memory|                                 C_DRAM_23|         array|
|C_DRAM_23_we0       |  out|    1|   ap_memory|                                 C_DRAM_23|         array|
|C_DRAM_23_d0        |  out|   32|   ap_memory|                                 C_DRAM_23|         array|
|C_DRAM_22_address0  |  out|    4|   ap_memory|                                 C_DRAM_22|         array|
|C_DRAM_22_ce0       |  out|    1|   ap_memory|                                 C_DRAM_22|         array|
|C_DRAM_22_we0       |  out|    1|   ap_memory|                                 C_DRAM_22|         array|
|C_DRAM_22_d0        |  out|   32|   ap_memory|                                 C_DRAM_22|         array|
|C_DRAM_21_address0  |  out|    4|   ap_memory|                                 C_DRAM_21|         array|
|C_DRAM_21_ce0       |  out|    1|   ap_memory|                                 C_DRAM_21|         array|
|C_DRAM_21_we0       |  out|    1|   ap_memory|                                 C_DRAM_21|         array|
|C_DRAM_21_d0        |  out|   32|   ap_memory|                                 C_DRAM_21|         array|
|C_DRAM_20_address0  |  out|    4|   ap_memory|                                 C_DRAM_20|         array|
|C_DRAM_20_ce0       |  out|    1|   ap_memory|                                 C_DRAM_20|         array|
|C_DRAM_20_we0       |  out|    1|   ap_memory|                                 C_DRAM_20|         array|
|C_DRAM_20_d0        |  out|   32|   ap_memory|                                 C_DRAM_20|         array|
|C_DRAM_19_address0  |  out|    4|   ap_memory|                                 C_DRAM_19|         array|
|C_DRAM_19_ce0       |  out|    1|   ap_memory|                                 C_DRAM_19|         array|
|C_DRAM_19_we0       |  out|    1|   ap_memory|                                 C_DRAM_19|         array|
|C_DRAM_19_d0        |  out|   32|   ap_memory|                                 C_DRAM_19|         array|
|C_DRAM_18_address0  |  out|    4|   ap_memory|                                 C_DRAM_18|         array|
|C_DRAM_18_ce0       |  out|    1|   ap_memory|                                 C_DRAM_18|         array|
|C_DRAM_18_we0       |  out|    1|   ap_memory|                                 C_DRAM_18|         array|
|C_DRAM_18_d0        |  out|   32|   ap_memory|                                 C_DRAM_18|         array|
|C_DRAM_17_address0  |  out|    4|   ap_memory|                                 C_DRAM_17|         array|
|C_DRAM_17_ce0       |  out|    1|   ap_memory|                                 C_DRAM_17|         array|
|C_DRAM_17_we0       |  out|    1|   ap_memory|                                 C_DRAM_17|         array|
|C_DRAM_17_d0        |  out|   32|   ap_memory|                                 C_DRAM_17|         array|
|C_DRAM_16_address0  |  out|    4|   ap_memory|                                 C_DRAM_16|         array|
|C_DRAM_16_ce0       |  out|    1|   ap_memory|                                 C_DRAM_16|         array|
|C_DRAM_16_we0       |  out|    1|   ap_memory|                                 C_DRAM_16|         array|
|C_DRAM_16_d0        |  out|   32|   ap_memory|                                 C_DRAM_16|         array|
|C_DRAM_15_address0  |  out|    4|   ap_memory|                                 C_DRAM_15|         array|
|C_DRAM_15_ce0       |  out|    1|   ap_memory|                                 C_DRAM_15|         array|
|C_DRAM_15_we0       |  out|    1|   ap_memory|                                 C_DRAM_15|         array|
|C_DRAM_15_d0        |  out|   32|   ap_memory|                                 C_DRAM_15|         array|
|C_DRAM_14_address0  |  out|    4|   ap_memory|                                 C_DRAM_14|         array|
|C_DRAM_14_ce0       |  out|    1|   ap_memory|                                 C_DRAM_14|         array|
|C_DRAM_14_we0       |  out|    1|   ap_memory|                                 C_DRAM_14|         array|
|C_DRAM_14_d0        |  out|   32|   ap_memory|                                 C_DRAM_14|         array|
|C_DRAM_13_address0  |  out|    4|   ap_memory|                                 C_DRAM_13|         array|
|C_DRAM_13_ce0       |  out|    1|   ap_memory|                                 C_DRAM_13|         array|
|C_DRAM_13_we0       |  out|    1|   ap_memory|                                 C_DRAM_13|         array|
|C_DRAM_13_d0        |  out|   32|   ap_memory|                                 C_DRAM_13|         array|
|C_DRAM_12_address0  |  out|    4|   ap_memory|                                 C_DRAM_12|         array|
|C_DRAM_12_ce0       |  out|    1|   ap_memory|                                 C_DRAM_12|         array|
|C_DRAM_12_we0       |  out|    1|   ap_memory|                                 C_DRAM_12|         array|
|C_DRAM_12_d0        |  out|   32|   ap_memory|                                 C_DRAM_12|         array|
|C_DRAM_11_address0  |  out|    4|   ap_memory|                                 C_DRAM_11|         array|
|C_DRAM_11_ce0       |  out|    1|   ap_memory|                                 C_DRAM_11|         array|
|C_DRAM_11_we0       |  out|    1|   ap_memory|                                 C_DRAM_11|         array|
|C_DRAM_11_d0        |  out|   32|   ap_memory|                                 C_DRAM_11|         array|
|C_DRAM_10_address0  |  out|    4|   ap_memory|                                 C_DRAM_10|         array|
|C_DRAM_10_ce0       |  out|    1|   ap_memory|                                 C_DRAM_10|         array|
|C_DRAM_10_we0       |  out|    1|   ap_memory|                                 C_DRAM_10|         array|
|C_DRAM_10_d0        |  out|   32|   ap_memory|                                 C_DRAM_10|         array|
|C_DRAM_9_address0   |  out|    4|   ap_memory|                                  C_DRAM_9|         array|
|C_DRAM_9_ce0        |  out|    1|   ap_memory|                                  C_DRAM_9|         array|
|C_DRAM_9_we0        |  out|    1|   ap_memory|                                  C_DRAM_9|         array|
|C_DRAM_9_d0         |  out|   32|   ap_memory|                                  C_DRAM_9|         array|
|C_DRAM_8_address0   |  out|    4|   ap_memory|                                  C_DRAM_8|         array|
|C_DRAM_8_ce0        |  out|    1|   ap_memory|                                  C_DRAM_8|         array|
|C_DRAM_8_we0        |  out|    1|   ap_memory|                                  C_DRAM_8|         array|
|C_DRAM_8_d0         |  out|   32|   ap_memory|                                  C_DRAM_8|         array|
|C_DRAM_7_address0   |  out|    4|   ap_memory|                                  C_DRAM_7|         array|
|C_DRAM_7_ce0        |  out|    1|   ap_memory|                                  C_DRAM_7|         array|
|C_DRAM_7_we0        |  out|    1|   ap_memory|                                  C_DRAM_7|         array|
|C_DRAM_7_d0         |  out|   32|   ap_memory|                                  C_DRAM_7|         array|
|C_DRAM_6_address0   |  out|    4|   ap_memory|                                  C_DRAM_6|         array|
|C_DRAM_6_ce0        |  out|    1|   ap_memory|                                  C_DRAM_6|         array|
|C_DRAM_6_we0        |  out|    1|   ap_memory|                                  C_DRAM_6|         array|
|C_DRAM_6_d0         |  out|   32|   ap_memory|                                  C_DRAM_6|         array|
|C_DRAM_5_address0   |  out|    4|   ap_memory|                                  C_DRAM_5|         array|
|C_DRAM_5_ce0        |  out|    1|   ap_memory|                                  C_DRAM_5|         array|
|C_DRAM_5_we0        |  out|    1|   ap_memory|                                  C_DRAM_5|         array|
|C_DRAM_5_d0         |  out|   32|   ap_memory|                                  C_DRAM_5|         array|
|C_DRAM_4_address0   |  out|    4|   ap_memory|                                  C_DRAM_4|         array|
|C_DRAM_4_ce0        |  out|    1|   ap_memory|                                  C_DRAM_4|         array|
|C_DRAM_4_we0        |  out|    1|   ap_memory|                                  C_DRAM_4|         array|
|C_DRAM_4_d0         |  out|   32|   ap_memory|                                  C_DRAM_4|         array|
|C_DRAM_3_address0   |  out|    4|   ap_memory|                                  C_DRAM_3|         array|
|C_DRAM_3_ce0        |  out|    1|   ap_memory|                                  C_DRAM_3|         array|
|C_DRAM_3_we0        |  out|    1|   ap_memory|                                  C_DRAM_3|         array|
|C_DRAM_3_d0         |  out|   32|   ap_memory|                                  C_DRAM_3|         array|
|C_DRAM_2_address0   |  out|    4|   ap_memory|                                  C_DRAM_2|         array|
|C_DRAM_2_ce0        |  out|    1|   ap_memory|                                  C_DRAM_2|         array|
|C_DRAM_2_we0        |  out|    1|   ap_memory|                                  C_DRAM_2|         array|
|C_DRAM_2_d0         |  out|   32|   ap_memory|                                  C_DRAM_2|         array|
|C_DRAM_1_address0   |  out|    4|   ap_memory|                                  C_DRAM_1|         array|
|C_DRAM_1_ce0        |  out|    1|   ap_memory|                                  C_DRAM_1|         array|
|C_DRAM_1_we0        |  out|    1|   ap_memory|                                  C_DRAM_1|         array|
|C_DRAM_1_d0         |  out|   32|   ap_memory|                                  C_DRAM_1|         array|
|C_DRAM_0_address0   |  out|    4|   ap_memory|                                  C_DRAM_0|         array|
|C_DRAM_0_ce0        |  out|    1|   ap_memory|                                  C_DRAM_0|         array|
|C_DRAM_0_we0        |  out|    1|   ap_memory|                                  C_DRAM_0|         array|
|C_DRAM_0_d0         |  out|   32|   ap_memory|                                  C_DRAM_0|         array|
|C_TILE_0_address0   |  out|    4|   ap_memory|                                  C_TILE_0|         array|
|C_TILE_0_ce0        |  out|    1|   ap_memory|                                  C_TILE_0|         array|
|C_TILE_0_q0         |   in|   32|   ap_memory|                                  C_TILE_0|         array|
|C_TILE_1_address0   |  out|    4|   ap_memory|                                  C_TILE_1|         array|
|C_TILE_1_ce0        |  out|    1|   ap_memory|                                  C_TILE_1|         array|
|C_TILE_1_q0         |   in|   32|   ap_memory|                                  C_TILE_1|         array|
|C_TILE_2_address0   |  out|    4|   ap_memory|                                  C_TILE_2|         array|
|C_TILE_2_ce0        |  out|    1|   ap_memory|                                  C_TILE_2|         array|
|C_TILE_2_q0         |   in|   32|   ap_memory|                                  C_TILE_2|         array|
|C_TILE_3_address0   |  out|    4|   ap_memory|                                  C_TILE_3|         array|
|C_TILE_3_ce0        |  out|    1|   ap_memory|                                  C_TILE_3|         array|
|C_TILE_3_q0         |   in|   32|   ap_memory|                                  C_TILE_3|         array|
|C_TILE_4_address0   |  out|    4|   ap_memory|                                  C_TILE_4|         array|
|C_TILE_4_ce0        |  out|    1|   ap_memory|                                  C_TILE_4|         array|
|C_TILE_4_q0         |   in|   32|   ap_memory|                                  C_TILE_4|         array|
|C_TILE_5_address0   |  out|    4|   ap_memory|                                  C_TILE_5|         array|
|C_TILE_5_ce0        |  out|    1|   ap_memory|                                  C_TILE_5|         array|
|C_TILE_5_q0         |   in|   32|   ap_memory|                                  C_TILE_5|         array|
|C_TILE_6_address0   |  out|    4|   ap_memory|                                  C_TILE_6|         array|
|C_TILE_6_ce0        |  out|    1|   ap_memory|                                  C_TILE_6|         array|
|C_TILE_6_q0         |   in|   32|   ap_memory|                                  C_TILE_6|         array|
|C_TILE_7_address0   |  out|    4|   ap_memory|                                  C_TILE_7|         array|
|C_TILE_7_ce0        |  out|    1|   ap_memory|                                  C_TILE_7|         array|
|C_TILE_7_q0         |   in|   32|   ap_memory|                                  C_TILE_7|         array|
|C_TILE_8_address0   |  out|    4|   ap_memory|                                  C_TILE_8|         array|
|C_TILE_8_ce0        |  out|    1|   ap_memory|                                  C_TILE_8|         array|
|C_TILE_8_q0         |   in|   32|   ap_memory|                                  C_TILE_8|         array|
|C_TILE_9_address0   |  out|    4|   ap_memory|                                  C_TILE_9|         array|
|C_TILE_9_ce0        |  out|    1|   ap_memory|                                  C_TILE_9|         array|
|C_TILE_9_q0         |   in|   32|   ap_memory|                                  C_TILE_9|         array|
|C_TILE_10_address0  |  out|    4|   ap_memory|                                 C_TILE_10|         array|
|C_TILE_10_ce0       |  out|    1|   ap_memory|                                 C_TILE_10|         array|
|C_TILE_10_q0        |   in|   32|   ap_memory|                                 C_TILE_10|         array|
|C_TILE_11_address0  |  out|    4|   ap_memory|                                 C_TILE_11|         array|
|C_TILE_11_ce0       |  out|    1|   ap_memory|                                 C_TILE_11|         array|
|C_TILE_11_q0        |   in|   32|   ap_memory|                                 C_TILE_11|         array|
|C_TILE_12_address0  |  out|    4|   ap_memory|                                 C_TILE_12|         array|
|C_TILE_12_ce0       |  out|    1|   ap_memory|                                 C_TILE_12|         array|
|C_TILE_12_q0        |   in|   32|   ap_memory|                                 C_TILE_12|         array|
|C_TILE_13_address0  |  out|    4|   ap_memory|                                 C_TILE_13|         array|
|C_TILE_13_ce0       |  out|    1|   ap_memory|                                 C_TILE_13|         array|
|C_TILE_13_q0        |   in|   32|   ap_memory|                                 C_TILE_13|         array|
|C_TILE_14_address0  |  out|    4|   ap_memory|                                 C_TILE_14|         array|
|C_TILE_14_ce0       |  out|    1|   ap_memory|                                 C_TILE_14|         array|
|C_TILE_14_q0        |   in|   32|   ap_memory|                                 C_TILE_14|         array|
|C_TILE_15_address0  |  out|    4|   ap_memory|                                 C_TILE_15|         array|
|C_TILE_15_ce0       |  out|    1|   ap_memory|                                 C_TILE_15|         array|
|C_TILE_15_q0        |   in|   32|   ap_memory|                                 C_TILE_15|         array|
|C_TILE_16_address0  |  out|    4|   ap_memory|                                 C_TILE_16|         array|
|C_TILE_16_ce0       |  out|    1|   ap_memory|                                 C_TILE_16|         array|
|C_TILE_16_q0        |   in|   32|   ap_memory|                                 C_TILE_16|         array|
|C_TILE_17_address0  |  out|    4|   ap_memory|                                 C_TILE_17|         array|
|C_TILE_17_ce0       |  out|    1|   ap_memory|                                 C_TILE_17|         array|
|C_TILE_17_q0        |   in|   32|   ap_memory|                                 C_TILE_17|         array|
|C_TILE_18_address0  |  out|    4|   ap_memory|                                 C_TILE_18|         array|
|C_TILE_18_ce0       |  out|    1|   ap_memory|                                 C_TILE_18|         array|
|C_TILE_18_q0        |   in|   32|   ap_memory|                                 C_TILE_18|         array|
|C_TILE_19_address0  |  out|    4|   ap_memory|                                 C_TILE_19|         array|
|C_TILE_19_ce0       |  out|    1|   ap_memory|                                 C_TILE_19|         array|
|C_TILE_19_q0        |   in|   32|   ap_memory|                                 C_TILE_19|         array|
|C_TILE_20_address0  |  out|    4|   ap_memory|                                 C_TILE_20|         array|
|C_TILE_20_ce0       |  out|    1|   ap_memory|                                 C_TILE_20|         array|
|C_TILE_20_q0        |   in|   32|   ap_memory|                                 C_TILE_20|         array|
|C_TILE_21_address0  |  out|    4|   ap_memory|                                 C_TILE_21|         array|
|C_TILE_21_ce0       |  out|    1|   ap_memory|                                 C_TILE_21|         array|
|C_TILE_21_q0        |   in|   32|   ap_memory|                                 C_TILE_21|         array|
|C_TILE_22_address0  |  out|    4|   ap_memory|                                 C_TILE_22|         array|
|C_TILE_22_ce0       |  out|    1|   ap_memory|                                 C_TILE_22|         array|
|C_TILE_22_q0        |   in|   32|   ap_memory|                                 C_TILE_22|         array|
|C_TILE_23_address0  |  out|    4|   ap_memory|                                 C_TILE_23|         array|
|C_TILE_23_ce0       |  out|    1|   ap_memory|                                 C_TILE_23|         array|
|C_TILE_23_q0        |   in|   32|   ap_memory|                                 C_TILE_23|         array|
|C_TILE_24_address0  |  out|    4|   ap_memory|                                 C_TILE_24|         array|
|C_TILE_24_ce0       |  out|    1|   ap_memory|                                 C_TILE_24|         array|
|C_TILE_24_q0        |   in|   32|   ap_memory|                                 C_TILE_24|         array|
|C_TILE_25_address0  |  out|    4|   ap_memory|                                 C_TILE_25|         array|
|C_TILE_25_ce0       |  out|    1|   ap_memory|                                 C_TILE_25|         array|
|C_TILE_25_q0        |   in|   32|   ap_memory|                                 C_TILE_25|         array|
|C_TILE_26_address0  |  out|    4|   ap_memory|                                 C_TILE_26|         array|
|C_TILE_26_ce0       |  out|    1|   ap_memory|                                 C_TILE_26|         array|
|C_TILE_26_q0        |   in|   32|   ap_memory|                                 C_TILE_26|         array|
|C_TILE_27_address0  |  out|    4|   ap_memory|                                 C_TILE_27|         array|
|C_TILE_27_ce0       |  out|    1|   ap_memory|                                 C_TILE_27|         array|
|C_TILE_27_q0        |   in|   32|   ap_memory|                                 C_TILE_27|         array|
|C_TILE_28_address0  |  out|    4|   ap_memory|                                 C_TILE_28|         array|
|C_TILE_28_ce0       |  out|    1|   ap_memory|                                 C_TILE_28|         array|
|C_TILE_28_q0        |   in|   32|   ap_memory|                                 C_TILE_28|         array|
|C_TILE_29_address0  |  out|    4|   ap_memory|                                 C_TILE_29|         array|
|C_TILE_29_ce0       |  out|    1|   ap_memory|                                 C_TILE_29|         array|
|C_TILE_29_q0        |   in|   32|   ap_memory|                                 C_TILE_29|         array|
|C_TILE_30_address0  |  out|    4|   ap_memory|                                 C_TILE_30|         array|
|C_TILE_30_ce0       |  out|    1|   ap_memory|                                 C_TILE_30|         array|
|C_TILE_30_q0        |   in|   32|   ap_memory|                                 C_TILE_30|         array|
|C_TILE_31_address0  |  out|    4|   ap_memory|                                 C_TILE_31|         array|
|C_TILE_31_ce0       |  out|    1|   ap_memory|                                 C_TILE_31|         array|
|C_TILE_31_q0        |   in|   32|   ap_memory|                                 C_TILE_31|         array|
+--------------------+-----+-----+------------+------------------------------------------+--------------+

