

================================================================
== Vitis HLS Report for 'storeTilesToDRAM9'
================================================================
* Date:           Fri May 29 19:57:51 2026

* Version:        2023.2 (Build 4023990 on Oct 11 2023)
* Project:        hls_project
* Solution:       gemm2 (Vitis Kernel Flow Target)
* Product family: zynquplus
* Target device:  xczu7ev-ffvc1156-2-e


================================================================
== Performance Estimates
================================================================
+ Timing: 
    * Summary: 
    +--------+---------+----------+------------+
    |  Clock |  Target | Estimated| Uncertainty|
    +--------+---------+----------+------------+
    |ap_clk  |  3.33 ns|  2.013 ns|     0.90 ns|
    +--------+---------+----------+------------+

+ Latency: 
    * Summary: 
    +---------+---------+----------+----------+------+------+---------+
    |  Latency (cycles) |  Latency (absolute) |   Interval  | Pipeline|
    |   min   |   max   |    min   |    max   |  min |  max |   Type  |
    +---------+---------+----------+----------+------+------+---------+
    |     1570|     1570|  5.233 us|  5.233 us|  1570|  1570|       no|
    +---------+---------+----------+----------+------+------+---------+

    + Detail: 
        * Instance: 
        +-----------------------------+-------------------+---------+---------+----------+----------+------+------+---------+
        |                             |                   |  Latency (cycles) |  Latency (absolute) |   Interval  | Pipeline|
        |           Instance          |       Module      |   min   |   max   |    min   |    max   |  min |  max |   Type  |
        +-----------------------------+-------------------+---------+---------+----------+----------+------+------+---------+
        |grp_storeTileToDRAM10_fu_18  |storeTileToDRAM10  |     1569|     1569|  5.229 us|  5.229 us|  1569|  1569|       no|
        |grp_storeTileToDRAM10_fu_26  |storeTileToDRAM10  |     1569|     1569|  5.229 us|  5.229 us|  1569|  1569|       no|
        +-----------------------------+-------------------+---------+---------+----------+----------+------+------+---------+

        * Loop: 
        N/A



================================================================
== Utilization Estimates
================================================================
* Summary: 
+-----------------+---------+------+--------+--------+-----+
|       Name      | BRAM_18K|  DSP |   FF   |   LUT  | URAM|
+-----------------+---------+------+--------+--------+-----+
|DSP              |        -|     -|       -|       -|    -|
|Expression       |        -|     -|       0|       2|    -|
|FIFO             |        -|     -|       -|       -|    -|
|Instance         |        -|     -|     144|     234|    -|
|Memory           |        -|     -|       -|       -|    -|
|Multiplexer      |        -|     -|       -|      14|    -|
|Register         |        -|     -|       4|       -|    -|
+-----------------+---------+------+--------+--------+-----+
|Total            |        0|     0|     148|     250|    0|
+-----------------+---------+------+--------+--------+-----+
|Available        |      624|  1728|  460800|  230400|   96|
+-----------------+---------+------+--------+--------+-----+
|Utilization (%)  |        0|     0|      ~0|      ~0|    0|
+-----------------+---------+------+--------+--------+-----+

+ Detail: 
    * Instance: 
    +-----------------------------+-------------------+---------+----+----+-----+-----+
    |           Instance          |       Module      | BRAM_18K| DSP| FF | LUT | URAM|
    +-----------------------------+-------------------+---------+----+----+-----+-----+
    |grp_storeTileToDRAM10_fu_18  |storeTileToDRAM10  |        0|   0|  72|  117|    0|
    |grp_storeTileToDRAM10_fu_26  |storeTileToDRAM10  |        0|   0|  72|  117|    0|
    +-----------------------------+-------------------+---------+----+----+-----+-----+
    |Total                        |                   |        0|   0| 144|  234|    0|
    +-----------------------------+-------------------+---------+----+----+-----+-----+

    * DSP: 
    N/A

    * Memory: 
    N/A

    * FIFO: 
    N/A

    * Expression: 
    +---------------------------------+----------+----+---+----+------------+------------+
    |          Variable Name          | Operation| DSP| FF| LUT| Bitwidth P0| Bitwidth P1|
    +---------------------------------+----------+----+---+----+------------+------------+
    |ap_block_state2_on_subcall_done  |        or|   0|  0|   2|           1|           1|
    +---------------------------------+----------+----+---+----+------------+------------+
    |Total                            |          |   0|  0|   2|           1|           1|
    +---------------------------------+----------+----+---+----+------------+------------+

    * Multiplexer: 
    +-----------+----+-----------+-----+-----------+
    |    Name   | LUT| Input Size| Bits| Total Bits|
    +-----------+----+-----------+-----+-----------+
    |ap_NS_fsm  |  14|          3|    1|          3|
    +-----------+----+-----------+-----+-----------+
    |Total      |  14|          3|    1|          3|
    +-----------+----+-----------+-----+-----------+

    * Register: 
    +------------------------------------------+---+----+-----+-----------+
    |                   Name                   | FF| LUT| Bits| Const Bits|
    +------------------------------------------+---+----+-----+-----------+
    |ap_CS_fsm                                 |  2|   0|    2|          0|
    |grp_storeTileToDRAM10_fu_18_ap_start_reg  |  1|   0|    1|          0|
    |grp_storeTileToDRAM10_fu_26_ap_start_reg  |  1|   0|    1|          0|
    +------------------------------------------+---+----+-----+-----------+
    |Total                                     |  4|   0|    4|          0|
    +------------------------------------------+---+----+-----+-----------+



================================================================
== Interface
================================================================
* Summary: 
+--------------------+-----+-----+------------+-------------------+--------------+
|      RTL Ports     | Dir | Bits|  Protocol  |   Source Object   |    C Type    |
+--------------------+-----+-----+------------+-------------------+--------------+
|ap_clk              |   in|    1|  ap_ctrl_hs|  storeTilesToDRAM9|  return value|
|ap_rst              |   in|    1|  ap_ctrl_hs|  storeTilesToDRAM9|  return value|
|ap_start            |   in|    1|  ap_ctrl_hs|  storeTilesToDRAM9|  return value|
|ap_done             |  out|    1|  ap_ctrl_hs|  storeTilesToDRAM9|  return value|
|ap_idle             |  out|    1|  ap_ctrl_hs|  storeTilesToDRAM9|  return value|
|ap_ready            |  out|    1|  ap_ctrl_hs|  storeTilesToDRAM9|  return value|
|C_TILES_0_address0  |  out|    9|   ap_memory|          C_TILES_0|         array|
|C_TILES_0_ce0       |  out|    1|   ap_memory|          C_TILES_0|         array|
|C_TILES_0_q0        |   in|   32|   ap_memory|          C_TILES_0|         array|
|C_TILES_1_address0  |  out|    9|   ap_memory|          C_TILES_1|         array|
|C_TILES_1_ce0       |  out|    1|   ap_memory|          C_TILES_1|         array|
|C_TILES_1_q0        |   in|   32|   ap_memory|          C_TILES_1|         array|
|C_DRAM_0_address0   |  out|    9|   ap_memory|           C_DRAM_0|         array|
|C_DRAM_0_ce0        |  out|    1|   ap_memory|           C_DRAM_0|         array|
|C_DRAM_0_we0        |  out|    1|   ap_memory|           C_DRAM_0|         array|
|C_DRAM_0_d0         |  out|   32|   ap_memory|           C_DRAM_0|         array|
|C_DRAM_1_address0   |  out|    9|   ap_memory|           C_DRAM_1|         array|
|C_DRAM_1_ce0        |  out|    1|   ap_memory|           C_DRAM_1|         array|
|C_DRAM_1_we0        |  out|    1|   ap_memory|           C_DRAM_1|         array|
|C_DRAM_1_d0         |  out|   32|   ap_memory|           C_DRAM_1|         array|
+--------------------+-----+-----+------------+-------------------+--------------+

