

================================================================
== Vitis HLS Report for 'storeOutputToDRAM'
================================================================
* Date:           Fri May 29 19:00:31 2026

* Version:        2023.2 (Build 4023990 on Oct 11 2023)
* Project:        hls_project
* Solution:       gemm2 (Vitis Kernel Flow Target)
* Product family: zynquplus
* Target device:  xczu7ev-ffvc1156-2-e


================================================================
== Performance Estimates
================================================================
+ Timing: 
    * Summary: 
    +--------+---------+----------+------------+
    |  Clock |  Target | Estimated| Uncertainty|
    +--------+---------+----------+------------+
    |ap_clk  |  3.33 ns|  2.433 ns|     0.90 ns|
    +--------+---------+----------+------------+

+ Latency: 
    * Summary: 
    +---------+---------+-----------+-----------+------+------+---------+
    |  Latency (cycles) |   Latency (absolute)  |   Interval  | Pipeline|
    |   min   |   max   |    min    |    max    |  min |  max |   Type  |
    +---------+---------+-----------+-----------+------+------+---------+
    |     6409|     6409|  21.361 us|  21.361 us|  6409|  6409|       no|
    +---------+---------+-----------+-----------+------+------+---------+

    + Detail: 
        * Instance: 
        N/A

        * Loop: 
        +------------------------+---------+---------+----------+-----------+-----------+------+----------+
        |                        |  Latency (cycles) | Iteration|  Initiation Interval  | Trip |          |
        |        Loop Name       |   min   |   max   |  Latency |  achieved |   target  | Count| Pipelined|
        +------------------------+---------+---------+----------+-----------+-----------+------+----------+
        |- store_C               |     6340|     6340|      3170|          -|          -|     2|        no|
        | + VITIS_LOOP_24_1      |     3168|     3168|       198|          -|          -|    16|        no|
        |  ++ VITIS_LOOP_25_2    |      196|      196|        98|          -|          -|     2|        no|
        |   +++ VITIS_LOOP_26_3  |       96|       96|         3|          -|          -|    32|        no|
        +------------------------+---------+---------+----------+-----------+-----------+------+----------+



================================================================
== Utilization Estimates
================================================================
* Summary: 
+-----------------+---------+------+--------+--------+-----+
|       Name      | BRAM_18K|  DSP |   FF   |   LUT  | URAM|
+-----------------+---------+------+--------+--------+-----+
|DSP              |        -|     -|       -|       -|    -|
|Expression       |        -|     -|       0|     689|    -|
|FIFO             |        -|     -|       -|       -|    -|
|Instance         |        -|     -|       -|       -|    -|
|Memory           |        -|     -|       -|       -|    -|
|Multiplexer      |        -|     -|       -|     477|    -|
|Register         |        -|     -|     624|       -|    -|
+-----------------+---------+------+--------+--------+-----+
|Total            |        0|     0|     624|    1166|    0|
+-----------------+---------+------+--------+--------+-----+
|Available        |      624|  1728|  460800|  230400|   96|
+-----------------+---------+------+--------+--------+-----+
|Utilization (%)  |        0|     0|      ~0|      ~0|    0|
+-----------------+---------+------+--------+--------+-----+

+ Detail: 
    * Instance: 
    N/A

    * DSP: 
    N/A

    * Memory: 
    N/A

    * FIFO: 
    N/A

    * Expression: 
    +-------------------------+----------+----+---+-----+------------+------------+
    |      Variable Name      | Operation| DSP| FF| LUT | Bitwidth P0| Bitwidth P1|
    +-------------------------+----------+----+---+-----+------------+------------+
    |add_ln23_fu_262_p2       |         +|   0|  0|    9|           2|           1|
    |add_ln24_fu_282_p2       |         +|   0|  0|   12|           5|           1|
    |add_ln25_fu_306_p2       |         +|   0|  0|    9|           2|           1|
    |add_ln26_fu_322_p2       |         +|   0|  0|   13|           6|           1|
    |add_ln27_fu_332_p2       |         +|   0|  0|   16|           9|           9|
    |ap_block_state7_io       |       and|   0|  0|    2|           1|           1|
    |icmp_ln23_fu_256_p2      |      icmp|   0|  0|   10|           2|           3|
    |icmp_ln24_fu_276_p2      |      icmp|   0|  0|   13|           5|           6|
    |icmp_ln25_fu_300_p2      |      icmp|   0|  0|   10|           2|           3|
    |icmp_ln26_fu_316_p2      |      icmp|   0|  0|   14|           6|           7|
    |icmp_ln27_fu_349_p2      |      icmp|   0|  0|   12|           4|           2|
    |select_ln27_1_fu_362_p3  |    select|   0|  0|   32|           1|          32|
    |select_ln27_2_fu_369_p3  |    select|   0|  0|   32|           1|          32|
    |select_ln27_3_fu_401_p3  |    select|   0|  0|  473|           1|           1|
    |select_ln27_fu_355_p3    |    select|   0|  0|   32|           1|          32|
    +-------------------------+----------+----+---+-----+------------+------------+
    |Total                    |          |   0|  0|  689|          48|         132|
    +-------------------------+----------+----+---+-----+------------+------------+

    * Multiplexer: 
    +------------------+-----+-----------+-----+-----------+
    |       Name       | LUT | Input Size| Bits| Total Bits|
    +------------------+-----+-----------+-----+-----------+
    |ap_NS_fsm         |  405|         76|    1|         76|
    |gmem_blk_n_AW     |    9|          2|    1|          2|
    |gmem_blk_n_B      |    9|          2|    1|          2|
    |gmem_blk_n_W      |    9|          2|    1|          2|
    |ik_reg_182        |    9|          2|    5|         10|
    |jk_reg_204        |    9|          2|    6|         12|
    |phi_ln27_reg_215  |    9|          2|  480|        960|
    |ti_fu_104         |    9|          2|    2|          4|
    |tj_reg_193        |    9|          2|    2|          4|
    +------------------+-----+-----------+-----+-----------+
    |Total             |  477|         92|  499|       1072|
    +------------------+-----+-----------+-----+-----------+

    * Register: 
    +-----------------------+-----+----+-----+-----------+
    |          Name         |  FF | LUT| Bits| Const Bits|
    +-----------------------+-----+----+-----+-----------+
    |add_ln23_reg_424       |    2|   0|    2|          0|
    |add_ln24_reg_437       |    5|   0|    5|          0|
    |add_ln25_reg_450       |    2|   0|    2|          0|
    |add_ln26_reg_464       |    6|   0|    6|          0|
    |ap_CS_fsm              |   75|   0|   75|          0|
    |icmp_ln27_reg_489      |    1|   0|    1|          0|
    |ik_reg_182             |    5|   0|    5|          0|
    |jk_reg_204             |    6|   0|    6|          0|
    |phi_ln27_reg_215       |  480|   0|  480|          0|
    |select_ln27_2_reg_494  |   32|   0|   32|          0|
    |ti_fu_104              |    2|   0|    2|          0|
    |tj_reg_193             |    2|   0|    2|          0|
    |tmp_reg_442            |    4|   0|    9|          5|
    |trunc_ln23_reg_429     |    1|   0|    1|          0|
    |trunc_ln25_reg_455     |    1|   0|    1|          0|
    +-----------------------+-----+----+-----+-----------+
    |Total                  |  624|   0|  629|          5|
    +-----------------------+-----+----+-----+-----------+



================================================================
== Interface
================================================================
* Summary: 
+---------------------+-----+-----+------------+-------------------+--------------+
|      RTL Ports      | Dir | Bits|  Protocol  |   Source Object   |    C Type    |
+---------------------+-----+-----+------------+-------------------+--------------+
|ap_clk               |   in|    1|  ap_ctrl_hs|  storeOutputToDRAM|  return value|
|ap_rst               |   in|    1|  ap_ctrl_hs|  storeOutputToDRAM|  return value|
|ap_start             |   in|    1|  ap_ctrl_hs|  storeOutputToDRAM|  return value|
|ap_done              |  out|    1|  ap_ctrl_hs|  storeOutputToDRAM|  return value|
|ap_idle              |  out|    1|  ap_ctrl_hs|  storeOutputToDRAM|  return value|
|ap_ready             |  out|    1|  ap_ctrl_hs|  storeOutputToDRAM|  return value|
|C_BUF_0_0_address0   |  out|    9|   ap_memory|          C_BUF_0_0|         array|
|C_BUF_0_0_ce0        |  out|    1|   ap_memory|          C_BUF_0_0|         array|
|C_BUF_0_0_q0         |   in|   32|   ap_memory|          C_BUF_0_0|         array|
|C_BUF_0_1_address0   |  out|    9|   ap_memory|          C_BUF_0_1|         array|
|C_BUF_0_1_ce0        |  out|    1|   ap_memory|          C_BUF_0_1|         array|
|C_BUF_0_1_q0         |   in|   32|   ap_memory|          C_BUF_0_1|         array|
|C_BUF_1_0_address0   |  out|    9|   ap_memory|          C_BUF_1_0|         array|
|C_BUF_1_0_ce0        |  out|    1|   ap_memory|          C_BUF_1_0|         array|
|C_BUF_1_0_q0         |   in|   32|   ap_memory|          C_BUF_1_0|         array|
|C_BUF_1_1_address0   |  out|    9|   ap_memory|          C_BUF_1_1|         array|
|C_BUF_1_1_ce0        |  out|    1|   ap_memory|          C_BUF_1_1|         array|
|C_BUF_1_1_q0         |   in|   32|   ap_memory|          C_BUF_1_1|         array|
|m_axi_gmem_AWVALID   |  out|    1|       m_axi|               gmem|       pointer|
|m_axi_gmem_AWREADY   |   in|    1|       m_axi|               gmem|       pointer|
|m_axi_gmem_AWADDR    |  out|   64|       m_axi|               gmem|       pointer|
|m_axi_gmem_AWID      |  out|    1|       m_axi|               gmem|       pointer|
|m_axi_gmem_AWLEN     |  out|   32|       m_axi|               gmem|       pointer|
|m_axi_gmem_AWSIZE    |  out|    3|       m_axi|               gmem|       pointer|
|m_axi_gmem_AWBURST   |  out|    2|       m_axi|               gmem|       pointer|
|m_axi_gmem_AWLOCK    |  out|    2|       m_axi|               gmem|       pointer|
|m_axi_gmem_AWCACHE   |  out|    4|       m_axi|               gmem|       pointer|
|m_axi_gmem_AWPROT    |  out|    3|       m_axi|               gmem|       pointer|
|m_axi_gmem_AWQOS     |  out|    4|       m_axi|               gmem|       pointer|
|m_axi_gmem_AWREGION  |  out|    4|       m_axi|               gmem|       pointer|
|m_axi_gmem_AWUSER    |  out|    1|       m_axi|               gmem|       pointer|
|m_axi_gmem_WVALID    |  out|    1|       m_axi|               gmem|       pointer|
|m_axi_gmem_WREADY    |   in|    1|       m_axi|               gmem|       pointer|
|m_axi_gmem_WDATA     |  out|  512|       m_axi|               gmem|       pointer|
|m_axi_gmem_WSTRB     |  out|   64|       m_axi|               gmem|       pointer|
|m_axi_gmem_WLAST     |  out|    1|       m_axi|               gmem|       pointer|
|m_axi_gmem_WID       |  out|    1|       m_axi|               gmem|       pointer|
|m_axi_gmem_WUSER     |  out|    1|       m_axi|               gmem|       pointer|
|m_axi_gmem_ARVALID   |  out|    1|       m_axi|               gmem|       pointer|
|m_axi_gmem_ARREADY   |   in|    1|       m_axi|               gmem|       pointer|
|m_axi_gmem_ARADDR    |  out|   64|       m_axi|               gmem|       pointer|
|m_axi_gmem_ARID      |  out|    1|       m_axi|               gmem|       pointer|
|m_axi_gmem_ARLEN     |  out|   32|       m_axi|               gmem|       pointer|
|m_axi_gmem_ARSIZE    |  out|    3|       m_axi|               gmem|       pointer|
|m_axi_gmem_ARBURST   |  out|    2|       m_axi|               gmem|       pointer|
|m_axi_gmem_ARLOCK    |  out|    2|       m_axi|               gmem|       pointer|
|m_axi_gmem_ARCACHE   |  out|    4|       m_axi|               gmem|       pointer|
|m_axi_gmem_ARPROT    |  out|    3|       m_axi|               gmem|       pointer|
|m_axi_gmem_ARQOS     |  out|    4|       m_axi|               gmem|       pointer|
|m_axi_gmem_ARREGION  |  out|    4|       m_axi|               gmem|       pointer|
|m_axi_gmem_ARUSER    |  out|    1|       m_axi|               gmem|       pointer|
|m_axi_gmem_RVALID    |   in|    1|       m_axi|               gmem|       pointer|
|m_axi_gmem_RREADY    |  out|    1|       m_axi|               gmem|       pointer|
|m_axi_gmem_RDATA     |   in|  512|       m_axi|               gmem|       pointer|
|m_axi_gmem_RLAST     |   in|    1|       m_axi|               gmem|       pointer|
|m_axi_gmem_RID       |   in|    1|       m_axi|               gmem|       pointer|
|m_axi_gmem_RFIFONUM  |   in|    9|       m_axi|               gmem|       pointer|
|m_axi_gmem_RUSER     |   in|    1|       m_axi|               gmem|       pointer|
|m_axi_gmem_RRESP     |   in|    2|       m_axi|               gmem|       pointer|
|m_axi_gmem_BVALID    |   in|    1|       m_axi|               gmem|       pointer|
|m_axi_gmem_BREADY    |  out|    1|       m_axi|               gmem|       pointer|
|m_axi_gmem_BRESP     |   in|    2|       m_axi|               gmem|       pointer|
|m_axi_gmem_BID       |   in|    1|       m_axi|               gmem|       pointer|
|m_axi_gmem_BUSER     |   in|    1|       m_axi|               gmem|       pointer|
|C_DRAM               |   in|   64|     ap_none|             C_DRAM|        scalar|
+---------------------+-----+-----+------------+-------------------+--------------+

