

================================================================
== Vitis HLS Report for 'storeTileToDRAM10'
================================================================
* Date:           Fri May 29 19:00:31 2026

* Version:        2023.2 (Build 4023990 on Oct 11 2023)
* Project:        hls_project
* Solution:       gemm2 (Vitis Kernel Flow Target)
* Product family: zynquplus
* Target device:  xczu7ev-ffvc1156-2-e


================================================================
== Performance Estimates
================================================================
+ Timing: 
    * Summary: 
    +--------+---------+----------+------------+
    |  Clock |  Target | Estimated| Uncertainty|
    +--------+---------+----------+------------+
    |ap_clk  |  3.33 ns|  2.013 ns|     0.90 ns|
    +--------+---------+----------+------------+

+ Latency: 
    * Summary: 
    +---------+---------+----------+----------+------+------+---------+
    |  Latency (cycles) |  Latency (absolute) |   Interval  | Pipeline|
    |   min   |   max   |    min   |    max   |  min |  max |   Type  |
    +---------+---------+----------+----------+------+------+---------+
    |     1569|     1569|  5.229 us|  5.229 us|  1569|  1569|       no|
    +---------+---------+----------+----------+------+------+---------+

    + Detail: 
        * Instance: 
        N/A

        * Loop: 
        +--------------------+---------+---------+----------+-----------+-----------+------+----------+
        |                    |  Latency (cycles) | Iteration|  Initiation Interval  | Trip |          |
        |      Loop Name     |   min   |   max   |  Latency |  achieved |   target  | Count| Pipelined|
        +--------------------+---------+---------+----------+-----------+-----------+------+----------+
        |- store_C_tile      |     1568|     1568|        98|          -|          -|    16|        no|
        | + VITIS_LOOP_38_1  |       96|       96|         3|          -|          -|    32|        no|
        +--------------------+---------+---------+----------+-----------+-----------+------+----------+



================================================================
== Utilization Estimates
================================================================
* Summary: 
+-----------------+---------+------+--------+--------+-----+
|       Name      | BRAM_18K|  DSP |   FF   |   LUT  | URAM|
+-----------------+---------+------+--------+--------+-----+
|DSP              |        -|     -|       -|       -|    -|
|Expression       |        -|     -|       0|      68|    -|
|FIFO             |        -|     -|       -|       -|    -|
|Instance         |        -|     -|       -|       -|    -|
|Memory           |        -|     -|       -|       -|    -|
|Multiplexer      |        -|     -|       -|      49|    -|
|Register         |        -|     -|      72|       -|    -|
+-----------------+---------+------+--------+--------+-----+
|Total            |        0|     0|      72|     117|    0|
+-----------------+---------+------+--------+--------+-----+
|Available        |      624|  1728|  460800|  230400|   96|
+-----------------+---------+------+--------+--------+-----+
|Utilization (%)  |        0|     0|      ~0|      ~0|    0|
+-----------------+---------+------+--------+--------+-----+

+ Detail: 
    * Instance: 
    N/A

    * DSP: 
    N/A

    * Memory: 
    N/A

    * FIFO: 
    N/A

    * Expression: 
    +---------------------+----------+----+---+----+------------+------------+
    |    Variable Name    | Operation| DSP| FF| LUT| Bitwidth P0| Bitwidth P1|
    +---------------------+----------+----+---+----+------------+------------+
    |add_ln37_fu_93_p2    |         +|   0|  0|  12|           5|           1|
    |add_ln38_fu_113_p2   |         +|   0|  0|  13|           6|           1|
    |add_ln39_fu_123_p2   |         +|   0|  0|  16|           9|           9|
    |icmp_ln37_fu_87_p2   |      icmp|   0|  0|  13|           5|           6|
    |icmp_ln38_fu_107_p2  |      icmp|   0|  0|  14|           6|           7|
    +---------------------+----------+----+---+----+------------+------------+
    |Total                |          |   0|  0|  68|          31|          24|
    +---------------------+----------+----+---+----+------------+------------+

    * Multiplexer: 
    +-----------+----+-----------+-----+-----------+
    |    Name   | LUT| Input Size| Bits| Total Bits|
    +-----------+----+-----------+-----+-----------+
    |ap_NS_fsm  |  31|          6|    1|          6|
    |i_fu_34    |   9|          2|    5|         10|
    |j_reg_64   |   9|          2|    6|         12|
    +-----------+----+-----------+-----+-----------+
    |Total      |  49|         10|   12|         28|
    +-----------+----+-----------+-----+-----------+

    * Register: 
    +---------------------+----+----+-----+-----------+
    |         Name        | FF | LUT| Bits| Const Bits|
    +---------------------+----+----+-----+-----------+
    |C_TILE_load_reg_175  |  32|   0|   32|          0|
    |add_ln37_reg_147     |   5|   0|    5|          0|
    |add_ln38_reg_160     |   6|   0|    6|          0|
    |ap_CS_fsm            |   5|   0|    5|          0|
    |i_fu_34              |   5|   0|    5|          0|
    |j_reg_64             |   6|   0|    6|          0|
    |tmp_reg_152          |   4|   0|    9|          5|
    |zext_ln39_1_reg_165  |   9|   0|   64|         55|
    +---------------------+----+----+-----+-----------+
    |Total                |  72|   0|  132|         60|
    +---------------------+----+----+-----+-----------+



================================================================
== Interface
================================================================
* Summary: 
+-----------------+-----+-----+------------+-------------------+--------------+
|    RTL Ports    | Dir | Bits|  Protocol  |   Source Object   |    C Type    |
+-----------------+-----+-----+------------+-------------------+--------------+
|ap_clk           |   in|    1|  ap_ctrl_hs|  storeTileToDRAM10|  return value|
|ap_rst           |   in|    1|  ap_ctrl_hs|  storeTileToDRAM10|  return value|
|ap_start         |   in|    1|  ap_ctrl_hs|  storeTileToDRAM10|  return value|
|ap_done          |  out|    1|  ap_ctrl_hs|  storeTileToDRAM10|  return value|
|ap_idle          |  out|    1|  ap_ctrl_hs|  storeTileToDRAM10|  return value|
|ap_ready         |  out|    1|  ap_ctrl_hs|  storeTileToDRAM10|  return value|
|C_TILE_address0  |  out|    9|   ap_memory|             C_TILE|         array|
|C_TILE_ce0       |  out|    1|   ap_memory|             C_TILE|         array|
|C_TILE_q0        |   in|   32|   ap_memory|             C_TILE|         array|
|C_DRAM_address0  |  out|    9|   ap_memory|             C_DRAM|         array|
|C_DRAM_ce0       |  out|    1|   ap_memory|             C_DRAM|         array|
|C_DRAM_we0       |  out|    1|   ap_memory|             C_DRAM|         array|
|C_DRAM_d0        |  out|   32|   ap_memory|             C_DRAM|         array|
+-----------------+-----+-----+------------+-------------------+--------------+

